[0.318s] Invoking command in '/ros2_ws/opticore-amr/opticore-amr/ros2_ws/build/amr_slam': CMAKE_PREFIX_PATH=${CMAKE_PREFIX_PATH}:/ros2_ws/opticore-amr/opticore-amr/ros2_ws/install/amr_perception:/opt/ros/humble /usr/bin/cmake --build /ros2_ws/opticore-amr/opticore-amr/ros2_ws/build/amr_slam -- -j10 -l10
[0.498s] -- Found ament_cmake: 1.3.14 (/opt/ros/humble/share/ament_cmake/cmake)
[0.822s] -- Found ament_lint_auto: 0.12.15 (/opt/ros/humble/share/ament_lint_auto/cmake)
[0.987s] -- Added test 'flake8' to check Python code syntax and style conventions
[0.991s] -- Added test 'lint_cmake' to check CMake code style
[0.993s] -- Added test 'pep257' to check Python code against some of the docstring style conventions in PEP 257
[1.012s] -- Added test 'xmllint' to check XML markup files
[1.020s] -- Configuring done
[1.058s] -- Generating done
[1.074s] -- Build files have been written to: /ros2_ws/opticore-amr/opticore-amr/ros2_ws/build/amr_slam
[1.157s] Invoked command in '/ros2_ws/opticore-amr/opticore-amr/ros2_ws/build/amr_slam' returned '0': CMAKE_PREFIX_PATH=${CMAKE_PREFIX_PATH}:/ros2_ws/opticore-amr/opticore-amr/ros2_ws/install/amr_perception:/opt/ros/humble /usr/bin/cmake --build /ros2_ws/opticore-amr/opticore-amr/ros2_ws/build/amr_slam -- -j10 -l10
[1.160s] Invoking command in '/ros2_ws/opticore-amr/opticore-amr/ros2_ws/build/amr_slam': CMAKE_PREFIX_PATH=${CMAKE_PREFIX_PATH}:/ros2_ws/opticore-amr/opticore-amr/ros2_ws/install/amr_perception:/opt/ros/humble /usr/bin/cmake --install /ros2_ws/opticore-amr/opticore-amr/ros2_ws/build/amr_slam
[1.199s] -- Install configuration: ""
[1.200s] -- Installing: /ros2_ws/opticore-amr/opticore-amr/ros2_ws/install/amr_slam/lib/amr_slam/odom_covariance_injector.py
[1.203s] -- Up-to-date: /ros2_ws/opticore-amr/opticore-amr/ros2_ws/install/amr_slam/share/amr_slam/config
[1.203s] -- Up-to-date: /ros2_ws/opticore-amr/opticore-amr/ros2_ws/install/amr_slam/share/amr_slam/config/.gitkeep
[1.204s] -- Up-to-date: /ros2_ws/opticore-amr/opticore-amr/ros2_ws/install/amr_slam/share/amr_slam/config/slam_params.yaml
[1.204s] -- Up-to-date: /ros2_ws/opticore-amr/opticore-amr/ros2_ws/install/amr_slam/share/amr_slam/launch
[1.205s] -- Up-to-date: /ros2_ws/opticore-amr/opticore-amr/ros2_ws/install/amr_slam/share/amr_slam/launch/.gitkeep
[1.205s] -- Up-to-date: /ros2_ws/opticore-amr/opticore-amr/ros2_ws/install/amr_slam/share/amr_slam/launch/slam.launch.py
[1.206s] -- Up-to-date: /ros2_ws/opticore-amr/opticore-amr/ros2_ws/install/amr_slam/share/ament_index/resource_index/package_run_dependencies/amr_slam
[1.206s] -- Installing: /ros2_ws/opticore-amr/opticore-amr/ros2_ws/install/amr_slam/share/ament_index/resource_index/parent_prefix_path/amr_slam
[1.206s] -- Installing: /ros2_ws/opticore-amr/opticore-amr/ros2_ws/install/amr_slam/share/amr_slam/environment/ament_prefix_path.dsv
[1.208s] -- Installing: /ros2_ws/opticore-amr/opticore-amr/ros2_ws/install/amr_slam/share/amr_slam/environment/path.dsv
[1.209s] -- Up-to-date: /ros2_ws/opticore-amr/opticore-amr/ros2_ws/install/amr_slam/share/amr_slam/local_setup.bash
[1.209s] -- Up-to-date: /ros2_ws/opticore-amr/opticore-amr/ros2_ws/install/amr_slam/share/amr_slam/local_setup.sh
[1.210s] -- Up-to-date: /ros2_ws/opticore-amr/opticore-amr/ros2_ws/install/amr_slam/share/amr_slam/local_setup.zsh
[1.210s] -- Installing: /ros2_ws/opticore-amr/opticore-amr/ros2_ws/install/amr_slam/share/amr_slam/local_setup.dsv
[1.211s] -- Installing: /ros2_ws/opticore-amr/opticore-amr/ros2_ws/install/amr_slam/share/amr_slam/package.dsv
[1.212s] -- Up-to-date: /ros2_ws/opticore-amr/opticore-amr/ros2_ws/install/amr_slam/share/ament_index/resource_index/packages/amr_slam
[1.213s] -- Up-to-date: /ros2_ws/opticore-amr/opticore-amr/ros2_ws/install/amr_slam/share/amr_slam/cmake/amr_slamConfig.cmake
[1.213s] -- Up-to-date: /ros2_ws/opticore-amr/opticore-amr/ros2_ws/install/amr_slam/share/amr_slam/cmake/amr_slamConfig-version.cmake
[1.214s] -- Up-to-date: /ros2_ws/opticore-amr/opticore-amr/ros2_ws/install/amr_slam/share/amr_slam/package.xml
[1.219s] Invoked command in '/ros2_ws/opticore-amr/opticore-amr/ros2_ws/build/amr_slam' returned '0': CMAKE_PREFIX_PATH=${CMAKE_PREFIX_PATH}:/ros2_ws/opticore-amr/opticore-amr/ros2_ws/install/amr_perception:/opt/ros/humble /usr/bin/cmake --install /ros2_ws/opticore-amr/opticore-amr/ros2_ws/build/amr_slam
