[0.100s] DEBUG:colcon:Command line arguments: ['/usr/bin/colcon', 'build']
[0.100s] DEBUG:colcon:Parsed command line arguments: Namespace(log_base=None, log_level=None, verb_name='build', build_base='build', install_base='install', merge_install=False, symlink_install=False, test_result_base=None, continue_on_error=False, executor='parallel', parallel_workers=10, event_handlers=None, ignore_user_meta=False, metas=['./colcon.meta'], base_paths=['.'], packages_ignore=None, packages_ignore_regex=None, paths=None, packages_up_to=None, packages_up_to_regex=None, packages_above=None, packages_above_and_dependencies=None, packages_above_depth=None, packages_select_by_dep=None, packages_skip_by_dep=None, packages_skip_up_to=None, packages_select_build_failed=False, packages_skip_build_finished=False, packages_select_test_failures=False, packages_skip_test_passed=False, packages_select=None, packages_skip=None, packages_select_regex=None, packages_skip_regex=None, packages_start=None, packages_end=None, cmake_args=None, cmake_target=None, cmake_target_skip_unavailable=False, cmake_clean_cache=False, cmake_clean_first=False, cmake_force_configure=False, ament_cmake_args=None, catkin_cmake_args=None, catkin_skip_building_tests=False, mixin_files=None, mixin=None, verb_parser=<colcon_mixin.mixin.mixin_argument.MixinArgumentDecorator object at 0x7ffffe1f76a0>, verb_extension=<colcon_core.verb.build.BuildVerb object at 0x7ffffe3b0640>, main=<bound method BuildVerb.main of <colcon_core.verb.build.BuildVerb object at 0x7ffffe3b0640>>, mixin_verb=('build',))
[0.187s] Level 1:colcon.colcon_core.package_discovery:discover_packages(colcon_meta) check parameters
[0.188s] INFO:colcon.colcon_metadata.package_discovery.colcon_meta:Using configuration from '/root/.colcon/metadata/default/Gazebo.meta'
[0.188s] INFO:colcon.colcon_metadata.package_discovery.colcon_meta:Using configuration from '/root/.colcon/metadata/default/fastdds.meta'
[0.189s] INFO:colcon.colcon_metadata.package_discovery.colcon_meta:Using configuration from '/root/.colcon/metadata/default/fastrtps.meta'
[0.189s] Level 1:colcon.colcon_core.package_discovery:discover_packages(recursive) check parameters
[0.189s] Level 1:colcon.colcon_core.package_discovery:discover_packages(ignore) check parameters
[0.189s] Level 1:colcon.colcon_core.package_discovery:discover_packages(path) check parameters
[0.189s] Level 1:colcon.colcon_core.package_discovery:discover_packages(colcon_meta) discover
[0.189s] Level 1:colcon.colcon_core.package_discovery:discover_packages(recursive) discover
[0.189s] INFO:colcon.colcon_core.package_discovery:Crawling recursively for packages in '/ros2_ws/opticore-amr/opticore-amr/ros2_ws'
[0.189s] Level 1:colcon.colcon_core.package_identification:_identify(.) by extensions ['ignore', 'ignore_ament_install']
[0.190s] Level 1:colcon.colcon_core.package_identification:_identify(.) by extension 'ignore'
[0.190s] Level 1:colcon.colcon_core.package_identification:_identify(.) by extension 'ignore_ament_install'
[0.190s] Level 1:colcon.colcon_core.package_identification:_identify(.) by extensions ['colcon_pkg']
[0.190s] Level 1:colcon.colcon_core.package_identification:_identify(.) by extension 'colcon_pkg'
[0.190s] Level 1:colcon.colcon_core.package_identification:_identify(.) by extensions ['colcon_meta']
[0.190s] Level 1:colcon.colcon_core.package_identification:_identify(.) by extension 'colcon_meta'
[0.190s] Level 1:colcon.colcon_core.package_identification:_identify(.) by extensions ['ros']
[0.190s] Level 1:colcon.colcon_core.package_identification:_identify(.) by extension 'ros'
[0.197s] Level 1:colcon.colcon_core.package_identification:_identify(.) by extensions ['cmake', 'python']
[0.197s] Level 1:colcon.colcon_core.package_identification:_identify(.) by extension 'cmake'
[0.197s] Level 1:colcon.colcon_core.package_identification:_identify(.) by extension 'python'
[0.197s] Level 1:colcon.colcon_core.package_identification:_identify(.) by extensions ['python_setup_py']
[0.197s] Level 1:colcon.colcon_core.package_identification:_identify(.) by extension 'python_setup_py'
[0.198s] Level 1:colcon.colcon_core.package_identification:_identify(build) by extensions ['ignore', 'ignore_ament_install']
[0.198s] Level 1:colcon.colcon_core.package_identification:_identify(build) by extension 'ignore'
[0.198s] Level 1:colcon.colcon_core.package_identification:_identify(build) ignored
[0.198s] Level 1:colcon.colcon_core.package_identification:_identify(install) by extensions ['ignore', 'ignore_ament_install']
[0.198s] Level 1:colcon.colcon_core.package_identification:_identify(install) by extension 'ignore'
[0.198s] Level 1:colcon.colcon_core.package_identification:_identify(install) ignored
[0.199s] Level 1:colcon.colcon_core.package_identification:_identify(log) by extensions ['ignore', 'ignore_ament_install']
[0.199s] Level 1:colcon.colcon_core.package_identification:_identify(log) by extension 'ignore'
[0.199s] Level 1:colcon.colcon_core.package_identification:_identify(log) ignored
[0.199s] Level 1:colcon.colcon_core.package_identification:_identify(src) by extensions ['ignore', 'ignore_ament_install']
[0.199s] Level 1:colcon.colcon_core.package_identification:_identify(src) by extension 'ignore'
[0.199s] Level 1:colcon.colcon_core.package_identification:_identify(src) by extension 'ignore_ament_install'
[0.199s] Level 1:colcon.colcon_core.package_identification:_identify(src) by extensions ['colcon_pkg']
[0.199s] Level 1:colcon.colcon_core.package_identification:_identify(src) by extension 'colcon_pkg'
[0.200s] Level 1:colcon.colcon_core.package_identification:_identify(src) by extensions ['colcon_meta']
[0.200s] Level 1:colcon.colcon_core.package_identification:_identify(src) by extension 'colcon_meta'
[0.200s] Level 1:colcon.colcon_core.package_identification:_identify(src) by extensions ['ros']
[0.200s] Level 1:colcon.colcon_core.package_identification:_identify(src) by extension 'ros'
[0.200s] Level 1:colcon.colcon_core.package_identification:_identify(src) by extensions ['cmake', 'python']
[0.200s] Level 1:colcon.colcon_core.package_identification:_identify(src) by extension 'cmake'
[0.200s] Level 1:colcon.colcon_core.package_identification:_identify(src) by extension 'python'
[0.200s] Level 1:colcon.colcon_core.package_identification:_identify(src) by extensions ['python_setup_py']
[0.200s] Level 1:colcon.colcon_core.package_identification:_identify(src) by extension 'python_setup_py'
[0.200s] Level 1:colcon.colcon_core.package_identification:_identify(src/amr_bringup) by extensions ['ignore', 'ignore_ament_install']
[0.200s] Level 1:colcon.colcon_core.package_identification:_identify(src/amr_bringup) by extension 'ignore'
[0.201s] Level 1:colcon.colcon_core.package_identification:_identify(src/amr_bringup) by extension 'ignore_ament_install'
[0.201s] Level 1:colcon.colcon_core.package_identification:_identify(src/amr_bringup) by extensions ['colcon_pkg']
[0.201s] Level 1:colcon.colcon_core.package_identification:_identify(src/amr_bringup) by extension 'colcon_pkg'
[0.201s] Level 1:colcon.colcon_core.package_identification:_identify(src/amr_bringup) by extensions ['colcon_meta']
[0.201s] Level 1:colcon.colcon_core.package_identification:_identify(src/amr_bringup) by extension 'colcon_meta'
[0.201s] Level 1:colcon.colcon_core.package_identification:_identify(src/amr_bringup) by extensions ['ros']
[0.201s] Level 1:colcon.colcon_core.package_identification:_identify(src/amr_bringup) by extension 'ros'
[0.205s] DEBUG:colcon.colcon_core.package_identification:Package 'src/amr_bringup' with type 'ros.ament_cmake' and name 'amr_bringup'
[0.206s] Level 1:colcon.colcon_core.package_identification:_identify(src/amr_description) by extensions ['ignore', 'ignore_ament_install']
[0.206s] Level 1:colcon.colcon_core.package_identification:_identify(src/amr_description) by extension 'ignore'
[0.206s] Level 1:colcon.colcon_core.package_identification:_identify(src/amr_description) by extension 'ignore_ament_install'
[0.206s] Level 1:colcon.colcon_core.package_identification:_identify(src/amr_description) by extensions ['colcon_pkg']
[0.206s] Level 1:colcon.colcon_core.package_identification:_identify(src/amr_description) by extension 'colcon_pkg'
[0.206s] Level 1:colcon.colcon_core.package_identification:_identify(src/amr_description) by extensions ['colcon_meta']
[0.206s] Level 1:colcon.colcon_core.package_identification:_identify(src/amr_description) by extension 'colcon_meta'
[0.206s] Level 1:colcon.colcon_core.package_identification:_identify(src/amr_description) by extensions ['ros']
[0.206s] Level 1:colcon.colcon_core.package_identification:_identify(src/amr_description) by extension 'ros'
[0.206s] Level 1:colcon.colcon_core.package_identification:_identify(src/amr_description) by extensions ['cmake', 'python']
[0.206s] Level 1:colcon.colcon_core.package_identification:_identify(src/amr_description) by extension 'cmake'
[0.206s] Level 1:colcon.colcon_core.package_identification:_identify(src/amr_description) by extension 'python'
[0.207s] Level 1:colcon.colcon_core.package_identification:_identify(src/amr_description) by extensions ['python_setup_py']
[0.207s] Level 1:colcon.colcon_core.package_identification:_identify(src/amr_description) by extension 'python_setup_py'
[0.207s] Level 1:colcon.colcon_core.package_identification:_identify(src/amr_fleet) by extensions ['ignore', 'ignore_ament_install']
[0.207s] Level 1:colcon.colcon_core.package_identification:_identify(src/amr_fleet) by extension 'ignore'
[0.207s] Level 1:colcon.colcon_core.package_identification:_identify(src/amr_fleet) by extension 'ignore_ament_install'
[0.207s] Level 1:colcon.colcon_core.package_identification:_identify(src/amr_fleet) by extensions ['colcon_pkg']
[0.207s] Level 1:colcon.colcon_core.package_identification:_identify(src/amr_fleet) by extension 'colcon_pkg'
[0.207s] Level 1:colcon.colcon_core.package_identification:_identify(src/amr_fleet) by extensions ['colcon_meta']
[0.207s] Level 1:colcon.colcon_core.package_identification:_identify(src/amr_fleet) by extension 'colcon_meta'
[0.207s] Level 1:colcon.colcon_core.package_identification:_identify(src/amr_fleet) by extensions ['ros']
[0.207s] Level 1:colcon.colcon_core.package_identification:_identify(src/amr_fleet) by extension 'ros'
[0.208s] DEBUG:colcon.colcon_core.package_identification:Package 'src/amr_fleet' with type 'ros.ament_cmake' and name 'amr_fleet'
[0.208s] Level 1:colcon.colcon_core.package_identification:_identify(src/amr_gazebo) by extensions ['ignore', 'ignore_ament_install']
[0.208s] Level 1:colcon.colcon_core.package_identification:_identify(src/amr_gazebo) by extension 'ignore'
[0.208s] Level 1:colcon.colcon_core.package_identification:_identify(src/amr_gazebo) by extension 'ignore_ament_install'
[0.209s] Level 1:colcon.colcon_core.package_identification:_identify(src/amr_gazebo) by extensions ['colcon_pkg']
[0.209s] Level 1:colcon.colcon_core.package_identification:_identify(src/amr_gazebo) by extension 'colcon_pkg'
[0.209s] Level 1:colcon.colcon_core.package_identification:_identify(src/amr_gazebo) by extensions ['colcon_meta']
[0.209s] Level 1:colcon.colcon_core.package_identification:_identify(src/amr_gazebo) by extension 'colcon_meta'
[0.209s] Level 1:colcon.colcon_core.package_identification:_identify(src/amr_gazebo) by extensions ['ros']
[0.209s] Level 1:colcon.colcon_core.package_identification:_identify(src/amr_gazebo) by extension 'ros'
[0.209s] Level 1:colcon.colcon_core.package_identification:_identify(src/amr_gazebo) by extensions ['cmake', 'python']
[0.209s] Level 1:colcon.colcon_core.package_identification:_identify(src/amr_gazebo) by extension 'cmake'
[0.209s] Level 1:colcon.colcon_core.package_identification:_identify(src/amr_gazebo) by extension 'python'
[0.209s] Level 1:colcon.colcon_core.package_identification:_identify(src/amr_gazebo) by extensions ['python_setup_py']
[0.209s] Level 1:colcon.colcon_core.package_identification:_identify(src/amr_gazebo) by extension 'python_setup_py'
[0.209s] Level 1:colcon.colcon_core.package_identification:_identify(src/amr_msgs) by extensions ['ignore', 'ignore_ament_install']
[0.210s] Level 1:colcon.colcon_core.package_identification:_identify(src/amr_msgs) by extension 'ignore'
[0.210s] Level 1:colcon.colcon_core.package_identification:_identify(src/amr_msgs) by extension 'ignore_ament_install'
[0.210s] Level 1:colcon.colcon_core.package_identification:_identify(src/amr_msgs) by extensions ['colcon_pkg']
[0.210s] Level 1:colcon.colcon_core.package_identification:_identify(src/amr_msgs) by extension 'colcon_pkg'
[0.210s] Level 1:colcon.colcon_core.package_identification:_identify(src/amr_msgs) by extensions ['colcon_meta']
[0.210s] Level 1:colcon.colcon_core.package_identification:_identify(src/amr_msgs) by extension 'colcon_meta'
[0.210s] Level 1:colcon.colcon_core.package_identification:_identify(src/amr_msgs) by extensions ['ros']
[0.210s] Level 1:colcon.colcon_core.package_identification:_identify(src/amr_msgs) by extension 'ros'
[0.210s] Level 1:colcon.colcon_core.package_identification:_identify(src/amr_msgs) by extensions ['cmake', 'python']
[0.210s] Level 1:colcon.colcon_core.package_identification:_identify(src/amr_msgs) by extension 'cmake'
[0.210s] Level 1:colcon.colcon_core.package_identification:_identify(src/amr_msgs) by extension 'python'
[0.210s] Level 1:colcon.colcon_core.package_identification:_identify(src/amr_msgs) by extensions ['python_setup_py']
[0.210s] Level 1:colcon.colcon_core.package_identification:_identify(src/amr_msgs) by extension 'python_setup_py'
[0.211s] Level 1:colcon.colcon_core.package_identification:_identify(src/amr_navigation) by extensions ['ignore', 'ignore_ament_install']
[0.211s] Level 1:colcon.colcon_core.package_identification:_identify(src/amr_navigation) by extension 'ignore'
[0.211s] Level 1:colcon.colcon_core.package_identification:_identify(src/amr_navigation) by extension 'ignore_ament_install'
[0.211s] Level 1:colcon.colcon_core.package_identification:_identify(src/amr_navigation) by extensions ['colcon_pkg']
[0.211s] Level 1:colcon.colcon_core.package_identification:_identify(src/amr_navigation) by extension 'colcon_pkg'
[0.211s] Level 1:colcon.colcon_core.package_identification:_identify(src/amr_navigation) by extensions ['colcon_meta']
[0.211s] Level 1:colcon.colcon_core.package_identification:_identify(src/amr_navigation) by extension 'colcon_meta'
[0.211s] Level 1:colcon.colcon_core.package_identification:_identify(src/amr_navigation) by extensions ['ros']
[0.211s] Level 1:colcon.colcon_core.package_identification:_identify(src/amr_navigation) by extension 'ros'
[0.212s] DEBUG:colcon.colcon_core.package_identification:Package 'src/amr_navigation' with type 'ros.ament_cmake' and name 'amr_navigation'
[0.212s] Level 1:colcon.colcon_core.package_identification:_identify(src/amr_perception) by extensions ['ignore', 'ignore_ament_install']
[0.212s] Level 1:colcon.colcon_core.package_identification:_identify(src/amr_perception) by extension 'ignore'
[0.212s] Level 1:colcon.colcon_core.package_identification:_identify(src/amr_perception) by extension 'ignore_ament_install'
[0.212s] Level 1:colcon.colcon_core.package_identification:_identify(src/amr_perception) by extensions ['colcon_pkg']
[0.212s] Level 1:colcon.colcon_core.package_identification:_identify(src/amr_perception) by extension 'colcon_pkg'
[0.212s] Level 1:colcon.colcon_core.package_identification:_identify(src/amr_perception) by extensions ['colcon_meta']
[0.212s] Level 1:colcon.colcon_core.package_identification:_identify(src/amr_perception) by extension 'colcon_meta'
[0.213s] Level 1:colcon.colcon_core.package_identification:_identify(src/amr_perception) by extensions ['ros']
[0.213s] Level 1:colcon.colcon_core.package_identification:_identify(src/amr_perception) by extension 'ros'
[0.213s] DEBUG:colcon.colcon_core.package_identification:Package 'src/amr_perception' with type 'ros.ament_python' and name 'amr_perception'
[0.213s] Level 1:colcon.colcon_core.package_identification:_identify(src/amr_slam) by extensions ['ignore', 'ignore_ament_install']
[0.213s] Level 1:colcon.colcon_core.package_identification:_identify(src/amr_slam) by extension 'ignore'
[0.214s] Level 1:colcon.colcon_core.package_identification:_identify(src/amr_slam) by extension 'ignore_ament_install'
[0.214s] Level 1:colcon.colcon_core.package_identification:_identify(src/amr_slam) by extensions ['colcon_pkg']
[0.214s] Level 1:colcon.colcon_core.package_identification:_identify(src/amr_slam) by extension 'colcon_pkg'
[0.214s] Level 1:colcon.colcon_core.package_identification:_identify(src/amr_slam) by extensions ['colcon_meta']
[0.214s] Level 1:colcon.colcon_core.package_identification:_identify(src/amr_slam) by extension 'colcon_meta'
[0.214s] Level 1:colcon.colcon_core.package_identification:_identify(src/amr_slam) by extensions ['ros']
[0.214s] Level 1:colcon.colcon_core.package_identification:_identify(src/amr_slam) by extension 'ros'
[0.215s] DEBUG:colcon.colcon_core.package_identification:Package 'src/amr_slam' with type 'ros.ament_cmake' and name 'amr_slam'
[0.215s] Level 1:colcon.colcon_core.package_discovery:discover_packages(recursive) using defaults
[0.215s] Level 1:colcon.colcon_core.package_discovery:discover_packages(ignore) discover
[0.215s] Level 1:colcon.colcon_core.package_discovery:discover_packages(ignore) using defaults
[0.215s] Level 1:colcon.colcon_core.package_discovery:discover_packages(path) discover
[0.215s] Level 1:colcon.colcon_core.package_discovery:discover_packages(path) using defaults
[0.228s] Level 5:colcon.colcon_core.verb:set package 'amr_bringup' build argument 'cmake_args' from command line to 'None'
[0.228s] Level 5:colcon.colcon_core.verb:set package 'amr_bringup' build argument 'cmake_target' from command line to 'None'
[0.228s] Level 5:colcon.colcon_core.verb:set package 'amr_bringup' build argument 'cmake_target_skip_unavailable' from command line to 'False'
[0.228s] Level 5:colcon.colcon_core.verb:set package 'amr_bringup' build argument 'cmake_clean_cache' from command line to 'False'
[0.228s] Level 5:colcon.colcon_core.verb:set package 'amr_bringup' build argument 'cmake_clean_first' from command line to 'False'
[0.228s] Level 5:colcon.colcon_core.verb:set package 'amr_bringup' build argument 'cmake_force_configure' from command line to 'False'
[0.228s] Level 5:colcon.colcon_core.verb:set package 'amr_bringup' build argument 'ament_cmake_args' from command line to 'None'
[0.228s] Level 5:colcon.colcon_core.verb:set package 'amr_bringup' build argument 'catkin_cmake_args' from command line to 'None'
[0.228s] Level 5:colcon.colcon_core.verb:set package 'amr_bringup' build argument 'catkin_skip_building_tests' from command line to 'False'
[0.228s] DEBUG:colcon.colcon_core.verb:Building package 'amr_bringup' with the following arguments: {'ament_cmake_args': None, 'build_base': '/ros2_ws/opticore-amr/opticore-amr/ros2_ws/build/amr_bringup', 'catkin_cmake_args': None, 'catkin_skip_building_tests': False, 'cmake_args': None, 'cmake_clean_cache': False, 'cmake_clean_first': False, 'cmake_force_configure': False, 'cmake_target': None, 'cmake_target_skip_unavailable': False, 'install_base': '/ros2_ws/opticore-amr/opticore-amr/ros2_ws/install/amr_bringup', 'merge_install': False, 'path': '/ros2_ws/opticore-amr/opticore-amr/ros2_ws/src/amr_bringup', 'symlink_install': False, 'test_result_base': None}
[0.229s] Level 5:colcon.colcon_core.verb:set package 'amr_fleet' build argument 'cmake_args' from command line to 'None'
[0.229s] Level 5:colcon.colcon_core.verb:set package 'amr_fleet' build argument 'cmake_target' from command line to 'None'
[0.229s] Level 5:colcon.colcon_core.verb:set package 'amr_fleet' build argument 'cmake_target_skip_unavailable' from command line to 'False'
[0.229s] Level 5:colcon.colcon_core.verb:set package 'amr_fleet' build argument 'cmake_clean_cache' from command line to 'False'
[0.229s] Level 5:colcon.colcon_core.verb:set package 'amr_fleet' build argument 'cmake_clean_first' from command line to 'False'
[0.229s] Level 5:colcon.colcon_core.verb:set package 'amr_fleet' build argument 'cmake_force_configure' from command line to 'False'
[0.229s] Level 5:colcon.colcon_core.verb:set package 'amr_fleet' build argument 'ament_cmake_args' from command line to 'None'
[0.229s] Level 5:colcon.colcon_core.verb:set package 'amr_fleet' build argument 'catkin_cmake_args' from command line to 'None'
[0.229s] Level 5:colcon.colcon_core.verb:set package 'amr_fleet' build argument 'catkin_skip_building_tests' from command line to 'False'
[0.229s] DEBUG:colcon.colcon_core.verb:Building package 'amr_fleet' with the following arguments: {'ament_cmake_args': None, 'build_base': '/ros2_ws/opticore-amr/opticore-amr/ros2_ws/build/amr_fleet', 'catkin_cmake_args': None, 'catkin_skip_building_tests': False, 'cmake_args': None, 'cmake_clean_cache': False, 'cmake_clean_first': False, 'cmake_force_configure': False, 'cmake_target': None, 'cmake_target_skip_unavailable': False, 'install_base': '/ros2_ws/opticore-amr/opticore-amr/ros2_ws/install/amr_fleet', 'merge_install': False, 'path': '/ros2_ws/opticore-amr/opticore-amr/ros2_ws/src/amr_fleet', 'symlink_install': False, 'test_result_base': None}
[0.229s] Level 5:colcon.colcon_core.verb:set package 'amr_navigation' build argument 'cmake_args' from command line to 'None'
[0.229s] Level 5:colcon.colcon_core.verb:set package 'amr_navigation' build argument 'cmake_target' from command line to 'None'
[0.229s] Level 5:colcon.colcon_core.verb:set package 'amr_navigation' build argument 'cmake_target_skip_unavailable' from command line to 'False'
[0.229s] Level 5:colcon.colcon_core.verb:set package 'amr_navigation' build argument 'cmake_clean_cache' from command line to 'False'
[0.229s] Level 5:colcon.colcon_core.verb:set package 'amr_navigation' build argument 'cmake_clean_first' from command line to 'False'
[0.229s] Level 5:colcon.colcon_core.verb:set package 'amr_navigation' build argument 'cmake_force_configure' from command line to 'False'
[0.230s] Level 5:colcon.colcon_core.verb:set package 'amr_navigation' build argument 'ament_cmake_args' from command line to 'None'
[0.230s] Level 5:colcon.colcon_core.verb:set package 'amr_navigation' build argument 'catkin_cmake_args' from command line to 'None'
[0.230s] Level 5:colcon.colcon_core.verb:set package 'amr_navigation' build argument 'catkin_skip_building_tests' from command line to 'False'
[0.230s] DEBUG:colcon.colcon_core.verb:Building package 'amr_navigation' with the following arguments: {'ament_cmake_args': None, 'build_base': '/ros2_ws/opticore-amr/opticore-amr/ros2_ws/build/amr_navigation', 'catkin_cmake_args': None, 'catkin_skip_building_tests': False, 'cmake_args': None, 'cmake_clean_cache': False, 'cmake_clean_first': False, 'cmake_force_configure': False, 'cmake_target': None, 'cmake_target_skip_unavailable': False, 'install_base': '/ros2_ws/opticore-amr/opticore-amr/ros2_ws/install/amr_navigation', 'merge_install': False, 'path': '/ros2_ws/opticore-amr/opticore-amr/ros2_ws/src/amr_navigation', 'symlink_install': False, 'test_result_base': None}
[0.230s] Level 5:colcon.colcon_core.verb:set package 'amr_perception' build argument 'cmake_args' from command line to 'None'
[0.230s] Level 5:colcon.colcon_core.verb:set package 'amr_perception' build argument 'cmake_target' from command line to 'None'
[0.230s] Level 5:colcon.colcon_core.verb:set package 'amr_perception' build argument 'cmake_target_skip_unavailable' from command line to 'False'
[0.230s] Level 5:colcon.colcon_core.verb:set package 'amr_perception' build argument 'cmake_clean_cache' from command line to 'False'
[0.230s] Level 5:colcon.colcon_core.verb:set package 'amr_perception' build argument 'cmake_clean_first' from command line to 'False'
[0.230s] Level 5:colcon.colcon_core.verb:set package 'amr_perception' build argument 'cmake_force_configure' from command line to 'False'
[0.230s] Level 5:colcon.colcon_core.verb:set package 'amr_perception' build argument 'ament_cmake_args' from command line to 'None'
[0.230s] Level 5:colcon.colcon_core.verb:set package 'amr_perception' build argument 'catkin_cmake_args' from command line to 'None'
[0.230s] Level 5:colcon.colcon_core.verb:set package 'amr_perception' build argument 'catkin_skip_building_tests' from command line to 'False'
[0.230s] DEBUG:colcon.colcon_core.verb:Building package 'amr_perception' with the following arguments: {'ament_cmake_args': None, 'build_base': '/ros2_ws/opticore-amr/opticore-amr/ros2_ws/build/amr_perception', 'catkin_cmake_args': None, 'catkin_skip_building_tests': False, 'cmake_args': None, 'cmake_clean_cache': False, 'cmake_clean_first': False, 'cmake_force_configure': False, 'cmake_target': None, 'cmake_target_skip_unavailable': False, 'install_base': '/ros2_ws/opticore-amr/opticore-amr/ros2_ws/install/amr_perception', 'merge_install': False, 'path': '/ros2_ws/opticore-amr/opticore-amr/ros2_ws/src/amr_perception', 'symlink_install': False, 'test_result_base': None}
[0.231s] Level 5:colcon.colcon_core.verb:set package 'amr_slam' build argument 'cmake_args' from command line to 'None'
[0.231s] Level 5:colcon.colcon_core.verb:set package 'amr_slam' build argument 'cmake_target' from command line to 'None'
[0.231s] Level 5:colcon.colcon_core.verb:set package 'amr_slam' build argument 'cmake_target_skip_unavailable' from command line to 'False'
[0.231s] Level 5:colcon.colcon_core.verb:set package 'amr_slam' build argument 'cmake_clean_cache' from command line to 'False'
[0.231s] Level 5:colcon.colcon_core.verb:set package 'amr_slam' build argument 'cmake_clean_first' from command line to 'False'
[0.231s] Level 5:colcon.colcon_core.verb:set package 'amr_slam' build argument 'cmake_force_configure' from command line to 'False'
[0.231s] Level 5:colcon.colcon_core.verb:set package 'amr_slam' build argument 'ament_cmake_args' from command line to 'None'
[0.231s] Level 5:colcon.colcon_core.verb:set package 'amr_slam' build argument 'catkin_cmake_args' from command line to 'None'
[0.231s] Level 5:colcon.colcon_core.verb:set package 'amr_slam' build argument 'catkin_skip_building_tests' from command line to 'False'
[0.231s] DEBUG:colcon.colcon_core.verb:Building package 'amr_slam' with the following arguments: {'ament_cmake_args': None, 'build_base': '/ros2_ws/opticore-amr/opticore-amr/ros2_ws/build/amr_slam', 'catkin_cmake_args': None, 'catkin_skip_building_tests': False, 'cmake_args': None, 'cmake_clean_cache': False, 'cmake_clean_first': False, 'cmake_force_configure': False, 'cmake_target': None, 'cmake_target_skip_unavailable': False, 'install_base': '/ros2_ws/opticore-amr/opticore-amr/ros2_ws/install/amr_slam', 'merge_install': False, 'path': '/ros2_ws/opticore-amr/opticore-amr/ros2_ws/src/amr_slam', 'symlink_install': False, 'test_result_base': None}
[0.231s] INFO:colcon.colcon_core.executor:Executing jobs using 'parallel' executor
[0.234s] DEBUG:colcon.colcon_parallel_executor.executor.parallel:run_until_complete
[0.234s] INFO:colcon.colcon_ros.task.ament_cmake.build:Building ROS package in '/ros2_ws/opticore-amr/opticore-amr/ros2_ws/src/amr_bringup' with build type 'ament_cmake'
[0.234s] INFO:colcon.colcon_cmake.task.cmake.build:Building CMake package in '/ros2_ws/opticore-amr/opticore-amr/ros2_ws/src/amr_bringup'
[0.236s] INFO:colcon.colcon_core.plugin_system:Skipping extension 'colcon_core.shell.bat': Not used on non-Windows systems
[0.236s] INFO:colcon.colcon_core.shell:Skip shell extension 'powershell' for command environment: Not usable outside of PowerShell
[0.236s] DEBUG:colcon.colcon_core.shell:Skip shell extension 'dsv' for command environment
[0.244s] INFO:colcon.colcon_ros.task.ament_cmake.build:Building ROS package in '/ros2_ws/opticore-amr/opticore-amr/ros2_ws/src/amr_fleet' with build type 'ament_cmake'
[0.245s] INFO:colcon.colcon_cmake.task.cmake.build:Building CMake package in '/ros2_ws/opticore-amr/opticore-amr/ros2_ws/src/amr_fleet'
[0.246s] INFO:colcon.colcon_core.shell:Skip shell extension 'powershell' for command environment: Not usable outside of PowerShell
[0.247s] DEBUG:colcon.colcon_core.shell:Skip shell extension 'dsv' for command environment
[0.256s] INFO:colcon.colcon_ros.task.ament_cmake.build:Building ROS package in '/ros2_ws/opticore-amr/opticore-amr/ros2_ws/src/amr_navigation' with build type 'ament_cmake'
[0.256s] INFO:colcon.colcon_cmake.task.cmake.build:Building CMake package in '/ros2_ws/opticore-amr/opticore-amr/ros2_ws/src/amr_navigation'
[0.258s] INFO:colcon.colcon_core.shell:Skip shell extension 'powershell' for command environment: Not usable outside of PowerShell
[0.258s] DEBUG:colcon.colcon_core.shell:Skip shell extension 'dsv' for command environment
[0.271s] INFO:colcon.colcon_ros.task.ament_python.build:Building ROS package in '/ros2_ws/opticore-amr/opticore-amr/ros2_ws/src/amr_perception' with build type 'ament_python'
[0.272s] Level 1:colcon.colcon_core.shell:create_environment_hook('amr_perception', 'ament_prefix_path')
[0.272s] INFO:colcon.colcon_core.shell:Creating environment hook '/ros2_ws/opticore-amr/opticore-amr/ros2_ws/install/amr_perception/share/amr_perception/hook/ament_prefix_path.ps1'
[0.275s] INFO:colcon.colcon_core.shell:Creating environment descriptor '/ros2_ws/opticore-amr/opticore-amr/ros2_ws/install/amr_perception/share/amr_perception/hook/ament_prefix_path.dsv'
[0.278s] INFO:colcon.colcon_core.shell:Creating environment hook '/ros2_ws/opticore-amr/opticore-amr/ros2_ws/install/amr_perception/share/amr_perception/hook/ament_prefix_path.sh'
[0.280s] INFO:colcon.colcon_core.shell:Skip shell extension 'powershell' for command environment: Not usable outside of PowerShell
[0.281s] DEBUG:colcon.colcon_core.shell:Skip shell extension 'dsv' for command environment
[0.296s] INFO:colcon.colcon_ros.task.ament_cmake.build:Building ROS package in '/ros2_ws/opticore-amr/opticore-amr/ros2_ws/src/amr_slam' with build type 'ament_cmake'
[0.298s] INFO:colcon.colcon_cmake.task.cmake.build:Building CMake package in '/ros2_ws/opticore-amr/opticore-amr/ros2_ws/src/amr_slam'
[0.299s] INFO:colcon.colcon_core.shell:Skip shell extension 'powershell' for command environment: Not usable outside of PowerShell
[0.299s] DEBUG:colcon.colcon_core.shell:Skip shell extension 'dsv' for command environment
[0.324s] DEBUG:colcon.colcon_core.event_handler.log_command:Invoking command in '/ros2_ws/opticore-amr/opticore-amr/ros2_ws/build/amr_bringup': CMAKE_PREFIX_PATH=${CMAKE_PREFIX_PATH}:/ros2_ws/opticore-amr/opticore-amr/ros2_ws/install/amr_perception:/opt/ros/humble /usr/bin/cmake --build /ros2_ws/opticore-amr/opticore-amr/ros2_ws/build/amr_bringup -- -j10 -l10
[0.333s] DEBUG:colcon.colcon_core.event_handler.log_command:Invoking command in '/ros2_ws/opticore-amr/opticore-amr/ros2_ws/build/amr_fleet': CMAKE_PREFIX_PATH=${CMAKE_PREFIX_PATH}:/ros2_ws/opticore-amr/opticore-amr/ros2_ws/install/amr_perception:/opt/ros/humble /usr/bin/cmake --build /ros2_ws/opticore-amr/opticore-amr/ros2_ws/build/amr_fleet -- -j10 -l10
[0.355s] DEBUG:colcon.colcon_core.event_handler.log_command:Invoking command in '/ros2_ws/opticore-amr/opticore-amr/ros2_ws/build/amr_navigation': CMAKE_PREFIX_PATH=${CMAKE_PREFIX_PATH}:/ros2_ws/opticore-amr/opticore-amr/ros2_ws/install/amr_perception:/opt/ros/humble /usr/bin/cmake --build /ros2_ws/opticore-amr/opticore-amr/ros2_ws/build/amr_navigation -- -j10 -l10
[0.604s] INFO:colcon.colcon_core.task.python.build:Building Python package in '/ros2_ws/opticore-amr/opticore-amr/ros2_ws/src/amr_perception'
[0.604s] INFO:colcon.colcon_core.shell:Skip shell extension 'powershell' for command environment: Not usable outside of PowerShell
[0.604s] DEBUG:colcon.colcon_core.shell:Skip shell extension 'dsv' for command environment
[0.627s] DEBUG:colcon.colcon_core.event_handler.log_command:Invoking command in '/ros2_ws/opticore-amr/opticore-amr/ros2_ws/build/amr_slam': CMAKE_PREFIX_PATH=${CMAKE_PREFIX_PATH}:/ros2_ws/opticore-amr/opticore-amr/ros2_ws/install/amr_perception:/opt/ros/humble /usr/bin/cmake --build /ros2_ws/opticore-amr/opticore-amr/ros2_ws/build/amr_slam -- -j10 -l10
[0.631s] DEBUG:colcon.colcon_core.event_handler.log_command:Invoked command in '/ros2_ws/opticore-amr/opticore-amr/ros2_ws/build/amr_fleet' returned '0': CMAKE_PREFIX_PATH=${CMAKE_PREFIX_PATH}:/ros2_ws/opticore-amr/opticore-amr/ros2_ws/install/amr_perception:/opt/ros/humble /usr/bin/cmake --build /ros2_ws/opticore-amr/opticore-amr/ros2_ws/build/amr_fleet -- -j10 -l10
[0.667s] DEBUG:colcon.colcon_core.event_handler.log_command:Invoking command in '/ros2_ws/opticore-amr/opticore-amr/ros2_ws/build/amr_fleet': CMAKE_PREFIX_PATH=${CMAKE_PREFIX_PATH}:/ros2_ws/opticore-amr/opticore-amr/ros2_ws/install/amr_perception:/opt/ros/humble /usr/bin/cmake --install /ros2_ws/opticore-amr/opticore-amr/ros2_ws/build/amr_fleet
[0.669s] DEBUG:colcon.colcon_core.event_handler.log_command:Invoked command in '/ros2_ws/opticore-amr/opticore-amr/ros2_ws/build/amr_bringup' returned '0': CMAKE_PREFIX_PATH=${CMAKE_PREFIX_PATH}:/ros2_ws/opticore-amr/opticore-amr/ros2_ws/install/amr_perception:/opt/ros/humble /usr/bin/cmake --build /ros2_ws/opticore-amr/opticore-amr/ros2_ws/build/amr_bringup -- -j10 -l10
[0.682s] DEBUG:colcon.colcon_core.event_handler.log_command:Invoking command in '/ros2_ws/opticore-amr/opticore-amr/ros2_ws/build/amr_bringup': CMAKE_PREFIX_PATH=${CMAKE_PREFIX_PATH}:/ros2_ws/opticore-amr/opticore-amr/ros2_ws/install/amr_perception:/opt/ros/humble /usr/bin/cmake --install /ros2_ws/opticore-amr/opticore-amr/ros2_ws/build/amr_bringup
[0.685s] DEBUG:colcon.colcon_core.event_handler.log_command:Invoked command in '/ros2_ws/opticore-amr/opticore-amr/ros2_ws/build/amr_navigation' returned '0': CMAKE_PREFIX_PATH=${CMAKE_PREFIX_PATH}:/ros2_ws/opticore-amr/opticore-amr/ros2_ws/install/amr_perception:/opt/ros/humble /usr/bin/cmake --build /ros2_ws/opticore-amr/opticore-amr/ros2_ws/build/amr_navigation -- -j10 -l10
[0.690s] DEBUG:colcon.colcon_core.event_handler.log_command:Invoking command in '/ros2_ws/opticore-amr/opticore-amr/ros2_ws/build/amr_navigation': CMAKE_PREFIX_PATH=${CMAKE_PREFIX_PATH}:/ros2_ws/opticore-amr/opticore-amr/ros2_ws/install/amr_perception:/opt/ros/humble /usr/bin/cmake --install /ros2_ws/opticore-amr/opticore-amr/ros2_ws/build/amr_navigation
[0.735s] Level 1:colcon.colcon_core.environment:create_environment_scripts_only(amr_fleet)
[0.749s] Level 1:colcon.colcon_core.environment:checking '/ros2_ws/opticore-amr/opticore-amr/ros2_ws/install/amr_fleet' for CMake module files
[0.755s] Level 1:colcon.colcon_core.environment:checking '/ros2_ws/opticore-amr/opticore-amr/ros2_ws/install/amr_fleet' for CMake config files
[0.761s] DEBUG:colcon.colcon_core.event_handler.log_command:Invoked command in '/ros2_ws/opticore-amr/opticore-amr/ros2_ws/build/amr_fleet' returned '0': CMAKE_PREFIX_PATH=${CMAKE_PREFIX_PATH}:/ros2_ws/opticore-amr/opticore-amr/ros2_ws/install/amr_perception:/opt/ros/humble /usr/bin/cmake --install /ros2_ws/opticore-amr/opticore-amr/ros2_ws/build/amr_fleet
[0.764s] Level 1:colcon.colcon_core.shell:create_environment_hook('amr_fleet', 'cmake_prefix_path')
[0.764s] INFO:colcon.colcon_core.shell:Creating environment hook '/ros2_ws/opticore-amr/opticore-amr/ros2_ws/install/amr_fleet/share/amr_fleet/hook/cmake_prefix_path.ps1'
[0.769s] INFO:colcon.colcon_core.shell:Creating environment descriptor '/ros2_ws/opticore-amr/opticore-amr/ros2_ws/install/amr_fleet/share/amr_fleet/hook/cmake_prefix_path.dsv'
[0.771s] INFO:colcon.colcon_core.shell:Creating environment hook '/ros2_ws/opticore-amr/opticore-amr/ros2_ws/install/amr_fleet/share/amr_fleet/hook/cmake_prefix_path.sh'
[0.773s] Level 1:colcon.colcon_core.environment:checking '/ros2_ws/opticore-amr/opticore-amr/ros2_ws/install/amr_fleet/bin'
[0.775s] Level 1:colcon.colcon_core.environment:checking '/ros2_ws/opticore-amr/opticore-amr/ros2_ws/install/amr_fleet/lib/pkgconfig/amr_fleet.pc'
[0.776s] Level 1:colcon.colcon_core.environment:checking '/ros2_ws/opticore-amr/opticore-amr/ros2_ws/install/amr_fleet/lib/python3.10/site-packages'
[0.778s] Level 1:colcon.colcon_core.environment:checking '/ros2_ws/opticore-amr/opticore-amr/ros2_ws/install/amr_fleet/bin'
[0.778s] INFO:colcon.colcon_core.shell:Creating package script '/ros2_ws/opticore-amr/opticore-amr/ros2_ws/install/amr_fleet/share/amr_fleet/package.ps1'
[0.782s] INFO:colcon.colcon_core.shell:Creating package descriptor '/ros2_ws/opticore-amr/opticore-amr/ros2_ws/install/amr_fleet/share/amr_fleet/package.dsv'
[0.783s] INFO:colcon.colcon_core.shell:Creating package script '/ros2_ws/opticore-amr/opticore-amr/ros2_ws/install/amr_fleet/share/amr_fleet/package.sh'
[0.783s] INFO:colcon.colcon_core.shell:Creating package script '/ros2_ws/opticore-amr/opticore-amr/ros2_ws/install/amr_fleet/share/amr_fleet/package.bash'
[0.785s] INFO:colcon.colcon_core.shell:Creating package script '/ros2_ws/opticore-amr/opticore-amr/ros2_ws/install/amr_fleet/share/amr_fleet/package.zsh'
[0.785s] Level 1:colcon.colcon_core.environment:create_file_with_runtime_dependencies(/ros2_ws/opticore-amr/opticore-amr/ros2_ws/install/amr_fleet/share/colcon-core/packages/amr_fleet)
[0.787s] Level 1:colcon.colcon_core.environment:create_environment_scripts_only(amr_fleet)
[0.787s] Level 1:colcon.colcon_core.environment:checking '/ros2_ws/opticore-amr/opticore-amr/ros2_ws/install/amr_fleet' for CMake module files
[0.789s] Level 1:colcon.colcon_core.environment:checking '/ros2_ws/opticore-amr/opticore-amr/ros2_ws/install/amr_fleet' for CMake config files
[0.791s] Level 1:colcon.colcon_core.shell:create_environment_hook('amr_fleet', 'cmake_prefix_path')
[0.792s] INFO:colcon.colcon_core.shell:Creating environment hook '/ros2_ws/opticore-amr/opticore-amr/ros2_ws/install/amr_fleet/share/amr_fleet/hook/cmake_prefix_path.ps1'
[0.793s] INFO:colcon.colcon_core.shell:Creating environment descriptor '/ros2_ws/opticore-amr/opticore-amr/ros2_ws/install/amr_fleet/share/amr_fleet/hook/cmake_prefix_path.dsv'
[0.795s] INFO:colcon.colcon_core.shell:Creating environment hook '/ros2_ws/opticore-amr/opticore-amr/ros2_ws/install/amr_fleet/share/amr_fleet/hook/cmake_prefix_path.sh'
[0.798s] Level 1:colcon.colcon_core.environment:checking '/ros2_ws/opticore-amr/opticore-amr/ros2_ws/install/amr_fleet/bin'
[0.798s] Level 1:colcon.colcon_core.environment:checking '/ros2_ws/opticore-amr/opticore-amr/ros2_ws/install/amr_fleet/lib/pkgconfig/amr_fleet.pc'
[0.798s] Level 1:colcon.colcon_core.environment:checking '/ros2_ws/opticore-amr/opticore-amr/ros2_ws/install/amr_fleet/lib/python3.10/site-packages'
[0.799s] Level 1:colcon.colcon_core.environment:checking '/ros2_ws/opticore-amr/opticore-amr/ros2_ws/install/amr_fleet/bin'
[0.800s] INFO:colcon.colcon_core.shell:Creating package script '/ros2_ws/opticore-amr/opticore-amr/ros2_ws/install/amr_fleet/share/amr_fleet/package.ps1'
[0.803s] INFO:colcon.colcon_core.shell:Creating package descriptor '/ros2_ws/opticore-amr/opticore-amr/ros2_ws/install/amr_fleet/share/amr_fleet/package.dsv'
[0.804s] INFO:colcon.colcon_core.shell:Creating package script '/ros2_ws/opticore-amr/opticore-amr/ros2_ws/install/amr_fleet/share/amr_fleet/package.sh'
[0.809s] INFO:colcon.colcon_core.shell:Creating package script '/ros2_ws/opticore-amr/opticore-amr/ros2_ws/install/amr_fleet/share/amr_fleet/package.bash'
[0.809s] INFO:colcon.colcon_core.shell:Creating package script '/ros2_ws/opticore-amr/opticore-amr/ros2_ws/install/amr_fleet/share/amr_fleet/package.zsh'
[0.809s] Level 1:colcon.colcon_core.environment:create_file_with_runtime_dependencies(/ros2_ws/opticore-amr/opticore-amr/ros2_ws/install/amr_fleet/share/colcon-core/packages/amr_fleet)
[0.810s] Level 1:colcon.colcon_core.environment:create_environment_scripts_only(amr_bringup)
[0.810s] Level 1:colcon.colcon_core.environment:checking '/ros2_ws/opticore-amr/opticore-amr/ros2_ws/install/amr_bringup' for CMake module files
[0.812s] DEBUG:colcon.colcon_core.event_handler.log_command:Invoked command in '/ros2_ws/opticore-amr/opticore-amr/ros2_ws/build/amr_bringup' returned '0': CMAKE_PREFIX_PATH=${CMAKE_PREFIX_PATH}:/ros2_ws/opticore-amr/opticore-amr/ros2_ws/install/amr_perception:/opt/ros/humble /usr/bin/cmake --install /ros2_ws/opticore-amr/opticore-amr/ros2_ws/build/amr_bringup
[0.815s] Level 1:colcon.colcon_core.environment:checking '/ros2_ws/opticore-amr/opticore-amr/ros2_ws/install/amr_bringup' for CMake config files
[0.816s] Level 1:colcon.colcon_core.shell:create_environment_hook('amr_bringup', 'cmake_prefix_path')
[0.816s] INFO:colcon.colcon_core.shell:Creating environment hook '/ros2_ws/opticore-amr/opticore-amr/ros2_ws/install/amr_bringup/share/amr_bringup/hook/cmake_prefix_path.ps1'
[0.816s] INFO:colcon.colcon_core.shell:Creating environment descriptor '/ros2_ws/opticore-amr/opticore-amr/ros2_ws/install/amr_bringup/share/amr_bringup/hook/cmake_prefix_path.dsv'
[0.817s] INFO:colcon.colcon_core.shell:Creating environment hook '/ros2_ws/opticore-amr/opticore-amr/ros2_ws/install/amr_bringup/share/amr_bringup/hook/cmake_prefix_path.sh'
[0.817s] Level 1:colcon.colcon_core.environment:checking '/ros2_ws/opticore-amr/opticore-amr/ros2_ws/install/amr_bringup/lib'
[0.823s] Level 1:colcon.colcon_core.environment:checking '/ros2_ws/opticore-amr/opticore-amr/ros2_ws/install/amr_bringup/bin'
[0.823s] Level 1:colcon.colcon_core.environment:checking '/ros2_ws/opticore-amr/opticore-amr/ros2_ws/install/amr_bringup/lib/pkgconfig/amr_bringup.pc'
[0.823s] Level 1:colcon.colcon_core.environment:checking '/ros2_ws/opticore-amr/opticore-amr/ros2_ws/install/amr_bringup/lib/python3.10/site-packages'
[0.823s] Level 1:colcon.colcon_core.environment:checking '/ros2_ws/opticore-amr/opticore-amr/ros2_ws/install/amr_bringup/bin'
[0.824s] INFO:colcon.colcon_core.shell:Creating package script '/ros2_ws/opticore-amr/opticore-amr/ros2_ws/install/amr_bringup/share/amr_bringup/package.ps1'
[0.827s] INFO:colcon.colcon_core.shell:Creating package descriptor '/ros2_ws/opticore-amr/opticore-amr/ros2_ws/install/amr_bringup/share/amr_bringup/package.dsv'
[0.828s] INFO:colcon.colcon_core.shell:Creating package script '/ros2_ws/opticore-amr/opticore-amr/ros2_ws/install/amr_bringup/share/amr_bringup/package.sh'
[0.828s] INFO:colcon.colcon_core.shell:Creating package script '/ros2_ws/opticore-amr/opticore-amr/ros2_ws/install/amr_bringup/share/amr_bringup/package.bash'
[0.831s] INFO:colcon.colcon_core.shell:Creating package script '/ros2_ws/opticore-amr/opticore-amr/ros2_ws/install/amr_bringup/share/amr_bringup/package.zsh'
[0.831s] Level 1:colcon.colcon_core.environment:create_file_with_runtime_dependencies(/ros2_ws/opticore-amr/opticore-amr/ros2_ws/install/amr_bringup/share/colcon-core/packages/amr_bringup)
[0.832s] Level 1:colcon.colcon_core.environment:create_environment_scripts_only(amr_bringup)
[0.832s] Level 1:colcon.colcon_core.environment:checking '/ros2_ws/opticore-amr/opticore-amr/ros2_ws/install/amr_bringup' for CMake module files
[0.833s] Level 1:colcon.colcon_core.environment:checking '/ros2_ws/opticore-amr/opticore-amr/ros2_ws/install/amr_bringup' for CMake config files
[0.834s] Level 1:colcon.colcon_core.shell:create_environment_hook('amr_bringup', 'cmake_prefix_path')
[0.834s] INFO:colcon.colcon_core.shell:Creating environment hook '/ros2_ws/opticore-amr/opticore-amr/ros2_ws/install/amr_bringup/share/amr_bringup/hook/cmake_prefix_path.ps1'
[0.836s] INFO:colcon.colcon_core.shell:Creating environment descriptor '/ros2_ws/opticore-amr/opticore-amr/ros2_ws/install/amr_bringup/share/amr_bringup/hook/cmake_prefix_path.dsv'
[0.836s] INFO:colcon.colcon_core.shell:Creating environment hook '/ros2_ws/opticore-amr/opticore-amr/ros2_ws/install/amr_bringup/share/amr_bringup/hook/cmake_prefix_path.sh'
[0.837s] Level 1:colcon.colcon_core.environment:checking '/ros2_ws/opticore-amr/opticore-amr/ros2_ws/install/amr_bringup/lib'
[0.837s] Level 1:colcon.colcon_core.environment:checking '/ros2_ws/opticore-amr/opticore-amr/ros2_ws/install/amr_bringup/bin'
[0.837s] Level 1:colcon.colcon_core.environment:checking '/ros2_ws/opticore-amr/opticore-amr/ros2_ws/install/amr_bringup/lib/pkgconfig/amr_bringup.pc'
[0.837s] Level 1:colcon.colcon_core.environment:checking '/ros2_ws/opticore-amr/opticore-amr/ros2_ws/install/amr_bringup/lib/python3.10/site-packages'
[0.837s] Level 1:colcon.colcon_core.environment:checking '/ros2_ws/opticore-amr/opticore-amr/ros2_ws/install/amr_bringup/bin'
[0.838s] INFO:colcon.colcon_core.shell:Creating package script '/ros2_ws/opticore-amr/opticore-amr/ros2_ws/install/amr_bringup/share/amr_bringup/package.ps1'
[0.838s] INFO:colcon.colcon_core.shell:Creating package descriptor '/ros2_ws/opticore-amr/opticore-amr/ros2_ws/install/amr_bringup/share/amr_bringup/package.dsv'
[0.839s] INFO:colcon.colcon_core.shell:Creating package script '/ros2_ws/opticore-amr/opticore-amr/ros2_ws/install/amr_bringup/share/amr_bringup/package.sh'
[0.840s] INFO:colcon.colcon_core.shell:Creating package script '/ros2_ws/opticore-amr/opticore-amr/ros2_ws/install/amr_bringup/share/amr_bringup/package.bash'
[0.841s] INFO:colcon.colcon_core.shell:Creating package script '/ros2_ws/opticore-amr/opticore-amr/ros2_ws/install/amr_bringup/share/amr_bringup/package.zsh'
[0.841s] Level 1:colcon.colcon_core.environment:create_file_with_runtime_dependencies(/ros2_ws/opticore-amr/opticore-amr/ros2_ws/install/amr_bringup/share/colcon-core/packages/amr_bringup)
[0.842s] Level 1:colcon.colcon_core.environment:create_environment_scripts_only(amr_navigation)
[0.842s] Level 1:colcon.colcon_core.environment:checking '/ros2_ws/opticore-amr/opticore-amr/ros2_ws/install/amr_navigation' for CMake module files
[0.843s] DEBUG:colcon.colcon_core.event_handler.log_command:Invoked command in '/ros2_ws/opticore-amr/opticore-amr/ros2_ws/build/amr_navigation' returned '0': CMAKE_PREFIX_PATH=${CMAKE_PREFIX_PATH}:/ros2_ws/opticore-amr/opticore-amr/ros2_ws/install/amr_perception:/opt/ros/humble /usr/bin/cmake --install /ros2_ws/opticore-amr/opticore-amr/ros2_ws/build/amr_navigation
[0.844s] Level 1:colcon.colcon_core.environment:checking '/ros2_ws/opticore-amr/opticore-amr/ros2_ws/install/amr_navigation' for CMake config files
[0.845s] Level 1:colcon.colcon_core.shell:create_environment_hook('amr_navigation', 'cmake_prefix_path')
[0.845s] INFO:colcon.colcon_core.shell:Creating environment hook '/ros2_ws/opticore-amr/opticore-amr/ros2_ws/install/amr_navigation/share/amr_navigation/hook/cmake_prefix_path.ps1'
[0.846s] INFO:colcon.colcon_core.shell:Creating environment descriptor '/ros2_ws/opticore-amr/opticore-amr/ros2_ws/install/amr_navigation/share/amr_navigation/hook/cmake_prefix_path.dsv'
[0.847s] INFO:colcon.colcon_core.shell:Creating environment hook '/ros2_ws/opticore-amr/opticore-amr/ros2_ws/install/amr_navigation/share/amr_navigation/hook/cmake_prefix_path.sh'
[0.848s] Level 1:colcon.colcon_core.environment:checking '/ros2_ws/opticore-amr/opticore-amr/ros2_ws/install/amr_navigation/bin'
[0.848s] Level 1:colcon.colcon_core.environment:checking '/ros2_ws/opticore-amr/opticore-amr/ros2_ws/install/amr_navigation/lib/pkgconfig/amr_navigation.pc'
[0.848s] Level 1:colcon.colcon_core.environment:checking '/ros2_ws/opticore-amr/opticore-amr/ros2_ws/install/amr_navigation/lib/python3.10/site-packages'
[0.848s] Level 1:colcon.colcon_core.environment:checking '/ros2_ws/opticore-amr/opticore-amr/ros2_ws/install/amr_navigation/bin'
[0.849s] INFO:colcon.colcon_core.shell:Creating package script '/ros2_ws/opticore-amr/opticore-amr/ros2_ws/install/amr_navigation/share/amr_navigation/package.ps1'
[0.849s] INFO:colcon.colcon_core.shell:Creating package descriptor '/ros2_ws/opticore-amr/opticore-amr/ros2_ws/install/amr_navigation/share/amr_navigation/package.dsv'
[0.850s] INFO:colcon.colcon_core.shell:Creating package script '/ros2_ws/opticore-amr/opticore-amr/ros2_ws/install/amr_navigation/share/amr_navigation/package.sh'
[0.850s] INFO:colcon.colcon_core.shell:Creating package script '/ros2_ws/opticore-amr/opticore-amr/ros2_ws/install/amr_navigation/share/amr_navigation/package.bash'
[0.851s] INFO:colcon.colcon_core.shell:Creating package script '/ros2_ws/opticore-amr/opticore-amr/ros2_ws/install/amr_navigation/share/amr_navigation/package.zsh'
[0.851s] Level 1:colcon.colcon_core.environment:create_file_with_runtime_dependencies(/ros2_ws/opticore-amr/opticore-amr/ros2_ws/install/amr_navigation/share/colcon-core/packages/amr_navigation)
[0.852s] Level 1:colcon.colcon_core.environment:create_environment_scripts_only(amr_navigation)
[0.852s] Level 1:colcon.colcon_core.environment:checking '/ros2_ws/opticore-amr/opticore-amr/ros2_ws/install/amr_navigation' for CMake module files
[0.853s] Level 1:colcon.colcon_core.environment:checking '/ros2_ws/opticore-amr/opticore-amr/ros2_ws/install/amr_navigation' for CMake config files
[0.854s] Level 1:colcon.colcon_core.shell:create_environment_hook('amr_navigation', 'cmake_prefix_path')
[0.854s] INFO:colcon.colcon_core.shell:Creating environment hook '/ros2_ws/opticore-amr/opticore-amr/ros2_ws/install/amr_navigation/share/amr_navigation/hook/cmake_prefix_path.ps1'
[0.854s] INFO:colcon.colcon_core.shell:Creating environment descriptor '/ros2_ws/opticore-amr/opticore-amr/ros2_ws/install/amr_navigation/share/amr_navigation/hook/cmake_prefix_path.dsv'
[0.855s] INFO:colcon.colcon_core.shell:Creating environment hook '/ros2_ws/opticore-amr/opticore-amr/ros2_ws/install/amr_navigation/share/amr_navigation/hook/cmake_prefix_path.sh'
[0.855s] Level 1:colcon.colcon_core.environment:checking '/ros2_ws/opticore-amr/opticore-amr/ros2_ws/install/amr_navigation/bin'
[0.855s] Level 1:colcon.colcon_core.environment:checking '/ros2_ws/opticore-amr/opticore-amr/ros2_ws/install/amr_navigation/lib/pkgconfig/amr_navigation.pc'
[0.856s] Level 1:colcon.colcon_core.environment:checking '/ros2_ws/opticore-amr/opticore-amr/ros2_ws/install/amr_navigation/lib/python3.10/site-packages'
[0.856s] Level 1:colcon.colcon_core.environment:checking '/ros2_ws/opticore-amr/opticore-amr/ros2_ws/install/amr_navigation/bin'
[0.856s] INFO:colcon.colcon_core.shell:Creating package script '/ros2_ws/opticore-amr/opticore-amr/ros2_ws/install/amr_navigation/share/amr_navigation/package.ps1'
[0.857s] INFO:colcon.colcon_core.shell:Creating package descriptor '/ros2_ws/opticore-amr/opticore-amr/ros2_ws/install/amr_navigation/share/amr_navigation/package.dsv'
[0.858s] INFO:colcon.colcon_core.shell:Creating package script '/ros2_ws/opticore-amr/opticore-amr/ros2_ws/install/amr_navigation/share/amr_navigation/package.sh'
[0.859s] INFO:colcon.colcon_core.shell:Creating package script '/ros2_ws/opticore-amr/opticore-amr/ros2_ws/install/amr_navigation/share/amr_navigation/package.bash'
[0.860s] INFO:colcon.colcon_core.shell:Creating package script '/ros2_ws/opticore-amr/opticore-amr/ros2_ws/install/amr_navigation/share/amr_navigation/package.zsh'
[0.863s] Level 1:colcon.colcon_core.environment:create_file_with_runtime_dependencies(/ros2_ws/opticore-amr/opticore-amr/ros2_ws/install/amr_navigation/share/colcon-core/packages/amr_navigation)
[0.866s] DEBUG:colcon.colcon_core.event_handler.log_command:Invoked command in '/ros2_ws/opticore-amr/opticore-amr/ros2_ws/build/amr_slam' returned '0': CMAKE_PREFIX_PATH=${CMAKE_PREFIX_PATH}:/ros2_ws/opticore-amr/opticore-amr/ros2_ws/install/amr_perception:/opt/ros/humble /usr/bin/cmake --build /ros2_ws/opticore-amr/opticore-amr/ros2_ws/build/amr_slam -- -j10 -l10
[0.876s] DEBUG:colcon.colcon_core.event_handler.log_command:Invoking command in '/ros2_ws/opticore-amr/opticore-amr/ros2_ws/build/amr_slam': CMAKE_PREFIX_PATH=${CMAKE_PREFIX_PATH}:/ros2_ws/opticore-amr/opticore-amr/ros2_ws/install/amr_perception:/opt/ros/humble /usr/bin/cmake --install /ros2_ws/opticore-amr/opticore-amr/ros2_ws/build/amr_slam
[0.943s] Level 1:colcon.colcon_core.environment:create_environment_scripts_only(amr_slam)
[0.944s] Level 1:colcon.colcon_core.environment:checking '/ros2_ws/opticore-amr/opticore-amr/ros2_ws/install/amr_slam' for CMake module files
[0.944s] DEBUG:colcon.colcon_core.event_handler.log_command:Invoked command in '/ros2_ws/opticore-amr/opticore-amr/ros2_ws/build/amr_slam' returned '0': CMAKE_PREFIX_PATH=${CMAKE_PREFIX_PATH}:/ros2_ws/opticore-amr/opticore-amr/ros2_ws/install/amr_perception:/opt/ros/humble /usr/bin/cmake --install /ros2_ws/opticore-amr/opticore-amr/ros2_ws/build/amr_slam
[0.945s] Level 1:colcon.colcon_core.environment:checking '/ros2_ws/opticore-amr/opticore-amr/ros2_ws/install/amr_slam' for CMake config files
[0.946s] Level 1:colcon.colcon_core.shell:create_environment_hook('amr_slam', 'cmake_prefix_path')
[0.946s] INFO:colcon.colcon_core.shell:Creating environment hook '/ros2_ws/opticore-amr/opticore-amr/ros2_ws/install/amr_slam/share/amr_slam/hook/cmake_prefix_path.ps1'
[0.947s] INFO:colcon.colcon_core.shell:Creating environment descriptor '/ros2_ws/opticore-amr/opticore-amr/ros2_ws/install/amr_slam/share/amr_slam/hook/cmake_prefix_path.dsv'
[0.948s] INFO:colcon.colcon_core.shell:Creating environment hook '/ros2_ws/opticore-amr/opticore-amr/ros2_ws/install/amr_slam/share/amr_slam/hook/cmake_prefix_path.sh'
[0.949s] Level 1:colcon.colcon_core.environment:checking '/ros2_ws/opticore-amr/opticore-amr/ros2_ws/install/amr_slam/bin'
[0.949s] Level 1:colcon.colcon_core.environment:checking '/ros2_ws/opticore-amr/opticore-amr/ros2_ws/install/amr_slam/lib/pkgconfig/amr_slam.pc'
[0.949s] Level 1:colcon.colcon_core.environment:checking '/ros2_ws/opticore-amr/opticore-amr/ros2_ws/install/amr_slam/lib/python3.10/site-packages'
[0.949s] Level 1:colcon.colcon_core.environment:checking '/ros2_ws/opticore-amr/opticore-amr/ros2_ws/install/amr_slam/bin'
[0.949s] INFO:colcon.colcon_core.shell:Creating package script '/ros2_ws/opticore-amr/opticore-amr/ros2_ws/install/amr_slam/share/amr_slam/package.ps1'
[0.950s] INFO:colcon.colcon_core.shell:Creating package descriptor '/ros2_ws/opticore-amr/opticore-amr/ros2_ws/install/amr_slam/share/amr_slam/package.dsv'
[0.950s] INFO:colcon.colcon_core.shell:Creating package script '/ros2_ws/opticore-amr/opticore-amr/ros2_ws/install/amr_slam/share/amr_slam/package.sh'
[0.951s] INFO:colcon.colcon_core.shell:Creating package script '/ros2_ws/opticore-amr/opticore-amr/ros2_ws/install/amr_slam/share/amr_slam/package.bash'
[0.951s] INFO:colcon.colcon_core.shell:Creating package script '/ros2_ws/opticore-amr/opticore-amr/ros2_ws/install/amr_slam/share/amr_slam/package.zsh'
[0.952s] Level 1:colcon.colcon_core.environment:create_file_with_runtime_dependencies(/ros2_ws/opticore-amr/opticore-amr/ros2_ws/install/amr_slam/share/colcon-core/packages/amr_slam)
[0.953s] Level 1:colcon.colcon_core.environment:create_environment_scripts_only(amr_slam)
[0.953s] Level 1:colcon.colcon_core.environment:checking '/ros2_ws/opticore-amr/opticore-amr/ros2_ws/install/amr_slam' for CMake module files
[0.954s] Level 1:colcon.colcon_core.environment:checking '/ros2_ws/opticore-amr/opticore-amr/ros2_ws/install/amr_slam' for CMake config files
[0.955s] Level 1:colcon.colcon_core.shell:create_environment_hook('amr_slam', 'cmake_prefix_path')
[0.955s] INFO:colcon.colcon_core.shell:Creating environment hook '/ros2_ws/opticore-amr/opticore-amr/ros2_ws/install/amr_slam/share/amr_slam/hook/cmake_prefix_path.ps1'
[0.956s] INFO:colcon.colcon_core.shell:Creating environment descriptor '/ros2_ws/opticore-amr/opticore-amr/ros2_ws/install/amr_slam/share/amr_slam/hook/cmake_prefix_path.dsv'
[0.956s] INFO:colcon.colcon_core.shell:Creating environment hook '/ros2_ws/opticore-amr/opticore-amr/ros2_ws/install/amr_slam/share/amr_slam/hook/cmake_prefix_path.sh'
[0.957s] Level 1:colcon.colcon_core.environment:checking '/ros2_ws/opticore-amr/opticore-amr/ros2_ws/install/amr_slam/bin'
[0.957s] Level 1:colcon.colcon_core.environment:checking '/ros2_ws/opticore-amr/opticore-amr/ros2_ws/install/amr_slam/lib/pkgconfig/amr_slam.pc'
[0.958s] Level 1:colcon.colcon_core.environment:checking '/ros2_ws/opticore-amr/opticore-amr/ros2_ws/install/amr_slam/lib/python3.10/site-packages'
[0.958s] Level 1:colcon.colcon_core.environment:checking '/ros2_ws/opticore-amr/opticore-amr/ros2_ws/install/amr_slam/bin'
[0.959s] INFO:colcon.colcon_core.shell:Creating package script '/ros2_ws/opticore-amr/opticore-amr/ros2_ws/install/amr_slam/share/amr_slam/package.ps1'
[0.960s] INFO:colcon.colcon_core.shell:Creating package descriptor '/ros2_ws/opticore-amr/opticore-amr/ros2_ws/install/amr_slam/share/amr_slam/package.dsv'
[0.961s] INFO:colcon.colcon_core.shell:Creating package script '/ros2_ws/opticore-amr/opticore-amr/ros2_ws/install/amr_slam/share/amr_slam/package.sh'
[0.961s] INFO:colcon.colcon_core.shell:Creating package script '/ros2_ws/opticore-amr/opticore-amr/ros2_ws/install/amr_slam/share/amr_slam/package.bash'
[0.962s] INFO:colcon.colcon_core.shell:Creating package script '/ros2_ws/opticore-amr/opticore-amr/ros2_ws/install/amr_slam/share/amr_slam/package.zsh'
[0.962s] Level 1:colcon.colcon_core.environment:create_file_with_runtime_dependencies(/ros2_ws/opticore-amr/opticore-amr/ros2_ws/install/amr_slam/share/colcon-core/packages/amr_slam)
[1.020s] DEBUG:colcon.colcon_core.event_handler.log_command:Invoking command in '/ros2_ws/opticore-amr/opticore-amr/ros2_ws/src/amr_perception': PYTHONPATH=/ros2_ws/opticore-amr/opticore-amr/ros2_ws/build/amr_perception/prefix_override:/usr/lib/python3/dist-packages/colcon_core/task/python/colcon_distutils_commands:/ros2_ws/opticore-amr/opticore-amr/ros2_ws/install/amr_perception/lib/python3.10/site-packages:${PYTHONPATH} /usr/bin/python3 -W ignore:setup.py install is deprecated -W ignore:easy_install command is deprecated setup.py egg_info --egg-base ../../build/amr_perception build --build-base /ros2_ws/opticore-amr/opticore-amr/ros2_ws/build/amr_perception/build install --record /ros2_ws/opticore-amr/opticore-amr/ros2_ws/build/amr_perception/install.log --single-version-externally-managed install_data
[1.292s] Level 1:colcon.colcon_core.environment:checking '/ros2_ws/opticore-amr/opticore-amr/ros2_ws/install/amr_perception' for CMake module files
[1.293s] DEBUG:colcon.colcon_core.event_handler.log_command:Invoked command in '/ros2_ws/opticore-amr/opticore-amr/ros2_ws/src/amr_perception' returned '0': PYTHONPATH=/ros2_ws/opticore-amr/opticore-amr/ros2_ws/build/amr_perception/prefix_override:/usr/lib/python3/dist-packages/colcon_core/task/python/colcon_distutils_commands:/ros2_ws/opticore-amr/opticore-amr/ros2_ws/install/amr_perception/lib/python3.10/site-packages:${PYTHONPATH} /usr/bin/python3 -W ignore:setup.py install is deprecated -W ignore:easy_install command is deprecated setup.py egg_info --egg-base ../../build/amr_perception build --build-base /ros2_ws/opticore-amr/opticore-amr/ros2_ws/build/amr_perception/build install --record /ros2_ws/opticore-amr/opticore-amr/ros2_ws/build/amr_perception/install.log --single-version-externally-managed install_data
[1.294s] Level 1:colcon.colcon_core.environment:checking '/ros2_ws/opticore-amr/opticore-amr/ros2_ws/install/amr_perception' for CMake config files
[1.296s] Level 1:colcon.colcon_core.environment:checking '/ros2_ws/opticore-amr/opticore-amr/ros2_ws/install/amr_perception/lib'
[1.296s] Level 1:colcon.colcon_core.environment:checking '/ros2_ws/opticore-amr/opticore-amr/ros2_ws/install/amr_perception/bin'
[1.296s] Level 1:colcon.colcon_core.environment:checking '/ros2_ws/opticore-amr/opticore-amr/ros2_ws/install/amr_perception/lib/pkgconfig/amr_perception.pc'
[1.297s] Level 1:colcon.colcon_core.environment:checking '/ros2_ws/opticore-amr/opticore-amr/ros2_ws/install/amr_perception/lib/python3.10/site-packages'
[1.297s] Level 1:colcon.colcon_core.shell:create_environment_hook('amr_perception', 'pythonpath')
[1.297s] INFO:colcon.colcon_core.shell:Creating environment hook '/ros2_ws/opticore-amr/opticore-amr/ros2_ws/install/amr_perception/share/amr_perception/hook/pythonpath.ps1'
[1.297s] INFO:colcon.colcon_core.shell:Creating environment descriptor '/ros2_ws/opticore-amr/opticore-amr/ros2_ws/install/amr_perception/share/amr_perception/hook/pythonpath.dsv'
[1.298s] INFO:colcon.colcon_core.shell:Creating environment hook '/ros2_ws/opticore-amr/opticore-amr/ros2_ws/install/amr_perception/share/amr_perception/hook/pythonpath.sh'
[1.299s] Level 1:colcon.colcon_core.environment:checking '/ros2_ws/opticore-amr/opticore-amr/ros2_ws/install/amr_perception/bin'
[1.299s] Level 1:colcon.colcon_core.environment:create_environment_scripts_only(amr_perception)
[1.299s] INFO:colcon.colcon_core.shell:Creating package script '/ros2_ws/opticore-amr/opticore-amr/ros2_ws/install/amr_perception/share/amr_perception/package.ps1'
[1.300s] INFO:colcon.colcon_core.shell:Creating package descriptor '/ros2_ws/opticore-amr/opticore-amr/ros2_ws/install/amr_perception/share/amr_perception/package.dsv'
[1.300s] INFO:colcon.colcon_core.shell:Creating package script '/ros2_ws/opticore-amr/opticore-amr/ros2_ws/install/amr_perception/share/amr_perception/package.sh'
[1.300s] INFO:colcon.colcon_core.shell:Creating package script '/ros2_ws/opticore-amr/opticore-amr/ros2_ws/install/amr_perception/share/amr_perception/package.bash'
[1.301s] INFO:colcon.colcon_core.shell:Creating package script '/ros2_ws/opticore-amr/opticore-amr/ros2_ws/install/amr_perception/share/amr_perception/package.zsh'
[1.301s] Level 1:colcon.colcon_core.environment:create_file_with_runtime_dependencies(/ros2_ws/opticore-amr/opticore-amr/ros2_ws/install/amr_perception/share/colcon-core/packages/amr_perception)
[1.302s] DEBUG:colcon.colcon_parallel_executor.executor.parallel:closing loop
[1.302s] DEBUG:colcon.colcon_parallel_executor.executor.parallel:loop closed
[1.302s] DEBUG:colcon.colcon_parallel_executor.executor.parallel:run_until_complete finished with '0'
[1.302s] DEBUG:colcon.colcon_core.event_reactor:joining thread
[1.308s] INFO:colcon.colcon_core.plugin_system:Skipping extension 'colcon_notification.desktop_notification.notify_send': Could not find 'notify-send'
[1.308s] INFO:colcon.colcon_core.plugin_system:Skipping extension 'colcon_notification.desktop_notification.terminal_notifier': Not used on non-Darwin systems
[1.308s] INFO:colcon.colcon_core.plugin_system:Skipping extension 'colcon_notification.desktop_notification.win32': Not used on non-Windows systems
[1.308s] INFO:colcon.colcon_notification.desktop_notification:Sending desktop notification using 'notify2'
[1.309s] DEBUG:colcon.colcon_notification.desktop_notification.notify2:Failed to initialize notify2: org.freedesktop.DBus.Error.NotSupported: Unable to autolaunch a dbus-daemon without a $DISPLAY for X11
[1.310s] DEBUG:colcon.colcon_core.event_reactor:joined thread
[1.310s] INFO:colcon.colcon_core.shell:Creating prefix script '/ros2_ws/opticore-amr/opticore-amr/ros2_ws/install/local_setup.ps1'
[1.311s] INFO:colcon.colcon_core.shell:Creating prefix util module '/ros2_ws/opticore-amr/opticore-amr/ros2_ws/install/_local_setup_util_ps1.py'
[1.313s] INFO:colcon.colcon_core.shell:Creating prefix chain script '/ros2_ws/opticore-amr/opticore-amr/ros2_ws/install/setup.ps1'
[1.314s] INFO:colcon.colcon_core.shell:Creating prefix script '/ros2_ws/opticore-amr/opticore-amr/ros2_ws/install/local_setup.sh'
[1.315s] INFO:colcon.colcon_core.shell:Creating prefix util module '/ros2_ws/opticore-amr/opticore-amr/ros2_ws/install/_local_setup_util_sh.py'
[1.315s] INFO:colcon.colcon_core.shell:Creating prefix chain script '/ros2_ws/opticore-amr/opticore-amr/ros2_ws/install/setup.sh'
[1.317s] INFO:colcon.colcon_core.shell:Creating prefix script '/ros2_ws/opticore-amr/opticore-amr/ros2_ws/install/local_setup.bash'
[1.317s] INFO:colcon.colcon_core.shell:Creating prefix chain script '/ros2_ws/opticore-amr/opticore-amr/ros2_ws/install/setup.bash'
[1.319s] INFO:colcon.colcon_core.shell:Creating prefix script '/ros2_ws/opticore-amr/opticore-amr/ros2_ws/install/local_setup.zsh'
[1.319s] INFO:colcon.colcon_core.shell:Creating prefix chain script '/ros2_ws/opticore-amr/opticore-amr/ros2_ws/install/setup.zsh'
