[0.097s] Invoking command in '/ros2_ws/opticore-amr/opticore-amr/ros2_ws/build/amr_slam': CMAKE_PREFIX_PATH=${CMAKE_PREFIX_PATH}:/ros2_ws/opticore-amr/opticore-amr/ros2_ws/install/amr_perception:/opt/ros/humble /usr/bin/cmake --build /ros2_ws/opticore-amr/opticore-amr/ros2_ws/build/amr_slam -- -j10 -l10
[0.676s] Invoked command in '/ros2_ws/opticore-amr/opticore-amr/ros2_ws/build/amr_slam' returned '0': CMAKE_PREFIX_PATH=${CMAKE_PREFIX_PATH}:/ros2_ws/opticore-amr/opticore-amr/ros2_ws/install/amr_perception:/opt/ros/humble /usr/bin/cmake --build /ros2_ws/opticore-amr/opticore-amr/ros2_ws/build/amr_slam -- -j10 -l10
[0.763s] Invoking command in '/ros2_ws/opticore-amr/opticore-amr/ros2_ws/build/amr_slam': CMAKE_PREFIX_PATH=${CMAKE_PREFIX_PATH}:/ros2_ws/opticore-amr/opticore-amr/ros2_ws/install/amr_perception:/opt/ros/humble /usr/bin/cmake --install /ros2_ws/opticore-amr/opticore-amr/ros2_ws/build/amr_slam
[0.917s] -- Install configuration: ""
[0.924s] -- Installing: /ros2_ws/opticore-amr/opticore-amr/ros2_ws/install/amr_slam/lib/amr_slam/odom_covariance_injector.py
[0.932s] -- Up-to-date: /ros2_ws/opticore-amr/opticore-amr/ros2_ws/install/amr_slam/share/amr_slam/config
[0.933s] -- Up-to-date: /ros2_ws/opticore-amr/opticore-amr/ros2_ws/install/amr_slam/share/amr_slam/config/.gitkeep
[0.934s] -- Up-to-date: /ros2_ws/opticore-amr/opticore-amr/ros2_ws/install/amr_slam/share/amr_slam/config/slam_params.yaml
[0.935s] -- Up-to-date: /ros2_ws/opticore-amr/opticore-amr/ros2_ws/install/amr_slam/share/amr_slam/launch
[0.936s] -- Up-to-date: /ros2_ws/opticore-amr/opticore-amr/ros2_ws/install/amr_slam/share/amr_slam/launch/.gitkeep
[0.939s] -- Up-to-date: /ros2_ws/opticore-amr/opticore-amr/ros2_ws/install/amr_slam/share/amr_slam/launch/slam.launch.py
[0.940s] -- Up-to-date: /ros2_ws/opticore-amr/opticore-amr/ros2_ws/install/amr_slam/share/ament_index/resource_index/package_run_dependencies/amr_slam
[0.941s] -- Up-to-date: /ros2_ws/opticore-amr/opticore-amr/ros2_ws/install/amr_slam/share/ament_index/resource_index/parent_prefix_path/amr_slam
[0.942s] -- Up-to-date: /ros2_ws/opticore-amr/opticore-amr/ros2_ws/install/amr_slam/share/amr_slam/environment/ament_prefix_path.dsv
[0.943s] -- Up-to-date: /ros2_ws/opticore-amr/opticore-amr/ros2_ws/install/amr_slam/share/amr_slam/environment/path.dsv
[0.944s] -- Up-to-date: /ros2_ws/opticore-amr/opticore-amr/ros2_ws/install/amr_slam/share/amr_slam/local_setup.bash
[0.945s] -- Up-to-date: /ros2_ws/opticore-amr/opticore-amr/ros2_ws/install/amr_slam/share/amr_slam/local_setup.sh
[0.946s] -- Up-to-date: /ros2_ws/opticore-amr/opticore-amr/ros2_ws/install/amr_slam/share/amr_slam/local_setup.zsh
[0.948s] -- Up-to-date: /ros2_ws/opticore-amr/opticore-amr/ros2_ws/install/amr_slam/share/amr_slam/local_setup.dsv
[0.950s] -- Installing: /ros2_ws/opticore-amr/opticore-amr/ros2_ws/install/amr_slam/share/amr_slam/package.dsv
[0.953s] -- Up-to-date: /ros2_ws/opticore-amr/opticore-amr/ros2_ws/install/amr_slam/share/ament_index/resource_index/packages/amr_slam
[0.957s] -- Up-to-date: /ros2_ws/opticore-amr/opticore-amr/ros2_ws/install/amr_slam/share/amr_slam/cmake/amr_slamConfig.cmake
[0.958s] -- Up-to-date: /ros2_ws/opticore-amr/opticore-amr/ros2_ws/install/amr_slam/share/amr_slam/cmake/amr_slamConfig-version.cmake
[0.959s] -- Up-to-date: /ros2_ws/opticore-amr/opticore-amr/ros2_ws/install/amr_slam/share/amr_slam/package.xml
[0.977s] Invoked command in '/ros2_ws/opticore-amr/opticore-amr/ros2_ws/build/amr_slam' returned '0': CMAKE_PREFIX_PATH=${CMAKE_PREFIX_PATH}:/ros2_ws/opticore-amr/opticore-amr/ros2_ws/install/amr_perception:/opt/ros/humble /usr/bin/cmake --install /ros2_ws/opticore-amr/opticore-amr/ros2_ws/build/amr_slam
