[0.310s] DEBUG:colcon:Command line arguments: ['/usr/bin/colcon', 'build']
[0.311s] DEBUG:colcon:Parsed command line arguments: Namespace(log_base=None, log_level=None, verb_name='build', build_base='build', install_base='install', merge_install=False, symlink_install=False, test_result_base=None, continue_on_error=False, executor='parallel', parallel_workers=112, event_handlers=None, ignore_user_meta=False, metas=['./colcon.meta'], base_paths=['.'], packages_ignore=None, packages_ignore_regex=None, paths=None, packages_up_to=None, packages_up_to_regex=None, packages_above=None, packages_above_and_dependencies=None, packages_above_depth=None, packages_select_by_dep=None, packages_skip_by_dep=None, packages_skip_up_to=None, packages_select_build_failed=False, packages_skip_build_finished=False, packages_select_test_failures=False, packages_skip_test_passed=False, packages_select=None, packages_skip=None, packages_select_regex=None, packages_skip_regex=None, packages_start=None, packages_end=None, allow_overriding=[], cmake_args=None, cmake_target=None, cmake_target_skip_unavailable=False, cmake_clean_cache=False, cmake_clean_first=False, cmake_force_configure=False, ament_cmake_args=None, catkin_cmake_args=None, catkin_skip_building_tests=False, verb_parser=<colcon_defaults.argument_parser.defaults.DefaultArgumentsDecorator object at 0x76317496fca0>, verb_extension=<colcon_core.verb.build.BuildVerb object at 0x763174af5840>, main=<bound method BuildVerb.main of <colcon_core.verb.build.BuildVerb object at 0x763174af5840>>)
[0.552s] Level 1:colcon.colcon_core.package_discovery:discover_packages(colcon_meta) check parameters
[0.553s] Level 1:colcon.colcon_core.package_discovery:discover_packages(recursive) check parameters
[0.554s] Level 1:colcon.colcon_core.package_discovery:discover_packages(ignore) check parameters
[0.555s] Level 1:colcon.colcon_core.package_discovery:discover_packages(path) check parameters
[0.555s] Level 1:colcon.colcon_core.package_discovery:discover_packages(colcon_meta) discover
[0.556s] Level 1:colcon.colcon_core.package_discovery:discover_packages(recursive) discover
[0.557s] INFO:colcon.colcon_core.package_discovery:Crawling recursively for packages in '/workspace/github/opticore-amr/ros2_ws/src'
[0.560s] Level 1:colcon.colcon_core.package_identification:_identify(.) by extensions ['ignore', 'ignore_ament_install']
[0.560s] Level 1:colcon.colcon_core.package_identification:_identify(.) by extension 'ignore'
[0.561s] Level 1:colcon.colcon_core.package_identification:_identify(.) by extension 'ignore_ament_install'
[0.563s] Level 1:colcon.colcon_core.package_identification:_identify(.) by extensions ['colcon_pkg']
[0.564s] Level 1:colcon.colcon_core.package_identification:_identify(.) by extension 'colcon_pkg'
[0.565s] Level 1:colcon.colcon_core.package_identification:_identify(.) by extensions ['colcon_meta']
[0.566s] Level 1:colcon.colcon_core.package_identification:_identify(.) by extension 'colcon_meta'
[0.566s] Level 1:colcon.colcon_core.package_identification:_identify(.) by extensions ['ros']
[0.567s] Level 1:colcon.colcon_core.package_identification:_identify(.) by extension 'ros'
[0.598s] Level 1:colcon.colcon_core.package_identification:_identify(.) by extensions ['cmake', 'python']
[0.598s] Level 1:colcon.colcon_core.package_identification:_identify(.) by extension 'cmake'
[0.600s] Level 1:colcon.colcon_core.package_identification:_identify(.) by extension 'python'
[0.601s] Level 1:colcon.colcon_core.package_identification:_identify(.) by extensions ['python_setup_py']
[0.601s] Level 1:colcon.colcon_core.package_identification:_identify(.) by extension 'python_setup_py'
[0.605s] Level 1:colcon.colcon_core.package_identification:_identify(amr_bringup) by extensions ['ignore', 'ignore_ament_install']
[0.606s] Level 1:colcon.colcon_core.package_identification:_identify(amr_bringup) by extension 'ignore'
[0.607s] Level 1:colcon.colcon_core.package_identification:_identify(amr_bringup) by extension 'ignore_ament_install'
[0.609s] Level 1:colcon.colcon_core.package_identification:_identify(amr_bringup) by extensions ['colcon_pkg']
[0.610s] Level 1:colcon.colcon_core.package_identification:_identify(amr_bringup) by extension 'colcon_pkg'
[0.611s] Level 1:colcon.colcon_core.package_identification:_identify(amr_bringup) by extensions ['colcon_meta']
[0.612s] Level 1:colcon.colcon_core.package_identification:_identify(amr_bringup) by extension 'colcon_meta'
[0.627s] Level 1:colcon.colcon_core.package_identification:_identify(amr_bringup) by extensions ['ros']
[0.628s] Level 1:colcon.colcon_core.package_identification:_identify(amr_bringup) by extension 'ros'
[0.642s] DEBUG:colcon.colcon_core.package_identification:Package 'amr_bringup' with type 'ros.ament_cmake' and name 'amr_bringup'
[0.645s] Level 1:colcon.colcon_core.package_identification:_identify(amr_description) by extensions ['ignore', 'ignore_ament_install']
[0.646s] Level 1:colcon.colcon_core.package_identification:_identify(amr_description) by extension 'ignore'
[0.647s] Level 1:colcon.colcon_core.package_identification:_identify(amr_description) by extension 'ignore_ament_install'
[0.649s] Level 1:colcon.colcon_core.package_identification:_identify(amr_description) by extensions ['colcon_pkg']
[0.650s] Level 1:colcon.colcon_core.package_identification:_identify(amr_description) by extension 'colcon_pkg'
[0.651s] Level 1:colcon.colcon_core.package_identification:_identify(amr_description) by extensions ['colcon_meta']
[0.651s] Level 1:colcon.colcon_core.package_identification:_identify(amr_description) by extension 'colcon_meta'
[0.653s] Level 1:colcon.colcon_core.package_identification:_identify(amr_description) by extensions ['ros']
[0.653s] Level 1:colcon.colcon_core.package_identification:_identify(amr_description) by extension 'ros'
[0.657s] Level 1:colcon.colcon_core.package_identification:_identify(amr_description) by extensions ['cmake', 'python']
[0.658s] Level 1:colcon.colcon_core.package_identification:_identify(amr_description) by extension 'cmake'
[0.659s] Level 1:colcon.colcon_core.package_identification:_identify(amr_description) by extension 'python'
[0.660s] Level 1:colcon.colcon_core.package_identification:_identify(amr_description) by extensions ['python_setup_py']
[0.660s] Level 1:colcon.colcon_core.package_identification:_identify(amr_description) by extension 'python_setup_py'
[0.664s] Level 1:colcon.colcon_core.package_identification:_identify(amr_fleet) by extensions ['ignore', 'ignore_ament_install']
[0.665s] Level 1:colcon.colcon_core.package_identification:_identify(amr_fleet) by extension 'ignore'
[0.666s] Level 1:colcon.colcon_core.package_identification:_identify(amr_fleet) by extension 'ignore_ament_install'
[0.667s] Level 1:colcon.colcon_core.package_identification:_identify(amr_fleet) by extensions ['colcon_pkg']
[0.668s] Level 1:colcon.colcon_core.package_identification:_identify(amr_fleet) by extension 'colcon_pkg'
[0.669s] Level 1:colcon.colcon_core.package_identification:_identify(amr_fleet) by extensions ['colcon_meta']
[0.670s] Level 1:colcon.colcon_core.package_identification:_identify(amr_fleet) by extension 'colcon_meta'
[0.671s] Level 1:colcon.colcon_core.package_identification:_identify(amr_fleet) by extensions ['ros']
[0.672s] Level 1:colcon.colcon_core.package_identification:_identify(amr_fleet) by extension 'ros'
[0.696s] DEBUG:colcon.colcon_core.package_identification:Package 'amr_fleet' with type 'ros.ament_cmake' and name 'amr_fleet'
[0.699s] Level 1:colcon.colcon_core.package_identification:_identify(amr_gazebo) by extensions ['ignore', 'ignore_ament_install']
[0.700s] Level 1:colcon.colcon_core.package_identification:_identify(amr_gazebo) by extension 'ignore'
[0.701s] Level 1:colcon.colcon_core.package_identification:_identify(amr_gazebo) by extension 'ignore_ament_install'
[0.703s] Level 1:colcon.colcon_core.package_identification:_identify(amr_gazebo) by extensions ['colcon_pkg']
[0.704s] Level 1:colcon.colcon_core.package_identification:_identify(amr_gazebo) by extension 'colcon_pkg'
[0.705s] Level 1:colcon.colcon_core.package_identification:_identify(amr_gazebo) by extensions ['colcon_meta']
[0.706s] Level 1:colcon.colcon_core.package_identification:_identify(amr_gazebo) by extension 'colcon_meta'
[0.707s] Level 1:colcon.colcon_core.package_identification:_identify(amr_gazebo) by extensions ['ros']
[0.708s] Level 1:colcon.colcon_core.package_identification:_identify(amr_gazebo) by extension 'ros'
[0.712s] Level 1:colcon.colcon_core.package_identification:_identify(amr_gazebo) by extensions ['cmake', 'python']
[0.712s] Level 1:colcon.colcon_core.package_identification:_identify(amr_gazebo) by extension 'cmake'
[0.729s] Level 1:colcon.colcon_core.package_identification:_identify(amr_gazebo) by extension 'python'
[0.732s] Level 1:colcon.colcon_core.package_identification:_identify(amr_gazebo) by extensions ['python_setup_py']
[0.732s] Level 1:colcon.colcon_core.package_identification:_identify(amr_gazebo) by extension 'python_setup_py'
[0.736s] Level 1:colcon.colcon_core.package_identification:_identify(amr_msgs) by extensions ['ignore', 'ignore_ament_install']
[0.737s] Level 1:colcon.colcon_core.package_identification:_identify(amr_msgs) by extension 'ignore'
[0.738s] Level 1:colcon.colcon_core.package_identification:_identify(amr_msgs) by extension 'ignore_ament_install'
[0.740s] Level 1:colcon.colcon_core.package_identification:_identify(amr_msgs) by extensions ['colcon_pkg']
[0.741s] Level 1:colcon.colcon_core.package_identification:_identify(amr_msgs) by extension 'colcon_pkg'
[0.742s] Level 1:colcon.colcon_core.package_identification:_identify(amr_msgs) by extensions ['colcon_meta']
[0.743s] Level 1:colcon.colcon_core.package_identification:_identify(amr_msgs) by extension 'colcon_meta'
[0.744s] Level 1:colcon.colcon_core.package_identification:_identify(amr_msgs) by extensions ['ros']
[0.745s] Level 1:colcon.colcon_core.package_identification:_identify(amr_msgs) by extension 'ros'
[0.748s] Level 1:colcon.colcon_core.package_identification:_identify(amr_msgs) by extensions ['cmake', 'python']
[0.749s] Level 1:colcon.colcon_core.package_identification:_identify(amr_msgs) by extension 'cmake'
[0.750s] Level 1:colcon.colcon_core.package_identification:_identify(amr_msgs) by extension 'python'
[0.751s] Level 1:colcon.colcon_core.package_identification:_identify(amr_msgs) by extensions ['python_setup_py']
[0.752s] Level 1:colcon.colcon_core.package_identification:_identify(amr_msgs) by extension 'python_setup_py'
[0.756s] Level 1:colcon.colcon_core.package_identification:_identify(amr_navigation) by extensions ['ignore', 'ignore_ament_install']
[0.756s] Level 1:colcon.colcon_core.package_identification:_identify(amr_navigation) by extension 'ignore'
[0.757s] Level 1:colcon.colcon_core.package_identification:_identify(amr_navigation) by extension 'ignore_ament_install'
[0.759s] Level 1:colcon.colcon_core.package_identification:_identify(amr_navigation) by extensions ['colcon_pkg']
[0.760s] Level 1:colcon.colcon_core.package_identification:_identify(amr_navigation) by extension 'colcon_pkg'
[0.761s] Level 1:colcon.colcon_core.package_identification:_identify(amr_navigation) by extensions ['colcon_meta']
[0.761s] Level 1:colcon.colcon_core.package_identification:_identify(amr_navigation) by extension 'colcon_meta'
[0.762s] Level 1:colcon.colcon_core.package_identification:_identify(amr_navigation) by extensions ['ros']
[0.763s] Level 1:colcon.colcon_core.package_identification:_identify(amr_navigation) by extension 'ros'
[0.776s] DEBUG:colcon.colcon_core.package_identification:Package 'amr_navigation' with type 'ros.ament_cmake' and name 'amr_navigation'
[0.779s] Level 1:colcon.colcon_core.package_identification:_identify(amr_perception) by extensions ['ignore', 'ignore_ament_install']
[0.780s] Level 1:colcon.colcon_core.package_identification:_identify(amr_perception) by extension 'ignore'
[0.781s] Level 1:colcon.colcon_core.package_identification:_identify(amr_perception) by extension 'ignore_ament_install'
[0.783s] Level 1:colcon.colcon_core.package_identification:_identify(amr_perception) by extensions ['colcon_pkg']
[0.783s] Level 1:colcon.colcon_core.package_identification:_identify(amr_perception) by extension 'colcon_pkg'
[0.785s] Level 1:colcon.colcon_core.package_identification:_identify(amr_perception) by extensions ['colcon_meta']
[0.786s] Level 1:colcon.colcon_core.package_identification:_identify(amr_perception) by extension 'colcon_meta'
[0.787s] Level 1:colcon.colcon_core.package_identification:_identify(amr_perception) by extensions ['ros']
[0.787s] Level 1:colcon.colcon_core.package_identification:_identify(amr_perception) by extension 'ros'
[0.810s] DEBUG:colcon.colcon_core.package_identification:Package 'amr_perception' with type 'ros.ament_python' and name 'amr_perception'
[0.828s] Level 1:colcon.colcon_core.package_identification:_identify(amr_slam) by extensions ['ignore', 'ignore_ament_install']
[0.830s] Level 1:colcon.colcon_core.package_identification:_identify(amr_slam) by extension 'ignore'
[0.831s] Level 1:colcon.colcon_core.package_identification:_identify(amr_slam) by extension 'ignore_ament_install'
[0.834s] Level 1:colcon.colcon_core.package_identification:_identify(amr_slam) by extensions ['colcon_pkg']
[0.834s] Level 1:colcon.colcon_core.package_identification:_identify(amr_slam) by extension 'colcon_pkg'
[0.835s] Level 1:colcon.colcon_core.package_identification:_identify(amr_slam) by extensions ['colcon_meta']
[0.836s] Level 1:colcon.colcon_core.package_identification:_identify(amr_slam) by extension 'colcon_meta'
[0.837s] Level 1:colcon.colcon_core.package_identification:_identify(amr_slam) by extensions ['ros']
[0.837s] Level 1:colcon.colcon_core.package_identification:_identify(amr_slam) by extension 'ros'
[0.851s] DEBUG:colcon.colcon_core.package_identification:Package 'amr_slam' with type 'ros.ament_cmake' and name 'amr_slam'
[0.853s] Level 1:colcon.colcon_core.package_identification:_identify(build) by extensions ['ignore', 'ignore_ament_install']
[0.854s] Level 1:colcon.colcon_core.package_identification:_identify(build) by extension 'ignore'
[0.855s] Level 1:colcon.colcon_core.package_identification:_identify(build) ignored
[0.857s] Level 1:colcon.colcon_core.package_identification:_identify(install) by extensions ['ignore', 'ignore_ament_install']
[0.857s] Level 1:colcon.colcon_core.package_identification:_identify(install) by extension 'ignore'
[0.859s] Level 1:colcon.colcon_core.package_identification:_identify(install) ignored
[0.861s] Level 1:colcon.colcon_core.package_identification:_identify(log) by extensions ['ignore', 'ignore_ament_install']
[0.862s] Level 1:colcon.colcon_core.package_identification:_identify(log) by extension 'ignore'
[0.863s] Level 1:colcon.colcon_core.package_identification:_identify(log) ignored
[0.863s] Level 1:colcon.colcon_core.package_discovery:discover_packages(recursive) using defaults
[0.864s] Level 1:colcon.colcon_core.package_discovery:discover_packages(ignore) discover
[0.865s] Level 1:colcon.colcon_core.package_discovery:discover_packages(ignore) using defaults
[0.865s] Level 1:colcon.colcon_core.package_discovery:discover_packages(path) discover
[0.866s] Level 1:colcon.colcon_core.package_discovery:discover_packages(path) using defaults
[0.935s] Level 1:colcon.colcon_core.package_discovery:discover_packages(prefix_path) check parameters
[0.936s] Level 1:colcon.colcon_core.package_discovery:discover_packages(prefix_path) discover
[0.997s] DEBUG:colcon.colcon_installed_package_information.package_discovery:Found 5 installed packages in /workspace/ros2_ws/install
[1.003s] DEBUG:colcon.colcon_installed_package_information.package_discovery:Found 337 installed packages in /opt/ros/humble
[1.006s] Level 1:colcon.colcon_core.package_discovery:discover_packages(prefix_path) using defaults
[1.132s] Level 5:colcon.colcon_core.verb:set package 'amr_bringup' build argument 'cmake_args' from command line to 'None'
[1.133s] Level 5:colcon.colcon_core.verb:set package 'amr_bringup' build argument 'cmake_target' from command line to 'None'
[1.134s] Level 5:colcon.colcon_core.verb:set package 'amr_bringup' build argument 'cmake_target_skip_unavailable' from command line to 'False'
[1.135s] Level 5:colcon.colcon_core.verb:set package 'amr_bringup' build argument 'cmake_clean_cache' from command line to 'False'
[1.136s] Level 5:colcon.colcon_core.verb:set package 'amr_bringup' build argument 'cmake_clean_first' from command line to 'False'
[1.136s] Level 5:colcon.colcon_core.verb:set package 'amr_bringup' build argument 'cmake_force_configure' from command line to 'False'
[1.137s] Level 5:colcon.colcon_core.verb:set package 'amr_bringup' build argument 'ament_cmake_args' from command line to 'None'
[1.137s] Level 5:colcon.colcon_core.verb:set package 'amr_bringup' build argument 'catkin_cmake_args' from command line to 'None'
[1.138s] Level 5:colcon.colcon_core.verb:set package 'amr_bringup' build argument 'catkin_skip_building_tests' from command line to 'False'
[1.139s] DEBUG:colcon.colcon_core.verb:Building package 'amr_bringup' with the following arguments: {'ament_cmake_args': None, 'build_base': '/workspace/github/opticore-amr/ros2_ws/src/build/amr_bringup', 'catkin_cmake_args': None, 'catkin_skip_building_tests': False, 'cmake_args': None, 'cmake_clean_cache': False, 'cmake_clean_first': False, 'cmake_force_configure': False, 'cmake_target': None, 'cmake_target_skip_unavailable': False, 'install_base': '/workspace/github/opticore-amr/ros2_ws/src/install/amr_bringup', 'merge_install': False, 'path': '/workspace/github/opticore-amr/ros2_ws/src/amr_bringup', 'symlink_install': False, 'test_result_base': None}
[1.140s] Level 5:colcon.colcon_core.verb:set package 'amr_fleet' build argument 'cmake_args' from command line to 'None'
[1.140s] Level 5:colcon.colcon_core.verb:set package 'amr_fleet' build argument 'cmake_target' from command line to 'None'
[1.141s] Level 5:colcon.colcon_core.verb:set package 'amr_fleet' build argument 'cmake_target_skip_unavailable' from command line to 'False'
[1.141s] Level 5:colcon.colcon_core.verb:set package 'amr_fleet' build argument 'cmake_clean_cache' from command line to 'False'
[1.142s] Level 5:colcon.colcon_core.verb:set package 'amr_fleet' build argument 'cmake_clean_first' from command line to 'False'
[1.142s] Level 5:colcon.colcon_core.verb:set package 'amr_fleet' build argument 'cmake_force_configure' from command line to 'False'
[1.143s] Level 5:colcon.colcon_core.verb:set package 'amr_fleet' build argument 'ament_cmake_args' from command line to 'None'
[1.144s] Level 5:colcon.colcon_core.verb:set package 'amr_fleet' build argument 'catkin_cmake_args' from command line to 'None'
[1.144s] Level 5:colcon.colcon_core.verb:set package 'amr_fleet' build argument 'catkin_skip_building_tests' from command line to 'False'
[1.145s] DEBUG:colcon.colcon_core.verb:Building package 'amr_fleet' with the following arguments: {'ament_cmake_args': None, 'build_base': '/workspace/github/opticore-amr/ros2_ws/src/build/amr_fleet', 'catkin_cmake_args': None, 'catkin_skip_building_tests': False, 'cmake_args': None, 'cmake_clean_cache': False, 'cmake_clean_first': False, 'cmake_force_configure': False, 'cmake_target': None, 'cmake_target_skip_unavailable': False, 'install_base': '/workspace/github/opticore-amr/ros2_ws/src/install/amr_fleet', 'merge_install': False, 'path': '/workspace/github/opticore-amr/ros2_ws/src/amr_fleet', 'symlink_install': False, 'test_result_base': None}
[1.146s] Level 5:colcon.colcon_core.verb:set package 'amr_navigation' build argument 'cmake_args' from command line to 'None'
[1.146s] Level 5:colcon.colcon_core.verb:set package 'amr_navigation' build argument 'cmake_target' from command line to 'None'
[1.147s] Level 5:colcon.colcon_core.verb:set package 'amr_navigation' build argument 'cmake_target_skip_unavailable' from command line to 'False'
[1.147s] Level 5:colcon.colcon_core.verb:set package 'amr_navigation' build argument 'cmake_clean_cache' from command line to 'False'
[1.148s] Level 5:colcon.colcon_core.verb:set package 'amr_navigation' build argument 'cmake_clean_first' from command line to 'False'
[1.149s] Level 5:colcon.colcon_core.verb:set package 'amr_navigation' build argument 'cmake_force_configure' from command line to 'False'
[1.150s] Level 5:colcon.colcon_core.verb:set package 'amr_navigation' build argument 'ament_cmake_args' from command line to 'None'
[1.151s] Level 5:colcon.colcon_core.verb:set package 'amr_navigation' build argument 'catkin_cmake_args' from command line to 'None'
[1.151s] Level 5:colcon.colcon_core.verb:set package 'amr_navigation' build argument 'catkin_skip_building_tests' from command line to 'False'
[1.152s] DEBUG:colcon.colcon_core.verb:Building package 'amr_navigation' with the following arguments: {'ament_cmake_args': None, 'build_base': '/workspace/github/opticore-amr/ros2_ws/src/build/amr_navigation', 'catkin_cmake_args': None, 'catkin_skip_building_tests': False, 'cmake_args': None, 'cmake_clean_cache': False, 'cmake_clean_first': False, 'cmake_force_configure': False, 'cmake_target': None, 'cmake_target_skip_unavailable': False, 'install_base': '/workspace/github/opticore-amr/ros2_ws/src/install/amr_navigation', 'merge_install': False, 'path': '/workspace/github/opticore-amr/ros2_ws/src/amr_navigation', 'symlink_install': False, 'test_result_base': None}
[1.153s] Level 5:colcon.colcon_core.verb:set package 'amr_perception' build argument 'cmake_args' from command line to 'None'
[1.153s] Level 5:colcon.colcon_core.verb:set package 'amr_perception' build argument 'cmake_target' from command line to 'None'
[1.154s] Level 5:colcon.colcon_core.verb:set package 'amr_perception' build argument 'cmake_target_skip_unavailable' from command line to 'False'
[1.155s] Level 5:colcon.colcon_core.verb:set package 'amr_perception' build argument 'cmake_clean_cache' from command line to 'False'
[1.155s] Level 5:colcon.colcon_core.verb:set package 'amr_perception' build argument 'cmake_clean_first' from command line to 'False'
[1.156s] Level 5:colcon.colcon_core.verb:set package 'amr_perception' build argument 'cmake_force_configure' from command line to 'False'
[1.156s] Level 5:colcon.colcon_core.verb:set package 'amr_perception' build argument 'ament_cmake_args' from command line to 'None'
[1.157s] Level 5:colcon.colcon_core.verb:set package 'amr_perception' build argument 'catkin_cmake_args' from command line to 'None'
[1.158s] Level 5:colcon.colcon_core.verb:set package 'amr_perception' build argument 'catkin_skip_building_tests' from command line to 'False'
[1.158s] DEBUG:colcon.colcon_core.verb:Building package 'amr_perception' with the following arguments: {'ament_cmake_args': None, 'build_base': '/workspace/github/opticore-amr/ros2_ws/src/build/amr_perception', 'catkin_cmake_args': None, 'catkin_skip_building_tests': False, 'cmake_args': None, 'cmake_clean_cache': False, 'cmake_clean_first': False, 'cmake_force_configure': False, 'cmake_target': None, 'cmake_target_skip_unavailable': False, 'install_base': '/workspace/github/opticore-amr/ros2_ws/src/install/amr_perception', 'merge_install': False, 'path': '/workspace/github/opticore-amr/ros2_ws/src/amr_perception', 'symlink_install': False, 'test_result_base': None}
[1.159s] Level 5:colcon.colcon_core.verb:set package 'amr_slam' build argument 'cmake_args' from command line to 'None'
[1.160s] Level 5:colcon.colcon_core.verb:set package 'amr_slam' build argument 'cmake_target' from command line to 'None'
[1.160s] Level 5:colcon.colcon_core.verb:set package 'amr_slam' build argument 'cmake_target_skip_unavailable' from command line to 'False'
[1.160s] Level 5:colcon.colcon_core.verb:set package 'amr_slam' build argument 'cmake_clean_cache' from command line to 'False'
[1.161s] Level 5:colcon.colcon_core.verb:set package 'amr_slam' build argument 'cmake_clean_first' from command line to 'False'
[1.162s] Level 5:colcon.colcon_core.verb:set package 'amr_slam' build argument 'cmake_force_configure' from command line to 'False'
[1.162s] Level 5:colcon.colcon_core.verb:set package 'amr_slam' build argument 'ament_cmake_args' from command line to 'None'
[1.162s] Level 5:colcon.colcon_core.verb:set package 'amr_slam' build argument 'catkin_cmake_args' from command line to 'None'
[1.162s] Level 5:colcon.colcon_core.verb:set package 'amr_slam' build argument 'catkin_skip_building_tests' from command line to 'False'
[1.163s] DEBUG:colcon.colcon_core.verb:Building package 'amr_slam' with the following arguments: {'ament_cmake_args': None, 'build_base': '/workspace/github/opticore-amr/ros2_ws/src/build/amr_slam', 'catkin_cmake_args': None, 'catkin_skip_building_tests': False, 'cmake_args': None, 'cmake_clean_cache': False, 'cmake_clean_first': False, 'cmake_force_configure': False, 'cmake_target': None, 'cmake_target_skip_unavailable': False, 'install_base': '/workspace/github/opticore-amr/ros2_ws/src/install/amr_slam', 'merge_install': False, 'path': '/workspace/github/opticore-amr/ros2_ws/src/amr_slam', 'symlink_install': False, 'test_result_base': None}
[1.164s] INFO:colcon.colcon_core.executor:Executing jobs using 'parallel' executor
[1.166s] DEBUG:colcon.colcon_parallel_executor.executor.parallel:run_until_complete
[1.166s] INFO:colcon.colcon_ros.task.ament_cmake.build:Building ROS package in '/workspace/github/opticore-amr/ros2_ws/src/amr_bringup' with build type 'ament_cmake'
[1.167s] INFO:colcon.colcon_cmake.task.cmake.build:Building CMake package in '/workspace/github/opticore-amr/ros2_ws/src/amr_bringup'
[1.171s] INFO:colcon.colcon_core.plugin_system:Skipping extension 'colcon_core.shell.bat': Not used on non-Windows systems
[1.172s] INFO:colcon.colcon_core.shell:Skip shell extension 'powershell' for command environment: Not usable outside of PowerShell
[1.172s] DEBUG:colcon.colcon_core.shell:Skip shell extension 'dsv' for command environment
[1.251s] INFO:colcon.colcon_ros.task.ament_cmake.build:Building ROS package in '/workspace/github/opticore-amr/ros2_ws/src/amr_fleet' with build type 'ament_cmake'
[1.252s] INFO:colcon.colcon_cmake.task.cmake.build:Building CMake package in '/workspace/github/opticore-amr/ros2_ws/src/amr_fleet'
[1.255s] INFO:colcon.colcon_core.shell:Skip shell extension 'powershell' for command environment: Not usable outside of PowerShell
[1.255s] DEBUG:colcon.colcon_core.shell:Skip shell extension 'dsv' for command environment
[1.337s] INFO:colcon.colcon_ros.task.ament_cmake.build:Building ROS package in '/workspace/github/opticore-amr/ros2_ws/src/amr_navigation' with build type 'ament_cmake'
[1.338s] INFO:colcon.colcon_cmake.task.cmake.build:Building CMake package in '/workspace/github/opticore-amr/ros2_ws/src/amr_navigation'
[1.339s] INFO:colcon.colcon_core.shell:Skip shell extension 'powershell' for command environment: Not usable outside of PowerShell
[1.340s] DEBUG:colcon.colcon_core.shell:Skip shell extension 'dsv' for command environment
[1.405s] INFO:colcon.colcon_ros.task.ament_python.build:Building ROS package in '/workspace/github/opticore-amr/ros2_ws/src/amr_perception' with build type 'ament_python'
[1.406s] Level 1:colcon.colcon_core.shell:create_environment_hook('amr_perception', 'ament_prefix_path')
[1.407s] INFO:colcon.colcon_core.shell:Creating environment hook '/workspace/github/opticore-amr/ros2_ws/src/install/amr_perception/share/amr_perception/hook/ament_prefix_path.ps1'
[1.440s] INFO:colcon.colcon_core.shell:Creating environment descriptor '/workspace/github/opticore-amr/ros2_ws/src/install/amr_perception/share/amr_perception/hook/ament_prefix_path.dsv'
[1.456s] INFO:colcon.colcon_core.shell:Creating environment hook '/workspace/github/opticore-amr/ros2_ws/src/install/amr_perception/share/amr_perception/hook/ament_prefix_path.sh'
[1.470s] INFO:colcon.colcon_core.shell:Skip shell extension 'powershell' for command environment: Not usable outside of PowerShell
[1.471s] DEBUG:colcon.colcon_core.shell:Skip shell extension 'dsv' for command environment
[1.558s] INFO:colcon.colcon_ros.task.ament_cmake.build:Building ROS package in '/workspace/github/opticore-amr/ros2_ws/src/amr_slam' with build type 'ament_cmake'
[1.559s] INFO:colcon.colcon_cmake.task.cmake.build:Building CMake package in '/workspace/github/opticore-amr/ros2_ws/src/amr_slam'
[1.560s] INFO:colcon.colcon_core.shell:Skip shell extension 'powershell' for command environment: Not usable outside of PowerShell
[1.560s] DEBUG:colcon.colcon_core.shell:Skip shell extension 'dsv' for command environment
[1.710s] DEBUG:colcon.colcon_core.event_handler.log_command:Invoking command in '/workspace/github/opticore-amr/ros2_ws/src/build/amr_bringup': CMAKE_PREFIX_PATH=${CMAKE_PREFIX_PATH}:/workspace/ros2_ws/install/amr_perception:/opt/ros/humble /usr/bin/cmake --build /workspace/github/opticore-amr/ros2_ws/src/build/amr_bringup -- -j112 -l112
[1.785s] DEBUG:colcon.colcon_core.event_handler.log_command:Invoking command in '/workspace/github/opticore-amr/ros2_ws/src/build/amr_fleet': CMAKE_PREFIX_PATH=${CMAKE_PREFIX_PATH}:/workspace/ros2_ws/install/amr_perception:/opt/ros/humble /usr/bin/cmake --build /workspace/github/opticore-amr/ros2_ws/src/build/amr_fleet -- -j112 -l112
[1.845s] DEBUG:colcon.colcon_core.event_handler.log_command:Invoking command in '/workspace/github/opticore-amr/ros2_ws/src/build/amr_navigation': CMAKE_PREFIX_PATH=${CMAKE_PREFIX_PATH}:/workspace/ros2_ws/install/amr_perception:/opt/ros/humble /usr/bin/cmake --build /workspace/github/opticore-amr/ros2_ws/src/build/amr_navigation -- -j112 -l112
[2.254s] INFO:colcon.colcon_core.task.python.build:Building Python package in '/workspace/github/opticore-amr/ros2_ws/src/amr_perception'
[2.255s] INFO:colcon.colcon_core.shell:Skip shell extension 'powershell' for command environment: Not usable outside of PowerShell
[2.256s] DEBUG:colcon.colcon_core.shell:Skip shell extension 'dsv' for command environment
[2.358s] DEBUG:colcon.colcon_core.event_handler.log_command:Invoked command in '/workspace/github/opticore-amr/ros2_ws/src/build/amr_bringup' returned '0': CMAKE_PREFIX_PATH=${CMAKE_PREFIX_PATH}:/workspace/ros2_ws/install/amr_perception:/opt/ros/humble /usr/bin/cmake --build /workspace/github/opticore-amr/ros2_ws/src/build/amr_bringup -- -j112 -l112
[2.386s] DEBUG:colcon.colcon_core.event_handler.log_command:Invoking command in '/workspace/github/opticore-amr/ros2_ws/src/build/amr_bringup': CMAKE_PREFIX_PATH=${CMAKE_PREFIX_PATH}:/workspace/ros2_ws/install/amr_perception:/opt/ros/humble /usr/bin/cmake --install /workspace/github/opticore-amr/ros2_ws/src/build/amr_bringup
[2.387s] DEBUG:colcon.colcon_core.event_handler.log_command:Invoked command in '/workspace/github/opticore-amr/ros2_ws/src/build/amr_fleet' returned '0': CMAKE_PREFIX_PATH=${CMAKE_PREFIX_PATH}:/workspace/ros2_ws/install/amr_perception:/opt/ros/humble /usr/bin/cmake --build /workspace/github/opticore-amr/ros2_ws/src/build/amr_fleet -- -j112 -l112
[2.408s] DEBUG:colcon.colcon_core.event_handler.log_command:Invoking command in '/workspace/github/opticore-amr/ros2_ws/src/build/amr_fleet': CMAKE_PREFIX_PATH=${CMAKE_PREFIX_PATH}:/workspace/ros2_ws/install/amr_perception:/opt/ros/humble /usr/bin/cmake --install /workspace/github/opticore-amr/ros2_ws/src/build/amr_fleet
[2.472s] DEBUG:colcon.colcon_core.event_handler.log_command:Invoking command in '/workspace/github/opticore-amr/ros2_ws/src/build/amr_slam': CMAKE_PREFIX_PATH=${CMAKE_PREFIX_PATH}:/workspace/ros2_ws/install/amr_perception:/opt/ros/humble /usr/bin/cmake --build /workspace/github/opticore-amr/ros2_ws/src/build/amr_slam -- -j112 -l112
[2.474s] DEBUG:colcon.colcon_core.event_handler.log_command:Invoked command in '/workspace/github/opticore-amr/ros2_ws/src/build/amr_navigation' returned '0': CMAKE_PREFIX_PATH=${CMAKE_PREFIX_PATH}:/workspace/ros2_ws/install/amr_perception:/opt/ros/humble /usr/bin/cmake --build /workspace/github/opticore-amr/ros2_ws/src/build/amr_navigation -- -j112 -l112
[2.485s] DEBUG:colcon.colcon_core.event_handler.log_command:Invoking command in '/workspace/github/opticore-amr/ros2_ws/src/build/amr_navigation': CMAKE_PREFIX_PATH=${CMAKE_PREFIX_PATH}:/workspace/ros2_ws/install/amr_perception:/opt/ros/humble /usr/bin/cmake --install /workspace/github/opticore-amr/ros2_ws/src/build/amr_navigation
[2.548s] Level 1:colcon.colcon_core.environment:create_environment_scripts_only(amr_fleet)
[2.549s] DEBUG:colcon.colcon_core.event_handler.log_command:Invoked command in '/workspace/github/opticore-amr/ros2_ws/src/build/amr_fleet' returned '0': CMAKE_PREFIX_PATH=${CMAKE_PREFIX_PATH}:/workspace/ros2_ws/install/amr_perception:/opt/ros/humble /usr/bin/cmake --install /workspace/github/opticore-amr/ros2_ws/src/build/amr_fleet
[2.553s] Level 1:colcon.colcon_core.environment:checking '/workspace/github/opticore-amr/ros2_ws/src/install/amr_fleet' for CMake module files
[2.567s] Level 1:colcon.colcon_core.environment:checking '/workspace/github/opticore-amr/ros2_ws/src/install/amr_fleet' for CMake config files
[2.578s] Level 1:colcon.colcon_core.shell:create_environment_hook('amr_fleet', 'cmake_prefix_path')
[2.579s] INFO:colcon.colcon_core.shell:Creating environment hook '/workspace/github/opticore-amr/ros2_ws/src/install/amr_fleet/share/amr_fleet/hook/cmake_prefix_path.ps1'
[2.591s] INFO:colcon.colcon_core.shell:Creating environment descriptor '/workspace/github/opticore-amr/ros2_ws/src/install/amr_fleet/share/amr_fleet/hook/cmake_prefix_path.dsv'
[2.605s] INFO:colcon.colcon_core.shell:Creating environment hook '/workspace/github/opticore-amr/ros2_ws/src/install/amr_fleet/share/amr_fleet/hook/cmake_prefix_path.sh'
[2.636s] Level 1:colcon.colcon_core.environment:checking '/workspace/github/opticore-amr/ros2_ws/src/install/amr_fleet/bin'
[2.637s] Level 1:colcon.colcon_core.environment:checking '/workspace/github/opticore-amr/ros2_ws/src/install/amr_fleet/lib/pkgconfig/amr_fleet.pc'
[2.639s] Level 1:colcon.colcon_core.environment:checking '/workspace/github/opticore-amr/ros2_ws/src/install/amr_fleet/lib/python3.10/site-packages'
[2.641s] Level 1:colcon.colcon_core.environment:checking '/workspace/github/opticore-amr/ros2_ws/src/install/amr_fleet/bin'
[2.643s] INFO:colcon.colcon_core.shell:Creating package script '/workspace/github/opticore-amr/ros2_ws/src/install/amr_fleet/share/amr_fleet/package.ps1'
[2.659s] INFO:colcon.colcon_core.shell:Creating package descriptor '/workspace/github/opticore-amr/ros2_ws/src/install/amr_fleet/share/amr_fleet/package.dsv'
[2.673s] INFO:colcon.colcon_core.shell:Creating package script '/workspace/github/opticore-amr/ros2_ws/src/install/amr_fleet/share/amr_fleet/package.sh'
[2.689s] INFO:colcon.colcon_core.shell:Creating package script '/workspace/github/opticore-amr/ros2_ws/src/install/amr_fleet/share/amr_fleet/package.bash'
[2.705s] INFO:colcon.colcon_core.shell:Creating package script '/workspace/github/opticore-amr/ros2_ws/src/install/amr_fleet/share/amr_fleet/package.zsh'
[2.733s] Level 1:colcon.colcon_core.environment:create_file_with_runtime_dependencies(/workspace/github/opticore-amr/ros2_ws/src/install/amr_fleet/share/colcon-core/packages/amr_fleet)
[2.756s] Level 1:colcon.colcon_core.environment:create_environment_scripts_only(amr_fleet)
[2.757s] Level 1:colcon.colcon_core.environment:checking '/workspace/github/opticore-amr/ros2_ws/src/install/amr_fleet' for CMake module files
[2.780s] Level 1:colcon.colcon_core.environment:checking '/workspace/github/opticore-amr/ros2_ws/src/install/amr_fleet' for CMake config files
[2.792s] Level 1:colcon.colcon_core.shell:create_environment_hook('amr_fleet', 'cmake_prefix_path')
[2.793s] INFO:colcon.colcon_core.shell:Creating environment hook '/workspace/github/opticore-amr/ros2_ws/src/install/amr_fleet/share/amr_fleet/hook/cmake_prefix_path.ps1'
[2.808s] INFO:colcon.colcon_core.shell:Creating environment descriptor '/workspace/github/opticore-amr/ros2_ws/src/install/amr_fleet/share/amr_fleet/hook/cmake_prefix_path.dsv'
[2.832s] INFO:colcon.colcon_core.shell:Creating environment hook '/workspace/github/opticore-amr/ros2_ws/src/install/amr_fleet/share/amr_fleet/hook/cmake_prefix_path.sh'
[2.848s] Level 1:colcon.colcon_core.environment:checking '/workspace/github/opticore-amr/ros2_ws/src/install/amr_fleet/bin'
[2.850s] Level 1:colcon.colcon_core.environment:checking '/workspace/github/opticore-amr/ros2_ws/src/install/amr_fleet/lib/pkgconfig/amr_fleet.pc'
[2.851s] Level 1:colcon.colcon_core.environment:checking '/workspace/github/opticore-amr/ros2_ws/src/install/amr_fleet/lib/python3.10/site-packages'
[2.853s] Level 1:colcon.colcon_core.environment:checking '/workspace/github/opticore-amr/ros2_ws/src/install/amr_fleet/bin'
[2.854s] INFO:colcon.colcon_core.shell:Creating package script '/workspace/github/opticore-amr/ros2_ws/src/install/amr_fleet/share/amr_fleet/package.ps1'
[2.870s] INFO:colcon.colcon_core.shell:Creating package descriptor '/workspace/github/opticore-amr/ros2_ws/src/install/amr_fleet/share/amr_fleet/package.dsv'
[2.883s] INFO:colcon.colcon_core.shell:Creating package script '/workspace/github/opticore-amr/ros2_ws/src/install/amr_fleet/share/amr_fleet/package.sh'
[2.897s] INFO:colcon.colcon_core.shell:Creating package script '/workspace/github/opticore-amr/ros2_ws/src/install/amr_fleet/share/amr_fleet/package.bash'
[2.913s] INFO:colcon.colcon_core.shell:Creating package script '/workspace/github/opticore-amr/ros2_ws/src/install/amr_fleet/share/amr_fleet/package.zsh'
[2.943s] Level 1:colcon.colcon_core.environment:create_file_with_runtime_dependencies(/workspace/github/opticore-amr/ros2_ws/src/install/amr_fleet/share/colcon-core/packages/amr_fleet)
[2.959s] Level 1:colcon.colcon_core.environment:create_environment_scripts_only(amr_navigation)
[2.959s] Level 1:colcon.colcon_core.environment:checking '/workspace/github/opticore-amr/ros2_ws/src/install/amr_navigation' for CMake module files
[2.972s] DEBUG:colcon.colcon_core.event_handler.log_command:Invoked command in '/workspace/github/opticore-amr/ros2_ws/src/build/amr_navigation' returned '0': CMAKE_PREFIX_PATH=${CMAKE_PREFIX_PATH}:/workspace/ros2_ws/install/amr_perception:/opt/ros/humble /usr/bin/cmake --install /workspace/github/opticore-amr/ros2_ws/src/build/amr_navigation
[2.985s] Level 1:colcon.colcon_core.environment:checking '/workspace/github/opticore-amr/ros2_ws/src/install/amr_navigation' for CMake config files
[3.004s] Level 1:colcon.colcon_core.shell:create_environment_hook('amr_navigation', 'cmake_prefix_path')
[3.005s] INFO:colcon.colcon_core.shell:Creating environment hook '/workspace/github/opticore-amr/ros2_ws/src/install/amr_navigation/share/amr_navigation/hook/cmake_prefix_path.ps1'
[3.036s] INFO:colcon.colcon_core.shell:Creating environment descriptor '/workspace/github/opticore-amr/ros2_ws/src/install/amr_navigation/share/amr_navigation/hook/cmake_prefix_path.dsv'
[3.052s] INFO:colcon.colcon_core.shell:Creating environment hook '/workspace/github/opticore-amr/ros2_ws/src/install/amr_navigation/share/amr_navigation/hook/cmake_prefix_path.sh'
[3.071s] Level 1:colcon.colcon_core.environment:checking '/workspace/github/opticore-amr/ros2_ws/src/install/amr_navigation/bin'
[3.072s] Level 1:colcon.colcon_core.environment:checking '/workspace/github/opticore-amr/ros2_ws/src/install/amr_navigation/lib/pkgconfig/amr_navigation.pc'
[3.074s] Level 1:colcon.colcon_core.environment:checking '/workspace/github/opticore-amr/ros2_ws/src/install/amr_navigation/lib/python3.10/site-packages'
[3.076s] Level 1:colcon.colcon_core.environment:checking '/workspace/github/opticore-amr/ros2_ws/src/install/amr_navigation/bin'
[3.077s] INFO:colcon.colcon_core.shell:Creating package script '/workspace/github/opticore-amr/ros2_ws/src/install/amr_navigation/share/amr_navigation/package.ps1'
[3.094s] INFO:colcon.colcon_core.shell:Creating package descriptor '/workspace/github/opticore-amr/ros2_ws/src/install/amr_navigation/share/amr_navigation/package.dsv'
[3.108s] INFO:colcon.colcon_core.shell:Creating package script '/workspace/github/opticore-amr/ros2_ws/src/install/amr_navigation/share/amr_navigation/package.sh'
[3.139s] INFO:colcon.colcon_core.shell:Creating package script '/workspace/github/opticore-amr/ros2_ws/src/install/amr_navigation/share/amr_navigation/package.bash'
[3.153s] INFO:colcon.colcon_core.shell:Creating package script '/workspace/github/opticore-amr/ros2_ws/src/install/amr_navigation/share/amr_navigation/package.zsh'
[3.171s] Level 1:colcon.colcon_core.environment:create_file_with_runtime_dependencies(/workspace/github/opticore-amr/ros2_ws/src/install/amr_navigation/share/colcon-core/packages/amr_navigation)
[3.195s] Level 1:colcon.colcon_core.environment:create_environment_scripts_only(amr_navigation)
[3.196s] Level 1:colcon.colcon_core.environment:checking '/workspace/github/opticore-amr/ros2_ws/src/install/amr_navigation' for CMake module files
[3.236s] Level 1:colcon.colcon_core.environment:checking '/workspace/github/opticore-amr/ros2_ws/src/install/amr_navigation' for CMake config files
[3.252s] Level 1:colcon.colcon_core.shell:create_environment_hook('amr_navigation', 'cmake_prefix_path')
[3.254s] INFO:colcon.colcon_core.shell:Creating environment hook '/workspace/github/opticore-amr/ros2_ws/src/install/amr_navigation/share/amr_navigation/hook/cmake_prefix_path.ps1'
[3.269s] INFO:colcon.colcon_core.shell:Creating environment descriptor '/workspace/github/opticore-amr/ros2_ws/src/install/amr_navigation/share/amr_navigation/hook/cmake_prefix_path.dsv'
[3.282s] INFO:colcon.colcon_core.shell:Creating environment hook '/workspace/github/opticore-amr/ros2_ws/src/install/amr_navigation/share/amr_navigation/hook/cmake_prefix_path.sh'
[3.300s] Level 1:colcon.colcon_core.environment:checking '/workspace/github/opticore-amr/ros2_ws/src/install/amr_navigation/bin'
[3.301s] Level 1:colcon.colcon_core.environment:checking '/workspace/github/opticore-amr/ros2_ws/src/install/amr_navigation/lib/pkgconfig/amr_navigation.pc'
[3.302s] Level 1:colcon.colcon_core.environment:checking '/workspace/github/opticore-amr/ros2_ws/src/install/amr_navigation/lib/python3.10/site-packages'
[3.304s] Level 1:colcon.colcon_core.environment:checking '/workspace/github/opticore-amr/ros2_ws/src/install/amr_navigation/bin'
[3.306s] INFO:colcon.colcon_core.shell:Creating package script '/workspace/github/opticore-amr/ros2_ws/src/install/amr_navigation/share/amr_navigation/package.ps1'
[3.333s] INFO:colcon.colcon_core.shell:Creating package descriptor '/workspace/github/opticore-amr/ros2_ws/src/install/amr_navigation/share/amr_navigation/package.dsv'
[3.348s] INFO:colcon.colcon_core.shell:Creating package script '/workspace/github/opticore-amr/ros2_ws/src/install/amr_navigation/share/amr_navigation/package.sh'
[3.364s] INFO:colcon.colcon_core.shell:Creating package script '/workspace/github/opticore-amr/ros2_ws/src/install/amr_navigation/share/amr_navigation/package.bash'
[3.380s] INFO:colcon.colcon_core.shell:Creating package script '/workspace/github/opticore-amr/ros2_ws/src/install/amr_navigation/share/amr_navigation/package.zsh'
[3.395s] Level 1:colcon.colcon_core.environment:create_file_with_runtime_dependencies(/workspace/github/opticore-amr/ros2_ws/src/install/amr_navigation/share/colcon-core/packages/amr_navigation)
[3.442s] DEBUG:colcon.colcon_core.event_handler.log_command:Invoked command in '/workspace/github/opticore-amr/ros2_ws/src/build/amr_slam' returned '0': CMAKE_PREFIX_PATH=${CMAKE_PREFIX_PATH}:/workspace/ros2_ws/install/amr_perception:/opt/ros/humble /usr/bin/cmake --build /workspace/github/opticore-amr/ros2_ws/src/build/amr_slam -- -j112 -l112
[3.453s] DEBUG:colcon.colcon_core.event_handler.log_command:Invoking command in '/workspace/github/opticore-amr/ros2_ws/src/build/amr_slam': CMAKE_PREFIX_PATH=${CMAKE_PREFIX_PATH}:/workspace/ros2_ws/install/amr_perception:/opt/ros/humble /usr/bin/cmake --install /workspace/github/opticore-amr/ros2_ws/src/build/amr_slam
[3.453s] Level 1:colcon.colcon_core.environment:create_environment_scripts_only(amr_bringup)
[3.454s] DEBUG:colcon.colcon_core.event_handler.log_command:Invoked command in '/workspace/github/opticore-amr/ros2_ws/src/build/amr_bringup' returned '0': CMAKE_PREFIX_PATH=${CMAKE_PREFIX_PATH}:/workspace/ros2_ws/install/amr_perception:/opt/ros/humble /usr/bin/cmake --install /workspace/github/opticore-amr/ros2_ws/src/build/amr_bringup
[3.455s] Level 1:colcon.colcon_core.environment:checking '/workspace/github/opticore-amr/ros2_ws/src/install/amr_bringup' for CMake module files
[3.487s] Level 1:colcon.colcon_core.environment:checking '/workspace/github/opticore-amr/ros2_ws/src/install/amr_bringup' for CMake config files
[3.534s] Level 1:colcon.colcon_core.shell:create_environment_hook('amr_bringup', 'cmake_prefix_path')
[3.535s] INFO:colcon.colcon_core.shell:Creating environment hook '/workspace/github/opticore-amr/ros2_ws/src/install/amr_bringup/share/amr_bringup/hook/cmake_prefix_path.ps1'
[3.570s] INFO:colcon.colcon_core.shell:Creating environment descriptor '/workspace/github/opticore-amr/ros2_ws/src/install/amr_bringup/share/amr_bringup/hook/cmake_prefix_path.dsv'
[3.593s] INFO:colcon.colcon_core.shell:Creating environment hook '/workspace/github/opticore-amr/ros2_ws/src/install/amr_bringup/share/amr_bringup/hook/cmake_prefix_path.sh'
[3.607s] Level 1:colcon.colcon_core.environment:checking '/workspace/github/opticore-amr/ros2_ws/src/install/amr_bringup/lib'
[3.611s] Level 1:colcon.colcon_core.environment:checking '/workspace/github/opticore-amr/ros2_ws/src/install/amr_bringup/bin'
[3.612s] Level 1:colcon.colcon_core.environment:checking '/workspace/github/opticore-amr/ros2_ws/src/install/amr_bringup/lib/pkgconfig/amr_bringup.pc'
[3.628s] Level 1:colcon.colcon_core.environment:checking '/workspace/github/opticore-amr/ros2_ws/src/install/amr_bringup/lib/python3.10/site-packages'
[3.630s] Level 1:colcon.colcon_core.environment:checking '/workspace/github/opticore-amr/ros2_ws/src/install/amr_bringup/bin'
[3.632s] INFO:colcon.colcon_core.shell:Creating package script '/workspace/github/opticore-amr/ros2_ws/src/install/amr_bringup/share/amr_bringup/package.ps1'
[3.647s] INFO:colcon.colcon_core.shell:Creating package descriptor '/workspace/github/opticore-amr/ros2_ws/src/install/amr_bringup/share/amr_bringup/package.dsv'
[3.662s] INFO:colcon.colcon_core.shell:Creating package script '/workspace/github/opticore-amr/ros2_ws/src/install/amr_bringup/share/amr_bringup/package.sh'
[3.678s] INFO:colcon.colcon_core.shell:Creating package script '/workspace/github/opticore-amr/ros2_ws/src/install/amr_bringup/share/amr_bringup/package.bash'
[3.692s] INFO:colcon.colcon_core.shell:Creating package script '/workspace/github/opticore-amr/ros2_ws/src/install/amr_bringup/share/amr_bringup/package.zsh'
[3.710s] Level 1:colcon.colcon_core.environment:create_file_with_runtime_dependencies(/workspace/github/opticore-amr/ros2_ws/src/install/amr_bringup/share/colcon-core/packages/amr_bringup)
[3.753s] Level 1:colcon.colcon_core.environment:create_environment_scripts_only(amr_bringup)
[3.754s] Level 1:colcon.colcon_core.environment:checking '/workspace/github/opticore-amr/ros2_ws/src/install/amr_bringup' for CMake module files
[3.787s] Level 1:colcon.colcon_core.environment:checking '/workspace/github/opticore-amr/ros2_ws/src/install/amr_bringup' for CMake config files
[3.835s] Level 1:colcon.colcon_core.shell:create_environment_hook('amr_bringup', 'cmake_prefix_path')
[3.835s] INFO:colcon.colcon_core.shell:Creating environment hook '/workspace/github/opticore-amr/ros2_ws/src/install/amr_bringup/share/amr_bringup/hook/cmake_prefix_path.ps1'
[3.853s] INFO:colcon.colcon_core.shell:Creating environment descriptor '/workspace/github/opticore-amr/ros2_ws/src/install/amr_bringup/share/amr_bringup/hook/cmake_prefix_path.dsv'
[3.869s] INFO:colcon.colcon_core.shell:Creating environment hook '/workspace/github/opticore-amr/ros2_ws/src/install/amr_bringup/share/amr_bringup/hook/cmake_prefix_path.sh'
[3.885s] Level 1:colcon.colcon_core.environment:checking '/workspace/github/opticore-amr/ros2_ws/src/install/amr_bringup/lib'
[3.888s] Level 1:colcon.colcon_core.environment:checking '/workspace/github/opticore-amr/ros2_ws/src/install/amr_bringup/bin'
[3.890s] Level 1:colcon.colcon_core.environment:checking '/workspace/github/opticore-amr/ros2_ws/src/install/amr_bringup/lib/pkgconfig/amr_bringup.pc'
[3.891s] Level 1:colcon.colcon_core.environment:checking '/workspace/github/opticore-amr/ros2_ws/src/install/amr_bringup/lib/python3.10/site-packages'
[3.893s] Level 1:colcon.colcon_core.environment:checking '/workspace/github/opticore-amr/ros2_ws/src/install/amr_bringup/bin'
[3.894s] INFO:colcon.colcon_core.shell:Creating package script '/workspace/github/opticore-amr/ros2_ws/src/install/amr_bringup/share/amr_bringup/package.ps1'
[3.908s] INFO:colcon.colcon_core.shell:Creating package descriptor '/workspace/github/opticore-amr/ros2_ws/src/install/amr_bringup/share/amr_bringup/package.dsv'
[3.937s] INFO:colcon.colcon_core.shell:Creating package script '/workspace/github/opticore-amr/ros2_ws/src/install/amr_bringup/share/amr_bringup/package.sh'
[3.952s] INFO:colcon.colcon_core.shell:Creating package script '/workspace/github/opticore-amr/ros2_ws/src/install/amr_bringup/share/amr_bringup/package.bash'
[3.966s] INFO:colcon.colcon_core.shell:Creating package script '/workspace/github/opticore-amr/ros2_ws/src/install/amr_bringup/share/amr_bringup/package.zsh'
[3.985s] Level 1:colcon.colcon_core.environment:create_file_with_runtime_dependencies(/workspace/github/opticore-amr/ros2_ws/src/install/amr_bringup/share/colcon-core/packages/amr_bringup)
[4.037s] Level 1:colcon.colcon_core.environment:create_environment_scripts_only(amr_slam)
[4.039s] Level 1:colcon.colcon_core.environment:checking '/workspace/github/opticore-amr/ros2_ws/src/install/amr_slam' for CMake module files
[4.056s] DEBUG:colcon.colcon_core.event_handler.log_command:Invoking command in '/workspace/github/opticore-amr/ros2_ws/src/amr_perception': PYTHONPATH=/workspace/github/opticore-amr/ros2_ws/src/build/amr_perception/prefix_override:/usr/lib/python3/dist-packages/colcon_core/task/python/colcon_distutils_commands:/workspace/github/opticore-amr/ros2_ws/src/install/amr_perception/lib/python3.10/site-packages:${PYTHONPATH} /usr/bin/python3 -W ignore:setup.py install is deprecated -W ignore:easy_install command is deprecated setup.py egg_info --egg-base ../build/amr_perception build --build-base /workspace/github/opticore-amr/ros2_ws/src/build/amr_perception/build install --record /workspace/github/opticore-amr/ros2_ws/src/build/amr_perception/install.log --single-version-externally-managed install_data
[4.057s] DEBUG:colcon.colcon_core.event_handler.log_command:Invoked command in '/workspace/github/opticore-amr/ros2_ws/src/build/amr_slam' returned '0': CMAKE_PREFIX_PATH=${CMAKE_PREFIX_PATH}:/workspace/ros2_ws/install/amr_perception:/opt/ros/humble /usr/bin/cmake --install /workspace/github/opticore-amr/ros2_ws/src/build/amr_slam
[4.062s] Level 1:colcon.colcon_core.environment:checking '/workspace/github/opticore-amr/ros2_ws/src/install/amr_slam' for CMake config files
[4.080s] Level 1:colcon.colcon_core.shell:create_environment_hook('amr_slam', 'cmake_prefix_path')
[4.081s] INFO:colcon.colcon_core.shell:Creating environment hook '/workspace/github/opticore-amr/ros2_ws/src/install/amr_slam/share/amr_slam/hook/cmake_prefix_path.ps1'
[4.096s] INFO:colcon.colcon_core.shell:Creating environment descriptor '/workspace/github/opticore-amr/ros2_ws/src/install/amr_slam/share/amr_slam/hook/cmake_prefix_path.dsv'
[4.128s] INFO:colcon.colcon_core.shell:Creating environment hook '/workspace/github/opticore-amr/ros2_ws/src/install/amr_slam/share/amr_slam/hook/cmake_prefix_path.sh'
[4.149s] Level 1:colcon.colcon_core.environment:checking '/workspace/github/opticore-amr/ros2_ws/src/install/amr_slam/bin'
[4.150s] Level 1:colcon.colcon_core.environment:checking '/workspace/github/opticore-amr/ros2_ws/src/install/amr_slam/lib/pkgconfig/amr_slam.pc'
[4.151s] Level 1:colcon.colcon_core.environment:checking '/workspace/github/opticore-amr/ros2_ws/src/install/amr_slam/lib/python3.10/site-packages'
[4.153s] Level 1:colcon.colcon_core.environment:checking '/workspace/github/opticore-amr/ros2_ws/src/install/amr_slam/bin'
[4.154s] INFO:colcon.colcon_core.shell:Creating package script '/workspace/github/opticore-amr/ros2_ws/src/install/amr_slam/share/amr_slam/package.ps1'
[4.170s] INFO:colcon.colcon_core.shell:Creating package descriptor '/workspace/github/opticore-amr/ros2_ws/src/install/amr_slam/share/amr_slam/package.dsv'
[4.185s] INFO:colcon.colcon_core.shell:Creating package script '/workspace/github/opticore-amr/ros2_ws/src/install/amr_slam/share/amr_slam/package.sh'
[4.198s] INFO:colcon.colcon_core.shell:Creating package script '/workspace/github/opticore-amr/ros2_ws/src/install/amr_slam/share/amr_slam/package.bash'
[4.231s] INFO:colcon.colcon_core.shell:Creating package script '/workspace/github/opticore-amr/ros2_ws/src/install/amr_slam/share/amr_slam/package.zsh'
[4.246s] Level 1:colcon.colcon_core.environment:create_file_with_runtime_dependencies(/workspace/github/opticore-amr/ros2_ws/src/install/amr_slam/share/colcon-core/packages/amr_slam)
[4.267s] Level 1:colcon.colcon_core.environment:create_environment_scripts_only(amr_slam)
[4.268s] Level 1:colcon.colcon_core.environment:checking '/workspace/github/opticore-amr/ros2_ws/src/install/amr_slam' for CMake module files
[4.291s] Level 1:colcon.colcon_core.environment:checking '/workspace/github/opticore-amr/ros2_ws/src/install/amr_slam' for CMake config files
[4.306s] Level 1:colcon.colcon_core.shell:create_environment_hook('amr_slam', 'cmake_prefix_path')
[4.307s] INFO:colcon.colcon_core.shell:Creating environment hook '/workspace/github/opticore-amr/ros2_ws/src/install/amr_slam/share/amr_slam/hook/cmake_prefix_path.ps1'
[4.331s] INFO:colcon.colcon_core.shell:Creating environment descriptor '/workspace/github/opticore-amr/ros2_ws/src/install/amr_slam/share/amr_slam/hook/cmake_prefix_path.dsv'
[4.346s] INFO:colcon.colcon_core.shell:Creating environment hook '/workspace/github/opticore-amr/ros2_ws/src/install/amr_slam/share/amr_slam/hook/cmake_prefix_path.sh'
[4.364s] Level 1:colcon.colcon_core.environment:checking '/workspace/github/opticore-amr/ros2_ws/src/install/amr_slam/bin'
[4.365s] Level 1:colcon.colcon_core.environment:checking '/workspace/github/opticore-amr/ros2_ws/src/install/amr_slam/lib/pkgconfig/amr_slam.pc'
[4.366s] Level 1:colcon.colcon_core.environment:checking '/workspace/github/opticore-amr/ros2_ws/src/install/amr_slam/lib/python3.10/site-packages'
[4.368s] Level 1:colcon.colcon_core.environment:checking '/workspace/github/opticore-amr/ros2_ws/src/install/amr_slam/bin'
[4.370s] INFO:colcon.colcon_core.shell:Creating package script '/workspace/github/opticore-amr/ros2_ws/src/install/amr_slam/share/amr_slam/package.ps1'
[4.388s] INFO:colcon.colcon_core.shell:Creating package descriptor '/workspace/github/opticore-amr/ros2_ws/src/install/amr_slam/share/amr_slam/package.dsv'
[4.404s] INFO:colcon.colcon_core.shell:Creating package script '/workspace/github/opticore-amr/ros2_ws/src/install/amr_slam/share/amr_slam/package.sh'
[4.433s] INFO:colcon.colcon_core.shell:Creating package script '/workspace/github/opticore-amr/ros2_ws/src/install/amr_slam/share/amr_slam/package.bash'
[4.446s] INFO:colcon.colcon_core.shell:Creating package script '/workspace/github/opticore-amr/ros2_ws/src/install/amr_slam/share/amr_slam/package.zsh'
[4.459s] Level 1:colcon.colcon_core.environment:create_file_with_runtime_dependencies(/workspace/github/opticore-amr/ros2_ws/src/install/amr_slam/share/colcon-core/packages/amr_slam)
[5.404s] Level 1:colcon.colcon_core.environment:checking '/workspace/github/opticore-amr/ros2_ws/src/install/amr_perception' for CMake module files
[5.405s] DEBUG:colcon.colcon_core.event_handler.log_command:Invoked command in '/workspace/github/opticore-amr/ros2_ws/src/amr_perception' returned '0': PYTHONPATH=/workspace/github/opticore-amr/ros2_ws/src/build/amr_perception/prefix_override:/usr/lib/python3/dist-packages/colcon_core/task/python/colcon_distutils_commands:/workspace/github/opticore-amr/ros2_ws/src/install/amr_perception/lib/python3.10/site-packages:${PYTHONPATH} /usr/bin/python3 -W ignore:setup.py install is deprecated -W ignore:easy_install command is deprecated setup.py egg_info --egg-base ../build/amr_perception build --build-base /workspace/github/opticore-amr/ros2_ws/src/build/amr_perception/build install --record /workspace/github/opticore-amr/ros2_ws/src/build/amr_perception/install.log --single-version-externally-managed install_data
[5.440s] Level 1:colcon.colcon_core.environment:checking '/workspace/github/opticore-amr/ros2_ws/src/install/amr_perception' for CMake config files
[5.489s] Level 1:colcon.colcon_core.environment:checking '/workspace/github/opticore-amr/ros2_ws/src/install/amr_perception/lib'
[5.492s] Level 1:colcon.colcon_core.environment:checking '/workspace/github/opticore-amr/ros2_ws/src/install/amr_perception/bin'
[5.493s] Level 1:colcon.colcon_core.environment:checking '/workspace/github/opticore-amr/ros2_ws/src/install/amr_perception/lib/pkgconfig/amr_perception.pc'
[5.495s] Level 1:colcon.colcon_core.environment:checking '/workspace/github/opticore-amr/ros2_ws/src/install/amr_perception/lib/python3.10/site-packages'
[5.497s] Level 1:colcon.colcon_core.shell:create_environment_hook('amr_perception', 'pythonpath')
[5.498s] INFO:colcon.colcon_core.shell:Creating environment hook '/workspace/github/opticore-amr/ros2_ws/src/install/amr_perception/share/amr_perception/hook/pythonpath.ps1'
[5.533s] INFO:colcon.colcon_core.shell:Creating environment descriptor '/workspace/github/opticore-amr/ros2_ws/src/install/amr_perception/share/amr_perception/hook/pythonpath.dsv'
[5.551s] INFO:colcon.colcon_core.shell:Creating environment hook '/workspace/github/opticore-amr/ros2_ws/src/install/amr_perception/share/amr_perception/hook/pythonpath.sh'
[5.566s] Level 1:colcon.colcon_core.environment:checking '/workspace/github/opticore-amr/ros2_ws/src/install/amr_perception/bin'
[5.567s] Level 1:colcon.colcon_core.environment:create_environment_scripts_only(amr_perception)
[5.568s] INFO:colcon.colcon_core.shell:Creating package script '/workspace/github/opticore-amr/ros2_ws/src/install/amr_perception/share/amr_perception/package.ps1'
[5.584s] INFO:colcon.colcon_core.shell:Creating package descriptor '/workspace/github/opticore-amr/ros2_ws/src/install/amr_perception/share/amr_perception/package.dsv'
[5.598s] INFO:colcon.colcon_core.shell:Creating package script '/workspace/github/opticore-amr/ros2_ws/src/install/amr_perception/share/amr_perception/package.sh'
[5.627s] INFO:colcon.colcon_core.shell:Creating package script '/workspace/github/opticore-amr/ros2_ws/src/install/amr_perception/share/amr_perception/package.bash'
[5.644s] INFO:colcon.colcon_core.shell:Creating package script '/workspace/github/opticore-amr/ros2_ws/src/install/amr_perception/share/amr_perception/package.zsh'
[5.659s] Level 1:colcon.colcon_core.environment:create_file_with_runtime_dependencies(/workspace/github/opticore-amr/ros2_ws/src/install/amr_perception/share/colcon-core/packages/amr_perception)
[5.674s] DEBUG:colcon.colcon_parallel_executor.executor.parallel:closing loop
[5.676s] DEBUG:colcon.colcon_parallel_executor.executor.parallel:loop closed
[5.677s] DEBUG:colcon.colcon_parallel_executor.executor.parallel:run_until_complete finished with '0'
[5.677s] DEBUG:colcon.colcon_core.event_reactor:joining thread
[5.696s] DEBUG:colcon.colcon_core.event_reactor:joined thread
[5.697s] INFO:colcon.colcon_core.shell:Creating prefix script '/workspace/github/opticore-amr/ros2_ws/src/install/local_setup.ps1'
[5.712s] INFO:colcon.colcon_core.shell:Creating prefix util module '/workspace/github/opticore-amr/ros2_ws/src/install/_local_setup_util_ps1.py'
[5.758s] INFO:colcon.colcon_core.shell:Creating prefix chain script '/workspace/github/opticore-amr/ros2_ws/src/install/setup.ps1'
[5.813s] INFO:colcon.colcon_core.shell:Creating prefix script '/workspace/github/opticore-amr/ros2_ws/src/install/local_setup.sh'
[5.848s] INFO:colcon.colcon_core.shell:Creating prefix util module '/workspace/github/opticore-amr/ros2_ws/src/install/_local_setup_util_sh.py'
[5.865s] INFO:colcon.colcon_core.shell:Creating prefix chain script '/workspace/github/opticore-amr/ros2_ws/src/install/setup.sh'
[5.926s] INFO:colcon.colcon_core.shell:Creating prefix script '/workspace/github/opticore-amr/ros2_ws/src/install/local_setup.bash'
[5.943s] INFO:colcon.colcon_core.shell:Creating prefix chain script '/workspace/github/opticore-amr/ros2_ws/src/install/setup.bash'
[5.992s] INFO:colcon.colcon_core.shell:Creating prefix script '/workspace/github/opticore-amr/ros2_ws/src/install/local_setup.zsh'
[6.009s] INFO:colcon.colcon_core.shell:Creating prefix chain script '/workspace/github/opticore-amr/ros2_ws/src/install/setup.zsh'
