[0.102s] Invoking command in '/ros2_ws/opticore-amr/opticore-amr/ros2_ws/build/amr_navigation': CMAKE_PREFIX_PATH=${CMAKE_PREFIX_PATH}:/ros2_ws/opticore-amr/opticore-amr/ros2_ws/install/amr_perception:/opt/ros/humble /usr/bin/cmake --build /ros2_ws/opticore-amr/opticore-amr/ros2_ws/build/amr_navigation -- -j10 -l10
[0.418s] Invoked command in '/ros2_ws/opticore-amr/opticore-amr/ros2_ws/build/amr_navigation' returned '0': CMAKE_PREFIX_PATH=${CMAKE_PREFIX_PATH}:/ros2_ws/opticore-amr/opticore-amr/ros2_ws/install/amr_perception:/opt/ros/humble /usr/bin/cmake --build /ros2_ws/opticore-amr/opticore-amr/ros2_ws/build/amr_navigation -- -j10 -l10
[0.424s] Invoking command in '/ros2_ws/opticore-amr/opticore-amr/ros2_ws/build/amr_navigation': CMAKE_PREFIX_PATH=${CMAKE_PREFIX_PATH}:/ros2_ws/opticore-amr/opticore-amr/ros2_ws/install/amr_perception:/opt/ros/humble /usr/bin/cmake --install /ros2_ws/opticore-amr/opticore-amr/ros2_ws/build/amr_navigation
[0.482s] -- Install configuration: ""
[0.483s] -- Up-to-date: /ros2_ws/opticore-amr/opticore-amr/ros2_ws/install/amr_navigation/share/ament_index/resource_index/package_run_dependencies/amr_navigation
[0.484s] -- Up-to-date: /ros2_ws/opticore-amr/opticore-amr/ros2_ws/install/amr_navigation/share/ament_index/resource_index/parent_prefix_path/amr_navigation
[0.486s] -- Up-to-date: /ros2_ws/opticore-amr/opticore-amr/ros2_ws/install/amr_navigation/share/amr_navigation/environment/ament_prefix_path.sh
[0.488s] -- Up-to-date: /ros2_ws/opticore-amr/opticore-amr/ros2_ws/install/amr_navigation/share/amr_navigation/environment/ament_prefix_path.dsv
[0.489s] -- Up-to-date: /ros2_ws/opticore-amr/opticore-amr/ros2_ws/install/amr_navigation/share/amr_navigation/environment/path.sh
[0.490s] -- Up-to-date: /ros2_ws/opticore-amr/opticore-amr/ros2_ws/install/amr_navigation/share/amr_navigation/environment/path.dsv
[0.491s] -- Up-to-date: /ros2_ws/opticore-amr/opticore-amr/ros2_ws/install/amr_navigation/share/amr_navigation/local_setup.bash
[0.492s] -- Up-to-date: /ros2_ws/opticore-amr/opticore-amr/ros2_ws/install/amr_navigation/share/amr_navigation/local_setup.sh
[0.493s] -- Up-to-date: /ros2_ws/opticore-amr/opticore-amr/ros2_ws/install/amr_navigation/share/amr_navigation/local_setup.zsh
[0.495s] -- Up-to-date: /ros2_ws/opticore-amr/opticore-amr/ros2_ws/install/amr_navigation/share/amr_navigation/local_setup.dsv
[0.495s] -- Installing: /ros2_ws/opticore-amr/opticore-amr/ros2_ws/install/amr_navigation/share/amr_navigation/package.dsv
[0.498s] -- Up-to-date: /ros2_ws/opticore-amr/opticore-amr/ros2_ws/install/amr_navigation/share/ament_index/resource_index/packages/amr_navigation
[0.498s] -- Up-to-date: /ros2_ws/opticore-amr/opticore-amr/ros2_ws/install/amr_navigation/share/amr_navigation/cmake/amr_navigationConfig.cmake
[0.498s] -- Up-to-date: /ros2_ws/opticore-amr/opticore-amr/ros2_ws/install/amr_navigation/share/amr_navigation/cmake/amr_navigationConfig-version.cmake
[0.499s] -- Up-to-date: /ros2_ws/opticore-amr/opticore-amr/ros2_ws/install/amr_navigation/share/amr_navigation/package.xml
[0.563s] Invoked command in '/ros2_ws/opticore-amr/opticore-amr/ros2_ws/build/amr_navigation' returned '0': CMAKE_PREFIX_PATH=${CMAKE_PREFIX_PATH}:/ros2_ws/opticore-amr/opticore-amr/ros2_ws/install/amr_perception:/opt/ros/humble /usr/bin/cmake --install /ros2_ws/opticore-amr/opticore-amr/ros2_ws/build/amr_navigation
