[1.265s] Invoking command in '/workspace/github/opticore-amr/ros2_ws/build/amr_fleet': CMAKE_PREFIX_PATH=${CMAKE_PREFIX_PATH}:/workspace/github/opticore-amr/ros2_ws/install/amr_perception:/workspace/ros2_ws/install/amr_perception:/opt/ros/humble /usr/bin/cmake --build /workspace/github/opticore-amr/ros2_ws/build/amr_fleet -- -j128 -l128
[2.622s] Invoked command in '/workspace/github/opticore-amr/ros2_ws/build/amr_fleet' returned '0': CMAKE_PREFIX_PATH=${CMAKE_PREFIX_PATH}:/workspace/github/opticore-amr/ros2_ws/install/amr_perception:/workspace/ros2_ws/install/amr_perception:/opt/ros/humble /usr/bin/cmake --build /workspace/github/opticore-amr/ros2_ws/build/amr_fleet -- -j128 -l128
[2.648s] Invoking command in '/workspace/github/opticore-amr/ros2_ws/build/amr_fleet': CMAKE_PREFIX_PATH=${CMAKE_PREFIX_PATH}:/workspace/github/opticore-amr/ros2_ws/install/amr_perception:/workspace/ros2_ws/install/amr_perception:/opt/ros/humble /usr/bin/cmake --install /workspace/github/opticore-amr/ros2_ws/build/amr_fleet
[2.674s] -- Install configuration: ""
[2.697s] -- Up-to-date: /workspace/github/opticore-amr/ros2_ws/install/amr_fleet/share/ament_index/resource_index/package_run_dependencies/amr_fleet
[2.697s] -- Up-to-date: /workspace/github/opticore-amr/ros2_ws/install/amr_fleet/share/ament_index/resource_index/parent_prefix_path/amr_fleet
[2.699s] -- Up-to-date: /workspace/github/opticore-amr/ros2_ws/install/amr_fleet/share/amr_fleet/environment/ament_prefix_path.sh
[2.722s] -- Up-to-date: /workspace/github/opticore-amr/ros2_ws/install/amr_fleet/share/amr_fleet/environment/ament_prefix_path.dsv
[2.726s] -- Up-to-date: /workspace/github/opticore-amr/ros2_ws/install/amr_fleet/share/amr_fleet/environment/path.sh
[2.737s] -- Up-to-date: /workspace/github/opticore-amr/ros2_ws/install/amr_fleet/share/amr_fleet/environment/path.dsv
[2.745s] -- Up-to-date: /workspace/github/opticore-amr/ros2_ws/install/amr_fleet/share/amr_fleet/local_setup.bash
[2.751s] -- Up-to-date: /workspace/github/opticore-amr/ros2_ws/install/amr_fleet/share/amr_fleet/local_setup.sh
[2.758s] -- Up-to-date: /workspace/github/opticore-amr/ros2_ws/install/amr_fleet/share/amr_fleet/local_setup.zsh
[2.764s] -- Up-to-date: /workspace/github/opticore-amr/ros2_ws/install/amr_fleet/share/amr_fleet/local_setup.dsv
[2.770s] -- Installing: /workspace/github/opticore-amr/ros2_ws/install/amr_fleet/share/amr_fleet/package.dsv
[2.829s] -- Up-to-date: /workspace/github/opticore-amr/ros2_ws/install/amr_fleet/share/ament_index/resource_index/packages/amr_fleet
[2.838s] -- Up-to-date: /workspace/github/opticore-amr/ros2_ws/install/amr_fleet/share/amr_fleet/cmake/amr_fleetConfig.cmake
[2.845s] -- Up-to-date: /workspace/github/opticore-amr/ros2_ws/install/amr_fleet/share/amr_fleet/cmake/amr_fleetConfig-version.cmake
[2.853s] -- Up-to-date: /workspace/github/opticore-amr/ros2_ws/install/amr_fleet/share/amr_fleet/package.xml
[4.098s] Invoked command in '/workspace/github/opticore-amr/ros2_ws/build/amr_fleet' returned '0': CMAKE_PREFIX_PATH=${CMAKE_PREFIX_PATH}:/workspace/github/opticore-amr/ros2_ws/install/amr_perception:/workspace/ros2_ws/install/amr_perception:/opt/ros/humble /usr/bin/cmake --install /workspace/github/opticore-amr/ros2_ws/build/amr_fleet
