[0.646s] Invoking command in '/workspace/github/opticore-amr/ros2_ws/build/amr_fleet': CMAKE_PREFIX_PATH=${CMAKE_PREFIX_PATH}:/workspace/ros2_ws/install/amr_perception:/opt/ros/humble /usr/bin/cmake --build /workspace/github/opticore-amr/ros2_ws/build/amr_fleet -- -j128 -l128
[1.527s] Invoked command in '/workspace/github/opticore-amr/ros2_ws/build/amr_fleet' returned '0': CMAKE_PREFIX_PATH=${CMAKE_PREFIX_PATH}:/workspace/ros2_ws/install/amr_perception:/opt/ros/humble /usr/bin/cmake --build /workspace/github/opticore-amr/ros2_ws/build/amr_fleet -- -j128 -l128
[1.564s] Invoking command in '/workspace/github/opticore-amr/ros2_ws/build/amr_fleet': CMAKE_PREFIX_PATH=${CMAKE_PREFIX_PATH}:/workspace/ros2_ws/install/amr_perception:/opt/ros/humble /usr/bin/cmake --install /workspace/github/opticore-amr/ros2_ws/build/amr_fleet
[1.669s] -- Install configuration: ""
[1.669s] -- Up-to-date: /workspace/github/opticore-amr/ros2_ws/install/amr_fleet/share/ament_index/resource_index/package_run_dependencies/amr_fleet
[1.669s] -- Up-to-date: /workspace/github/opticore-amr/ros2_ws/install/amr_fleet/share/ament_index/resource_index/parent_prefix_path/amr_fleet
[1.670s] -- Up-to-date: /workspace/github/opticore-amr/ros2_ws/install/amr_fleet/share/amr_fleet/environment/ament_prefix_path.sh
[1.670s] -- Up-to-date: /workspace/github/opticore-amr/ros2_ws/install/amr_fleet/share/amr_fleet/environment/ament_prefix_path.dsv
[1.671s] -- Up-to-date: /workspace/github/opticore-amr/ros2_ws/install/amr_fleet/share/amr_fleet/environment/path.sh
[1.671s] -- Up-to-date: /workspace/github/opticore-amr/ros2_ws/install/amr_fleet/share/amr_fleet/environment/path.dsv
[1.672s] -- Up-to-date: /workspace/github/opticore-amr/ros2_ws/install/amr_fleet/share/amr_fleet/local_setup.bash
[1.676s] -- Up-to-date: /workspace/github/opticore-amr/ros2_ws/install/amr_fleet/share/amr_fleet/local_setup.sh
[1.676s] -- Up-to-date: /workspace/github/opticore-amr/ros2_ws/install/amr_fleet/share/amr_fleet/local_setup.zsh
[1.677s] -- Up-to-date: /workspace/github/opticore-amr/ros2_ws/install/amr_fleet/share/amr_fleet/local_setup.dsv
[1.694s] -- Installing: /workspace/github/opticore-amr/ros2_ws/install/amr_fleet/share/amr_fleet/package.dsv
[1.744s] -- Up-to-date: /workspace/github/opticore-amr/ros2_ws/install/amr_fleet/share/ament_index/resource_index/packages/amr_fleet
[1.793s] -- Up-to-date: /workspace/github/opticore-amr/ros2_ws/install/amr_fleet/share/amr_fleet/cmake/amr_fleetConfig.cmake
[1.794s] -- Up-to-date: /workspace/github/opticore-amr/ros2_ws/install/amr_fleet/share/amr_fleet/cmake/amr_fleetConfig-version.cmake
[1.794s] -- Up-to-date: /workspace/github/opticore-amr/ros2_ws/install/amr_fleet/share/amr_fleet/package.xml
[1.807s] Invoked command in '/workspace/github/opticore-amr/ros2_ws/build/amr_fleet' returned '0': CMAKE_PREFIX_PATH=${CMAKE_PREFIX_PATH}:/workspace/ros2_ws/install/amr_perception:/opt/ros/humble /usr/bin/cmake --install /workspace/github/opticore-amr/ros2_ws/build/amr_fleet
