[0.752s] Invoking command in '/workspace/github/opticore-amr/ros2_ws/build/amr_fleet': CMAKE_PREFIX_PATH=${CMAKE_PREFIX_PATH}:/workspace/ros2_ws/install/amr_perception:/opt/ros/humble /usr/bin/cmake --build /workspace/github/opticore-amr/ros2_ws/build/amr_fleet -- -j128 -l128
[1.760s] Invoked command in '/workspace/github/opticore-amr/ros2_ws/build/amr_fleet' returned '0': CMAKE_PREFIX_PATH=${CMAKE_PREFIX_PATH}:/workspace/ros2_ws/install/amr_perception:/opt/ros/humble /usr/bin/cmake --build /workspace/github/opticore-amr/ros2_ws/build/amr_fleet -- -j128 -l128
[1.784s] Invoking command in '/workspace/github/opticore-amr/ros2_ws/build/amr_fleet': CMAKE_PREFIX_PATH=${CMAKE_PREFIX_PATH}:/workspace/ros2_ws/install/amr_perception:/opt/ros/humble /usr/bin/cmake --install /workspace/github/opticore-amr/ros2_ws/build/amr_fleet
[1.837s] -- Install configuration: ""
[1.838s] -- Up-to-date: /workspace/github/opticore-amr/ros2_ws/install/amr_fleet/share/ament_index/resource_index/package_run_dependencies/amr_fleet
[1.844s] -- Up-to-date: /workspace/github/opticore-amr/ros2_ws/install/amr_fleet/share/ament_index/resource_index/parent_prefix_path/amr_fleet
[1.850s] -- Up-to-date: /workspace/github/opticore-amr/ros2_ws/install/amr_fleet/share/amr_fleet/environment/ament_prefix_path.sh
[1.873s] -- Up-to-date: /workspace/github/opticore-amr/ros2_ws/install/amr_fleet/share/amr_fleet/environment/ament_prefix_path.dsv
[1.877s] -- Up-to-date: /workspace/github/opticore-amr/ros2_ws/install/amr_fleet/share/amr_fleet/environment/path.sh
[1.899s] -- Up-to-date: /workspace/github/opticore-amr/ros2_ws/install/amr_fleet/share/amr_fleet/environment/path.dsv
[1.899s] -- Up-to-date: /workspace/github/opticore-amr/ros2_ws/install/amr_fleet/share/amr_fleet/local_setup.bash
[1.900s] -- Up-to-date: /workspace/github/opticore-amr/ros2_ws/install/amr_fleet/share/amr_fleet/local_setup.sh
[1.904s] -- Up-to-date: /workspace/github/opticore-amr/ros2_ws/install/amr_fleet/share/amr_fleet/local_setup.zsh
[1.911s] -- Up-to-date: /workspace/github/opticore-amr/ros2_ws/install/amr_fleet/share/amr_fleet/local_setup.dsv
[1.936s] -- Installing: /workspace/github/opticore-amr/ros2_ws/install/amr_fleet/share/amr_fleet/package.dsv
[1.975s] -- Up-to-date: /workspace/github/opticore-amr/ros2_ws/install/amr_fleet/share/ament_index/resource_index/packages/amr_fleet
[1.983s] -- Up-to-date: /workspace/github/opticore-amr/ros2_ws/install/amr_fleet/share/amr_fleet/cmake/amr_fleetConfig.cmake
[1.991s] -- Up-to-date: /workspace/github/opticore-amr/ros2_ws/install/amr_fleet/share/amr_fleet/cmake/amr_fleetConfig-version.cmake
[2.037s] -- Up-to-date: /workspace/github/opticore-amr/ros2_ws/install/amr_fleet/share/amr_fleet/package.xml
[2.581s] Invoked command in '/workspace/github/opticore-amr/ros2_ws/build/amr_fleet' returned '0': CMAKE_PREFIX_PATH=${CMAKE_PREFIX_PATH}:/workspace/ros2_ws/install/amr_perception:/opt/ros/humble /usr/bin/cmake --install /workspace/github/opticore-amr/ros2_ws/build/amr_fleet
