[0.122s] Invoking command in '/ros2_ws/opticore-amr/opticore-amr/ros2_ws/build/amr_bringup': CMAKE_PREFIX_PATH=${CMAKE_PREFIX_PATH}:/ros2_ws/opticore-amr/opticore-amr/ros2_ws/install/amr_perception:/opt/ros/humble /usr/bin/cmake --build /ros2_ws/opticore-amr/opticore-amr/ros2_ws/build/amr_bringup -- -j10 -l10
[0.483s] Invoked command in '/ros2_ws/opticore-amr/opticore-amr/ros2_ws/build/amr_bringup' returned '0': CMAKE_PREFIX_PATH=${CMAKE_PREFIX_PATH}:/ros2_ws/opticore-amr/opticore-amr/ros2_ws/install/amr_perception:/opt/ros/humble /usr/bin/cmake --build /ros2_ws/opticore-amr/opticore-amr/ros2_ws/build/amr_bringup -- -j10 -l10
[0.488s] Invoking command in '/ros2_ws/opticore-amr/opticore-amr/ros2_ws/build/amr_bringup': CMAKE_PREFIX_PATH=${CMAKE_PREFIX_PATH}:/ros2_ws/opticore-amr/opticore-amr/ros2_ws/install/amr_perception:/opt/ros/humble /usr/bin/cmake --install /ros2_ws/opticore-amr/opticore-amr/ros2_ws/build/amr_bringup
[0.566s] -- Install configuration: ""
[0.585s] -- Up-to-date: /ros2_ws/opticore-amr/opticore-amr/ros2_ws/install/amr_bringup/share/amr_bringup//urdf
[0.585s] -- Up-to-date: /ros2_ws/opticore-amr/opticore-amr/ros2_ws/install/amr_bringup/share/amr_bringup//urdf/amr_robot.urdf.xacro
[0.586s] -- Up-to-date: /ros2_ws/opticore-amr/opticore-amr/ros2_ws/install/amr_bringup/share/amr_bringup//worlds
[0.587s] -- Up-to-date: /ros2_ws/opticore-amr/opticore-amr/ros2_ws/install/amr_bringup/share/amr_bringup//worlds/warehouse.world
[0.587s] -- Up-to-date: /ros2_ws/opticore-amr/opticore-amr/ros2_ws/install/amr_bringup/share/amr_bringup//launch
[0.587s] -- Installing: /ros2_ws/opticore-amr/opticore-amr/ros2_ws/install/amr_bringup/share/amr_bringup//launch/warehouse.launch.py
[0.588s] -- Up-to-date: /ros2_ws/opticore-amr/opticore-amr/ros2_ws/install/amr_bringup/share/amr_bringup//config
[0.588s] -- Up-to-date: /ros2_ws/opticore-amr/opticore-amr/ros2_ws/install/amr_bringup/share/amr_bringup//config/install
[0.588s] -- Up-to-date: /ros2_ws/opticore-amr/opticore-amr/ros2_ws/install/amr_bringup/share/amr_bringup//config/install/setup.sh
[0.589s] -- Up-to-date: /ros2_ws/opticore-amr/opticore-amr/ros2_ws/install/amr_bringup/share/amr_bringup//config/install/setup.ps1
[0.589s] -- Up-to-date: /ros2_ws/opticore-amr/opticore-amr/ros2_ws/install/amr_bringup/share/amr_bringup//config/install/setup.zsh
[0.589s] -- Up-to-date: /ros2_ws/opticore-amr/opticore-amr/ros2_ws/install/amr_bringup/share/amr_bringup//config/install/COLCON_IGNORE
[0.589s] -- Up-to-date: /ros2_ws/opticore-amr/opticore-amr/ros2_ws/install/amr_bringup/share/amr_bringup//config/install/local_setup.sh
[0.590s] -- Up-to-date: /ros2_ws/opticore-amr/opticore-amr/ros2_ws/install/amr_bringup/share/amr_bringup//config/install/local_setup.ps1
[0.590s] -- Up-to-date: /ros2_ws/opticore-amr/opticore-amr/ros2_ws/install/amr_bringup/share/amr_bringup//config/install/local_setup.zsh
[0.590s] -- Up-to-date: /ros2_ws/opticore-amr/opticore-amr/ros2_ws/install/amr_bringup/share/amr_bringup//config/install/_local_setup_util_sh.py
[0.591s] -- Up-to-date: /ros2_ws/opticore-amr/opticore-amr/ros2_ws/install/amr_bringup/share/amr_bringup//config/install/setup.bash
[0.591s] -- Up-to-date: /ros2_ws/opticore-amr/opticore-amr/ros2_ws/install/amr_bringup/share/amr_bringup//config/install/.colcon_install_layout
[0.592s] -- Up-to-date: /ros2_ws/opticore-amr/opticore-amr/ros2_ws/install/amr_bringup/share/amr_bringup//config/install/local_setup.bash
[0.593s] -- Up-to-date: /ros2_ws/opticore-amr/opticore-amr/ros2_ws/install/amr_bringup/share/amr_bringup//config/install/_local_setup_util_ps1.py
[0.593s] -- Up-to-date: /ros2_ws/opticore-amr/opticore-amr/ros2_ws/install/amr_bringup/share/amr_bringup//config/log
[0.594s] -- Up-to-date: /ros2_ws/opticore-amr/opticore-amr/ros2_ws/install/amr_bringup/share/amr_bringup//config/log/build_2026-04-29_07-42-02
[0.594s] -- Up-to-date: /ros2_ws/opticore-amr/opticore-amr/ros2_ws/install/amr_bringup/share/amr_bringup//config/log/build_2026-04-29_07-42-02/logger_all.log
[0.594s] -- Up-to-date: /ros2_ws/opticore-amr/opticore-amr/ros2_ws/install/amr_bringup/share/amr_bringup//config/log/build_2026-04-29_07-42-02/events.log
[0.594s] -- Up-to-date: /ros2_ws/opticore-amr/opticore-amr/ros2_ws/install/amr_bringup/share/amr_bringup//config/log/COLCON_IGNORE
[0.594s] -- Up-to-date: /ros2_ws/opticore-amr/opticore-amr/ros2_ws/install/amr_bringup/share/amr_bringup//config/log/latest_build
[0.595s] -- Up-to-date: /ros2_ws/opticore-amr/opticore-amr/ros2_ws/install/amr_bringup/share/amr_bringup//config/log/latest
[0.595s] -- Up-to-date: /ros2_ws/opticore-amr/opticore-amr/ros2_ws/install/amr_bringup/share/amr_bringup//config/log/build_2026-04-29_07-39-30
[0.595s] -- Up-to-date: /ros2_ws/opticore-amr/opticore-amr/ros2_ws/install/amr_bringup/share/amr_bringup//config/log/build_2026-04-29_07-39-30/logger_all.log
[0.595s] -- Up-to-date: /ros2_ws/opticore-amr/opticore-amr/ros2_ws/install/amr_bringup/share/amr_bringup//config/log/build_2026-04-29_07-39-30/events.log
[0.595s] -- Up-to-date: /ros2_ws/opticore-amr/opticore-amr/ros2_ws/install/amr_bringup/lib/amr_bringup/dynamic_obstacle_mover.py
[0.596s] -- Up-to-date: /ros2_ws/opticore-amr/opticore-amr/ros2_ws/install/amr_bringup/share/ament_index/resource_index/package_run_dependencies/amr_bringup
[0.596s] -- Up-to-date: /ros2_ws/opticore-amr/opticore-amr/ros2_ws/install/amr_bringup/share/ament_index/resource_index/parent_prefix_path/amr_bringup
[0.596s] -- Up-to-date: /ros2_ws/opticore-amr/opticore-amr/ros2_ws/install/amr_bringup/share/amr_bringup/environment/ament_prefix_path.sh
[0.597s] -- Up-to-date: /ros2_ws/opticore-amr/opticore-amr/ros2_ws/install/amr_bringup/share/amr_bringup/environment/ament_prefix_path.dsv
[0.597s] -- Up-to-date: /ros2_ws/opticore-amr/opticore-amr/ros2_ws/install/amr_bringup/share/amr_bringup/environment/path.sh
[0.597s] -- Up-to-date: /ros2_ws/opticore-amr/opticore-amr/ros2_ws/install/amr_bringup/share/amr_bringup/environment/path.dsv
[0.598s] -- Up-to-date: /ros2_ws/opticore-amr/opticore-amr/ros2_ws/install/amr_bringup/share/amr_bringup/local_setup.bash
[0.598s] -- Up-to-date: /ros2_ws/opticore-amr/opticore-amr/ros2_ws/install/amr_bringup/share/amr_bringup/local_setup.sh
[0.598s] -- Up-to-date: /ros2_ws/opticore-amr/opticore-amr/ros2_ws/install/amr_bringup/share/amr_bringup/local_setup.zsh
[0.598s] -- Up-to-date: /ros2_ws/opticore-amr/opticore-amr/ros2_ws/install/amr_bringup/share/amr_bringup/local_setup.dsv
[0.599s] -- Installing: /ros2_ws/opticore-amr/opticore-amr/ros2_ws/install/amr_bringup/share/amr_bringup/package.dsv
[0.599s] -- Up-to-date: /ros2_ws/opticore-amr/opticore-amr/ros2_ws/install/amr_bringup/share/ament_index/resource_index/packages/amr_bringup
[0.599s] -- Up-to-date: /ros2_ws/opticore-amr/opticore-amr/ros2_ws/install/amr_bringup/share/amr_bringup/cmake/amr_bringupConfig.cmake
[0.600s] -- Up-to-date: /ros2_ws/opticore-amr/opticore-amr/ros2_ws/install/amr_bringup/share/amr_bringup/cmake/amr_bringupConfig-version.cmake
[0.600s] -- Up-to-date: /ros2_ws/opticore-amr/opticore-amr/ros2_ws/install/amr_bringup/share/amr_bringup/package.xml
[0.646s] Invoked command in '/ros2_ws/opticore-amr/opticore-amr/ros2_ws/build/amr_bringup' returned '0': CMAKE_PREFIX_PATH=${CMAKE_PREFIX_PATH}:/ros2_ws/opticore-amr/opticore-amr/ros2_ws/install/amr_perception:/opt/ros/humble /usr/bin/cmake --install /ros2_ws/opticore-amr/opticore-amr/ros2_ws/build/amr_bringup
