[0.153s] DEBUG:colcon:Command line arguments: ['/usr/bin/colcon', 'build']
[0.153s] DEBUG:colcon:Parsed command line arguments: Namespace(log_base=None, log_level=None, verb_name='build', build_base='build', install_base='install', merge_install=False, symlink_install=False, test_result_base=None, continue_on_error=False, executor='parallel', parallel_workers=112, event_handlers=None, ignore_user_meta=False, metas=['./colcon.meta'], base_paths=['.'], packages_ignore=None, packages_ignore_regex=None, paths=None, packages_up_to=None, packages_up_to_regex=None, packages_above=None, packages_above_and_dependencies=None, packages_above_depth=None, packages_select_by_dep=None, packages_skip_by_dep=None, packages_skip_up_to=None, packages_select_build_failed=False, packages_skip_build_finished=False, packages_select_test_failures=False, packages_skip_test_passed=False, packages_select=None, packages_skip=None, packages_select_regex=None, packages_skip_regex=None, packages_start=None, packages_end=None, allow_overriding=[], cmake_args=None, cmake_target=None, cmake_target_skip_unavailable=False, cmake_clean_cache=False, cmake_clean_first=False, cmake_force_configure=False, ament_cmake_args=None, catkin_cmake_args=None, catkin_skip_building_tests=False, verb_parser=<colcon_defaults.argument_parser.defaults.DefaultArgumentsDecorator object at 0x7c4b772f7ca0>, verb_extension=<colcon_core.verb.build.BuildVerb object at 0x7c4b7747d840>, main=<bound method BuildVerb.main of <colcon_core.verb.build.BuildVerb object at 0x7c4b7747d840>>)
[0.221s] Level 1:colcon.colcon_core.package_discovery:discover_packages(colcon_meta) check parameters
[0.232s] Level 1:colcon.colcon_core.package_discovery:discover_packages(recursive) check parameters
[0.233s] Level 1:colcon.colcon_core.package_discovery:discover_packages(ignore) check parameters
[0.234s] Level 1:colcon.colcon_core.package_discovery:discover_packages(path) check parameters
[0.234s] Level 1:colcon.colcon_core.package_discovery:discover_packages(colcon_meta) discover
[0.235s] Level 1:colcon.colcon_core.package_discovery:discover_packages(recursive) discover
[0.236s] INFO:colcon.colcon_core.package_discovery:Crawling recursively for packages in '/workspace/github/opticore-amr/ros2_ws/src'
[0.238s] Level 1:colcon.colcon_core.package_identification:_identify(.) by extensions ['ignore', 'ignore_ament_install']
[0.239s] Level 1:colcon.colcon_core.package_identification:_identify(.) by extension 'ignore'
[0.240s] Level 1:colcon.colcon_core.package_identification:_identify(.) by extension 'ignore_ament_install'
[0.242s] Level 1:colcon.colcon_core.package_identification:_identify(.) by extensions ['colcon_pkg']
[0.243s] Level 1:colcon.colcon_core.package_identification:_identify(.) by extension 'colcon_pkg'
[0.244s] Level 1:colcon.colcon_core.package_identification:_identify(.) by extensions ['colcon_meta']
[0.244s] Level 1:colcon.colcon_core.package_identification:_identify(.) by extension 'colcon_meta'
[0.247s] Level 1:colcon.colcon_core.package_identification:_identify(.) by extensions ['ros']
[0.248s] Level 1:colcon.colcon_core.package_identification:_identify(.) by extension 'ros'
[0.278s] Level 1:colcon.colcon_core.package_identification:_identify(.) by extensions ['cmake', 'python']
[0.279s] Level 1:colcon.colcon_core.package_identification:_identify(.) by extension 'cmake'
[0.280s] Level 1:colcon.colcon_core.package_identification:_identify(.) by extension 'python'
[0.281s] Level 1:colcon.colcon_core.package_identification:_identify(.) by extensions ['python_setup_py']
[0.282s] Level 1:colcon.colcon_core.package_identification:_identify(.) by extension 'python_setup_py'
[0.286s] Level 1:colcon.colcon_core.package_identification:_identify(amr_bringup) by extensions ['ignore', 'ignore_ament_install']
[0.286s] Level 1:colcon.colcon_core.package_identification:_identify(amr_bringup) by extension 'ignore'
[0.288s] Level 1:colcon.colcon_core.package_identification:_identify(amr_bringup) by extension 'ignore_ament_install'
[0.289s] Level 1:colcon.colcon_core.package_identification:_identify(amr_bringup) by extensions ['colcon_pkg']
[0.291s] Level 1:colcon.colcon_core.package_identification:_identify(amr_bringup) by extension 'colcon_pkg'
[0.292s] Level 1:colcon.colcon_core.package_identification:_identify(amr_bringup) by extensions ['colcon_meta']
[0.292s] Level 1:colcon.colcon_core.package_identification:_identify(amr_bringup) by extension 'colcon_meta'
[0.293s] Level 1:colcon.colcon_core.package_identification:_identify(amr_bringup) by extensions ['ros']
[0.294s] Level 1:colcon.colcon_core.package_identification:_identify(amr_bringup) by extension 'ros'
[0.305s] DEBUG:colcon.colcon_core.package_identification:Package 'amr_bringup' with type 'ros.ament_cmake' and name 'amr_bringup'
[0.308s] Level 1:colcon.colcon_core.package_identification:_identify(amr_description) by extensions ['ignore', 'ignore_ament_install']
[0.308s] Level 1:colcon.colcon_core.package_identification:_identify(amr_description) by extension 'ignore'
[0.309s] Level 1:colcon.colcon_core.package_identification:_identify(amr_description) by extension 'ignore_ament_install'
[0.311s] Level 1:colcon.colcon_core.package_identification:_identify(amr_description) by extensions ['colcon_pkg']
[0.312s] Level 1:colcon.colcon_core.package_identification:_identify(amr_description) by extension 'colcon_pkg'
[0.313s] Level 1:colcon.colcon_core.package_identification:_identify(amr_description) by extensions ['colcon_meta']
[0.313s] Level 1:colcon.colcon_core.package_identification:_identify(amr_description) by extension 'colcon_meta'
[0.314s] Level 1:colcon.colcon_core.package_identification:_identify(amr_description) by extensions ['ros']
[0.314s] Level 1:colcon.colcon_core.package_identification:_identify(amr_description) by extension 'ros'
[0.334s] Level 1:colcon.colcon_core.package_identification:_identify(amr_description) by extensions ['cmake', 'python']
[0.335s] Level 1:colcon.colcon_core.package_identification:_identify(amr_description) by extension 'cmake'
[0.338s] Level 1:colcon.colcon_core.package_identification:_identify(amr_description) by extension 'python'
[0.339s] Level 1:colcon.colcon_core.package_identification:_identify(amr_description) by extensions ['python_setup_py']
[0.339s] Level 1:colcon.colcon_core.package_identification:_identify(amr_description) by extension 'python_setup_py'
[0.343s] Level 1:colcon.colcon_core.package_identification:_identify(amr_fleet) by extensions ['ignore', 'ignore_ament_install']
[0.344s] Level 1:colcon.colcon_core.package_identification:_identify(amr_fleet) by extension 'ignore'
[0.346s] Level 1:colcon.colcon_core.package_identification:_identify(amr_fleet) by extension 'ignore_ament_install'
[0.348s] Level 1:colcon.colcon_core.package_identification:_identify(amr_fleet) by extensions ['colcon_pkg']
[0.349s] Level 1:colcon.colcon_core.package_identification:_identify(amr_fleet) by extension 'colcon_pkg'
[0.350s] Level 1:colcon.colcon_core.package_identification:_identify(amr_fleet) by extensions ['colcon_meta']
[0.350s] Level 1:colcon.colcon_core.package_identification:_identify(amr_fleet) by extension 'colcon_meta'
[0.352s] Level 1:colcon.colcon_core.package_identification:_identify(amr_fleet) by extensions ['ros']
[0.353s] Level 1:colcon.colcon_core.package_identification:_identify(amr_fleet) by extension 'ros'
[0.365s] DEBUG:colcon.colcon_core.package_identification:Package 'amr_fleet' with type 'ros.ament_cmake' and name 'amr_fleet'
[0.368s] Level 1:colcon.colcon_core.package_identification:_identify(amr_gazebo) by extensions ['ignore', 'ignore_ament_install']
[0.369s] Level 1:colcon.colcon_core.package_identification:_identify(amr_gazebo) by extension 'ignore'
[0.371s] Level 1:colcon.colcon_core.package_identification:_identify(amr_gazebo) by extension 'ignore_ament_install'
[0.373s] Level 1:colcon.colcon_core.package_identification:_identify(amr_gazebo) by extensions ['colcon_pkg']
[0.373s] Level 1:colcon.colcon_core.package_identification:_identify(amr_gazebo) by extension 'colcon_pkg'
[0.374s] Level 1:colcon.colcon_core.package_identification:_identify(amr_gazebo) by extensions ['colcon_meta']
[0.375s] Level 1:colcon.colcon_core.package_identification:_identify(amr_gazebo) by extension 'colcon_meta'
[0.377s] Level 1:colcon.colcon_core.package_identification:_identify(amr_gazebo) by extensions ['ros']
[0.378s] Level 1:colcon.colcon_core.package_identification:_identify(amr_gazebo) by extension 'ros'
[0.382s] Level 1:colcon.colcon_core.package_identification:_identify(amr_gazebo) by extensions ['cmake', 'python']
[0.383s] Level 1:colcon.colcon_core.package_identification:_identify(amr_gazebo) by extension 'cmake'
[0.384s] Level 1:colcon.colcon_core.package_identification:_identify(amr_gazebo) by extension 'python'
[0.385s] Level 1:colcon.colcon_core.package_identification:_identify(amr_gazebo) by extensions ['python_setup_py']
[0.385s] Level 1:colcon.colcon_core.package_identification:_identify(amr_gazebo) by extension 'python_setup_py'
[0.389s] Level 1:colcon.colcon_core.package_identification:_identify(amr_msgs) by extensions ['ignore', 'ignore_ament_install']
[0.389s] Level 1:colcon.colcon_core.package_identification:_identify(amr_msgs) by extension 'ignore'
[0.390s] Level 1:colcon.colcon_core.package_identification:_identify(amr_msgs) by extension 'ignore_ament_install'
[0.392s] Level 1:colcon.colcon_core.package_identification:_identify(amr_msgs) by extensions ['colcon_pkg']
[0.393s] Level 1:colcon.colcon_core.package_identification:_identify(amr_msgs) by extension 'colcon_pkg'
[0.394s] Level 1:colcon.colcon_core.package_identification:_identify(amr_msgs) by extensions ['colcon_meta']
[0.395s] Level 1:colcon.colcon_core.package_identification:_identify(amr_msgs) by extension 'colcon_meta'
[0.396s] Level 1:colcon.colcon_core.package_identification:_identify(amr_msgs) by extensions ['ros']
[0.396s] Level 1:colcon.colcon_core.package_identification:_identify(amr_msgs) by extension 'ros'
[0.399s] Level 1:colcon.colcon_core.package_identification:_identify(amr_msgs) by extensions ['cmake', 'python']
[0.400s] Level 1:colcon.colcon_core.package_identification:_identify(amr_msgs) by extension 'cmake'
[0.401s] Level 1:colcon.colcon_core.package_identification:_identify(amr_msgs) by extension 'python'
[0.403s] Level 1:colcon.colcon_core.package_identification:_identify(amr_msgs) by extensions ['python_setup_py']
[0.405s] Level 1:colcon.colcon_core.package_identification:_identify(amr_msgs) by extension 'python_setup_py'
[0.409s] Level 1:colcon.colcon_core.package_identification:_identify(amr_navigation) by extensions ['ignore', 'ignore_ament_install']
[0.409s] Level 1:colcon.colcon_core.package_identification:_identify(amr_navigation) by extension 'ignore'
[0.410s] Level 1:colcon.colcon_core.package_identification:_identify(amr_navigation) by extension 'ignore_ament_install'
[0.412s] Level 1:colcon.colcon_core.package_identification:_identify(amr_navigation) by extensions ['colcon_pkg']
[0.413s] Level 1:colcon.colcon_core.package_identification:_identify(amr_navigation) by extension 'colcon_pkg'
[0.414s] Level 1:colcon.colcon_core.package_identification:_identify(amr_navigation) by extensions ['colcon_meta']
[0.414s] Level 1:colcon.colcon_core.package_identification:_identify(amr_navigation) by extension 'colcon_meta'
[0.431s] Level 1:colcon.colcon_core.package_identification:_identify(amr_navigation) by extensions ['ros']
[0.433s] Level 1:colcon.colcon_core.package_identification:_identify(amr_navigation) by extension 'ros'
[0.446s] DEBUG:colcon.colcon_core.package_identification:Package 'amr_navigation' with type 'ros.ament_cmake' and name 'amr_navigation'
[0.448s] Level 1:colcon.colcon_core.package_identification:_identify(amr_perception) by extensions ['ignore', 'ignore_ament_install']
[0.449s] Level 1:colcon.colcon_core.package_identification:_identify(amr_perception) by extension 'ignore'
[0.450s] Level 1:colcon.colcon_core.package_identification:_identify(amr_perception) by extension 'ignore_ament_install'
[0.453s] Level 1:colcon.colcon_core.package_identification:_identify(amr_perception) by extensions ['colcon_pkg']
[0.454s] Level 1:colcon.colcon_core.package_identification:_identify(amr_perception) by extension 'colcon_pkg'
[0.456s] Level 1:colcon.colcon_core.package_identification:_identify(amr_perception) by extensions ['colcon_meta']
[0.457s] Level 1:colcon.colcon_core.package_identification:_identify(amr_perception) by extension 'colcon_meta'
[0.458s] Level 1:colcon.colcon_core.package_identification:_identify(amr_perception) by extensions ['ros']
[0.459s] Level 1:colcon.colcon_core.package_identification:_identify(amr_perception) by extension 'ros'
[0.472s] DEBUG:colcon.colcon_core.package_identification:Package 'amr_perception' with type 'ros.ament_python' and name 'amr_perception'
[0.475s] Level 1:colcon.colcon_core.package_identification:_identify(amr_slam) by extensions ['ignore', 'ignore_ament_install']
[0.475s] Level 1:colcon.colcon_core.package_identification:_identify(amr_slam) by extension 'ignore'
[0.476s] Level 1:colcon.colcon_core.package_identification:_identify(amr_slam) by extension 'ignore_ament_install'
[0.478s] Level 1:colcon.colcon_core.package_identification:_identify(amr_slam) by extensions ['colcon_pkg']
[0.479s] Level 1:colcon.colcon_core.package_identification:_identify(amr_slam) by extension 'colcon_pkg'
[0.480s] Level 1:colcon.colcon_core.package_identification:_identify(amr_slam) by extensions ['colcon_meta']
[0.481s] Level 1:colcon.colcon_core.package_identification:_identify(amr_slam) by extension 'colcon_meta'
[0.482s] Level 1:colcon.colcon_core.package_identification:_identify(amr_slam) by extensions ['ros']
[0.483s] Level 1:colcon.colcon_core.package_identification:_identify(amr_slam) by extension 'ros'
[0.496s] DEBUG:colcon.colcon_core.package_identification:Package 'amr_slam' with type 'ros.ament_cmake' and name 'amr_slam'
[0.498s] Level 1:colcon.colcon_core.package_identification:_identify(build) by extensions ['ignore', 'ignore_ament_install']
[0.500s] Level 1:colcon.colcon_core.package_identification:_identify(build) by extension 'ignore'
[0.501s] Level 1:colcon.colcon_core.package_identification:_identify(build) ignored
[0.503s] Level 1:colcon.colcon_core.package_identification:_identify(install) by extensions ['ignore', 'ignore_ament_install']
[0.504s] Level 1:colcon.colcon_core.package_identification:_identify(install) by extension 'ignore'
[0.505s] Level 1:colcon.colcon_core.package_identification:_identify(install) ignored
[0.507s] Level 1:colcon.colcon_core.package_identification:_identify(log) by extensions ['ignore', 'ignore_ament_install']
[0.508s] Level 1:colcon.colcon_core.package_identification:_identify(log) by extension 'ignore'
[0.509s] Level 1:colcon.colcon_core.package_identification:_identify(log) ignored
[0.510s] Level 1:colcon.colcon_core.package_discovery:discover_packages(recursive) using defaults
[0.510s] Level 1:colcon.colcon_core.package_discovery:discover_packages(ignore) discover
[0.511s] Level 1:colcon.colcon_core.package_discovery:discover_packages(ignore) using defaults
[0.511s] Level 1:colcon.colcon_core.package_discovery:discover_packages(path) discover
[0.512s] Level 1:colcon.colcon_core.package_discovery:discover_packages(path) using defaults
[0.567s] Level 1:colcon.colcon_core.package_discovery:discover_packages(prefix_path) check parameters
[0.568s] Level 1:colcon.colcon_core.package_discovery:discover_packages(prefix_path) discover
[0.656s] DEBUG:colcon.colcon_installed_package_information.package_discovery:Found 5 installed packages in /workspace/ros2_ws/install
[0.661s] DEBUG:colcon.colcon_installed_package_information.package_discovery:Found 337 installed packages in /opt/ros/humble
[0.665s] Level 1:colcon.colcon_core.package_discovery:discover_packages(prefix_path) using defaults
[0.835s] Level 5:colcon.colcon_core.verb:set package 'amr_bringup' build argument 'cmake_args' from command line to 'None'
[0.835s] Level 5:colcon.colcon_core.verb:set package 'amr_bringup' build argument 'cmake_target' from command line to 'None'
[0.836s] Level 5:colcon.colcon_core.verb:set package 'amr_bringup' build argument 'cmake_target_skip_unavailable' from command line to 'False'
[0.837s] Level 5:colcon.colcon_core.verb:set package 'amr_bringup' build argument 'cmake_clean_cache' from command line to 'False'
[0.838s] Level 5:colcon.colcon_core.verb:set package 'amr_bringup' build argument 'cmake_clean_first' from command line to 'False'
[0.838s] Level 5:colcon.colcon_core.verb:set package 'amr_bringup' build argument 'cmake_force_configure' from command line to 'False'
[0.839s] Level 5:colcon.colcon_core.verb:set package 'amr_bringup' build argument 'ament_cmake_args' from command line to 'None'
[0.839s] Level 5:colcon.colcon_core.verb:set package 'amr_bringup' build argument 'catkin_cmake_args' from command line to 'None'
[0.840s] Level 5:colcon.colcon_core.verb:set package 'amr_bringup' build argument 'catkin_skip_building_tests' from command line to 'False'
[0.841s] DEBUG:colcon.colcon_core.verb:Building package 'amr_bringup' with the following arguments: {'ament_cmake_args': None, 'build_base': '/workspace/github/opticore-amr/ros2_ws/src/build/amr_bringup', 'catkin_cmake_args': None, 'catkin_skip_building_tests': False, 'cmake_args': None, 'cmake_clean_cache': False, 'cmake_clean_first': False, 'cmake_force_configure': False, 'cmake_target': None, 'cmake_target_skip_unavailable': False, 'install_base': '/workspace/github/opticore-amr/ros2_ws/src/install/amr_bringup', 'merge_install': False, 'path': '/workspace/github/opticore-amr/ros2_ws/src/amr_bringup', 'symlink_install': False, 'test_result_base': None}
[0.842s] Level 5:colcon.colcon_core.verb:set package 'amr_fleet' build argument 'cmake_args' from command line to 'None'
[0.843s] Level 5:colcon.colcon_core.verb:set package 'amr_fleet' build argument 'cmake_target' from command line to 'None'
[0.843s] Level 5:colcon.colcon_core.verb:set package 'amr_fleet' build argument 'cmake_target_skip_unavailable' from command line to 'False'
[0.845s] Level 5:colcon.colcon_core.verb:set package 'amr_fleet' build argument 'cmake_clean_cache' from command line to 'False'
[0.846s] Level 5:colcon.colcon_core.verb:set package 'amr_fleet' build argument 'cmake_clean_first' from command line to 'False'
[0.847s] Level 5:colcon.colcon_core.verb:set package 'amr_fleet' build argument 'cmake_force_configure' from command line to 'False'
[0.847s] Level 5:colcon.colcon_core.verb:set package 'amr_fleet' build argument 'ament_cmake_args' from command line to 'None'
[0.847s] Level 5:colcon.colcon_core.verb:set package 'amr_fleet' build argument 'catkin_cmake_args' from command line to 'None'
[0.848s] Level 5:colcon.colcon_core.verb:set package 'amr_fleet' build argument 'catkin_skip_building_tests' from command line to 'False'
[0.848s] DEBUG:colcon.colcon_core.verb:Building package 'amr_fleet' with the following arguments: {'ament_cmake_args': None, 'build_base': '/workspace/github/opticore-amr/ros2_ws/src/build/amr_fleet', 'catkin_cmake_args': None, 'catkin_skip_building_tests': False, 'cmake_args': None, 'cmake_clean_cache': False, 'cmake_clean_first': False, 'cmake_force_configure': False, 'cmake_target': None, 'cmake_target_skip_unavailable': False, 'install_base': '/workspace/github/opticore-amr/ros2_ws/src/install/amr_fleet', 'merge_install': False, 'path': '/workspace/github/opticore-amr/ros2_ws/src/amr_fleet', 'symlink_install': False, 'test_result_base': None}
[0.849s] Level 5:colcon.colcon_core.verb:set package 'amr_navigation' build argument 'cmake_args' from command line to 'None'
[0.850s] Level 5:colcon.colcon_core.verb:set package 'amr_navigation' build argument 'cmake_target' from command line to 'None'
[0.850s] Level 5:colcon.colcon_core.verb:set package 'amr_navigation' build argument 'cmake_target_skip_unavailable' from command line to 'False'
[0.851s] Level 5:colcon.colcon_core.verb:set package 'amr_navigation' build argument 'cmake_clean_cache' from command line to 'False'
[0.851s] Level 5:colcon.colcon_core.verb:set package 'amr_navigation' build argument 'cmake_clean_first' from command line to 'False'
[0.852s] Level 5:colcon.colcon_core.verb:set package 'amr_navigation' build argument 'cmake_force_configure' from command line to 'False'
[0.853s] Level 5:colcon.colcon_core.verb:set package 'amr_navigation' build argument 'ament_cmake_args' from command line to 'None'
[0.854s] Level 5:colcon.colcon_core.verb:set package 'amr_navigation' build argument 'catkin_cmake_args' from command line to 'None'
[0.854s] Level 5:colcon.colcon_core.verb:set package 'amr_navigation' build argument 'catkin_skip_building_tests' from command line to 'False'
[0.855s] DEBUG:colcon.colcon_core.verb:Building package 'amr_navigation' with the following arguments: {'ament_cmake_args': None, 'build_base': '/workspace/github/opticore-amr/ros2_ws/src/build/amr_navigation', 'catkin_cmake_args': None, 'catkin_skip_building_tests': False, 'cmake_args': None, 'cmake_clean_cache': False, 'cmake_clean_first': False, 'cmake_force_configure': False, 'cmake_target': None, 'cmake_target_skip_unavailable': False, 'install_base': '/workspace/github/opticore-amr/ros2_ws/src/install/amr_navigation', 'merge_install': False, 'path': '/workspace/github/opticore-amr/ros2_ws/src/amr_navigation', 'symlink_install': False, 'test_result_base': None}
[0.856s] Level 5:colcon.colcon_core.verb:set package 'amr_perception' build argument 'cmake_args' from command line to 'None'
[0.856s] Level 5:colcon.colcon_core.verb:set package 'amr_perception' build argument 'cmake_target' from command line to 'None'
[0.857s] Level 5:colcon.colcon_core.verb:set package 'amr_perception' build argument 'cmake_target_skip_unavailable' from command line to 'False'
[0.857s] Level 5:colcon.colcon_core.verb:set package 'amr_perception' build argument 'cmake_clean_cache' from command line to 'False'
[0.857s] Level 5:colcon.colcon_core.verb:set package 'amr_perception' build argument 'cmake_clean_first' from command line to 'False'
[0.858s] Level 5:colcon.colcon_core.verb:set package 'amr_perception' build argument 'cmake_force_configure' from command line to 'False'
[0.858s] Level 5:colcon.colcon_core.verb:set package 'amr_perception' build argument 'ament_cmake_args' from command line to 'None'
[0.860s] Level 5:colcon.colcon_core.verb:set package 'amr_perception' build argument 'catkin_cmake_args' from command line to 'None'
[0.861s] Level 5:colcon.colcon_core.verb:set package 'amr_perception' build argument 'catkin_skip_building_tests' from command line to 'False'
[0.861s] DEBUG:colcon.colcon_core.verb:Building package 'amr_perception' with the following arguments: {'ament_cmake_args': None, 'build_base': '/workspace/github/opticore-amr/ros2_ws/src/build/amr_perception', 'catkin_cmake_args': None, 'catkin_skip_building_tests': False, 'cmake_args': None, 'cmake_clean_cache': False, 'cmake_clean_first': False, 'cmake_force_configure': False, 'cmake_target': None, 'cmake_target_skip_unavailable': False, 'install_base': '/workspace/github/opticore-amr/ros2_ws/src/install/amr_perception', 'merge_install': False, 'path': '/workspace/github/opticore-amr/ros2_ws/src/amr_perception', 'symlink_install': False, 'test_result_base': None}
[0.862s] Level 5:colcon.colcon_core.verb:set package 'amr_slam' build argument 'cmake_args' from command line to 'None'
[0.862s] Level 5:colcon.colcon_core.verb:set package 'amr_slam' build argument 'cmake_target' from command line to 'None'
[0.863s] Level 5:colcon.colcon_core.verb:set package 'amr_slam' build argument 'cmake_target_skip_unavailable' from command line to 'False'
[0.863s] Level 5:colcon.colcon_core.verb:set package 'amr_slam' build argument 'cmake_clean_cache' from command line to 'False'
[0.863s] Level 5:colcon.colcon_core.verb:set package 'amr_slam' build argument 'cmake_clean_first' from command line to 'False'
[0.864s] Level 5:colcon.colcon_core.verb:set package 'amr_slam' build argument 'cmake_force_configure' from command line to 'False'
[0.864s] Level 5:colcon.colcon_core.verb:set package 'amr_slam' build argument 'ament_cmake_args' from command line to 'None'
[0.865s] Level 5:colcon.colcon_core.verb:set package 'amr_slam' build argument 'catkin_cmake_args' from command line to 'None'
[0.866s] Level 5:colcon.colcon_core.verb:set package 'amr_slam' build argument 'catkin_skip_building_tests' from command line to 'False'
[0.866s] DEBUG:colcon.colcon_core.verb:Building package 'amr_slam' with the following arguments: {'ament_cmake_args': None, 'build_base': '/workspace/github/opticore-amr/ros2_ws/src/build/amr_slam', 'catkin_cmake_args': None, 'catkin_skip_building_tests': False, 'cmake_args': None, 'cmake_clean_cache': False, 'cmake_clean_first': False, 'cmake_force_configure': False, 'cmake_target': None, 'cmake_target_skip_unavailable': False, 'install_base': '/workspace/github/opticore-amr/ros2_ws/src/install/amr_slam', 'merge_install': False, 'path': '/workspace/github/opticore-amr/ros2_ws/src/amr_slam', 'symlink_install': False, 'test_result_base': None}
[0.867s] INFO:colcon.colcon_core.executor:Executing jobs using 'parallel' executor
[0.869s] DEBUG:colcon.colcon_parallel_executor.executor.parallel:run_until_complete
[0.870s] INFO:colcon.colcon_ros.task.ament_cmake.build:Building ROS package in '/workspace/github/opticore-amr/ros2_ws/src/amr_bringup' with build type 'ament_cmake'
[0.871s] INFO:colcon.colcon_cmake.task.cmake.build:Building CMake package in '/workspace/github/opticore-amr/ros2_ws/src/amr_bringup'
[0.873s] INFO:colcon.colcon_core.plugin_system:Skipping extension 'colcon_core.shell.bat': Not used on non-Windows systems
[0.874s] INFO:colcon.colcon_core.shell:Skip shell extension 'powershell' for command environment: Not usable outside of PowerShell
[0.874s] DEBUG:colcon.colcon_core.shell:Skip shell extension 'dsv' for command environment
[0.958s] INFO:colcon.colcon_ros.task.ament_cmake.build:Building ROS package in '/workspace/github/opticore-amr/ros2_ws/src/amr_fleet' with build type 'ament_cmake'
[0.958s] INFO:colcon.colcon_cmake.task.cmake.build:Building CMake package in '/workspace/github/opticore-amr/ros2_ws/src/amr_fleet'
[0.959s] INFO:colcon.colcon_core.shell:Skip shell extension 'powershell' for command environment: Not usable outside of PowerShell
[0.960s] DEBUG:colcon.colcon_core.shell:Skip shell extension 'dsv' for command environment
[1.053s] INFO:colcon.colcon_ros.task.ament_cmake.build:Building ROS package in '/workspace/github/opticore-amr/ros2_ws/src/amr_navigation' with build type 'ament_cmake'
[1.053s] INFO:colcon.colcon_cmake.task.cmake.build:Building CMake package in '/workspace/github/opticore-amr/ros2_ws/src/amr_navigation'
[1.054s] INFO:colcon.colcon_core.shell:Skip shell extension 'powershell' for command environment: Not usable outside of PowerShell
[1.056s] DEBUG:colcon.colcon_core.shell:Skip shell extension 'dsv' for command environment
[1.137s] INFO:colcon.colcon_ros.task.ament_python.build:Building ROS package in '/workspace/github/opticore-amr/ros2_ws/src/amr_perception' with build type 'ament_python'
[1.137s] Level 1:colcon.colcon_core.shell:create_environment_hook('amr_perception', 'ament_prefix_path')
[1.138s] INFO:colcon.colcon_core.shell:Creating environment hook '/workspace/github/opticore-amr/ros2_ws/src/install/amr_perception/share/amr_perception/hook/ament_prefix_path.ps1'
[1.153s] INFO:colcon.colcon_core.shell:Creating environment descriptor '/workspace/github/opticore-amr/ros2_ws/src/install/amr_perception/share/amr_perception/hook/ament_prefix_path.dsv'
[1.166s] INFO:colcon.colcon_core.shell:Creating environment hook '/workspace/github/opticore-amr/ros2_ws/src/install/amr_perception/share/amr_perception/hook/ament_prefix_path.sh'
[1.182s] INFO:colcon.colcon_core.shell:Skip shell extension 'powershell' for command environment: Not usable outside of PowerShell
[1.182s] DEBUG:colcon.colcon_core.shell:Skip shell extension 'dsv' for command environment
[1.279s] INFO:colcon.colcon_ros.task.ament_cmake.build:Building ROS package in '/workspace/github/opticore-amr/ros2_ws/src/amr_slam' with build type 'ament_cmake'
[1.279s] INFO:colcon.colcon_cmake.task.cmake.build:Building CMake package in '/workspace/github/opticore-amr/ros2_ws/src/amr_slam'
[1.280s] INFO:colcon.colcon_core.shell:Skip shell extension 'powershell' for command environment: Not usable outside of PowerShell
[1.281s] DEBUG:colcon.colcon_core.shell:Skip shell extension 'dsv' for command environment
[1.463s] DEBUG:colcon.colcon_core.event_handler.log_command:Invoking command in '/workspace/github/opticore-amr/ros2_ws/src/build/amr_bringup': CMAKE_PREFIX_PATH=${CMAKE_PREFIX_PATH}:/workspace/ros2_ws/install/amr_perception:/opt/ros/humble /usr/bin/cmake --build /workspace/github/opticore-amr/ros2_ws/src/build/amr_bringup -- -j112 -l112
[1.538s] DEBUG:colcon.colcon_core.event_handler.log_command:Invoking command in '/workspace/github/opticore-amr/ros2_ws/src/build/amr_fleet': CMAKE_PREFIX_PATH=${CMAKE_PREFIX_PATH}:/workspace/ros2_ws/install/amr_perception:/opt/ros/humble /usr/bin/cmake --build /workspace/github/opticore-amr/ros2_ws/src/build/amr_fleet -- -j112 -l112
[1.585s] DEBUG:colcon.colcon_core.event_handler.log_command:Invoking command in '/workspace/github/opticore-amr/ros2_ws/src/build/amr_navigation': CMAKE_PREFIX_PATH=${CMAKE_PREFIX_PATH}:/workspace/ros2_ws/install/amr_perception:/opt/ros/humble /usr/bin/cmake --build /workspace/github/opticore-amr/ros2_ws/src/build/amr_navigation -- -j112 -l112
[2.052s] INFO:colcon.colcon_core.task.python.build:Building Python package in '/workspace/github/opticore-amr/ros2_ws/src/amr_perception'
[2.053s] INFO:colcon.colcon_core.shell:Skip shell extension 'powershell' for command environment: Not usable outside of PowerShell
[2.054s] DEBUG:colcon.colcon_core.shell:Skip shell extension 'dsv' for command environment
[2.186s] DEBUG:colcon.colcon_core.event_handler.log_command:Invoked command in '/workspace/github/opticore-amr/ros2_ws/src/build/amr_bringup' returned '0': CMAKE_PREFIX_PATH=${CMAKE_PREFIX_PATH}:/workspace/ros2_ws/install/amr_perception:/opt/ros/humble /usr/bin/cmake --build /workspace/github/opticore-amr/ros2_ws/src/build/amr_bringup -- -j112 -l112
[2.233s] DEBUG:colcon.colcon_core.event_handler.log_command:Invoking command in '/workspace/github/opticore-amr/ros2_ws/src/build/amr_bringup': CMAKE_PREFIX_PATH=${CMAKE_PREFIX_PATH}:/workspace/ros2_ws/install/amr_perception:/opt/ros/humble /usr/bin/cmake --install /workspace/github/opticore-amr/ros2_ws/src/build/amr_bringup
[2.353s] DEBUG:colcon.colcon_core.event_handler.log_command:Invoking command in '/workspace/github/opticore-amr/ros2_ws/src/build/amr_slam': CMAKE_PREFIX_PATH=${CMAKE_PREFIX_PATH}:/workspace/ros2_ws/install/amr_perception:/opt/ros/humble /usr/bin/cmake --build /workspace/github/opticore-amr/ros2_ws/src/build/amr_slam -- -j112 -l112
[2.356s] DEBUG:colcon.colcon_core.event_handler.log_command:Invoked command in '/workspace/github/opticore-amr/ros2_ws/src/build/amr_fleet' returned '0': CMAKE_PREFIX_PATH=${CMAKE_PREFIX_PATH}:/workspace/ros2_ws/install/amr_perception:/opt/ros/humble /usr/bin/cmake --build /workspace/github/opticore-amr/ros2_ws/src/build/amr_fleet -- -j112 -l112
[2.367s] DEBUG:colcon.colcon_core.event_handler.log_command:Invoking command in '/workspace/github/opticore-amr/ros2_ws/src/build/amr_fleet': CMAKE_PREFIX_PATH=${CMAKE_PREFIX_PATH}:/workspace/ros2_ws/install/amr_perception:/opt/ros/humble /usr/bin/cmake --install /workspace/github/opticore-amr/ros2_ws/src/build/amr_fleet
[2.369s] DEBUG:colcon.colcon_core.event_handler.log_command:Invoked command in '/workspace/github/opticore-amr/ros2_ws/src/build/amr_navigation' returned '0': CMAKE_PREFIX_PATH=${CMAKE_PREFIX_PATH}:/workspace/ros2_ws/install/amr_perception:/opt/ros/humble /usr/bin/cmake --build /workspace/github/opticore-amr/ros2_ws/src/build/amr_navigation -- -j112 -l112
[2.398s] DEBUG:colcon.colcon_core.event_handler.log_command:Invoking command in '/workspace/github/opticore-amr/ros2_ws/src/build/amr_navigation': CMAKE_PREFIX_PATH=${CMAKE_PREFIX_PATH}:/workspace/ros2_ws/install/amr_perception:/opt/ros/humble /usr/bin/cmake --install /workspace/github/opticore-amr/ros2_ws/src/build/amr_navigation
[2.469s] DEBUG:colcon.colcon_core.event_handler.log_command:Invoked command in '/workspace/github/opticore-amr/ros2_ws/src/build/amr_slam' returned '0': CMAKE_PREFIX_PATH=${CMAKE_PREFIX_PATH}:/workspace/ros2_ws/install/amr_perception:/opt/ros/humble /usr/bin/cmake --build /workspace/github/opticore-amr/ros2_ws/src/build/amr_slam -- -j112 -l112
[2.499s] DEBUG:colcon.colcon_core.event_handler.log_command:Invoking command in '/workspace/github/opticore-amr/ros2_ws/src/build/amr_slam': CMAKE_PREFIX_PATH=${CMAKE_PREFIX_PATH}:/workspace/ros2_ws/install/amr_perception:/opt/ros/humble /usr/bin/cmake --install /workspace/github/opticore-amr/ros2_ws/src/build/amr_slam
[2.536s] Level 1:colcon.colcon_core.environment:create_environment_scripts_only(amr_fleet)
[2.537s] DEBUG:colcon.colcon_core.event_handler.log_command:Invoked command in '/workspace/github/opticore-amr/ros2_ws/src/build/amr_fleet' returned '0': CMAKE_PREFIX_PATH=${CMAKE_PREFIX_PATH}:/workspace/ros2_ws/install/amr_perception:/opt/ros/humble /usr/bin/cmake --install /workspace/github/opticore-amr/ros2_ws/src/build/amr_fleet
[2.544s] Level 1:colcon.colcon_core.environment:checking '/workspace/github/opticore-amr/ros2_ws/src/install/amr_fleet' for CMake module files
[2.571s] Level 1:colcon.colcon_core.environment:checking '/workspace/github/opticore-amr/ros2_ws/src/install/amr_fleet' for CMake config files
[2.589s] Level 1:colcon.colcon_core.shell:create_environment_hook('amr_fleet', 'cmake_prefix_path')
[2.590s] INFO:colcon.colcon_core.shell:Creating environment hook '/workspace/github/opticore-amr/ros2_ws/src/install/amr_fleet/share/amr_fleet/hook/cmake_prefix_path.ps1'
[2.603s] INFO:colcon.colcon_core.shell:Creating environment descriptor '/workspace/github/opticore-amr/ros2_ws/src/install/amr_fleet/share/amr_fleet/hook/cmake_prefix_path.dsv'
[2.629s] INFO:colcon.colcon_core.shell:Creating environment hook '/workspace/github/opticore-amr/ros2_ws/src/install/amr_fleet/share/amr_fleet/hook/cmake_prefix_path.sh'
[2.667s] Level 1:colcon.colcon_core.environment:checking '/workspace/github/opticore-amr/ros2_ws/src/install/amr_fleet/bin'
[2.668s] Level 1:colcon.colcon_core.environment:checking '/workspace/github/opticore-amr/ros2_ws/src/install/amr_fleet/lib/pkgconfig/amr_fleet.pc'
[2.670s] Level 1:colcon.colcon_core.environment:checking '/workspace/github/opticore-amr/ros2_ws/src/install/amr_fleet/lib/python3.10/site-packages'
[2.672s] Level 1:colcon.colcon_core.environment:checking '/workspace/github/opticore-amr/ros2_ws/src/install/amr_fleet/bin'
[2.673s] INFO:colcon.colcon_core.shell:Creating package script '/workspace/github/opticore-amr/ros2_ws/src/install/amr_fleet/share/amr_fleet/package.ps1'
[2.691s] INFO:colcon.colcon_core.shell:Creating package descriptor '/workspace/github/opticore-amr/ros2_ws/src/install/amr_fleet/share/amr_fleet/package.dsv'
[2.706s] INFO:colcon.colcon_core.shell:Creating package script '/workspace/github/opticore-amr/ros2_ws/src/install/amr_fleet/share/amr_fleet/package.sh'
[2.734s] INFO:colcon.colcon_core.shell:Creating package script '/workspace/github/opticore-amr/ros2_ws/src/install/amr_fleet/share/amr_fleet/package.bash'
[2.753s] INFO:colcon.colcon_core.shell:Creating package script '/workspace/github/opticore-amr/ros2_ws/src/install/amr_fleet/share/amr_fleet/package.zsh'
[2.775s] Level 1:colcon.colcon_core.environment:create_file_with_runtime_dependencies(/workspace/github/opticore-amr/ros2_ws/src/install/amr_fleet/share/colcon-core/packages/amr_fleet)
[2.798s] Level 1:colcon.colcon_core.environment:create_environment_scripts_only(amr_fleet)
[2.799s] Level 1:colcon.colcon_core.environment:checking '/workspace/github/opticore-amr/ros2_ws/src/install/amr_fleet' for CMake module files
[2.839s] Level 1:colcon.colcon_core.environment:checking '/workspace/github/opticore-amr/ros2_ws/src/install/amr_fleet' for CMake config files
[2.853s] Level 1:colcon.colcon_core.shell:create_environment_hook('amr_fleet', 'cmake_prefix_path')
[2.854s] INFO:colcon.colcon_core.shell:Creating environment hook '/workspace/github/opticore-amr/ros2_ws/src/install/amr_fleet/share/amr_fleet/hook/cmake_prefix_path.ps1'
[2.869s] INFO:colcon.colcon_core.shell:Creating environment descriptor '/workspace/github/opticore-amr/ros2_ws/src/install/amr_fleet/share/amr_fleet/hook/cmake_prefix_path.dsv'
[2.886s] INFO:colcon.colcon_core.shell:Creating environment hook '/workspace/github/opticore-amr/ros2_ws/src/install/amr_fleet/share/amr_fleet/hook/cmake_prefix_path.sh'
[2.903s] Level 1:colcon.colcon_core.environment:checking '/workspace/github/opticore-amr/ros2_ws/src/install/amr_fleet/bin'
[2.905s] Level 1:colcon.colcon_core.environment:checking '/workspace/github/opticore-amr/ros2_ws/src/install/amr_fleet/lib/pkgconfig/amr_fleet.pc'
[2.907s] Level 1:colcon.colcon_core.environment:checking '/workspace/github/opticore-amr/ros2_ws/src/install/amr_fleet/lib/python3.10/site-packages'
[2.911s] Level 1:colcon.colcon_core.environment:checking '/workspace/github/opticore-amr/ros2_ws/src/install/amr_fleet/bin'
[2.913s] INFO:colcon.colcon_core.shell:Creating package script '/workspace/github/opticore-amr/ros2_ws/src/install/amr_fleet/share/amr_fleet/package.ps1'
[2.941s] INFO:colcon.colcon_core.shell:Creating package descriptor '/workspace/github/opticore-amr/ros2_ws/src/install/amr_fleet/share/amr_fleet/package.dsv'
[2.956s] INFO:colcon.colcon_core.shell:Creating package script '/workspace/github/opticore-amr/ros2_ws/src/install/amr_fleet/share/amr_fleet/package.sh'
[2.972s] INFO:colcon.colcon_core.shell:Creating package script '/workspace/github/opticore-amr/ros2_ws/src/install/amr_fleet/share/amr_fleet/package.bash'
[2.986s] INFO:colcon.colcon_core.shell:Creating package script '/workspace/github/opticore-amr/ros2_ws/src/install/amr_fleet/share/amr_fleet/package.zsh'
[3.001s] Level 1:colcon.colcon_core.environment:create_file_with_runtime_dependencies(/workspace/github/opticore-amr/ros2_ws/src/install/amr_fleet/share/colcon-core/packages/amr_fleet)
[3.015s] Level 1:colcon.colcon_core.environment:create_environment_scripts_only(amr_slam)
[3.030s] Level 1:colcon.colcon_core.environment:checking '/workspace/github/opticore-amr/ros2_ws/src/install/amr_slam' for CMake module files
[3.045s] DEBUG:colcon.colcon_core.event_handler.log_command:Invoked command in '/workspace/github/opticore-amr/ros2_ws/src/build/amr_slam' returned '0': CMAKE_PREFIX_PATH=${CMAKE_PREFIX_PATH}:/workspace/ros2_ws/install/amr_perception:/opt/ros/humble /usr/bin/cmake --install /workspace/github/opticore-amr/ros2_ws/src/build/amr_slam
[3.058s] Level 1:colcon.colcon_core.environment:checking '/workspace/github/opticore-amr/ros2_ws/src/install/amr_slam' for CMake config files
[3.075s] Level 1:colcon.colcon_core.shell:create_environment_hook('amr_slam', 'cmake_prefix_path')
[3.076s] INFO:colcon.colcon_core.shell:Creating environment hook '/workspace/github/opticore-amr/ros2_ws/src/install/amr_slam/share/amr_slam/hook/cmake_prefix_path.ps1'
[3.092s] INFO:colcon.colcon_core.shell:Creating environment descriptor '/workspace/github/opticore-amr/ros2_ws/src/install/amr_slam/share/amr_slam/hook/cmake_prefix_path.dsv'
[3.108s] INFO:colcon.colcon_core.shell:Creating environment hook '/workspace/github/opticore-amr/ros2_ws/src/install/amr_slam/share/amr_slam/hook/cmake_prefix_path.sh'
[3.136s] Level 1:colcon.colcon_core.environment:checking '/workspace/github/opticore-amr/ros2_ws/src/install/amr_slam/bin'
[3.137s] Level 1:colcon.colcon_core.environment:checking '/workspace/github/opticore-amr/ros2_ws/src/install/amr_slam/lib/pkgconfig/amr_slam.pc'
[3.139s] Level 1:colcon.colcon_core.environment:checking '/workspace/github/opticore-amr/ros2_ws/src/install/amr_slam/lib/python3.10/site-packages'
[3.141s] Level 1:colcon.colcon_core.environment:checking '/workspace/github/opticore-amr/ros2_ws/src/install/amr_slam/bin'
[3.142s] INFO:colcon.colcon_core.shell:Creating package script '/workspace/github/opticore-amr/ros2_ws/src/install/amr_slam/share/amr_slam/package.ps1'
[3.158s] INFO:colcon.colcon_core.shell:Creating package descriptor '/workspace/github/opticore-amr/ros2_ws/src/install/amr_slam/share/amr_slam/package.dsv'
[3.172s] INFO:colcon.colcon_core.shell:Creating package script '/workspace/github/opticore-amr/ros2_ws/src/install/amr_slam/share/amr_slam/package.sh'
[3.187s] INFO:colcon.colcon_core.shell:Creating package script '/workspace/github/opticore-amr/ros2_ws/src/install/amr_slam/share/amr_slam/package.bash'
[3.201s] INFO:colcon.colcon_core.shell:Creating package script '/workspace/github/opticore-amr/ros2_ws/src/install/amr_slam/share/amr_slam/package.zsh'
[3.234s] Level 1:colcon.colcon_core.environment:create_file_with_runtime_dependencies(/workspace/github/opticore-amr/ros2_ws/src/install/amr_slam/share/colcon-core/packages/amr_slam)
[3.256s] Level 1:colcon.colcon_core.environment:create_environment_scripts_only(amr_slam)
[3.257s] Level 1:colcon.colcon_core.environment:checking '/workspace/github/opticore-amr/ros2_ws/src/install/amr_slam' for CMake module files
[3.283s] Level 1:colcon.colcon_core.environment:checking '/workspace/github/opticore-amr/ros2_ws/src/install/amr_slam' for CMake config files
[3.296s] Level 1:colcon.colcon_core.shell:create_environment_hook('amr_slam', 'cmake_prefix_path')
[3.297s] INFO:colcon.colcon_core.shell:Creating environment hook '/workspace/github/opticore-amr/ros2_ws/src/install/amr_slam/share/amr_slam/hook/cmake_prefix_path.ps1'
[3.312s] INFO:colcon.colcon_core.shell:Creating environment descriptor '/workspace/github/opticore-amr/ros2_ws/src/install/amr_slam/share/amr_slam/hook/cmake_prefix_path.dsv'
[3.340s] INFO:colcon.colcon_core.shell:Creating environment hook '/workspace/github/opticore-amr/ros2_ws/src/install/amr_slam/share/amr_slam/hook/cmake_prefix_path.sh'
[3.359s] Level 1:colcon.colcon_core.environment:checking '/workspace/github/opticore-amr/ros2_ws/src/install/amr_slam/bin'
[3.361s] Level 1:colcon.colcon_core.environment:checking '/workspace/github/opticore-amr/ros2_ws/src/install/amr_slam/lib/pkgconfig/amr_slam.pc'
[3.362s] Level 1:colcon.colcon_core.environment:checking '/workspace/github/opticore-amr/ros2_ws/src/install/amr_slam/lib/python3.10/site-packages'
[3.364s] Level 1:colcon.colcon_core.environment:checking '/workspace/github/opticore-amr/ros2_ws/src/install/amr_slam/bin'
[3.366s] INFO:colcon.colcon_core.shell:Creating package script '/workspace/github/opticore-amr/ros2_ws/src/install/amr_slam/share/amr_slam/package.ps1'
[3.379s] INFO:colcon.colcon_core.shell:Creating package descriptor '/workspace/github/opticore-amr/ros2_ws/src/install/amr_slam/share/amr_slam/package.dsv'
[3.392s] INFO:colcon.colcon_core.shell:Creating package script '/workspace/github/opticore-amr/ros2_ws/src/install/amr_slam/share/amr_slam/package.sh'
[3.406s] INFO:colcon.colcon_core.shell:Creating package script '/workspace/github/opticore-amr/ros2_ws/src/install/amr_slam/share/amr_slam/package.bash'
[3.437s] INFO:colcon.colcon_core.shell:Creating package script '/workspace/github/opticore-amr/ros2_ws/src/install/amr_slam/share/amr_slam/package.zsh'
[3.451s] Level 1:colcon.colcon_core.environment:create_file_with_runtime_dependencies(/workspace/github/opticore-amr/ros2_ws/src/install/amr_slam/share/colcon-core/packages/amr_slam)
[3.463s] Level 1:colcon.colcon_core.environment:create_environment_scripts_only(amr_navigation)
[3.464s] Level 1:colcon.colcon_core.environment:checking '/workspace/github/opticore-amr/ros2_ws/src/install/amr_navigation' for CMake module files
[3.476s] DEBUG:colcon.colcon_core.event_handler.log_command:Invoked command in '/workspace/github/opticore-amr/ros2_ws/src/build/amr_navigation' returned '0': CMAKE_PREFIX_PATH=${CMAKE_PREFIX_PATH}:/workspace/ros2_ws/install/amr_perception:/opt/ros/humble /usr/bin/cmake --install /workspace/github/opticore-amr/ros2_ws/src/build/amr_navigation
[3.492s] Level 1:colcon.colcon_core.environment:checking '/workspace/github/opticore-amr/ros2_ws/src/install/amr_navigation' for CMake config files
[3.506s] Level 1:colcon.colcon_core.shell:create_environment_hook('amr_navigation', 'cmake_prefix_path')
[3.507s] INFO:colcon.colcon_core.shell:Creating environment hook '/workspace/github/opticore-amr/ros2_ws/src/install/amr_navigation/share/amr_navigation/hook/cmake_prefix_path.ps1'
[3.536s] INFO:colcon.colcon_core.shell:Creating environment descriptor '/workspace/github/opticore-amr/ros2_ws/src/install/amr_navigation/share/amr_navigation/hook/cmake_prefix_path.dsv'
[3.552s] INFO:colcon.colcon_core.shell:Creating environment hook '/workspace/github/opticore-amr/ros2_ws/src/install/amr_navigation/share/amr_navigation/hook/cmake_prefix_path.sh'
[3.570s] Level 1:colcon.colcon_core.environment:checking '/workspace/github/opticore-amr/ros2_ws/src/install/amr_navigation/bin'
[3.573s] Level 1:colcon.colcon_core.environment:checking '/workspace/github/opticore-amr/ros2_ws/src/install/amr_navigation/lib/pkgconfig/amr_navigation.pc'
[3.576s] Level 1:colcon.colcon_core.environment:checking '/workspace/github/opticore-amr/ros2_ws/src/install/amr_navigation/lib/python3.10/site-packages'
[3.578s] Level 1:colcon.colcon_core.environment:checking '/workspace/github/opticore-amr/ros2_ws/src/install/amr_navigation/bin'
[3.581s] INFO:colcon.colcon_core.shell:Creating package script '/workspace/github/opticore-amr/ros2_ws/src/install/amr_navigation/share/amr_navigation/package.ps1'
[3.595s] INFO:colcon.colcon_core.shell:Creating package descriptor '/workspace/github/opticore-amr/ros2_ws/src/install/amr_navigation/share/amr_navigation/package.dsv'
[3.610s] INFO:colcon.colcon_core.shell:Creating package script '/workspace/github/opticore-amr/ros2_ws/src/install/amr_navigation/share/amr_navigation/package.sh'
[3.639s] INFO:colcon.colcon_core.shell:Creating package script '/workspace/github/opticore-amr/ros2_ws/src/install/amr_navigation/share/amr_navigation/package.bash'
[3.656s] INFO:colcon.colcon_core.shell:Creating package script '/workspace/github/opticore-amr/ros2_ws/src/install/amr_navigation/share/amr_navigation/package.zsh'
[3.670s] Level 1:colcon.colcon_core.environment:create_file_with_runtime_dependencies(/workspace/github/opticore-amr/ros2_ws/src/install/amr_navigation/share/colcon-core/packages/amr_navigation)
[3.702s] Level 1:colcon.colcon_core.environment:create_environment_scripts_only(amr_navigation)
[3.704s] Level 1:colcon.colcon_core.environment:checking '/workspace/github/opticore-amr/ros2_ws/src/install/amr_navigation' for CMake module files
[3.744s] Level 1:colcon.colcon_core.environment:checking '/workspace/github/opticore-amr/ros2_ws/src/install/amr_navigation' for CMake config files
[3.756s] Level 1:colcon.colcon_core.shell:create_environment_hook('amr_navigation', 'cmake_prefix_path')
[3.757s] INFO:colcon.colcon_core.shell:Creating environment hook '/workspace/github/opticore-amr/ros2_ws/src/install/amr_navigation/share/amr_navigation/hook/cmake_prefix_path.ps1'
[3.770s] INFO:colcon.colcon_core.shell:Creating environment descriptor '/workspace/github/opticore-amr/ros2_ws/src/install/amr_navigation/share/amr_navigation/hook/cmake_prefix_path.dsv'
[3.791s] INFO:colcon.colcon_core.shell:Creating environment hook '/workspace/github/opticore-amr/ros2_ws/src/install/amr_navigation/share/amr_navigation/hook/cmake_prefix_path.sh'
[3.807s] Level 1:colcon.colcon_core.environment:checking '/workspace/github/opticore-amr/ros2_ws/src/install/amr_navigation/bin'
[3.808s] Level 1:colcon.colcon_core.environment:checking '/workspace/github/opticore-amr/ros2_ws/src/install/amr_navigation/lib/pkgconfig/amr_navigation.pc'
[3.810s] Level 1:colcon.colcon_core.environment:checking '/workspace/github/opticore-amr/ros2_ws/src/install/amr_navigation/lib/python3.10/site-packages'
[3.812s] Level 1:colcon.colcon_core.environment:checking '/workspace/github/opticore-amr/ros2_ws/src/install/amr_navigation/bin'
[3.813s] INFO:colcon.colcon_core.shell:Creating package script '/workspace/github/opticore-amr/ros2_ws/src/install/amr_navigation/share/amr_navigation/package.ps1'
[3.843s] INFO:colcon.colcon_core.shell:Creating package descriptor '/workspace/github/opticore-amr/ros2_ws/src/install/amr_navigation/share/amr_navigation/package.dsv'
[3.858s] INFO:colcon.colcon_core.shell:Creating package script '/workspace/github/opticore-amr/ros2_ws/src/install/amr_navigation/share/amr_navigation/package.sh'
[3.876s] INFO:colcon.colcon_core.shell:Creating package script '/workspace/github/opticore-amr/ros2_ws/src/install/amr_navigation/share/amr_navigation/package.bash'
[3.892s] INFO:colcon.colcon_core.shell:Creating package script '/workspace/github/opticore-amr/ros2_ws/src/install/amr_navigation/share/amr_navigation/package.zsh'
[3.929s] Level 1:colcon.colcon_core.environment:create_file_with_runtime_dependencies(/workspace/github/opticore-amr/ros2_ws/src/install/amr_navigation/share/colcon-core/packages/amr_navigation)
[3.943s] Level 1:colcon.colcon_core.environment:create_environment_scripts_only(amr_bringup)
[3.944s] Level 1:colcon.colcon_core.environment:checking '/workspace/github/opticore-amr/ros2_ws/src/install/amr_bringup' for CMake module files
[3.960s] DEBUG:colcon.colcon_core.event_handler.log_command:Invoked command in '/workspace/github/opticore-amr/ros2_ws/src/build/amr_bringup' returned '0': CMAKE_PREFIX_PATH=${CMAKE_PREFIX_PATH}:/workspace/ros2_ws/install/amr_perception:/opt/ros/humble /usr/bin/cmake --install /workspace/github/opticore-amr/ros2_ws/src/build/amr_bringup
[3.977s] Level 1:colcon.colcon_core.environment:checking '/workspace/github/opticore-amr/ros2_ws/src/install/amr_bringup' for CMake config files
[4.008s] Level 1:colcon.colcon_core.shell:create_environment_hook('amr_bringup', 'cmake_prefix_path')
[4.008s] INFO:colcon.colcon_core.shell:Creating environment hook '/workspace/github/opticore-amr/ros2_ws/src/install/amr_bringup/share/amr_bringup/hook/cmake_prefix_path.ps1'
[4.037s] INFO:colcon.colcon_core.shell:Creating environment descriptor '/workspace/github/opticore-amr/ros2_ws/src/install/amr_bringup/share/amr_bringup/hook/cmake_prefix_path.dsv'
[4.051s] INFO:colcon.colcon_core.shell:Creating environment hook '/workspace/github/opticore-amr/ros2_ws/src/install/amr_bringup/share/amr_bringup/hook/cmake_prefix_path.sh'
[4.067s] Level 1:colcon.colcon_core.environment:checking '/workspace/github/opticore-amr/ros2_ws/src/install/amr_bringup/lib'
[4.070s] Level 1:colcon.colcon_core.environment:checking '/workspace/github/opticore-amr/ros2_ws/src/install/amr_bringup/bin'
[4.071s] Level 1:colcon.colcon_core.environment:checking '/workspace/github/opticore-amr/ros2_ws/src/install/amr_bringup/lib/pkgconfig/amr_bringup.pc'
[4.073s] Level 1:colcon.colcon_core.environment:checking '/workspace/github/opticore-amr/ros2_ws/src/install/amr_bringup/lib/python3.10/site-packages'
[4.074s] Level 1:colcon.colcon_core.environment:checking '/workspace/github/opticore-amr/ros2_ws/src/install/amr_bringup/bin'
[4.076s] INFO:colcon.colcon_core.shell:Creating package script '/workspace/github/opticore-amr/ros2_ws/src/install/amr_bringup/share/amr_bringup/package.ps1'
[4.105s] INFO:colcon.colcon_core.shell:Creating package descriptor '/workspace/github/opticore-amr/ros2_ws/src/install/amr_bringup/share/amr_bringup/package.dsv'
[4.148s] INFO:colcon.colcon_core.shell:Creating package script '/workspace/github/opticore-amr/ros2_ws/src/install/amr_bringup/share/amr_bringup/package.sh'
[4.165s] INFO:colcon.colcon_core.shell:Creating package script '/workspace/github/opticore-amr/ros2_ws/src/install/amr_bringup/share/amr_bringup/package.bash'
[4.179s] INFO:colcon.colcon_core.shell:Creating package script '/workspace/github/opticore-amr/ros2_ws/src/install/amr_bringup/share/amr_bringup/package.zsh'
[4.194s] Level 1:colcon.colcon_core.environment:create_file_with_runtime_dependencies(/workspace/github/opticore-amr/ros2_ws/src/install/amr_bringup/share/colcon-core/packages/amr_bringup)
[4.232s] Level 1:colcon.colcon_core.environment:create_environment_scripts_only(amr_bringup)
[4.233s] Level 1:colcon.colcon_core.environment:checking '/workspace/github/opticore-amr/ros2_ws/src/install/amr_bringup' for CMake module files
[4.263s] Level 1:colcon.colcon_core.environment:checking '/workspace/github/opticore-amr/ros2_ws/src/install/amr_bringup' for CMake config files
[4.292s] Level 1:colcon.colcon_core.shell:create_environment_hook('amr_bringup', 'cmake_prefix_path')
[4.293s] INFO:colcon.colcon_core.shell:Creating environment hook '/workspace/github/opticore-amr/ros2_ws/src/install/amr_bringup/share/amr_bringup/hook/cmake_prefix_path.ps1'
[4.306s] INFO:colcon.colcon_core.shell:Creating environment descriptor '/workspace/github/opticore-amr/ros2_ws/src/install/amr_bringup/share/amr_bringup/hook/cmake_prefix_path.dsv'
[4.337s] INFO:colcon.colcon_core.shell:Creating environment hook '/workspace/github/opticore-amr/ros2_ws/src/install/amr_bringup/share/amr_bringup/hook/cmake_prefix_path.sh'
[4.353s] Level 1:colcon.colcon_core.environment:checking '/workspace/github/opticore-amr/ros2_ws/src/install/amr_bringup/lib'
[4.355s] Level 1:colcon.colcon_core.environment:checking '/workspace/github/opticore-amr/ros2_ws/src/install/amr_bringup/bin'
[4.356s] Level 1:colcon.colcon_core.environment:checking '/workspace/github/opticore-amr/ros2_ws/src/install/amr_bringup/lib/pkgconfig/amr_bringup.pc'
[4.358s] Level 1:colcon.colcon_core.environment:checking '/workspace/github/opticore-amr/ros2_ws/src/install/amr_bringup/lib/python3.10/site-packages'
[4.360s] Level 1:colcon.colcon_core.environment:checking '/workspace/github/opticore-amr/ros2_ws/src/install/amr_bringup/bin'
[4.362s] INFO:colcon.colcon_core.shell:Creating package script '/workspace/github/opticore-amr/ros2_ws/src/install/amr_bringup/share/amr_bringup/package.ps1'
[4.375s] INFO:colcon.colcon_core.shell:Creating package descriptor '/workspace/github/opticore-amr/ros2_ws/src/install/amr_bringup/share/amr_bringup/package.dsv'
[4.390s] INFO:colcon.colcon_core.shell:Creating package script '/workspace/github/opticore-amr/ros2_ws/src/install/amr_bringup/share/amr_bringup/package.sh'
[4.405s] INFO:colcon.colcon_core.shell:Creating package script '/workspace/github/opticore-amr/ros2_ws/src/install/amr_bringup/share/amr_bringup/package.bash'
[4.440s] INFO:colcon.colcon_core.shell:Creating package script '/workspace/github/opticore-amr/ros2_ws/src/install/amr_bringup/share/amr_bringup/package.zsh'
[4.468s] Level 1:colcon.colcon_core.environment:create_file_with_runtime_dependencies(/workspace/github/opticore-amr/ros2_ws/src/install/amr_bringup/share/colcon-core/packages/amr_bringup)
[4.508s] DEBUG:colcon.colcon_core.event_handler.log_command:Invoking command in '/workspace/github/opticore-amr/ros2_ws/src/amr_perception': PYTHONPATH=/workspace/github/opticore-amr/ros2_ws/src/build/amr_perception/prefix_override:/usr/lib/python3/dist-packages/colcon_core/task/python/colcon_distutils_commands:/workspace/github/opticore-amr/ros2_ws/src/install/amr_perception/lib/python3.10/site-packages:${PYTHONPATH} /usr/bin/python3 -W ignore:setup.py install is deprecated -W ignore:easy_install command is deprecated setup.py egg_info --egg-base ../build/amr_perception build --build-base /workspace/github/opticore-amr/ros2_ws/src/build/amr_perception/build install --record /workspace/github/opticore-amr/ros2_ws/src/build/amr_perception/install.log --single-version-externally-managed install_data
[5.770s] Level 1:colcon.colcon_core.environment:checking '/workspace/github/opticore-amr/ros2_ws/src/install/amr_perception' for CMake module files
[5.772s] DEBUG:colcon.colcon_core.event_handler.log_command:Invoked command in '/workspace/github/opticore-amr/ros2_ws/src/amr_perception' returned '0': PYTHONPATH=/workspace/github/opticore-amr/ros2_ws/src/build/amr_perception/prefix_override:/usr/lib/python3/dist-packages/colcon_core/task/python/colcon_distutils_commands:/workspace/github/opticore-amr/ros2_ws/src/install/amr_perception/lib/python3.10/site-packages:${PYTHONPATH} /usr/bin/python3 -W ignore:setup.py install is deprecated -W ignore:easy_install command is deprecated setup.py egg_info --egg-base ../build/amr_perception build --build-base /workspace/github/opticore-amr/ros2_ws/src/build/amr_perception/build install --record /workspace/github/opticore-amr/ros2_ws/src/build/amr_perception/install.log --single-version-externally-managed install_data
[5.791s] Level 1:colcon.colcon_core.environment:checking '/workspace/github/opticore-amr/ros2_ws/src/install/amr_perception' for CMake config files
[5.848s] Level 1:colcon.colcon_core.environment:checking '/workspace/github/opticore-amr/ros2_ws/src/install/amr_perception/lib'
[5.852s] Level 1:colcon.colcon_core.environment:checking '/workspace/github/opticore-amr/ros2_ws/src/install/amr_perception/bin'
[5.853s] Level 1:colcon.colcon_core.environment:checking '/workspace/github/opticore-amr/ros2_ws/src/install/amr_perception/lib/pkgconfig/amr_perception.pc'
[5.854s] Level 1:colcon.colcon_core.environment:checking '/workspace/github/opticore-amr/ros2_ws/src/install/amr_perception/lib/python3.10/site-packages'
[5.856s] Level 1:colcon.colcon_core.shell:create_environment_hook('amr_perception', 'pythonpath')
[5.858s] INFO:colcon.colcon_core.shell:Creating environment hook '/workspace/github/opticore-amr/ros2_ws/src/install/amr_perception/share/amr_perception/hook/pythonpath.ps1'
[5.873s] INFO:colcon.colcon_core.shell:Creating environment descriptor '/workspace/github/opticore-amr/ros2_ws/src/install/amr_perception/share/amr_perception/hook/pythonpath.dsv'
[5.886s] INFO:colcon.colcon_core.shell:Creating environment hook '/workspace/github/opticore-amr/ros2_ws/src/install/amr_perception/share/amr_perception/hook/pythonpath.sh'
[5.930s] Level 1:colcon.colcon_core.environment:checking '/workspace/github/opticore-amr/ros2_ws/src/install/amr_perception/bin'
[5.932s] Level 1:colcon.colcon_core.environment:create_environment_scripts_only(amr_perception)
[5.933s] INFO:colcon.colcon_core.shell:Creating package script '/workspace/github/opticore-amr/ros2_ws/src/install/amr_perception/share/amr_perception/package.ps1'
[5.951s] INFO:colcon.colcon_core.shell:Creating package descriptor '/workspace/github/opticore-amr/ros2_ws/src/install/amr_perception/share/amr_perception/package.dsv'
[5.966s] INFO:colcon.colcon_core.shell:Creating package script '/workspace/github/opticore-amr/ros2_ws/src/install/amr_perception/share/amr_perception/package.sh'
[5.981s] INFO:colcon.colcon_core.shell:Creating package script '/workspace/github/opticore-amr/ros2_ws/src/install/amr_perception/share/amr_perception/package.bash'
[5.997s] INFO:colcon.colcon_core.shell:Creating package script '/workspace/github/opticore-amr/ros2_ws/src/install/amr_perception/share/amr_perception/package.zsh'
[6.010s] Level 1:colcon.colcon_core.environment:create_file_with_runtime_dependencies(/workspace/github/opticore-amr/ros2_ws/src/install/amr_perception/share/colcon-core/packages/amr_perception)
[6.039s] DEBUG:colcon.colcon_parallel_executor.executor.parallel:closing loop
[6.040s] DEBUG:colcon.colcon_parallel_executor.executor.parallel:loop closed
[6.041s] DEBUG:colcon.colcon_parallel_executor.executor.parallel:run_until_complete finished with '0'
[6.041s] DEBUG:colcon.colcon_core.event_reactor:joining thread
[6.061s] DEBUG:colcon.colcon_core.event_reactor:joined thread
[6.062s] INFO:colcon.colcon_core.shell:Creating prefix script '/workspace/github/opticore-amr/ros2_ws/src/install/local_setup.ps1'
[6.084s] INFO:colcon.colcon_core.shell:Creating prefix util module '/workspace/github/opticore-amr/ros2_ws/src/install/_local_setup_util_ps1.py'
[6.099s] INFO:colcon.colcon_core.shell:Creating prefix chain script '/workspace/github/opticore-amr/ros2_ws/src/install/setup.ps1'
[6.165s] INFO:colcon.colcon_core.shell:Creating prefix script '/workspace/github/opticore-amr/ros2_ws/src/install/local_setup.sh'
[6.183s] INFO:colcon.colcon_core.shell:Creating prefix util module '/workspace/github/opticore-amr/ros2_ws/src/install/_local_setup_util_sh.py'
[6.201s] INFO:colcon.colcon_core.shell:Creating prefix chain script '/workspace/github/opticore-amr/ros2_ws/src/install/setup.sh'
[6.261s] INFO:colcon.colcon_core.shell:Creating prefix script '/workspace/github/opticore-amr/ros2_ws/src/install/local_setup.bash'
[6.276s] INFO:colcon.colcon_core.shell:Creating prefix chain script '/workspace/github/opticore-amr/ros2_ws/src/install/setup.bash'
[6.334s] INFO:colcon.colcon_core.shell:Creating prefix script '/workspace/github/opticore-amr/ros2_ws/src/install/local_setup.zsh'
[6.349s] INFO:colcon.colcon_core.shell:Creating prefix chain script '/workspace/github/opticore-amr/ros2_ws/src/install/setup.zsh'
