[0.784s] Invoking command in '/workspace/github/opticore-amr/ros2_ws/build/amr_bringup': CMAKE_PREFIX_PATH=${CMAKE_PREFIX_PATH}:/workspace/ros2_ws/install/amr_perception:/opt/ros/humble /usr/bin/cmake --build /workspace/github/opticore-amr/ros2_ws/build/amr_bringup -- -j128 -l128
[1.707s] Invoked command in '/workspace/github/opticore-amr/ros2_ws/build/amr_bringup' returned '0': CMAKE_PREFIX_PATH=${CMAKE_PREFIX_PATH}:/workspace/ros2_ws/install/amr_perception:/opt/ros/humble /usr/bin/cmake --build /workspace/github/opticore-amr/ros2_ws/build/amr_bringup -- -j128 -l128
[1.786s] Invoking command in '/workspace/github/opticore-amr/ros2_ws/build/amr_bringup': CMAKE_PREFIX_PATH=${CMAKE_PREFIX_PATH}:/workspace/ros2_ws/install/amr_perception:/opt/ros/humble /usr/bin/cmake --install /workspace/github/opticore-amr/ros2_ws/build/amr_bringup
[1.904s] -- Install configuration: ""
[1.905s] -- Up-to-date: /workspace/github/opticore-amr/ros2_ws/install/amr_bringup/share/amr_bringup//urdf
[1.905s] -- Up-to-date: /workspace/github/opticore-amr/ros2_ws/install/amr_bringup/share/amr_bringup//urdf/amr_robot.urdf.xacro
[1.906s] -- Up-to-date: /workspace/github/opticore-amr/ros2_ws/install/amr_bringup/share/amr_bringup//worlds
[1.906s] -- Up-to-date: /workspace/github/opticore-amr/ros2_ws/install/amr_bringup/share/amr_bringup//worlds/warehouse.world
[1.907s] -- Up-to-date: /workspace/github/opticore-amr/ros2_ws/install/amr_bringup/share/amr_bringup//launch
[1.907s] -- Up-to-date: /workspace/github/opticore-amr/ros2_ws/install/amr_bringup/share/amr_bringup//launch/slam.launch.py
[1.907s] -- Up-to-date: /workspace/github/opticore-amr/ros2_ws/install/amr_bringup/share/amr_bringup//launch/warehouse.launch.py
[1.908s] -- Up-to-date: /workspace/github/opticore-amr/ros2_ws/install/amr_bringup/share/amr_bringup//config
[1.908s] -- Up-to-date: /workspace/github/opticore-amr/ros2_ws/install/amr_bringup/share/amr_bringup//config/slam_params.yaml
[1.909s] -- Up-to-date: /workspace/github/opticore-amr/ros2_ws/install/amr_bringup/share/amr_bringup//config/ekf.yaml
[1.911s] -- Up-to-date: /workspace/github/opticore-amr/ros2_ws/install/amr_bringup/share/ament_index/resource_index/package_run_dependencies/amr_bringup
[1.919s] -- Up-to-date: /workspace/github/opticore-amr/ros2_ws/install/amr_bringup/share/ament_index/resource_index/parent_prefix_path/amr_bringup
[1.954s] -- Up-to-date: /workspace/github/opticore-amr/ros2_ws/install/amr_bringup/share/amr_bringup/environment/ament_prefix_path.sh
[1.954s] -- Up-to-date: /workspace/github/opticore-amr/ros2_ws/install/amr_bringup/share/amr_bringup/environment/ament_prefix_path.dsv
[1.955s] -- Up-to-date: /workspace/github/opticore-amr/ros2_ws/install/amr_bringup/share/amr_bringup/environment/path.sh
[1.959s] -- Up-to-date: /workspace/github/opticore-amr/ros2_ws/install/amr_bringup/share/amr_bringup/environment/path.dsv
[1.967s] -- Up-to-date: /workspace/github/opticore-amr/ros2_ws/install/amr_bringup/share/amr_bringup/local_setup.bash
[1.990s] -- Up-to-date: /workspace/github/opticore-amr/ros2_ws/install/amr_bringup/share/amr_bringup/local_setup.sh
[1.996s] -- Up-to-date: /workspace/github/opticore-amr/ros2_ws/install/amr_bringup/share/amr_bringup/local_setup.zsh
[2.014s] -- Up-to-date: /workspace/github/opticore-amr/ros2_ws/install/amr_bringup/share/amr_bringup/local_setup.dsv
[2.015s] -- Installing: /workspace/github/opticore-amr/ros2_ws/install/amr_bringup/share/amr_bringup/package.dsv
[2.065s] -- Up-to-date: /workspace/github/opticore-amr/ros2_ws/install/amr_bringup/share/ament_index/resource_index/packages/amr_bringup
[2.072s] -- Up-to-date: /workspace/github/opticore-amr/ros2_ws/install/amr_bringup/share/amr_bringup/cmake/amr_bringupConfig.cmake
[2.078s] -- Up-to-date: /workspace/github/opticore-amr/ros2_ws/install/amr_bringup/share/amr_bringup/cmake/amr_bringupConfig-version.cmake
[2.085s] -- Up-to-date: /workspace/github/opticore-amr/ros2_ws/install/amr_bringup/share/amr_bringup/package.xml
[2.156s] Invoked command in '/workspace/github/opticore-amr/ros2_ws/build/amr_bringup' returned '0': CMAKE_PREFIX_PATH=${CMAKE_PREFIX_PATH}:/workspace/ros2_ws/install/amr_perception:/opt/ros/humble /usr/bin/cmake --install /workspace/github/opticore-amr/ros2_ws/build/amr_bringup
