[0.134s] Invoking command in '/ros2_ws/opticore-amr/opticore-amr/ros2_ws/build/amr_bringup': CMAKE_PREFIX_PATH=/opt/ros/humble /usr/bin/cmake --build /ros2_ws/opticore-amr/opticore-amr/ros2_ws/build/amr_bringup -- -j10 -l10
[0.381s] -- Found ament_cmake: 1.3.14 (/opt/ros/humble/share/ament_cmake/cmake)
[0.783s] -- Override CMake install command with custom implementation using symlinks instead of copying resources
[0.990s] -- Configuring done
[1.029s] -- Generating done
[1.052s] -- Build files have been written to: /ros2_ws/opticore-amr/opticore-amr/ros2_ws/build/amr_bringup
[1.156s] Invoked command in '/ros2_ws/opticore-amr/opticore-amr/ros2_ws/build/amr_bringup' returned '0': CMAKE_PREFIX_PATH=/opt/ros/humble /usr/bin/cmake --build /ros2_ws/opticore-amr/opticore-amr/ros2_ws/build/amr_bringup -- -j10 -l10
[1.160s] Invoking command in '/ros2_ws/opticore-amr/opticore-amr/ros2_ws/build/amr_bringup': CMAKE_PREFIX_PATH=/opt/ros/humble /usr/bin/cmake --install /ros2_ws/opticore-amr/opticore-amr/ros2_ws/build/amr_bringup
[1.207s] -- Install configuration: ""
[1.213s] -- Execute custom install script
[1.222s] -- Up-to-date symlink: /ros2_ws/opticore-amr/opticore-amr/ros2_ws/install/amr_bringup/share/amr_bringup//urdf/amr_robot.urdf.xacro
[1.223s] -- Up-to-date symlink: /ros2_ws/opticore-amr/opticore-amr/ros2_ws/install/amr_bringup/share/amr_bringup//worlds/warehouse.world
[1.224s] -- Up-to-date symlink: /ros2_ws/opticore-amr/opticore-amr/ros2_ws/install/amr_bringup/share/amr_bringup//launch/__pycache__/warehouse.launch.cpython-310.pyc
[1.224s] -- Up-to-date symlink: /ros2_ws/opticore-amr/opticore-amr/ros2_ws/install/amr_bringup/share/amr_bringup//launch/warehouse.launch.py
[1.228s] [33mCMake Warning (dev) at ament_cmake_symlink_install/ament_cmake_symlink_install.cmake:67 (file):
[1.229s]   Policy CMP0009 is not set: FILE GLOB_RECURSE calls should not follow
[1.229s]   symlinks by default.  Run "cmake --help-policy CMP0009" for policy details.
[1.229s]   Use the cmake_policy command to set the policy and suppress this warning.
[1.229s] Call Stack (most recent call first):
[1.230s]   ament_cmake_symlink_install/ament_cmake_symlink_install.cmake:319 (ament_cmake_symlink_install_directory)
[1.230s]   cmake_install.cmake:46 (include)
[1.230s] This warning is for project developers.  Use -Wno-dev to suppress it.
[1.231s] [0m
[1.231s] -- Up-to-date symlink: /ros2_ws/opticore-amr/opticore-amr/ros2_ws/install/amr_bringup/share/amr_bringup//config/ekf.yaml
[1.232s] -- Up-to-date symlink: /ros2_ws/opticore-amr/opticore-amr/ros2_ws/install/amr_bringup/share/amr_bringup//config/install/.colcon_install_layout
[1.232s] -- Up-to-date symlink: /ros2_ws/opticore-amr/opticore-amr/ros2_ws/install/amr_bringup/share/amr_bringup//config/install/COLCON_IGNORE
[1.233s] -- Up-to-date symlink: /ros2_ws/opticore-amr/opticore-amr/ros2_ws/install/amr_bringup/share/amr_bringup//config/install/_local_setup_util_ps1.py
[1.233s] -- Up-to-date symlink: /ros2_ws/opticore-amr/opticore-amr/ros2_ws/install/amr_bringup/share/amr_bringup//config/install/_local_setup_util_sh.py
[1.234s] -- Up-to-date symlink: /ros2_ws/opticore-amr/opticore-amr/ros2_ws/install/amr_bringup/share/amr_bringup//config/install/local_setup.bash
[1.234s] -- Up-to-date symlink: /ros2_ws/opticore-amr/opticore-amr/ros2_ws/install/amr_bringup/share/amr_bringup//config/install/local_setup.ps1
[1.236s] -- Up-to-date symlink: /ros2_ws/opticore-amr/opticore-amr/ros2_ws/install/amr_bringup/share/amr_bringup//config/install/local_setup.sh
[1.236s] -- Up-to-date symlink: /ros2_ws/opticore-amr/opticore-amr/ros2_ws/install/amr_bringup/share/amr_bringup//config/install/local_setup.zsh
[1.236s] -- Up-to-date symlink: /ros2_ws/opticore-amr/opticore-amr/ros2_ws/install/amr_bringup/share/amr_bringup//config/install/setup.bash
[1.237s] -- Up-to-date symlink: /ros2_ws/opticore-amr/opticore-amr/ros2_ws/install/amr_bringup/share/amr_bringup//config/install/setup.ps1
[1.238s] -- Up-to-date symlink: /ros2_ws/opticore-amr/opticore-amr/ros2_ws/install/amr_bringup/share/amr_bringup//config/install/setup.sh
[1.238s] -- Up-to-date symlink: /ros2_ws/opticore-amr/opticore-amr/ros2_ws/install/amr_bringup/share/amr_bringup//config/install/setup.zsh
[1.239s] -- Up-to-date symlink: /ros2_ws/opticore-amr/opticore-amr/ros2_ws/install/amr_bringup/share/amr_bringup//config/log/COLCON_IGNORE
[1.239s] -- Up-to-date symlink: /ros2_ws/opticore-amr/opticore-amr/ros2_ws/install/amr_bringup/share/amr_bringup//config/log/build_2026-04-29_07-39-30/events.log
[1.239s] -- Up-to-date symlink: /ros2_ws/opticore-amr/opticore-amr/ros2_ws/install/amr_bringup/share/amr_bringup//config/log/build_2026-04-29_07-39-30/logger_all.log
[1.240s] -- Up-to-date symlink: /ros2_ws/opticore-amr/opticore-amr/ros2_ws/install/amr_bringup/share/amr_bringup//config/log/build_2026-04-29_07-42-02/events.log
[1.240s] -- Up-to-date symlink: /ros2_ws/opticore-amr/opticore-amr/ros2_ws/install/amr_bringup/share/amr_bringup//config/log/build_2026-04-29_07-42-02/logger_all.log
[1.241s] -- Up-to-date symlink: /ros2_ws/opticore-amr/opticore-amr/ros2_ws/install/amr_bringup/share/amr_bringup//config/log/latest/events.log
[1.241s] -- Up-to-date symlink: /ros2_ws/opticore-amr/opticore-amr/ros2_ws/install/amr_bringup/share/amr_bringup//config/log/latest/logger_all.log
[1.242s] -- Up-to-date symlink: /ros2_ws/opticore-amr/opticore-amr/ros2_ws/install/amr_bringup/share/amr_bringup//config/log/latest_build/events.log
[1.242s] -- Up-to-date symlink: /ros2_ws/opticore-amr/opticore-amr/ros2_ws/install/amr_bringup/share/amr_bringup//config/log/latest_build/logger_all.log
[1.242s] -- Up-to-date symlink: /ros2_ws/opticore-amr/opticore-amr/ros2_ws/install/amr_bringup/lib/amr_bringup/dynamic_obstacle_mover.py
[1.243s] -- Up-to-date symlink: /ros2_ws/opticore-amr/opticore-amr/ros2_ws/install/amr_bringup/share/ament_index/resource_index/package_run_dependencies/amr_bringup
[1.245s] -- Up-to-date symlink: /ros2_ws/opticore-amr/opticore-amr/ros2_ws/install/amr_bringup/share/ament_index/resource_index/parent_prefix_path/amr_bringup
[1.245s] -- Up-to-date symlink: /ros2_ws/opticore-amr/opticore-amr/ros2_ws/install/amr_bringup/share/amr_bringup/environment/ament_prefix_path.sh
[1.246s] -- Up-to-date symlink: /ros2_ws/opticore-amr/opticore-amr/ros2_ws/install/amr_bringup/share/amr_bringup/environment/ament_prefix_path.dsv
[1.246s] -- Up-to-date symlink: /ros2_ws/opticore-amr/opticore-amr/ros2_ws/install/amr_bringup/share/amr_bringup/environment/path.sh
[1.247s] -- Up-to-date symlink: /ros2_ws/opticore-amr/opticore-amr/ros2_ws/install/amr_bringup/share/amr_bringup/environment/path.dsv
[1.247s] -- Up-to-date symlink: /ros2_ws/opticore-amr/opticore-amr/ros2_ws/install/amr_bringup/share/amr_bringup/local_setup.bash
[1.248s] -- Up-to-date symlink: /ros2_ws/opticore-amr/opticore-amr/ros2_ws/install/amr_bringup/share/amr_bringup/local_setup.sh
[1.248s] -- Up-to-date symlink: /ros2_ws/opticore-amr/opticore-amr/ros2_ws/install/amr_bringup/share/amr_bringup/local_setup.zsh
[1.249s] -- Up-to-date symlink: /ros2_ws/opticore-amr/opticore-amr/ros2_ws/install/amr_bringup/share/amr_bringup/local_setup.dsv
[1.249s] -- Symlinking: /ros2_ws/opticore-amr/opticore-amr/ros2_ws/install/amr_bringup/share/amr_bringup/package.dsv
[1.285s] -- Up-to-date symlink: /ros2_ws/opticore-amr/opticore-amr/ros2_ws/install/amr_bringup/share/ament_index/resource_index/packages/amr_bringup
[1.286s] -- Up-to-date symlink: /ros2_ws/opticore-amr/opticore-amr/ros2_ws/install/amr_bringup/share/amr_bringup/cmake/amr_bringupConfig.cmake
[1.286s] -- Up-to-date symlink: /ros2_ws/opticore-amr/opticore-amr/ros2_ws/install/amr_bringup/share/amr_bringup/cmake/amr_bringupConfig-version.cmake
[1.286s] -- Up-to-date symlink: /ros2_ws/opticore-amr/opticore-amr/ros2_ws/install/amr_bringup/share/amr_bringup/package.xml
[1.291s] Invoked command in '/ros2_ws/opticore-amr/opticore-amr/ros2_ws/build/amr_bringup' returned '0': CMAKE_PREFIX_PATH=/opt/ros/humble /usr/bin/cmake --install /ros2_ws/opticore-amr/opticore-amr/ros2_ws/build/amr_bringup
