[0.708s] Invoking command in '/ros2_ws/opticore-amr/opticore-amr/ros2_ws/src/amr_perception': PYTHONPATH=/ros2_ws/opticore-amr/opticore-amr/ros2_ws/build/amr_perception/prefix_override:/usr/lib/python3/dist-packages/colcon_core/task/python/colcon_distutils_commands:/ros2_ws/opticore-amr/opticore-amr/ros2_ws/install/amr_perception/lib/python3.10/site-packages:${PYTHONPATH} /usr/bin/python3 -W ignore:setup.py install is deprecated -W ignore:easy_install command is deprecated setup.py egg_info --egg-base ../../build/amr_perception build --build-base /ros2_ws/opticore-amr/opticore-amr/ros2_ws/build/amr_perception/build install --record /ros2_ws/opticore-amr/opticore-amr/ros2_ws/build/amr_perception/install.log --single-version-externally-managed install_data
[0.908s] running egg_info
[0.910s] writing ../../build/amr_perception/amr_perception.egg-info/PKG-INFO
[0.911s] writing dependency_links to ../../build/amr_perception/amr_perception.egg-info/dependency_links.txt
[0.911s] writing entry points to ../../build/amr_perception/amr_perception.egg-info/entry_points.txt
[0.912s] writing requirements to ../../build/amr_perception/amr_perception.egg-info/requires.txt
[0.912s] writing top-level names to ../../build/amr_perception/amr_perception.egg-info/top_level.txt
[0.914s] reading manifest file '../../build/amr_perception/amr_perception.egg-info/SOURCES.txt'
[0.915s] writing manifest file '../../build/amr_perception/amr_perception.egg-info/SOURCES.txt'
[0.915s] running build
[0.915s] running build_py
[0.916s] running install
[0.916s] running install_lib
[0.917s] running install_data
[0.917s] running install_egg_info
[0.918s] removing '/ros2_ws/opticore-amr/opticore-amr/ros2_ws/install/amr_perception/lib/python3.10/site-packages/amr_perception-0.0.0-py3.10.egg-info' (and everything under it)
[0.919s] Copying ../../build/amr_perception/amr_perception.egg-info to /ros2_ws/opticore-amr/opticore-amr/ros2_ws/install/amr_perception/lib/python3.10/site-packages/amr_perception-0.0.0-py3.10.egg-info
[0.924s] running install_scripts
[0.948s] writing list of installed files to '/ros2_ws/opticore-amr/opticore-amr/ros2_ws/build/amr_perception/install.log'
[0.961s] Invoked command in '/ros2_ws/opticore-amr/opticore-amr/ros2_ws/src/amr_perception' returned '0': PYTHONPATH=/ros2_ws/opticore-amr/opticore-amr/ros2_ws/build/amr_perception/prefix_override:/usr/lib/python3/dist-packages/colcon_core/task/python/colcon_distutils_commands:/ros2_ws/opticore-amr/opticore-amr/ros2_ws/install/amr_perception/lib/python3.10/site-packages:${PYTHONPATH} /usr/bin/python3 -W ignore:setup.py install is deprecated -W ignore:easy_install command is deprecated setup.py egg_info --egg-base ../../build/amr_perception build --build-base /ros2_ws/opticore-amr/opticore-amr/ros2_ws/build/amr_perception/build install --record /ros2_ws/opticore-amr/opticore-amr/ros2_ws/build/amr_perception/install.log --single-version-externally-managed install_data
