[0.114s] DEBUG:colcon:Command line arguments: ['/usr/bin/colcon', 'build']
[0.114s] DEBUG:colcon:Parsed command line arguments: Namespace(log_base=None, log_level=None, verb_name='build', build_base='build', install_base='install', merge_install=False, symlink_install=False, test_result_base=None, continue_on_error=False, executor='parallel', parallel_workers=112, event_handlers=None, ignore_user_meta=False, metas=['./colcon.meta'], base_paths=['.'], packages_ignore=None, packages_ignore_regex=None, paths=None, packages_up_to=None, packages_up_to_regex=None, packages_above=None, packages_above_and_dependencies=None, packages_above_depth=None, packages_select_by_dep=None, packages_skip_by_dep=None, packages_skip_up_to=None, packages_select_build_failed=False, packages_skip_build_finished=False, packages_select_test_failures=False, packages_skip_test_passed=False, packages_select=None, packages_skip=None, packages_select_regex=None, packages_skip_regex=None, packages_start=None, packages_end=None, allow_overriding=[], cmake_args=None, cmake_target=None, cmake_target_skip_unavailable=False, cmake_clean_cache=False, cmake_clean_first=False, cmake_force_configure=False, ament_cmake_args=None, catkin_cmake_args=None, catkin_skip_building_tests=False, verb_parser=<colcon_defaults.argument_parser.defaults.DefaultArgumentsDecorator object at 0x7df2ac073ca0>, verb_extension=<colcon_core.verb.build.BuildVerb object at 0x7df2ac1f9840>, main=<bound method BuildVerb.main of <colcon_core.verb.build.BuildVerb object at 0x7df2ac1f9840>>)
[0.186s] Level 1:colcon.colcon_core.package_discovery:discover_packages(colcon_meta) check parameters
[0.191s] Level 1:colcon.colcon_core.package_discovery:discover_packages(recursive) check parameters
[0.192s] Level 1:colcon.colcon_core.package_discovery:discover_packages(ignore) check parameters
[0.193s] Level 1:colcon.colcon_core.package_discovery:discover_packages(path) check parameters
[0.193s] Level 1:colcon.colcon_core.package_discovery:discover_packages(colcon_meta) discover
[0.194s] Level 1:colcon.colcon_core.package_discovery:discover_packages(recursive) discover
[0.194s] INFO:colcon.colcon_core.package_discovery:Crawling recursively for packages in '/workspace/github/opticore-amr/ros2_ws/src'
[0.195s] Level 1:colcon.colcon_core.package_identification:_identify(.) by extensions ['ignore', 'ignore_ament_install']
[0.196s] Level 1:colcon.colcon_core.package_identification:_identify(.) by extension 'ignore'
[0.197s] Level 1:colcon.colcon_core.package_identification:_identify(.) by extension 'ignore_ament_install'
[0.197s] Level 1:colcon.colcon_core.package_identification:_identify(.) by extensions ['colcon_pkg']
[0.198s] Level 1:colcon.colcon_core.package_identification:_identify(.) by extension 'colcon_pkg'
[0.198s] Level 1:colcon.colcon_core.package_identification:_identify(.) by extensions ['colcon_meta']
[0.199s] Level 1:colcon.colcon_core.package_identification:_identify(.) by extension 'colcon_meta'
[0.199s] Level 1:colcon.colcon_core.package_identification:_identify(.) by extensions ['ros']
[0.199s] Level 1:colcon.colcon_core.package_identification:_identify(.) by extension 'ros'
[0.229s] Level 1:colcon.colcon_core.package_identification:_identify(.) by extensions ['cmake', 'python']
[0.229s] Level 1:colcon.colcon_core.package_identification:_identify(.) by extension 'cmake'
[0.230s] Level 1:colcon.colcon_core.package_identification:_identify(.) by extension 'python'
[0.231s] Level 1:colcon.colcon_core.package_identification:_identify(.) by extensions ['python_setup_py']
[0.232s] Level 1:colcon.colcon_core.package_identification:_identify(.) by extension 'python_setup_py'
[0.235s] Level 1:colcon.colcon_core.package_identification:_identify(amr_bringup) by extensions ['ignore', 'ignore_ament_install']
[0.236s] Level 1:colcon.colcon_core.package_identification:_identify(amr_bringup) by extension 'ignore'
[0.237s] Level 1:colcon.colcon_core.package_identification:_identify(amr_bringup) by extension 'ignore_ament_install'
[0.239s] Level 1:colcon.colcon_core.package_identification:_identify(amr_bringup) by extensions ['colcon_pkg']
[0.240s] Level 1:colcon.colcon_core.package_identification:_identify(amr_bringup) by extension 'colcon_pkg'
[0.241s] Level 1:colcon.colcon_core.package_identification:_identify(amr_bringup) by extensions ['colcon_meta']
[0.242s] Level 1:colcon.colcon_core.package_identification:_identify(amr_bringup) by extension 'colcon_meta'
[0.243s] Level 1:colcon.colcon_core.package_identification:_identify(amr_bringup) by extensions ['ros']
[0.243s] Level 1:colcon.colcon_core.package_identification:_identify(amr_bringup) by extension 'ros'
[0.255s] DEBUG:colcon.colcon_core.package_identification:Package 'amr_bringup' with type 'ros.ament_cmake' and name 'amr_bringup'
[0.257s] Level 1:colcon.colcon_core.package_identification:_identify(amr_description) by extensions ['ignore', 'ignore_ament_install']
[0.258s] Level 1:colcon.colcon_core.package_identification:_identify(amr_description) by extension 'ignore'
[0.258s] Level 1:colcon.colcon_core.package_identification:_identify(amr_description) by extension 'ignore_ament_install'
[0.260s] Level 1:colcon.colcon_core.package_identification:_identify(amr_description) by extensions ['colcon_pkg']
[0.261s] Level 1:colcon.colcon_core.package_identification:_identify(amr_description) by extension 'colcon_pkg'
[0.261s] Level 1:colcon.colcon_core.package_identification:_identify(amr_description) by extensions ['colcon_meta']
[0.262s] Level 1:colcon.colcon_core.package_identification:_identify(amr_description) by extension 'colcon_meta'
[0.263s] Level 1:colcon.colcon_core.package_identification:_identify(amr_description) by extensions ['ros']
[0.263s] Level 1:colcon.colcon_core.package_identification:_identify(amr_description) by extension 'ros'
[0.267s] Level 1:colcon.colcon_core.package_identification:_identify(amr_description) by extensions ['cmake', 'python']
[0.267s] Level 1:colcon.colcon_core.package_identification:_identify(amr_description) by extension 'cmake'
[0.268s] Level 1:colcon.colcon_core.package_identification:_identify(amr_description) by extension 'python'
[0.269s] Level 1:colcon.colcon_core.package_identification:_identify(amr_description) by extensions ['python_setup_py']
[0.270s] Level 1:colcon.colcon_core.package_identification:_identify(amr_description) by extension 'python_setup_py'
[0.273s] Level 1:colcon.colcon_core.package_identification:_identify(amr_fleet) by extensions ['ignore', 'ignore_ament_install']
[0.274s] Level 1:colcon.colcon_core.package_identification:_identify(amr_fleet) by extension 'ignore'
[0.275s] Level 1:colcon.colcon_core.package_identification:_identify(amr_fleet) by extension 'ignore_ament_install'
[0.290s] Level 1:colcon.colcon_core.package_identification:_identify(amr_fleet) by extensions ['colcon_pkg']
[0.291s] Level 1:colcon.colcon_core.package_identification:_identify(amr_fleet) by extension 'colcon_pkg'
[0.292s] Level 1:colcon.colcon_core.package_identification:_identify(amr_fleet) by extensions ['colcon_meta']
[0.292s] Level 1:colcon.colcon_core.package_identification:_identify(amr_fleet) by extension 'colcon_meta'
[0.293s] Level 1:colcon.colcon_core.package_identification:_identify(amr_fleet) by extensions ['ros']
[0.294s] Level 1:colcon.colcon_core.package_identification:_identify(amr_fleet) by extension 'ros'
[0.303s] DEBUG:colcon.colcon_core.package_identification:Package 'amr_fleet' with type 'ros.ament_cmake' and name 'amr_fleet'
[0.306s] Level 1:colcon.colcon_core.package_identification:_identify(amr_gazebo) by extensions ['ignore', 'ignore_ament_install']
[0.307s] Level 1:colcon.colcon_core.package_identification:_identify(amr_gazebo) by extension 'ignore'
[0.308s] Level 1:colcon.colcon_core.package_identification:_identify(amr_gazebo) by extension 'ignore_ament_install'
[0.310s] Level 1:colcon.colcon_core.package_identification:_identify(amr_gazebo) by extensions ['colcon_pkg']
[0.311s] Level 1:colcon.colcon_core.package_identification:_identify(amr_gazebo) by extension 'colcon_pkg'
[0.312s] Level 1:colcon.colcon_core.package_identification:_identify(amr_gazebo) by extensions ['colcon_meta']
[0.312s] Level 1:colcon.colcon_core.package_identification:_identify(amr_gazebo) by extension 'colcon_meta'
[0.314s] Level 1:colcon.colcon_core.package_identification:_identify(amr_gazebo) by extensions ['ros']
[0.314s] Level 1:colcon.colcon_core.package_identification:_identify(amr_gazebo) by extension 'ros'
[0.317s] Level 1:colcon.colcon_core.package_identification:_identify(amr_gazebo) by extensions ['cmake', 'python']
[0.318s] Level 1:colcon.colcon_core.package_identification:_identify(amr_gazebo) by extension 'cmake'
[0.319s] Level 1:colcon.colcon_core.package_identification:_identify(amr_gazebo) by extension 'python'
[0.320s] Level 1:colcon.colcon_core.package_identification:_identify(amr_gazebo) by extensions ['python_setup_py']
[0.321s] Level 1:colcon.colcon_core.package_identification:_identify(amr_gazebo) by extension 'python_setup_py'
[0.324s] Level 1:colcon.colcon_core.package_identification:_identify(amr_msgs) by extensions ['ignore', 'ignore_ament_install']
[0.324s] Level 1:colcon.colcon_core.package_identification:_identify(amr_msgs) by extension 'ignore'
[0.325s] Level 1:colcon.colcon_core.package_identification:_identify(amr_msgs) by extension 'ignore_ament_install'
[0.327s] Level 1:colcon.colcon_core.package_identification:_identify(amr_msgs) by extensions ['colcon_pkg']
[0.328s] Level 1:colcon.colcon_core.package_identification:_identify(amr_msgs) by extension 'colcon_pkg'
[0.329s] Level 1:colcon.colcon_core.package_identification:_identify(amr_msgs) by extensions ['colcon_meta']
[0.329s] Level 1:colcon.colcon_core.package_identification:_identify(amr_msgs) by extension 'colcon_meta'
[0.330s] Level 1:colcon.colcon_core.package_identification:_identify(amr_msgs) by extensions ['ros']
[0.331s] Level 1:colcon.colcon_core.package_identification:_identify(amr_msgs) by extension 'ros'
[0.334s] Level 1:colcon.colcon_core.package_identification:_identify(amr_msgs) by extensions ['cmake', 'python']
[0.334s] Level 1:colcon.colcon_core.package_identification:_identify(amr_msgs) by extension 'cmake'
[0.336s] Level 1:colcon.colcon_core.package_identification:_identify(amr_msgs) by extension 'python'
[0.336s] Level 1:colcon.colcon_core.package_identification:_identify(amr_msgs) by extensions ['python_setup_py']
[0.337s] Level 1:colcon.colcon_core.package_identification:_identify(amr_msgs) by extension 'python_setup_py'
[0.340s] Level 1:colcon.colcon_core.package_identification:_identify(amr_navigation) by extensions ['ignore', 'ignore_ament_install']
[0.341s] Level 1:colcon.colcon_core.package_identification:_identify(amr_navigation) by extension 'ignore'
[0.342s] Level 1:colcon.colcon_core.package_identification:_identify(amr_navigation) by extension 'ignore_ament_install'
[0.343s] Level 1:colcon.colcon_core.package_identification:_identify(amr_navigation) by extensions ['colcon_pkg']
[0.344s] Level 1:colcon.colcon_core.package_identification:_identify(amr_navigation) by extension 'colcon_pkg'
[0.345s] Level 1:colcon.colcon_core.package_identification:_identify(amr_navigation) by extensions ['colcon_meta']
[0.346s] Level 1:colcon.colcon_core.package_identification:_identify(amr_navigation) by extension 'colcon_meta'
[0.347s] Level 1:colcon.colcon_core.package_identification:_identify(amr_navigation) by extensions ['ros']
[0.347s] Level 1:colcon.colcon_core.package_identification:_identify(amr_navigation) by extension 'ros'
[0.356s] DEBUG:colcon.colcon_core.package_identification:Package 'amr_navigation' with type 'ros.ament_cmake' and name 'amr_navigation'
[0.359s] Level 1:colcon.colcon_core.package_identification:_identify(amr_perception) by extensions ['ignore', 'ignore_ament_install']
[0.359s] Level 1:colcon.colcon_core.package_identification:_identify(amr_perception) by extension 'ignore'
[0.361s] Level 1:colcon.colcon_core.package_identification:_identify(amr_perception) by extension 'ignore_ament_install'
[0.362s] Level 1:colcon.colcon_core.package_identification:_identify(amr_perception) by extensions ['colcon_pkg']
[0.363s] Level 1:colcon.colcon_core.package_identification:_identify(amr_perception) by extension 'colcon_pkg'
[0.364s] Level 1:colcon.colcon_core.package_identification:_identify(amr_perception) by extensions ['colcon_meta']
[0.365s] Level 1:colcon.colcon_core.package_identification:_identify(amr_perception) by extension 'colcon_meta'
[0.366s] Level 1:colcon.colcon_core.package_identification:_identify(amr_perception) by extensions ['ros']
[0.366s] Level 1:colcon.colcon_core.package_identification:_identify(amr_perception) by extension 'ros'
[0.374s] DEBUG:colcon.colcon_core.package_identification:Package 'amr_perception' with type 'ros.ament_python' and name 'amr_perception'
[0.391s] Level 1:colcon.colcon_core.package_identification:_identify(amr_slam) by extensions ['ignore', 'ignore_ament_install']
[0.392s] Level 1:colcon.colcon_core.package_identification:_identify(amr_slam) by extension 'ignore'
[0.392s] Level 1:colcon.colcon_core.package_identification:_identify(amr_slam) by extension 'ignore_ament_install'
[0.393s] Level 1:colcon.colcon_core.package_identification:_identify(amr_slam) by extensions ['colcon_pkg']
[0.394s] Level 1:colcon.colcon_core.package_identification:_identify(amr_slam) by extension 'colcon_pkg'
[0.395s] Level 1:colcon.colcon_core.package_identification:_identify(amr_slam) by extensions ['colcon_meta']
[0.396s] Level 1:colcon.colcon_core.package_identification:_identify(amr_slam) by extension 'colcon_meta'
[0.396s] Level 1:colcon.colcon_core.package_identification:_identify(amr_slam) by extensions ['ros']
[0.397s] Level 1:colcon.colcon_core.package_identification:_identify(amr_slam) by extension 'ros'
[0.422s] DEBUG:colcon.colcon_core.package_identification:Package 'amr_slam' with type 'ros.ament_cmake' and name 'amr_slam'
[0.425s] Level 1:colcon.colcon_core.package_identification:_identify(build) by extensions ['ignore', 'ignore_ament_install']
[0.426s] Level 1:colcon.colcon_core.package_identification:_identify(build) by extension 'ignore'
[0.427s] Level 1:colcon.colcon_core.package_identification:_identify(build) ignored
[0.430s] Level 1:colcon.colcon_core.package_identification:_identify(install) by extensions ['ignore', 'ignore_ament_install']
[0.431s] Level 1:colcon.colcon_core.package_identification:_identify(install) by extension 'ignore'
[0.432s] Level 1:colcon.colcon_core.package_identification:_identify(install) ignored
[0.436s] Level 1:colcon.colcon_core.package_identification:_identify(log) by extensions ['ignore', 'ignore_ament_install']
[0.437s] Level 1:colcon.colcon_core.package_identification:_identify(log) by extension 'ignore'
[0.437s] Level 1:colcon.colcon_core.package_identification:_identify(log) ignored
[0.438s] Level 1:colcon.colcon_core.package_discovery:discover_packages(recursive) using defaults
[0.438s] Level 1:colcon.colcon_core.package_discovery:discover_packages(ignore) discover
[0.439s] Level 1:colcon.colcon_core.package_discovery:discover_packages(ignore) using defaults
[0.439s] Level 1:colcon.colcon_core.package_discovery:discover_packages(path) discover
[0.440s] Level 1:colcon.colcon_core.package_discovery:discover_packages(path) using defaults
[0.532s] Level 1:colcon.colcon_core.package_discovery:discover_packages(prefix_path) check parameters
[0.533s] Level 1:colcon.colcon_core.package_discovery:discover_packages(prefix_path) discover
[0.602s] DEBUG:colcon.colcon_installed_package_information.package_discovery:Found 5 installed packages in /workspace/ros2_ws/install
[0.607s] DEBUG:colcon.colcon_installed_package_information.package_discovery:Found 337 installed packages in /opt/ros/humble
[0.611s] Level 1:colcon.colcon_core.package_discovery:discover_packages(prefix_path) using defaults
[0.736s] Level 5:colcon.colcon_core.verb:set package 'amr_bringup' build argument 'cmake_args' from command line to 'None'
[0.736s] Level 5:colcon.colcon_core.verb:set package 'amr_bringup' build argument 'cmake_target' from command line to 'None'
[0.737s] Level 5:colcon.colcon_core.verb:set package 'amr_bringup' build argument 'cmake_target_skip_unavailable' from command line to 'False'
[0.737s] Level 5:colcon.colcon_core.verb:set package 'amr_bringup' build argument 'cmake_clean_cache' from command line to 'False'
[0.738s] Level 5:colcon.colcon_core.verb:set package 'amr_bringup' build argument 'cmake_clean_first' from command line to 'False'
[0.738s] Level 5:colcon.colcon_core.verb:set package 'amr_bringup' build argument 'cmake_force_configure' from command line to 'False'
[0.738s] Level 5:colcon.colcon_core.verb:set package 'amr_bringup' build argument 'ament_cmake_args' from command line to 'None'
[0.739s] Level 5:colcon.colcon_core.verb:set package 'amr_bringup' build argument 'catkin_cmake_args' from command line to 'None'
[0.739s] Level 5:colcon.colcon_core.verb:set package 'amr_bringup' build argument 'catkin_skip_building_tests' from command line to 'False'
[0.739s] DEBUG:colcon.colcon_core.verb:Building package 'amr_bringup' with the following arguments: {'ament_cmake_args': None, 'build_base': '/workspace/github/opticore-amr/ros2_ws/src/build/amr_bringup', 'catkin_cmake_args': None, 'catkin_skip_building_tests': False, 'cmake_args': None, 'cmake_clean_cache': False, 'cmake_clean_first': False, 'cmake_force_configure': False, 'cmake_target': None, 'cmake_target_skip_unavailable': False, 'install_base': '/workspace/github/opticore-amr/ros2_ws/src/install/amr_bringup', 'merge_install': False, 'path': '/workspace/github/opticore-amr/ros2_ws/src/amr_bringup', 'symlink_install': False, 'test_result_base': None}
[0.740s] Level 5:colcon.colcon_core.verb:set package 'amr_fleet' build argument 'cmake_args' from command line to 'None'
[0.740s] Level 5:colcon.colcon_core.verb:set package 'amr_fleet' build argument 'cmake_target' from command line to 'None'
[0.740s] Level 5:colcon.colcon_core.verb:set package 'amr_fleet' build argument 'cmake_target_skip_unavailable' from command line to 'False'
[0.741s] Level 5:colcon.colcon_core.verb:set package 'amr_fleet' build argument 'cmake_clean_cache' from command line to 'False'
[0.741s] Level 5:colcon.colcon_core.verb:set package 'amr_fleet' build argument 'cmake_clean_first' from command line to 'False'
[0.741s] Level 5:colcon.colcon_core.verb:set package 'amr_fleet' build argument 'cmake_force_configure' from command line to 'False'
[0.741s] Level 5:colcon.colcon_core.verb:set package 'amr_fleet' build argument 'ament_cmake_args' from command line to 'None'
[0.742s] Level 5:colcon.colcon_core.verb:set package 'amr_fleet' build argument 'catkin_cmake_args' from command line to 'None'
[0.742s] Level 5:colcon.colcon_core.verb:set package 'amr_fleet' build argument 'catkin_skip_building_tests' from command line to 'False'
[0.742s] DEBUG:colcon.colcon_core.verb:Building package 'amr_fleet' with the following arguments: {'ament_cmake_args': None, 'build_base': '/workspace/github/opticore-amr/ros2_ws/src/build/amr_fleet', 'catkin_cmake_args': None, 'catkin_skip_building_tests': False, 'cmake_args': None, 'cmake_clean_cache': False, 'cmake_clean_first': False, 'cmake_force_configure': False, 'cmake_target': None, 'cmake_target_skip_unavailable': False, 'install_base': '/workspace/github/opticore-amr/ros2_ws/src/install/amr_fleet', 'merge_install': False, 'path': '/workspace/github/opticore-amr/ros2_ws/src/amr_fleet', 'symlink_install': False, 'test_result_base': None}
[0.743s] Level 5:colcon.colcon_core.verb:set package 'amr_navigation' build argument 'cmake_args' from command line to 'None'
[0.743s] Level 5:colcon.colcon_core.verb:set package 'amr_navigation' build argument 'cmake_target' from command line to 'None'
[0.743s] Level 5:colcon.colcon_core.verb:set package 'amr_navigation' build argument 'cmake_target_skip_unavailable' from command line to 'False'
[0.744s] Level 5:colcon.colcon_core.verb:set package 'amr_navigation' build argument 'cmake_clean_cache' from command line to 'False'
[0.744s] Level 5:colcon.colcon_core.verb:set package 'amr_navigation' build argument 'cmake_clean_first' from command line to 'False'
[0.744s] Level 5:colcon.colcon_core.verb:set package 'amr_navigation' build argument 'cmake_force_configure' from command line to 'False'
[0.745s] Level 5:colcon.colcon_core.verb:set package 'amr_navigation' build argument 'ament_cmake_args' from command line to 'None'
[0.746s] Level 5:colcon.colcon_core.verb:set package 'amr_navigation' build argument 'catkin_cmake_args' from command line to 'None'
[0.746s] Level 5:colcon.colcon_core.verb:set package 'amr_navigation' build argument 'catkin_skip_building_tests' from command line to 'False'
[0.746s] DEBUG:colcon.colcon_core.verb:Building package 'amr_navigation' with the following arguments: {'ament_cmake_args': None, 'build_base': '/workspace/github/opticore-amr/ros2_ws/src/build/amr_navigation', 'catkin_cmake_args': None, 'catkin_skip_building_tests': False, 'cmake_args': None, 'cmake_clean_cache': False, 'cmake_clean_first': False, 'cmake_force_configure': False, 'cmake_target': None, 'cmake_target_skip_unavailable': False, 'install_base': '/workspace/github/opticore-amr/ros2_ws/src/install/amr_navigation', 'merge_install': False, 'path': '/workspace/github/opticore-amr/ros2_ws/src/amr_navigation', 'symlink_install': False, 'test_result_base': None}
[0.747s] Level 5:colcon.colcon_core.verb:set package 'amr_perception' build argument 'cmake_args' from command line to 'None'
[0.747s] Level 5:colcon.colcon_core.verb:set package 'amr_perception' build argument 'cmake_target' from command line to 'None'
[0.747s] Level 5:colcon.colcon_core.verb:set package 'amr_perception' build argument 'cmake_target_skip_unavailable' from command line to 'False'
[0.748s] Level 5:colcon.colcon_core.verb:set package 'amr_perception' build argument 'cmake_clean_cache' from command line to 'False'
[0.748s] Level 5:colcon.colcon_core.verb:set package 'amr_perception' build argument 'cmake_clean_first' from command line to 'False'
[0.749s] Level 5:colcon.colcon_core.verb:set package 'amr_perception' build argument 'cmake_force_configure' from command line to 'False'
[0.749s] Level 5:colcon.colcon_core.verb:set package 'amr_perception' build argument 'ament_cmake_args' from command line to 'None'
[0.749s] Level 5:colcon.colcon_core.verb:set package 'amr_perception' build argument 'catkin_cmake_args' from command line to 'None'
[0.750s] Level 5:colcon.colcon_core.verb:set package 'amr_perception' build argument 'catkin_skip_building_tests' from command line to 'False'
[0.751s] DEBUG:colcon.colcon_core.verb:Building package 'amr_perception' with the following arguments: {'ament_cmake_args': None, 'build_base': '/workspace/github/opticore-amr/ros2_ws/src/build/amr_perception', 'catkin_cmake_args': None, 'catkin_skip_building_tests': False, 'cmake_args': None, 'cmake_clean_cache': False, 'cmake_clean_first': False, 'cmake_force_configure': False, 'cmake_target': None, 'cmake_target_skip_unavailable': False, 'install_base': '/workspace/github/opticore-amr/ros2_ws/src/install/amr_perception', 'merge_install': False, 'path': '/workspace/github/opticore-amr/ros2_ws/src/amr_perception', 'symlink_install': False, 'test_result_base': None}
[0.751s] Level 5:colcon.colcon_core.verb:set package 'amr_slam' build argument 'cmake_args' from command line to 'None'
[0.751s] Level 5:colcon.colcon_core.verb:set package 'amr_slam' build argument 'cmake_target' from command line to 'None'
[0.752s] Level 5:colcon.colcon_core.verb:set package 'amr_slam' build argument 'cmake_target_skip_unavailable' from command line to 'False'
[0.752s] Level 5:colcon.colcon_core.verb:set package 'amr_slam' build argument 'cmake_clean_cache' from command line to 'False'
[0.753s] Level 5:colcon.colcon_core.verb:set package 'amr_slam' build argument 'cmake_clean_first' from command line to 'False'
[0.753s] Level 5:colcon.colcon_core.verb:set package 'amr_slam' build argument 'cmake_force_configure' from command line to 'False'
[0.754s] Level 5:colcon.colcon_core.verb:set package 'amr_slam' build argument 'ament_cmake_args' from command line to 'None'
[0.754s] Level 5:colcon.colcon_core.verb:set package 'amr_slam' build argument 'catkin_cmake_args' from command line to 'None'
[0.755s] Level 5:colcon.colcon_core.verb:set package 'amr_slam' build argument 'catkin_skip_building_tests' from command line to 'False'
[0.755s] DEBUG:colcon.colcon_core.verb:Building package 'amr_slam' with the following arguments: {'ament_cmake_args': None, 'build_base': '/workspace/github/opticore-amr/ros2_ws/src/build/amr_slam', 'catkin_cmake_args': None, 'catkin_skip_building_tests': False, 'cmake_args': None, 'cmake_clean_cache': False, 'cmake_clean_first': False, 'cmake_force_configure': False, 'cmake_target': None, 'cmake_target_skip_unavailable': False, 'install_base': '/workspace/github/opticore-amr/ros2_ws/src/install/amr_slam', 'merge_install': False, 'path': '/workspace/github/opticore-amr/ros2_ws/src/amr_slam', 'symlink_install': False, 'test_result_base': None}
[0.756s] INFO:colcon.colcon_core.executor:Executing jobs using 'parallel' executor
[0.758s] DEBUG:colcon.colcon_parallel_executor.executor.parallel:run_until_complete
[0.758s] INFO:colcon.colcon_ros.task.ament_cmake.build:Building ROS package in '/workspace/github/opticore-amr/ros2_ws/src/amr_bringup' with build type 'ament_cmake'
[0.759s] INFO:colcon.colcon_cmake.task.cmake.build:Building CMake package in '/workspace/github/opticore-amr/ros2_ws/src/amr_bringup'
[0.761s] INFO:colcon.colcon_core.plugin_system:Skipping extension 'colcon_core.shell.bat': Not used on non-Windows systems
[0.762s] INFO:colcon.colcon_core.shell:Skip shell extension 'powershell' for command environment: Not usable outside of PowerShell
[0.762s] DEBUG:colcon.colcon_core.shell:Skip shell extension 'dsv' for command environment
[0.843s] INFO:colcon.colcon_ros.task.ament_cmake.build:Building ROS package in '/workspace/github/opticore-amr/ros2_ws/src/amr_fleet' with build type 'ament_cmake'
[0.844s] INFO:colcon.colcon_cmake.task.cmake.build:Building CMake package in '/workspace/github/opticore-amr/ros2_ws/src/amr_fleet'
[0.845s] INFO:colcon.colcon_core.shell:Skip shell extension 'powershell' for command environment: Not usable outside of PowerShell
[0.845s] DEBUG:colcon.colcon_core.shell:Skip shell extension 'dsv' for command environment
[0.921s] INFO:colcon.colcon_ros.task.ament_cmake.build:Building ROS package in '/workspace/github/opticore-amr/ros2_ws/src/amr_navigation' with build type 'ament_cmake'
[0.922s] INFO:colcon.colcon_cmake.task.cmake.build:Building CMake package in '/workspace/github/opticore-amr/ros2_ws/src/amr_navigation'
[0.922s] INFO:colcon.colcon_core.shell:Skip shell extension 'powershell' for command environment: Not usable outside of PowerShell
[0.923s] DEBUG:colcon.colcon_core.shell:Skip shell extension 'dsv' for command environment
[0.993s] INFO:colcon.colcon_ros.task.ament_python.build:Building ROS package in '/workspace/github/opticore-amr/ros2_ws/src/amr_perception' with build type 'ament_python'
[0.994s] Level 1:colcon.colcon_core.shell:create_environment_hook('amr_perception', 'ament_prefix_path')
[0.994s] INFO:colcon.colcon_core.shell:Creating environment hook '/workspace/github/opticore-amr/ros2_ws/src/install/amr_perception/share/amr_perception/hook/ament_prefix_path.ps1'
[1.011s] INFO:colcon.colcon_core.shell:Creating environment descriptor '/workspace/github/opticore-amr/ros2_ws/src/install/amr_perception/share/amr_perception/hook/ament_prefix_path.dsv'
[1.023s] INFO:colcon.colcon_core.shell:Creating environment hook '/workspace/github/opticore-amr/ros2_ws/src/install/amr_perception/share/amr_perception/hook/ament_prefix_path.sh'
[1.036s] INFO:colcon.colcon_core.shell:Skip shell extension 'powershell' for command environment: Not usable outside of PowerShell
[1.036s] DEBUG:colcon.colcon_core.shell:Skip shell extension 'dsv' for command environment
[1.120s] INFO:colcon.colcon_ros.task.ament_cmake.build:Building ROS package in '/workspace/github/opticore-amr/ros2_ws/src/amr_slam' with build type 'ament_cmake'
[1.121s] INFO:colcon.colcon_cmake.task.cmake.build:Building CMake package in '/workspace/github/opticore-amr/ros2_ws/src/amr_slam'
[1.122s] INFO:colcon.colcon_core.shell:Skip shell extension 'powershell' for command environment: Not usable outside of PowerShell
[1.122s] DEBUG:colcon.colcon_core.shell:Skip shell extension 'dsv' for command environment
[1.246s] DEBUG:colcon.colcon_core.event_handler.log_command:Invoking command in '/workspace/github/opticore-amr/ros2_ws/src/build/amr_bringup': CMAKE_PREFIX_PATH=${CMAKE_PREFIX_PATH}:/workspace/ros2_ws/install/amr_perception:/opt/ros/humble /usr/bin/cmake /workspace/github/opticore-amr/ros2_ws/src/amr_bringup -DCMAKE_INSTALL_PREFIX=/workspace/github/opticore-amr/ros2_ws/src/install/amr_bringup
[1.298s] DEBUG:colcon.colcon_core.event_handler.log_command:Invoking command in '/workspace/github/opticore-amr/ros2_ws/src/build/amr_fleet': CMAKE_PREFIX_PATH=${CMAKE_PREFIX_PATH}:/workspace/ros2_ws/install/amr_perception:/opt/ros/humble /usr/bin/cmake /workspace/github/opticore-amr/ros2_ws/src/amr_fleet -DCMAKE_INSTALL_PREFIX=/workspace/github/opticore-amr/ros2_ws/src/install/amr_fleet
[1.336s] DEBUG:colcon.colcon_core.event_handler.log_command:Invoking command in '/workspace/github/opticore-amr/ros2_ws/src/build/amr_navigation': CMAKE_PREFIX_PATH=${CMAKE_PREFIX_PATH}:/workspace/ros2_ws/install/amr_perception:/opt/ros/humble /usr/bin/cmake /workspace/github/opticore-amr/ros2_ws/src/amr_navigation -DCMAKE_INSTALL_PREFIX=/workspace/github/opticore-amr/ros2_ws/src/install/amr_navigation
[1.749s] INFO:colcon.colcon_core.task.python.build:Building Python package in '/workspace/github/opticore-amr/ros2_ws/src/amr_perception'
[1.750s] INFO:colcon.colcon_core.shell:Skip shell extension 'powershell' for command environment: Not usable outside of PowerShell
[1.750s] DEBUG:colcon.colcon_core.shell:Skip shell extension 'dsv' for command environment
[1.900s] DEBUG:colcon.colcon_core.event_handler.log_command:Invoking command in '/workspace/github/opticore-amr/ros2_ws/src/build/amr_slam': CMAKE_PREFIX_PATH=${CMAKE_PREFIX_PATH}:/workspace/ros2_ws/install/amr_perception:/opt/ros/humble /usr/bin/cmake /workspace/github/opticore-amr/ros2_ws/src/amr_slam -DCMAKE_INSTALL_PREFIX=/workspace/github/opticore-amr/ros2_ws/src/install/amr_slam
[2.730s] DEBUG:colcon.colcon_core.event_handler.log_command:Invoking command in '/workspace/github/opticore-amr/ros2_ws/src/amr_perception': PYTHONPATH=/workspace/github/opticore-amr/ros2_ws/src/build/amr_perception/prefix_override:/usr/lib/python3/dist-packages/colcon_core/task/python/colcon_distutils_commands:/workspace/github/opticore-amr/ros2_ws/src/install/amr_perception/lib/python3.10/site-packages:${PYTHONPATH} /usr/bin/python3 -W ignore:setup.py install is deprecated -W ignore:easy_install command is deprecated setup.py egg_info --egg-base ../build/amr_perception build --build-base /workspace/github/opticore-amr/ros2_ws/src/build/amr_perception/build install --record /workspace/github/opticore-amr/ros2_ws/src/build/amr_perception/install.log --single-version-externally-managed install_data
[4.114s] DEBUG:colcon.colcon_core.event_handler.log_command:Invoked command in '/workspace/github/opticore-amr/ros2_ws/src/amr_perception' returned '0': PYTHONPATH=/workspace/github/opticore-amr/ros2_ws/src/build/amr_perception/prefix_override:/usr/lib/python3/dist-packages/colcon_core/task/python/colcon_distutils_commands:/workspace/github/opticore-amr/ros2_ws/src/install/amr_perception/lib/python3.10/site-packages:${PYTHONPATH} /usr/bin/python3 -W ignore:setup.py install is deprecated -W ignore:easy_install command is deprecated setup.py egg_info --egg-base ../build/amr_perception build --build-base /workspace/github/opticore-amr/ros2_ws/src/build/amr_perception/build install --record /workspace/github/opticore-amr/ros2_ws/src/build/amr_perception/install.log --single-version-externally-managed install_data
[4.117s] Level 1:colcon.colcon_core.environment:checking '/workspace/github/opticore-amr/ros2_ws/src/install/amr_perception' for CMake module files
[4.126s] Level 1:colcon.colcon_core.environment:checking '/workspace/github/opticore-amr/ros2_ws/src/install/amr_perception' for CMake config files
[4.145s] Level 1:colcon.colcon_core.environment:checking '/workspace/github/opticore-amr/ros2_ws/src/install/amr_perception/lib'
[4.147s] Level 1:colcon.colcon_core.environment:checking '/workspace/github/opticore-amr/ros2_ws/src/install/amr_perception/bin'
[4.148s] Level 1:colcon.colcon_core.environment:checking '/workspace/github/opticore-amr/ros2_ws/src/install/amr_perception/lib/pkgconfig/amr_perception.pc'
[4.149s] Level 1:colcon.colcon_core.environment:checking '/workspace/github/opticore-amr/ros2_ws/src/install/amr_perception/lib/python3.10/site-packages'
[4.150s] Level 1:colcon.colcon_core.shell:create_environment_hook('amr_perception', 'pythonpath')
[4.151s] INFO:colcon.colcon_core.shell:Creating environment hook '/workspace/github/opticore-amr/ros2_ws/src/install/amr_perception/share/amr_perception/hook/pythonpath.ps1'
[4.164s] INFO:colcon.colcon_core.shell:Creating environment descriptor '/workspace/github/opticore-amr/ros2_ws/src/install/amr_perception/share/amr_perception/hook/pythonpath.dsv'
[4.174s] INFO:colcon.colcon_core.shell:Creating environment hook '/workspace/github/opticore-amr/ros2_ws/src/install/amr_perception/share/amr_perception/hook/pythonpath.sh'
[4.205s] Level 1:colcon.colcon_core.environment:checking '/workspace/github/opticore-amr/ros2_ws/src/install/amr_perception/bin'
[4.206s] Level 1:colcon.colcon_core.environment:create_environment_scripts_only(amr_perception)
[4.207s] INFO:colcon.colcon_core.shell:Creating package script '/workspace/github/opticore-amr/ros2_ws/src/install/amr_perception/share/amr_perception/package.ps1'
[4.219s] INFO:colcon.colcon_core.shell:Creating package descriptor '/workspace/github/opticore-amr/ros2_ws/src/install/amr_perception/share/amr_perception/package.dsv'
[4.231s] INFO:colcon.colcon_core.shell:Creating package script '/workspace/github/opticore-amr/ros2_ws/src/install/amr_perception/share/amr_perception/package.sh'
[4.244s] INFO:colcon.colcon_core.shell:Creating package script '/workspace/github/opticore-amr/ros2_ws/src/install/amr_perception/share/amr_perception/package.bash'
[4.257s] INFO:colcon.colcon_core.shell:Creating package script '/workspace/github/opticore-amr/ros2_ws/src/install/amr_perception/share/amr_perception/package.zsh'
[4.269s] Level 1:colcon.colcon_core.environment:create_file_with_runtime_dependencies(/workspace/github/opticore-amr/ros2_ws/src/install/amr_perception/share/colcon-core/packages/amr_perception)
[7.875s] DEBUG:colcon.colcon_core.event_handler.log_command:Invoked command in '/workspace/github/opticore-amr/ros2_ws/src/build/amr_bringup' returned '0': CMAKE_PREFIX_PATH=${CMAKE_PREFIX_PATH}:/workspace/ros2_ws/install/amr_perception:/opt/ros/humble /usr/bin/cmake /workspace/github/opticore-amr/ros2_ws/src/amr_bringup -DCMAKE_INSTALL_PREFIX=/workspace/github/opticore-amr/ros2_ws/src/install/amr_bringup
[7.904s] DEBUG:colcon.colcon_core.event_handler.log_command:Invoking command in '/workspace/github/opticore-amr/ros2_ws/src/build/amr_bringup': CMAKE_PREFIX_PATH=${CMAKE_PREFIX_PATH}:/workspace/ros2_ws/install/amr_perception:/opt/ros/humble /usr/bin/cmake --build /workspace/github/opticore-amr/ros2_ws/src/build/amr_bringup -- -j112 -l112
[8.012s] DEBUG:colcon.colcon_core.event_handler.log_command:Invoked command in '/workspace/github/opticore-amr/ros2_ws/src/build/amr_bringup' returned '0': CMAKE_PREFIX_PATH=${CMAKE_PREFIX_PATH}:/workspace/ros2_ws/install/amr_perception:/opt/ros/humble /usr/bin/cmake --build /workspace/github/opticore-amr/ros2_ws/src/build/amr_bringup -- -j112 -l112
[8.038s] DEBUG:colcon.colcon_core.event_handler.log_command:Invoking command in '/workspace/github/opticore-amr/ros2_ws/src/build/amr_bringup': CMAKE_PREFIX_PATH=${CMAKE_PREFIX_PATH}:/workspace/ros2_ws/install/amr_perception:/opt/ros/humble /usr/bin/cmake --install /workspace/github/opticore-amr/ros2_ws/src/build/amr_bringup
[9.734s] Level 1:colcon.colcon_core.environment:create_environment_scripts_only(amr_bringup)
[9.735s] Level 1:colcon.colcon_core.environment:checking '/workspace/github/opticore-amr/ros2_ws/src/install/amr_bringup' for CMake module files
[9.735s] DEBUG:colcon.colcon_core.event_handler.log_command:Invoked command in '/workspace/github/opticore-amr/ros2_ws/src/build/amr_bringup' returned '0': CMAKE_PREFIX_PATH=${CMAKE_PREFIX_PATH}:/workspace/ros2_ws/install/amr_perception:/opt/ros/humble /usr/bin/cmake --install /workspace/github/opticore-amr/ros2_ws/src/build/amr_bringup
[9.759s] Level 1:colcon.colcon_core.environment:checking '/workspace/github/opticore-amr/ros2_ws/src/install/amr_bringup' for CMake config files
[9.798s] Level 1:colcon.colcon_core.shell:create_environment_hook('amr_bringup', 'cmake_prefix_path')
[9.799s] INFO:colcon.colcon_core.shell:Creating environment hook '/workspace/github/opticore-amr/ros2_ws/src/install/amr_bringup/share/amr_bringup/hook/cmake_prefix_path.ps1'
[9.811s] INFO:colcon.colcon_core.shell:Creating environment descriptor '/workspace/github/opticore-amr/ros2_ws/src/install/amr_bringup/share/amr_bringup/hook/cmake_prefix_path.dsv'
[9.824s] INFO:colcon.colcon_core.shell:Creating environment hook '/workspace/github/opticore-amr/ros2_ws/src/install/amr_bringup/share/amr_bringup/hook/cmake_prefix_path.sh'
[9.842s] Level 1:colcon.colcon_core.environment:checking '/workspace/github/opticore-amr/ros2_ws/src/install/amr_bringup/lib'
[9.845s] Level 1:colcon.colcon_core.environment:checking '/workspace/github/opticore-amr/ros2_ws/src/install/amr_bringup/bin'
[9.846s] Level 1:colcon.colcon_core.environment:checking '/workspace/github/opticore-amr/ros2_ws/src/install/amr_bringup/lib/pkgconfig/amr_bringup.pc'
[9.847s] Level 1:colcon.colcon_core.environment:checking '/workspace/github/opticore-amr/ros2_ws/src/install/amr_bringup/lib/python3.10/site-packages'
[9.849s] Level 1:colcon.colcon_core.environment:checking '/workspace/github/opticore-amr/ros2_ws/src/install/amr_bringup/bin'
[9.851s] INFO:colcon.colcon_core.shell:Creating package script '/workspace/github/opticore-amr/ros2_ws/src/install/amr_bringup/share/amr_bringup/package.ps1'
[9.865s] INFO:colcon.colcon_core.shell:Creating package descriptor '/workspace/github/opticore-amr/ros2_ws/src/install/amr_bringup/share/amr_bringup/package.dsv'
[9.893s] INFO:colcon.colcon_core.shell:Creating package script '/workspace/github/opticore-amr/ros2_ws/src/install/amr_bringup/share/amr_bringup/package.sh'
[9.908s] INFO:colcon.colcon_core.shell:Creating package script '/workspace/github/opticore-amr/ros2_ws/src/install/amr_bringup/share/amr_bringup/package.bash'
[9.921s] INFO:colcon.colcon_core.shell:Creating package script '/workspace/github/opticore-amr/ros2_ws/src/install/amr_bringup/share/amr_bringup/package.zsh'
[9.936s] Level 1:colcon.colcon_core.environment:create_file_with_runtime_dependencies(/workspace/github/opticore-amr/ros2_ws/src/install/amr_bringup/share/colcon-core/packages/amr_bringup)
[9.966s] Level 1:colcon.colcon_core.environment:create_environment_scripts_only(amr_bringup)
[9.967s] Level 1:colcon.colcon_core.environment:checking '/workspace/github/opticore-amr/ros2_ws/src/install/amr_bringup' for CMake module files
[10.006s] Level 1:colcon.colcon_core.environment:checking '/workspace/github/opticore-amr/ros2_ws/src/install/amr_bringup' for CMake config files
[10.033s] Level 1:colcon.colcon_core.shell:create_environment_hook('amr_bringup', 'cmake_prefix_path')
[10.034s] INFO:colcon.colcon_core.shell:Creating environment hook '/workspace/github/opticore-amr/ros2_ws/src/install/amr_bringup/share/amr_bringup/hook/cmake_prefix_path.ps1'
[10.047s] INFO:colcon.colcon_core.shell:Creating environment descriptor '/workspace/github/opticore-amr/ros2_ws/src/install/amr_bringup/share/amr_bringup/hook/cmake_prefix_path.dsv'
[10.061s] INFO:colcon.colcon_core.shell:Creating environment hook '/workspace/github/opticore-amr/ros2_ws/src/install/amr_bringup/share/amr_bringup/hook/cmake_prefix_path.sh'
[10.092s] Level 1:colcon.colcon_core.environment:checking '/workspace/github/opticore-amr/ros2_ws/src/install/amr_bringup/lib'
[10.094s] Level 1:colcon.colcon_core.environment:checking '/workspace/github/opticore-amr/ros2_ws/src/install/amr_bringup/bin'
[10.095s] Level 1:colcon.colcon_core.environment:checking '/workspace/github/opticore-amr/ros2_ws/src/install/amr_bringup/lib/pkgconfig/amr_bringup.pc'
[10.097s] Level 1:colcon.colcon_core.environment:checking '/workspace/github/opticore-amr/ros2_ws/src/install/amr_bringup/lib/python3.10/site-packages'
[10.098s] Level 1:colcon.colcon_core.environment:checking '/workspace/github/opticore-amr/ros2_ws/src/install/amr_bringup/bin'
[10.101s] INFO:colcon.colcon_core.shell:Creating package script '/workspace/github/opticore-amr/ros2_ws/src/install/amr_bringup/share/amr_bringup/package.ps1'
[10.115s] INFO:colcon.colcon_core.shell:Creating package descriptor '/workspace/github/opticore-amr/ros2_ws/src/install/amr_bringup/share/amr_bringup/package.dsv'
[10.129s] INFO:colcon.colcon_core.shell:Creating package script '/workspace/github/opticore-amr/ros2_ws/src/install/amr_bringup/share/amr_bringup/package.sh'
[10.141s] INFO:colcon.colcon_core.shell:Creating package script '/workspace/github/opticore-amr/ros2_ws/src/install/amr_bringup/share/amr_bringup/package.bash'
[10.152s] INFO:colcon.colcon_core.shell:Creating package script '/workspace/github/opticore-amr/ros2_ws/src/install/amr_bringup/share/amr_bringup/package.zsh'
[10.164s] Level 1:colcon.colcon_core.environment:create_file_with_runtime_dependencies(/workspace/github/opticore-amr/ros2_ws/src/install/amr_bringup/share/colcon-core/packages/amr_bringup)
[18.069s] DEBUG:colcon.colcon_core.event_handler.log_command:Invoked command in '/workspace/github/opticore-amr/ros2_ws/src/build/amr_fleet' returned '0': CMAKE_PREFIX_PATH=${CMAKE_PREFIX_PATH}:/workspace/ros2_ws/install/amr_perception:/opt/ros/humble /usr/bin/cmake /workspace/github/opticore-amr/ros2_ws/src/amr_fleet -DCMAKE_INSTALL_PREFIX=/workspace/github/opticore-amr/ros2_ws/src/install/amr_fleet
[18.100s] DEBUG:colcon.colcon_core.event_handler.log_command:Invoking command in '/workspace/github/opticore-amr/ros2_ws/src/build/amr_fleet': CMAKE_PREFIX_PATH=${CMAKE_PREFIX_PATH}:/workspace/ros2_ws/install/amr_perception:/opt/ros/humble /usr/bin/cmake --build /workspace/github/opticore-amr/ros2_ws/src/build/amr_fleet -- -j112 -l112
[18.245s] DEBUG:colcon.colcon_core.event_handler.log_command:Invoked command in '/workspace/github/opticore-amr/ros2_ws/src/build/amr_fleet' returned '0': CMAKE_PREFIX_PATH=${CMAKE_PREFIX_PATH}:/workspace/ros2_ws/install/amr_perception:/opt/ros/humble /usr/bin/cmake --build /workspace/github/opticore-amr/ros2_ws/src/build/amr_fleet -- -j112 -l112
[18.263s] DEBUG:colcon.colcon_core.event_handler.log_command:Invoking command in '/workspace/github/opticore-amr/ros2_ws/src/build/amr_fleet': CMAKE_PREFIX_PATH=${CMAKE_PREFIX_PATH}:/workspace/ros2_ws/install/amr_perception:/opt/ros/humble /usr/bin/cmake --install /workspace/github/opticore-amr/ros2_ws/src/build/amr_fleet
[18.912s] Level 1:colcon.colcon_core.environment:create_environment_scripts_only(amr_fleet)
[18.913s] Level 1:colcon.colcon_core.environment:checking '/workspace/github/opticore-amr/ros2_ws/src/install/amr_fleet' for CMake module files
[18.913s] DEBUG:colcon.colcon_core.event_handler.log_command:Invoked command in '/workspace/github/opticore-amr/ros2_ws/src/build/amr_fleet' returned '0': CMAKE_PREFIX_PATH=${CMAKE_PREFIX_PATH}:/workspace/ros2_ws/install/amr_perception:/opt/ros/humble /usr/bin/cmake --install /workspace/github/opticore-amr/ros2_ws/src/build/amr_fleet
[18.935s] Level 1:colcon.colcon_core.environment:checking '/workspace/github/opticore-amr/ros2_ws/src/install/amr_fleet' for CMake config files
[18.945s] Level 1:colcon.colcon_core.shell:create_environment_hook('amr_fleet', 'cmake_prefix_path')
[18.946s] INFO:colcon.colcon_core.shell:Creating environment hook '/workspace/github/opticore-amr/ros2_ws/src/install/amr_fleet/share/amr_fleet/hook/cmake_prefix_path.ps1'
[18.960s] INFO:colcon.colcon_core.shell:Creating environment descriptor '/workspace/github/opticore-amr/ros2_ws/src/install/amr_fleet/share/amr_fleet/hook/cmake_prefix_path.dsv'
[18.974s] INFO:colcon.colcon_core.shell:Creating environment hook '/workspace/github/opticore-amr/ros2_ws/src/install/amr_fleet/share/amr_fleet/hook/cmake_prefix_path.sh'
[19.006s] Level 1:colcon.colcon_core.environment:checking '/workspace/github/opticore-amr/ros2_ws/src/install/amr_fleet/bin'
[19.007s] Level 1:colcon.colcon_core.environment:checking '/workspace/github/opticore-amr/ros2_ws/src/install/amr_fleet/lib/pkgconfig/amr_fleet.pc'
[19.009s] Level 1:colcon.colcon_core.environment:checking '/workspace/github/opticore-amr/ros2_ws/src/install/amr_fleet/lib/python3.10/site-packages'
[19.011s] Level 1:colcon.colcon_core.environment:checking '/workspace/github/opticore-amr/ros2_ws/src/install/amr_fleet/bin'
[19.013s] INFO:colcon.colcon_core.shell:Creating package script '/workspace/github/opticore-amr/ros2_ws/src/install/amr_fleet/share/amr_fleet/package.ps1'
[19.027s] INFO:colcon.colcon_core.shell:Creating package descriptor '/workspace/github/opticore-amr/ros2_ws/src/install/amr_fleet/share/amr_fleet/package.dsv'
[19.042s] INFO:colcon.colcon_core.shell:Creating package script '/workspace/github/opticore-amr/ros2_ws/src/install/amr_fleet/share/amr_fleet/package.sh'
[19.056s] INFO:colcon.colcon_core.shell:Creating package script '/workspace/github/opticore-amr/ros2_ws/src/install/amr_fleet/share/amr_fleet/package.bash'
[19.070s] INFO:colcon.colcon_core.shell:Creating package script '/workspace/github/opticore-amr/ros2_ws/src/install/amr_fleet/share/amr_fleet/package.zsh'
[19.099s] Level 1:colcon.colcon_core.environment:create_file_with_runtime_dependencies(/workspace/github/opticore-amr/ros2_ws/src/install/amr_fleet/share/colcon-core/packages/amr_fleet)
[19.126s] Level 1:colcon.colcon_core.environment:create_environment_scripts_only(amr_fleet)
[19.126s] Level 1:colcon.colcon_core.environment:checking '/workspace/github/opticore-amr/ros2_ws/src/install/amr_fleet' for CMake module files
[19.148s] Level 1:colcon.colcon_core.environment:checking '/workspace/github/opticore-amr/ros2_ws/src/install/amr_fleet' for CMake config files
[19.161s] Level 1:colcon.colcon_core.shell:create_environment_hook('amr_fleet', 'cmake_prefix_path')
[19.162s] INFO:colcon.colcon_core.shell:Creating environment hook '/workspace/github/opticore-amr/ros2_ws/src/install/amr_fleet/share/amr_fleet/hook/cmake_prefix_path.ps1'
[19.191s] INFO:colcon.colcon_core.shell:Creating environment descriptor '/workspace/github/opticore-amr/ros2_ws/src/install/amr_fleet/share/amr_fleet/hook/cmake_prefix_path.dsv'
[19.204s] INFO:colcon.colcon_core.shell:Creating environment hook '/workspace/github/opticore-amr/ros2_ws/src/install/amr_fleet/share/amr_fleet/hook/cmake_prefix_path.sh'
[19.221s] Level 1:colcon.colcon_core.environment:checking '/workspace/github/opticore-amr/ros2_ws/src/install/amr_fleet/bin'
[19.222s] Level 1:colcon.colcon_core.environment:checking '/workspace/github/opticore-amr/ros2_ws/src/install/amr_fleet/lib/pkgconfig/amr_fleet.pc'
[19.224s] Level 1:colcon.colcon_core.environment:checking '/workspace/github/opticore-amr/ros2_ws/src/install/amr_fleet/lib/python3.10/site-packages'
[19.226s] Level 1:colcon.colcon_core.environment:checking '/workspace/github/opticore-amr/ros2_ws/src/install/amr_fleet/bin'
[19.227s] INFO:colcon.colcon_core.shell:Creating package script '/workspace/github/opticore-amr/ros2_ws/src/install/amr_fleet/share/amr_fleet/package.ps1'
[19.241s] INFO:colcon.colcon_core.shell:Creating package descriptor '/workspace/github/opticore-amr/ros2_ws/src/install/amr_fleet/share/amr_fleet/package.dsv'
[19.255s] INFO:colcon.colcon_core.shell:Creating package script '/workspace/github/opticore-amr/ros2_ws/src/install/amr_fleet/share/amr_fleet/package.sh'
[19.269s] INFO:colcon.colcon_core.shell:Creating package script '/workspace/github/opticore-amr/ros2_ws/src/install/amr_fleet/share/amr_fleet/package.bash'
[19.294s] INFO:colcon.colcon_core.shell:Creating package script '/workspace/github/opticore-amr/ros2_ws/src/install/amr_fleet/share/amr_fleet/package.zsh'
[19.307s] Level 1:colcon.colcon_core.environment:create_file_with_runtime_dependencies(/workspace/github/opticore-amr/ros2_ws/src/install/amr_fleet/share/colcon-core/packages/amr_fleet)
[20.731s] DEBUG:colcon.colcon_core.event_handler.log_command:Invoked command in '/workspace/github/opticore-amr/ros2_ws/src/build/amr_navigation' returned '0': CMAKE_PREFIX_PATH=${CMAKE_PREFIX_PATH}:/workspace/ros2_ws/install/amr_perception:/opt/ros/humble /usr/bin/cmake /workspace/github/opticore-amr/ros2_ws/src/amr_navigation -DCMAKE_INSTALL_PREFIX=/workspace/github/opticore-amr/ros2_ws/src/install/amr_navigation
[20.744s] DEBUG:colcon.colcon_core.event_handler.log_command:Invoking command in '/workspace/github/opticore-amr/ros2_ws/src/build/amr_navigation': CMAKE_PREFIX_PATH=${CMAKE_PREFIX_PATH}:/workspace/ros2_ws/install/amr_perception:/opt/ros/humble /usr/bin/cmake --build /workspace/github/opticore-amr/ros2_ws/src/build/amr_navigation -- -j112 -l112
[20.921s] DEBUG:colcon.colcon_core.event_handler.log_command:Invoked command in '/workspace/github/opticore-amr/ros2_ws/src/build/amr_navigation' returned '0': CMAKE_PREFIX_PATH=${CMAKE_PREFIX_PATH}:/workspace/ros2_ws/install/amr_perception:/opt/ros/humble /usr/bin/cmake --build /workspace/github/opticore-amr/ros2_ws/src/build/amr_navigation -- -j112 -l112
[20.939s] DEBUG:colcon.colcon_core.event_handler.log_command:Invoking command in '/workspace/github/opticore-amr/ros2_ws/src/build/amr_navigation': CMAKE_PREFIX_PATH=${CMAKE_PREFIX_PATH}:/workspace/ros2_ws/install/amr_perception:/opt/ros/humble /usr/bin/cmake --install /workspace/github/opticore-amr/ros2_ws/src/build/amr_navigation
[21.057s] DEBUG:colcon.colcon_core.event_handler.log_command:Invoked command in '/workspace/github/opticore-amr/ros2_ws/src/build/amr_slam' returned '0': CMAKE_PREFIX_PATH=${CMAKE_PREFIX_PATH}:/workspace/ros2_ws/install/amr_perception:/opt/ros/humble /usr/bin/cmake /workspace/github/opticore-amr/ros2_ws/src/amr_slam -DCMAKE_INSTALL_PREFIX=/workspace/github/opticore-amr/ros2_ws/src/install/amr_slam
[21.071s] DEBUG:colcon.colcon_core.event_handler.log_command:Invoking command in '/workspace/github/opticore-amr/ros2_ws/src/build/amr_slam': CMAKE_PREFIX_PATH=${CMAKE_PREFIX_PATH}:/workspace/ros2_ws/install/amr_perception:/opt/ros/humble /usr/bin/cmake --build /workspace/github/opticore-amr/ros2_ws/src/build/amr_slam -- -j112 -l112
[21.222s] DEBUG:colcon.colcon_core.event_handler.log_command:Invoked command in '/workspace/github/opticore-amr/ros2_ws/src/build/amr_slam' returned '0': CMAKE_PREFIX_PATH=${CMAKE_PREFIX_PATH}:/workspace/ros2_ws/install/amr_perception:/opt/ros/humble /usr/bin/cmake --build /workspace/github/opticore-amr/ros2_ws/src/build/amr_slam -- -j112 -l112
[21.242s] DEBUG:colcon.colcon_core.event_handler.log_command:Invoking command in '/workspace/github/opticore-amr/ros2_ws/src/build/amr_slam': CMAKE_PREFIX_PATH=${CMAKE_PREFIX_PATH}:/workspace/ros2_ws/install/amr_perception:/opt/ros/humble /usr/bin/cmake --install /workspace/github/opticore-amr/ros2_ws/src/build/amr_slam
[21.593s] Level 1:colcon.colcon_core.environment:create_environment_scripts_only(amr_navigation)
[21.594s] Level 1:colcon.colcon_core.environment:checking '/workspace/github/opticore-amr/ros2_ws/src/install/amr_navigation' for CMake module files
[21.594s] DEBUG:colcon.colcon_core.event_handler.log_command:Invoked command in '/workspace/github/opticore-amr/ros2_ws/src/build/amr_navigation' returned '0': CMAKE_PREFIX_PATH=${CMAKE_PREFIX_PATH}:/workspace/ros2_ws/install/amr_perception:/opt/ros/humble /usr/bin/cmake --install /workspace/github/opticore-amr/ros2_ws/src/build/amr_navigation
[21.616s] Level 1:colcon.colcon_core.environment:checking '/workspace/github/opticore-amr/ros2_ws/src/install/amr_navigation' for CMake config files
[21.624s] Level 1:colcon.colcon_core.shell:create_environment_hook('amr_navigation', 'cmake_prefix_path')
[21.624s] INFO:colcon.colcon_core.shell:Creating environment hook '/workspace/github/opticore-amr/ros2_ws/src/install/amr_navigation/share/amr_navigation/hook/cmake_prefix_path.ps1'
[21.637s] INFO:colcon.colcon_core.shell:Creating environment descriptor '/workspace/github/opticore-amr/ros2_ws/src/install/amr_navigation/share/amr_navigation/hook/cmake_prefix_path.dsv'
[21.650s] INFO:colcon.colcon_core.shell:Creating environment hook '/workspace/github/opticore-amr/ros2_ws/src/install/amr_navigation/share/amr_navigation/hook/cmake_prefix_path.sh'
[21.669s] Level 1:colcon.colcon_core.environment:checking '/workspace/github/opticore-amr/ros2_ws/src/install/amr_navigation/bin'
[21.670s] Level 1:colcon.colcon_core.environment:checking '/workspace/github/opticore-amr/ros2_ws/src/install/amr_navigation/lib/pkgconfig/amr_navigation.pc'
[21.672s] Level 1:colcon.colcon_core.environment:checking '/workspace/github/opticore-amr/ros2_ws/src/install/amr_navigation/lib/python3.10/site-packages'
[21.674s] Level 1:colcon.colcon_core.environment:checking '/workspace/github/opticore-amr/ros2_ws/src/install/amr_navigation/bin'
[21.693s] INFO:colcon.colcon_core.shell:Creating package script '/workspace/github/opticore-amr/ros2_ws/src/install/amr_navigation/share/amr_navigation/package.ps1'
[21.708s] INFO:colcon.colcon_core.shell:Creating package descriptor '/workspace/github/opticore-amr/ros2_ws/src/install/amr_navigation/share/amr_navigation/package.dsv'
[21.722s] INFO:colcon.colcon_core.shell:Creating package script '/workspace/github/opticore-amr/ros2_ws/src/install/amr_navigation/share/amr_navigation/package.sh'
[21.735s] INFO:colcon.colcon_core.shell:Creating package script '/workspace/github/opticore-amr/ros2_ws/src/install/amr_navigation/share/amr_navigation/package.bash'
[21.747s] INFO:colcon.colcon_core.shell:Creating package script '/workspace/github/opticore-amr/ros2_ws/src/install/amr_navigation/share/amr_navigation/package.zsh'
[21.761s] Level 1:colcon.colcon_core.environment:create_file_with_runtime_dependencies(/workspace/github/opticore-amr/ros2_ws/src/install/amr_navigation/share/colcon-core/packages/amr_navigation)
[21.801s] Level 1:colcon.colcon_core.environment:create_environment_scripts_only(amr_navigation)
[21.802s] Level 1:colcon.colcon_core.environment:checking '/workspace/github/opticore-amr/ros2_ws/src/install/amr_navigation' for CMake module files
[21.823s] Level 1:colcon.colcon_core.environment:checking '/workspace/github/opticore-amr/ros2_ws/src/install/amr_navigation' for CMake config files
[21.838s] Level 1:colcon.colcon_core.shell:create_environment_hook('amr_navigation', 'cmake_prefix_path')
[21.839s] INFO:colcon.colcon_core.shell:Creating environment hook '/workspace/github/opticore-amr/ros2_ws/src/install/amr_navigation/share/amr_navigation/hook/cmake_prefix_path.ps1'
[21.851s] INFO:colcon.colcon_core.shell:Creating environment descriptor '/workspace/github/opticore-amr/ros2_ws/src/install/amr_navigation/share/amr_navigation/hook/cmake_prefix_path.dsv'
[21.864s] INFO:colcon.colcon_core.shell:Creating environment hook '/workspace/github/opticore-amr/ros2_ws/src/install/amr_navigation/share/amr_navigation/hook/cmake_prefix_path.sh'
[21.897s] Level 1:colcon.colcon_core.environment:checking '/workspace/github/opticore-amr/ros2_ws/src/install/amr_navigation/bin'
[21.898s] Level 1:colcon.colcon_core.environment:checking '/workspace/github/opticore-amr/ros2_ws/src/install/amr_navigation/lib/pkgconfig/amr_navigation.pc'
[21.899s] Level 1:colcon.colcon_core.environment:checking '/workspace/github/opticore-amr/ros2_ws/src/install/amr_navigation/lib/python3.10/site-packages'
[21.902s] Level 1:colcon.colcon_core.environment:checking '/workspace/github/opticore-amr/ros2_ws/src/install/amr_navigation/bin'
[21.904s] INFO:colcon.colcon_core.shell:Creating package script '/workspace/github/opticore-amr/ros2_ws/src/install/amr_navigation/share/amr_navigation/package.ps1'
[21.919s] INFO:colcon.colcon_core.shell:Creating package descriptor '/workspace/github/opticore-amr/ros2_ws/src/install/amr_navigation/share/amr_navigation/package.dsv'
[21.936s] INFO:colcon.colcon_core.shell:Creating package script '/workspace/github/opticore-amr/ros2_ws/src/install/amr_navigation/share/amr_navigation/package.sh'
[21.952s] INFO:colcon.colcon_core.shell:Creating package script '/workspace/github/opticore-amr/ros2_ws/src/install/amr_navigation/share/amr_navigation/package.bash'
[21.968s] INFO:colcon.colcon_core.shell:Creating package script '/workspace/github/opticore-amr/ros2_ws/src/install/amr_navigation/share/amr_navigation/package.zsh'
[21.994s] Level 1:colcon.colcon_core.environment:create_file_with_runtime_dependencies(/workspace/github/opticore-amr/ros2_ws/src/install/amr_navigation/share/colcon-core/packages/amr_navigation)
[22.009s] Level 1:colcon.colcon_core.environment:create_environment_scripts_only(amr_slam)
[22.011s] Level 1:colcon.colcon_core.environment:checking '/workspace/github/opticore-amr/ros2_ws/src/install/amr_slam' for CMake module files
[22.021s] DEBUG:colcon.colcon_core.event_handler.log_command:Invoked command in '/workspace/github/opticore-amr/ros2_ws/src/build/amr_slam' returned '0': CMAKE_PREFIX_PATH=${CMAKE_PREFIX_PATH}:/workspace/ros2_ws/install/amr_perception:/opt/ros/humble /usr/bin/cmake --install /workspace/github/opticore-amr/ros2_ws/src/build/amr_slam
[22.033s] Level 1:colcon.colcon_core.environment:checking '/workspace/github/opticore-amr/ros2_ws/src/install/amr_slam' for CMake config files
[22.042s] Level 1:colcon.colcon_core.shell:create_environment_hook('amr_slam', 'cmake_prefix_path')
[22.043s] INFO:colcon.colcon_core.shell:Creating environment hook '/workspace/github/opticore-amr/ros2_ws/src/install/amr_slam/share/amr_slam/hook/cmake_prefix_path.ps1'
[22.058s] INFO:colcon.colcon_core.shell:Creating environment descriptor '/workspace/github/opticore-amr/ros2_ws/src/install/amr_slam/share/amr_slam/hook/cmake_prefix_path.dsv'
[22.073s] INFO:colcon.colcon_core.shell:Creating environment hook '/workspace/github/opticore-amr/ros2_ws/src/install/amr_slam/share/amr_slam/hook/cmake_prefix_path.sh'
[22.104s] Level 1:colcon.colcon_core.environment:checking '/workspace/github/opticore-amr/ros2_ws/src/install/amr_slam/bin'
[22.105s] Level 1:colcon.colcon_core.environment:checking '/workspace/github/opticore-amr/ros2_ws/src/install/amr_slam/lib/pkgconfig/amr_slam.pc'
[22.107s] Level 1:colcon.colcon_core.environment:checking '/workspace/github/opticore-amr/ros2_ws/src/install/amr_slam/lib/python3.10/site-packages'
[22.108s] Level 1:colcon.colcon_core.environment:checking '/workspace/github/opticore-amr/ros2_ws/src/install/amr_slam/bin'
[22.110s] INFO:colcon.colcon_core.shell:Creating package script '/workspace/github/opticore-amr/ros2_ws/src/install/amr_slam/share/amr_slam/package.ps1'
[22.127s] INFO:colcon.colcon_core.shell:Creating package descriptor '/workspace/github/opticore-amr/ros2_ws/src/install/amr_slam/share/amr_slam/package.dsv'
[22.141s] INFO:colcon.colcon_core.shell:Creating package script '/workspace/github/opticore-amr/ros2_ws/src/install/amr_slam/share/amr_slam/package.sh'
[22.191s] INFO:colcon.colcon_core.shell:Creating package script '/workspace/github/opticore-amr/ros2_ws/src/install/amr_slam/share/amr_slam/package.bash'
[22.211s] INFO:colcon.colcon_core.shell:Creating package script '/workspace/github/opticore-amr/ros2_ws/src/install/amr_slam/share/amr_slam/package.zsh'
[22.225s] Level 1:colcon.colcon_core.environment:create_file_with_runtime_dependencies(/workspace/github/opticore-amr/ros2_ws/src/install/amr_slam/share/colcon-core/packages/amr_slam)
[22.249s] Level 1:colcon.colcon_core.environment:create_environment_scripts_only(amr_slam)
[22.250s] Level 1:colcon.colcon_core.environment:checking '/workspace/github/opticore-amr/ros2_ws/src/install/amr_slam' for CMake module files
[22.271s] Level 1:colcon.colcon_core.environment:checking '/workspace/github/opticore-amr/ros2_ws/src/install/amr_slam' for CMake config files
[22.321s] Level 1:colcon.colcon_core.shell:create_environment_hook('amr_slam', 'cmake_prefix_path')
[22.322s] INFO:colcon.colcon_core.shell:Creating environment hook '/workspace/github/opticore-amr/ros2_ws/src/install/amr_slam/share/amr_slam/hook/cmake_prefix_path.ps1'
[22.341s] INFO:colcon.colcon_core.shell:Creating environment descriptor '/workspace/github/opticore-amr/ros2_ws/src/install/amr_slam/share/amr_slam/hook/cmake_prefix_path.dsv'
[22.360s] INFO:colcon.colcon_core.shell:Creating environment hook '/workspace/github/opticore-amr/ros2_ws/src/install/amr_slam/share/amr_slam/hook/cmake_prefix_path.sh'
[22.374s] Level 1:colcon.colcon_core.environment:checking '/workspace/github/opticore-amr/ros2_ws/src/install/amr_slam/bin'
[22.390s] Level 1:colcon.colcon_core.environment:checking '/workspace/github/opticore-amr/ros2_ws/src/install/amr_slam/lib/pkgconfig/amr_slam.pc'
[22.392s] Level 1:colcon.colcon_core.environment:checking '/workspace/github/opticore-amr/ros2_ws/src/install/amr_slam/lib/python3.10/site-packages'
[22.394s] Level 1:colcon.colcon_core.environment:checking '/workspace/github/opticore-amr/ros2_ws/src/install/amr_slam/bin'
[22.396s] INFO:colcon.colcon_core.shell:Creating package script '/workspace/github/opticore-amr/ros2_ws/src/install/amr_slam/share/amr_slam/package.ps1'
[22.411s] INFO:colcon.colcon_core.shell:Creating package descriptor '/workspace/github/opticore-amr/ros2_ws/src/install/amr_slam/share/amr_slam/package.dsv'
[22.427s] INFO:colcon.colcon_core.shell:Creating package script '/workspace/github/opticore-amr/ros2_ws/src/install/amr_slam/share/amr_slam/package.sh'
[22.458s] INFO:colcon.colcon_core.shell:Creating package script '/workspace/github/opticore-amr/ros2_ws/src/install/amr_slam/share/amr_slam/package.bash'
[22.472s] INFO:colcon.colcon_core.shell:Creating package script '/workspace/github/opticore-amr/ros2_ws/src/install/amr_slam/share/amr_slam/package.zsh'
[22.511s] Level 1:colcon.colcon_core.environment:create_file_with_runtime_dependencies(/workspace/github/opticore-amr/ros2_ws/src/install/amr_slam/share/colcon-core/packages/amr_slam)
[22.524s] DEBUG:colcon.colcon_parallel_executor.executor.parallel:closing loop
[22.526s] DEBUG:colcon.colcon_parallel_executor.executor.parallel:loop closed
[22.526s] DEBUG:colcon.colcon_parallel_executor.executor.parallel:run_until_complete finished with '0'
[22.527s] DEBUG:colcon.colcon_core.event_reactor:joining thread
[22.544s] DEBUG:colcon.colcon_core.event_reactor:joined thread
[22.545s] INFO:colcon.colcon_core.shell:Creating prefix script '/workspace/github/opticore-amr/ros2_ws/src/install/local_setup.ps1'
[22.560s] INFO:colcon.colcon_core.shell:Creating prefix util module '/workspace/github/opticore-amr/ros2_ws/src/install/_local_setup_util_ps1.py'
[22.625s] INFO:colcon.colcon_core.shell:Creating prefix chain script '/workspace/github/opticore-amr/ros2_ws/src/install/setup.ps1'
[22.730s] INFO:colcon.colcon_core.shell:Creating prefix script '/workspace/github/opticore-amr/ros2_ws/src/install/local_setup.sh'
[22.745s] INFO:colcon.colcon_core.shell:Creating prefix util module '/workspace/github/opticore-amr/ros2_ws/src/install/_local_setup_util_sh.py'
[22.759s] INFO:colcon.colcon_core.shell:Creating prefix chain script '/workspace/github/opticore-amr/ros2_ws/src/install/setup.sh'
[22.822s] INFO:colcon.colcon_core.shell:Creating prefix script '/workspace/github/opticore-amr/ros2_ws/src/install/local_setup.bash'
[22.836s] INFO:colcon.colcon_core.shell:Creating prefix chain script '/workspace/github/opticore-amr/ros2_ws/src/install/setup.bash'
[22.889s] INFO:colcon.colcon_core.shell:Creating prefix script '/workspace/github/opticore-amr/ros2_ws/src/install/local_setup.zsh'
[22.904s] INFO:colcon.colcon_core.shell:Creating prefix chain script '/workspace/github/opticore-amr/ros2_ws/src/install/setup.zsh'
