[0.591s] Invoking command in '/workspace/github/opticore-amr/ros2_ws/src/build/amr_bringup': CMAKE_PREFIX_PATH=${CMAKE_PREFIX_PATH}:/workspace/ros2_ws/install/amr_perception:/opt/ros/humble /usr/bin/cmake --build /workspace/github/opticore-amr/ros2_ws/src/build/amr_bringup -- -j112 -l112
[1.314s] Invoked command in '/workspace/github/opticore-amr/ros2_ws/src/build/amr_bringup' returned '0': CMAKE_PREFIX_PATH=${CMAKE_PREFIX_PATH}:/workspace/ros2_ws/install/amr_perception:/opt/ros/humble /usr/bin/cmake --build /workspace/github/opticore-amr/ros2_ws/src/build/amr_bringup -- -j112 -l112
[1.360s] Invoking command in '/workspace/github/opticore-amr/ros2_ws/src/build/amr_bringup': CMAKE_PREFIX_PATH=${CMAKE_PREFIX_PATH}:/workspace/ros2_ws/install/amr_perception:/opt/ros/humble /usr/bin/cmake --install /workspace/github/opticore-amr/ros2_ws/src/build/amr_bringup
[1.498s] -- Install configuration: ""
[1.498s] -- Up-to-date: /workspace/github/opticore-amr/ros2_ws/src/install/amr_bringup/share/amr_bringup//urdf
[1.498s] -- Installing: /workspace/github/opticore-amr/ros2_ws/src/install/amr_bringup/share/amr_bringup//urdf/amr_robot.urdf.xacro
[1.499s] -- Up-to-date: /workspace/github/opticore-amr/ros2_ws/src/install/amr_bringup/share/amr_bringup//worlds
[1.499s] -- Up-to-date: /workspace/github/opticore-amr/ros2_ws/src/install/amr_bringup/share/amr_bringup//worlds/warehouse.world
[1.499s] -- Up-to-date: /workspace/github/opticore-amr/ros2_ws/src/install/amr_bringup/share/amr_bringup//launch
[1.499s] -- Up-to-date: /workspace/github/opticore-amr/ros2_ws/src/install/amr_bringup/share/amr_bringup//launch/warehouse.launch.py
[1.499s] -- Up-to-date: /workspace/github/opticore-amr/ros2_ws/src/install/amr_bringup/share/amr_bringup//launch/slam.launch.py
[1.500s] -- Up-to-date: /workspace/github/opticore-amr/ros2_ws/src/install/amr_bringup/share/amr_bringup//config
[1.502s] -- Up-to-date: /workspace/github/opticore-amr/ros2_ws/src/install/amr_bringup/share/amr_bringup//config/install
[1.507s] -- Up-to-date: /workspace/github/opticore-amr/ros2_ws/src/install/amr_bringup/share/amr_bringup//config/install/setup.zsh
[1.511s] -- Up-to-date: /workspace/github/opticore-amr/ros2_ws/src/install/amr_bringup/share/amr_bringup//config/install/local_setup.zsh
[1.527s] -- Up-to-date: /workspace/github/opticore-amr/ros2_ws/src/install/amr_bringup/share/amr_bringup//config/install/setup.bash
[1.528s] -- Up-to-date: /workspace/github/opticore-amr/ros2_ws/src/install/amr_bringup/share/amr_bringup//config/install/local_setup.bash
[1.528s] -- Up-to-date: /workspace/github/opticore-amr/ros2_ws/src/install/amr_bringup/share/amr_bringup//config/install/setup.sh
[1.531s] -- Up-to-date: /workspace/github/opticore-amr/ros2_ws/src/install/amr_bringup/share/amr_bringup//config/install/_local_setup_util_sh.py
[1.536s] -- Up-to-date: /workspace/github/opticore-amr/ros2_ws/src/install/amr_bringup/share/amr_bringup//config/install/local_setup.sh
[1.541s] -- Up-to-date: /workspace/github/opticore-amr/ros2_ws/src/install/amr_bringup/share/amr_bringup//config/install/setup.ps1
[1.562s] -- Up-to-date: /workspace/github/opticore-amr/ros2_ws/src/install/amr_bringup/share/amr_bringup//config/install/_local_setup_util_ps1.py
[1.567s] -- Up-to-date: /workspace/github/opticore-amr/ros2_ws/src/install/amr_bringup/share/amr_bringup//config/install/local_setup.ps1
[1.584s] -- Up-to-date: /workspace/github/opticore-amr/ros2_ws/src/install/amr_bringup/share/amr_bringup//config/install/COLCON_IGNORE
[1.585s] -- Up-to-date: /workspace/github/opticore-amr/ros2_ws/src/install/amr_bringup/share/amr_bringup//config/install/.colcon_install_layout
[1.586s] -- Up-to-date: /workspace/github/opticore-amr/ros2_ws/src/install/amr_bringup/share/amr_bringup//config/build
[1.589s] -- Up-to-date: /workspace/github/opticore-amr/ros2_ws/src/install/amr_bringup/share/amr_bringup//config/build/COLCON_IGNORE
[1.595s] -- Up-to-date: /workspace/github/opticore-amr/ros2_ws/src/install/amr_bringup/share/amr_bringup//config/build/.built_by
[1.599s] -- Up-to-date: /workspace/github/opticore-amr/ros2_ws/src/install/amr_bringup/share/amr_bringup//config/log
[1.606s] -- Up-to-date: /workspace/github/opticore-amr/ros2_ws/src/install/amr_bringup/share/amr_bringup//config/log/latest_build
[1.608s] -- Up-to-date: /workspace/github/opticore-amr/ros2_ws/src/install/amr_bringup/share/amr_bringup//config/log/build_2026-04-29_07-42-02
[1.630s] -- Up-to-date: /workspace/github/opticore-amr/ros2_ws/src/install/amr_bringup/share/amr_bringup//config/log/build_2026-04-29_07-42-02/events.log
[1.631s] -- Up-to-date: /workspace/github/opticore-amr/ros2_ws/src/install/amr_bringup/share/amr_bringup//config/log/build_2026-04-29_07-42-02/logger_all.log
[1.631s] -- Up-to-date: /workspace/github/opticore-amr/ros2_ws/src/install/amr_bringup/share/amr_bringup//config/log/latest
[1.632s] -- Up-to-date: /workspace/github/opticore-amr/ros2_ws/src/install/amr_bringup/share/amr_bringup//config/log/COLCON_IGNORE
[1.636s] -- Up-to-date: /workspace/github/opticore-amr/ros2_ws/src/install/amr_bringup/share/amr_bringup//config/log/build_2026-04-29_07-39-30
[1.643s] -- Up-to-date: /workspace/github/opticore-amr/ros2_ws/src/install/amr_bringup/share/amr_bringup//config/log/build_2026-04-29_07-39-30/events.log
[1.667s] -- Up-to-date: /workspace/github/opticore-amr/ros2_ws/src/install/amr_bringup/share/amr_bringup//config/log/build_2026-04-29_07-39-30/logger_all.log
[1.673s] -- Up-to-date: /workspace/github/opticore-amr/ros2_ws/src/install/amr_bringup/share/amr_bringup//config/slam_params.yaml
[1.679s] -- Up-to-date: /workspace/github/opticore-amr/ros2_ws/src/install/amr_bringup/share/amr_bringup//config/ekf.yaml
[1.686s] -- Up-to-date: /workspace/github/opticore-amr/ros2_ws/src/install/amr_bringup/lib/amr_bringup/dynamic_obstacle_mover.py
[1.696s] -- Up-to-date: /workspace/github/opticore-amr/ros2_ws/src/install/amr_bringup/share/ament_index/resource_index/package_run_dependencies/amr_bringup
[1.706s] -- Up-to-date: /workspace/github/opticore-amr/ros2_ws/src/install/amr_bringup/share/ament_index/resource_index/parent_prefix_path/amr_bringup
[1.710s] -- Up-to-date: /workspace/github/opticore-amr/ros2_ws/src/install/amr_bringup/share/amr_bringup/environment/ament_prefix_path.sh
[1.716s] -- Up-to-date: /workspace/github/opticore-amr/ros2_ws/src/install/amr_bringup/share/amr_bringup/environment/ament_prefix_path.dsv
[1.719s] -- Up-to-date: /workspace/github/opticore-amr/ros2_ws/src/install/amr_bringup/share/amr_bringup/environment/path.sh
[1.726s] -- Up-to-date: /workspace/github/opticore-amr/ros2_ws/src/install/amr_bringup/share/amr_bringup/environment/path.dsv
[1.731s] -- Up-to-date: /workspace/github/opticore-amr/ros2_ws/src/install/amr_bringup/share/amr_bringup/local_setup.bash
[1.737s] -- Up-to-date: /workspace/github/opticore-amr/ros2_ws/src/install/amr_bringup/share/amr_bringup/local_setup.sh
[1.743s] -- Up-to-date: /workspace/github/opticore-amr/ros2_ws/src/install/amr_bringup/share/amr_bringup/local_setup.zsh
[1.782s] -- Up-to-date: /workspace/github/opticore-amr/ros2_ws/src/install/amr_bringup/share/amr_bringup/local_setup.dsv
[1.789s] -- Installing: /workspace/github/opticore-amr/ros2_ws/src/install/amr_bringup/share/amr_bringup/package.dsv
[1.824s] -- Up-to-date: /workspace/github/opticore-amr/ros2_ws/src/install/amr_bringup/share/ament_index/resource_index/packages/amr_bringup
[1.832s] -- Up-to-date: /workspace/github/opticore-amr/ros2_ws/src/install/amr_bringup/share/amr_bringup/cmake/amr_bringupConfig.cmake
[1.838s] -- Up-to-date: /workspace/github/opticore-amr/ros2_ws/src/install/amr_bringup/share/amr_bringup/cmake/amr_bringupConfig-version.cmake
[1.857s] -- Up-to-date: /workspace/github/opticore-amr/ros2_ws/src/install/amr_bringup/share/amr_bringup/package.xml
[3.088s] Invoked command in '/workspace/github/opticore-amr/ros2_ws/src/build/amr_bringup' returned '0': CMAKE_PREFIX_PATH=${CMAKE_PREFIX_PATH}:/workspace/ros2_ws/install/amr_perception:/opt/ros/humble /usr/bin/cmake --install /workspace/github/opticore-amr/ros2_ws/src/build/amr_bringup
