[0.668s] Invoking command in '/workspace/github/opticore-amr/ros2_ws/build/amr_navigation': CMAKE_PREFIX_PATH=${CMAKE_PREFIX_PATH}:/workspace/ros2_ws/install/amr_perception:/opt/ros/humble /usr/bin/cmake /workspace/github/opticore-amr/ros2_ws/src/amr_navigation -DCMAKE_INSTALL_PREFIX=/workspace/github/opticore-amr/ros2_ws/install/amr_navigation
[1.477s] -- The C compiler identification is GNU 11.4.0
[1.632s] -- The CXX compiler identification is GNU 11.4.0
[1.732s] -- Detecting C compiler ABI info
[2.724s] -- Detecting C compiler ABI info - done
[2.766s] -- Check for working C compiler: /usr/bin/cc - skipped
[2.767s] -- Detecting C compile features
[2.767s] -- Detecting C compile features - done
[2.848s] -- Detecting CXX compiler ABI info
[3.933s] -- Detecting CXX compiler ABI info - done
[3.987s] -- Check for working CXX compiler: /usr/bin/c++ - skipped
[3.988s] -- Detecting CXX compile features
[3.989s] -- Detecting CXX compile features - done
[4.312s] -- Found ament_cmake: 1.3.14 (/opt/ros/humble/share/ament_cmake/cmake)
[5.975s] -- Found Python3: /usr/bin/python3 (found version "3.10.12") found components: Interpreter 
[8.946s] -- Found rclcpp: 16.0.19 (/opt/ros/humble/share/rclcpp/cmake)
[10.970s] -- Found rosidl_generator_c: 3.1.8 (/opt/ros/humble/share/rosidl_generator_c/cmake)
[11.353s] -- Found rosidl_adapter: 3.1.8 (/opt/ros/humble/share/rosidl_adapter/cmake)
[11.833s] -- Found rosidl_generator_cpp: 3.1.8 (/opt/ros/humble/share/rosidl_generator_cpp/cmake)
[12.300s] -- Using all available rosidl_typesupport_c: rosidl_typesupport_fastrtps_c;rosidl_typesupport_introspection_c
[12.949s] -- Using all available rosidl_typesupport_cpp: rosidl_typesupport_fastrtps_cpp;rosidl_typesupport_introspection_cpp
[14.807s] -- Found rmw_implementation_cmake: 6.1.2 (/opt/ros/humble/share/rmw_implementation_cmake/cmake)
[14.976s] -- Found rmw_fastrtps_cpp: 6.2.10 (/opt/ros/humble/share/rmw_fastrtps_cpp/cmake)
[16.373s] -- Found OpenSSL: /usr/lib/x86_64-linux-gnu/libcrypto.so (found version "3.0.2")  
[16.699s] -- Found FastRTPS: /opt/ros/humble/include  
[17.215s] -- Using RMW implementation 'rmw_fastrtps_cpp' as default
[17.857s] -- Looking for pthread.h
[18.864s] -- Looking for pthread.h - found
[18.906s] -- Performing Test CMAKE_HAVE_LIBC_PTHREAD
[20.071s] -- Performing Test CMAKE_HAVE_LIBC_PTHREAD - Success
[20.097s] -- Found Threads: TRUE  
[20.919s] -- Found nav_msgs: 4.9.1 (/opt/ros/humble/share/nav_msgs/cmake)
[21.255s] -- Found sensor_msgs: 4.9.1 (/opt/ros/humble/share/sensor_msgs/cmake)
[21.420s] -- Found tf2_ros: 0.25.20 (/opt/ros/humble/share/tf2_ros/cmake)
[23.847s] -- Found ament_lint_auto: 0.12.15 (/opt/ros/humble/share/ament_lint_auto/cmake)
[26.099s] -- Added test 'cppcheck' to perform static code analysis on C / C++ code
[26.099s] -- Configured cppcheck include dirs: 
[26.100s] -- Configured cppcheck exclude dirs and/or files: 
[26.265s] -- Added test 'lint_cmake' to check CMake code style
[26.704s] -- Added test 'uncrustify' to check C / C++ code style
[26.704s] -- Configured uncrustify additional arguments: 
[26.813s] -- Added test 'xmllint' to check XML markup files
[27.106s] -- Configuring done
[27.647s] -- Generating done
[27.960s] -- Build files have been written to: /workspace/github/opticore-amr/ros2_ws/build/amr_navigation
[27.978s] Invoked command in '/workspace/github/opticore-amr/ros2_ws/build/amr_navigation' returned '0': CMAKE_PREFIX_PATH=${CMAKE_PREFIX_PATH}:/workspace/ros2_ws/install/amr_perception:/opt/ros/humble /usr/bin/cmake /workspace/github/opticore-amr/ros2_ws/src/amr_navigation -DCMAKE_INSTALL_PREFIX=/workspace/github/opticore-amr/ros2_ws/install/amr_navigation
[28.057s] Invoking command in '/workspace/github/opticore-amr/ros2_ws/build/amr_navigation': CMAKE_PREFIX_PATH=${CMAKE_PREFIX_PATH}:/workspace/ros2_ws/install/amr_perception:/opt/ros/humble /usr/bin/cmake --build /workspace/github/opticore-amr/ros2_ws/build/amr_navigation -- -j128 -l128
[28.280s] Invoked command in '/workspace/github/opticore-amr/ros2_ws/build/amr_navigation' returned '0': CMAKE_PREFIX_PATH=${CMAKE_PREFIX_PATH}:/workspace/ros2_ws/install/amr_perception:/opt/ros/humble /usr/bin/cmake --build /workspace/github/opticore-amr/ros2_ws/build/amr_navigation -- -j128 -l128
[28.335s] Invoking command in '/workspace/github/opticore-amr/ros2_ws/build/amr_navigation': CMAKE_PREFIX_PATH=${CMAKE_PREFIX_PATH}:/workspace/ros2_ws/install/amr_perception:/opt/ros/humble /usr/bin/cmake --install /workspace/github/opticore-amr/ros2_ws/build/amr_navigation
[28.359s] -- Install configuration: ""
[28.401s] -- Installing: /workspace/github/opticore-amr/ros2_ws/install/amr_navigation/share/ament_index/resource_index/package_run_dependencies/amr_navigation
[28.456s] -- Installing: /workspace/github/opticore-amr/ros2_ws/install/amr_navigation/share/ament_index/resource_index/parent_prefix_path/amr_navigation
[28.520s] -- Installing: /workspace/github/opticore-amr/ros2_ws/install/amr_navigation/share/amr_navigation/environment/ament_prefix_path.sh
[28.559s] -- Installing: /workspace/github/opticore-amr/ros2_ws/install/amr_navigation/share/amr_navigation/environment/ament_prefix_path.dsv
[28.613s] -- Installing: /workspace/github/opticore-amr/ros2_ws/install/amr_navigation/share/amr_navigation/environment/path.sh
[28.647s] -- Installing: /workspace/github/opticore-amr/ros2_ws/install/amr_navigation/share/amr_navigation/environment/path.dsv
[28.703s] -- Installing: /workspace/github/opticore-amr/ros2_ws/install/amr_navigation/share/amr_navigation/local_setup.bash
[28.743s] -- Installing: /workspace/github/opticore-amr/ros2_ws/install/amr_navigation/share/amr_navigation/local_setup.sh
[28.809s] -- Installing: /workspace/github/opticore-amr/ros2_ws/install/amr_navigation/share/amr_navigation/local_setup.zsh
[28.849s] -- Installing: /workspace/github/opticore-amr/ros2_ws/install/amr_navigation/share/amr_navigation/local_setup.dsv
[28.904s] -- Installing: /workspace/github/opticore-amr/ros2_ws/install/amr_navigation/share/amr_navigation/package.dsv
[28.964s] -- Installing: /workspace/github/opticore-amr/ros2_ws/install/amr_navigation/share/ament_index/resource_index/packages/amr_navigation
[29.012s] -- Installing: /workspace/github/opticore-amr/ros2_ws/install/amr_navigation/share/amr_navigation/cmake/amr_navigationConfig.cmake
[29.050s] -- Installing: /workspace/github/opticore-amr/ros2_ws/install/amr_navigation/share/amr_navigation/cmake/amr_navigationConfig-version.cmake
[29.104s] -- Installing: /workspace/github/opticore-amr/ros2_ws/install/amr_navigation/share/amr_navigation/package.xml
[29.148s] Invoked command in '/workspace/github/opticore-amr/ros2_ws/build/amr_navigation' returned '0': CMAKE_PREFIX_PATH=${CMAKE_PREFIX_PATH}:/workspace/ros2_ws/install/amr_perception:/opt/ros/humble /usr/bin/cmake --install /workspace/github/opticore-amr/ros2_ws/build/amr_navigation
