[1.073s] Invoking command in '/workspace/github/opticore-amr/ros2_ws/src/build/amr_slam': CMAKE_PREFIX_PATH=${CMAKE_PREFIX_PATH}:/workspace/ros2_ws/install/amr_perception:/opt/ros/humble /usr/bin/cmake --build /workspace/github/opticore-amr/ros2_ws/src/build/amr_slam -- -j112 -l112
[1.190s] Invoked command in '/workspace/github/opticore-amr/ros2_ws/src/build/amr_slam' returned '0': CMAKE_PREFIX_PATH=${CMAKE_PREFIX_PATH}:/workspace/ros2_ws/install/amr_perception:/opt/ros/humble /usr/bin/cmake --build /workspace/github/opticore-amr/ros2_ws/src/build/amr_slam -- -j112 -l112
[1.220s] Invoking command in '/workspace/github/opticore-amr/ros2_ws/src/build/amr_slam': CMAKE_PREFIX_PATH=${CMAKE_PREFIX_PATH}:/workspace/ros2_ws/install/amr_perception:/opt/ros/humble /usr/bin/cmake --install /workspace/github/opticore-amr/ros2_ws/src/build/amr_slam
[1.234s] -- Install configuration: ""
[1.260s] -- Up-to-date: /workspace/github/opticore-amr/ros2_ws/src/install/amr_slam/share/ament_index/resource_index/package_run_dependencies/amr_slam
[1.266s] -- Up-to-date: /workspace/github/opticore-amr/ros2_ws/src/install/amr_slam/share/ament_index/resource_index/parent_prefix_path/amr_slam
[1.271s] -- Up-to-date: /workspace/github/opticore-amr/ros2_ws/src/install/amr_slam/share/amr_slam/environment/ament_prefix_path.sh
[1.278s] -- Up-to-date: /workspace/github/opticore-amr/ros2_ws/src/install/amr_slam/share/amr_slam/environment/ament_prefix_path.dsv
[1.281s] -- Up-to-date: /workspace/github/opticore-amr/ros2_ws/src/install/amr_slam/share/amr_slam/environment/path.sh
[1.287s] -- Up-to-date: /workspace/github/opticore-amr/ros2_ws/src/install/amr_slam/share/amr_slam/environment/path.dsv
[1.293s] -- Up-to-date: /workspace/github/opticore-amr/ros2_ws/src/install/amr_slam/share/amr_slam/local_setup.bash
[1.302s] -- Up-to-date: /workspace/github/opticore-amr/ros2_ws/src/install/amr_slam/share/amr_slam/local_setup.sh
[1.308s] -- Up-to-date: /workspace/github/opticore-amr/ros2_ws/src/install/amr_slam/share/amr_slam/local_setup.zsh
[1.314s] -- Up-to-date: /workspace/github/opticore-amr/ros2_ws/src/install/amr_slam/share/amr_slam/local_setup.dsv
[1.320s] -- Installing: /workspace/github/opticore-amr/ros2_ws/src/install/amr_slam/share/amr_slam/package.dsv
[1.386s] -- Up-to-date: /workspace/github/opticore-amr/ros2_ws/src/install/amr_slam/share/ament_index/resource_index/packages/amr_slam
[1.393s] -- Up-to-date: /workspace/github/opticore-amr/ros2_ws/src/install/amr_slam/share/amr_slam/cmake/amr_slamConfig.cmake
[1.399s] -- Up-to-date: /workspace/github/opticore-amr/ros2_ws/src/install/amr_slam/share/amr_slam/cmake/amr_slamConfig-version.cmake
[1.404s] -- Up-to-date: /workspace/github/opticore-amr/ros2_ws/src/install/amr_slam/share/amr_slam/package.xml
[1.766s] Invoked command in '/workspace/github/opticore-amr/ros2_ws/src/build/amr_slam' returned '0': CMAKE_PREFIX_PATH=${CMAKE_PREFIX_PATH}:/workspace/ros2_ws/install/amr_perception:/opt/ros/humble /usr/bin/cmake --install /workspace/github/opticore-amr/ros2_ws/src/build/amr_slam
