running egg_info
creating ../../build/amr_perception/amr_perception.egg-info
writing ../../build/amr_perception/amr_perception.egg-info/PKG-INFO
writing dependency_links to ../../build/amr_perception/amr_perception.egg-info/dependency_links.txt
writing entry points to ../../build/amr_perception/amr_perception.egg-info/entry_points.txt
writing requirements to ../../build/amr_perception/amr_perception.egg-info/requires.txt
writing top-level names to ../../build/amr_perception/amr_perception.egg-info/top_level.txt
writing manifest file '../../build/amr_perception/amr_perception.egg-info/SOURCES.txt'
reading manifest file '../../build/amr_perception/amr_perception.egg-info/SOURCES.txt'
writing manifest file '../../build/amr_perception/amr_perception.egg-info/SOURCES.txt'
running build
running build_py
creating /ros2_ws/opticore-amr/opticore-amr/ros2_ws/build/amr_perception/build
creating /ros2_ws/opticore-amr/opticore-amr/ros2_ws/build/amr_perception/build/lib
creating /ros2_ws/opticore-amr/opticore-amr/ros2_ws/build/amr_perception/build/lib/amr_perception
copying amr_perception/object_tracker.py -> /ros2_ws/opticore-amr/opticore-amr/ros2_ws/build/amr_perception/build/lib/amr_perception
copying amr_perception/__init__.py -> /ros2_ws/opticore-amr/opticore-amr/ros2_ws/build/amr_perception/build/lib/amr_perception
copying amr_perception/yolo_detector.py -> /ros2_ws/opticore-amr/opticore-amr/ros2_ws/build/amr_perception/build/lib/amr_perception
running install
running install_lib
creating /ros2_ws/opticore-amr/opticore-amr/ros2_ws/install/amr_perception/lib/python3.10/site-packages/amr_perception
copying /ros2_ws/opticore-amr/opticore-amr/ros2_ws/build/amr_perception/build/lib/amr_perception/object_tracker.py -> /ros2_ws/opticore-amr/opticore-amr/ros2_ws/install/amr_perception/lib/python3.10/site-packages/amr_perception
copying /ros2_ws/opticore-amr/opticore-amr/ros2_ws/build/amr_perception/build/lib/amr_perception/__init__.py -> /ros2_ws/opticore-amr/opticore-amr/ros2_ws/install/amr_perception/lib/python3.10/site-packages/amr_perception
copying /ros2_ws/opticore-amr/opticore-amr/ros2_ws/build/amr_perception/build/lib/amr_perception/yolo_detector.py -> /ros2_ws/opticore-amr/opticore-amr/ros2_ws/install/amr_perception/lib/python3.10/site-packages/amr_perception
byte-compiling /ros2_ws/opticore-amr/opticore-amr/ros2_ws/install/amr_perception/lib/python3.10/site-packages/amr_perception/object_tracker.py to object_tracker.cpython-310.pyc
byte-compiling /ros2_ws/opticore-amr/opticore-amr/ros2_ws/install/amr_perception/lib/python3.10/site-packages/amr_perception/__init__.py to __init__.cpython-310.pyc
byte-compiling /ros2_ws/opticore-amr/opticore-amr/ros2_ws/install/amr_perception/lib/python3.10/site-packages/amr_perception/yolo_detector.py to yolo_detector.cpython-310.pyc
running install_data
running install_egg_info
Copying ../../build/amr_perception/amr_perception.egg-info to /ros2_ws/opticore-amr/opticore-amr/ros2_ws/install/amr_perception/lib/python3.10/site-packages/amr_perception-0.0.0-py3.10.egg-info
running install_scripts
writing list of installed files to '/ros2_ws/opticore-amr/opticore-amr/ros2_ws/build/amr_perception/install.log'
