[0.541s] Invoking command in '/workspace/github/opticore-amr/ros2_ws/src/build/amr_bringup': CMAKE_PREFIX_PATH=${CMAKE_PREFIX_PATH}:/workspace/ros2_ws/install/amr_perception:/opt/ros/humble /usr/bin/cmake --build /workspace/github/opticore-amr/ros2_ws/src/build/amr_bringup -- -j112 -l112
[1.189s] Invoked command in '/workspace/github/opticore-amr/ros2_ws/src/build/amr_bringup' returned '0': CMAKE_PREFIX_PATH=${CMAKE_PREFIX_PATH}:/workspace/ros2_ws/install/amr_perception:/opt/ros/humble /usr/bin/cmake --build /workspace/github/opticore-amr/ros2_ws/src/build/amr_bringup -- -j112 -l112
[1.217s] Invoking command in '/workspace/github/opticore-amr/ros2_ws/src/build/amr_bringup': CMAKE_PREFIX_PATH=${CMAKE_PREFIX_PATH}:/workspace/ros2_ws/install/amr_perception:/opt/ros/humble /usr/bin/cmake --install /workspace/github/opticore-amr/ros2_ws/src/build/amr_bringup
[1.325s] -- Install configuration: ""
[1.325s] -- Up-to-date: /workspace/github/opticore-amr/ros2_ws/src/install/amr_bringup/share/amr_bringup//urdf
[1.325s] -- Installing: /workspace/github/opticore-amr/ros2_ws/src/install/amr_bringup/share/amr_bringup//urdf/amr_robot.urdf.xacro
[1.326s] -- Up-to-date: /workspace/github/opticore-amr/ros2_ws/src/install/amr_bringup/share/amr_bringup//worlds
[1.326s] -- Up-to-date: /workspace/github/opticore-amr/ros2_ws/src/install/amr_bringup/share/amr_bringup//worlds/warehouse.world
[1.327s] -- Up-to-date: /workspace/github/opticore-amr/ros2_ws/src/install/amr_bringup/share/amr_bringup//launch
[1.327s] -- Up-to-date: /workspace/github/opticore-amr/ros2_ws/src/install/amr_bringup/share/amr_bringup//launch/warehouse.launch.py
[1.327s] -- Up-to-date: /workspace/github/opticore-amr/ros2_ws/src/install/amr_bringup/share/amr_bringup//launch/slam.launch.py
[1.328s] -- Up-to-date: /workspace/github/opticore-amr/ros2_ws/src/install/amr_bringup/share/amr_bringup//config
[1.328s] -- Up-to-date: /workspace/github/opticore-amr/ros2_ws/src/install/amr_bringup/share/amr_bringup//config/install
[1.328s] -- Up-to-date: /workspace/github/opticore-amr/ros2_ws/src/install/amr_bringup/share/amr_bringup//config/install/setup.zsh
[1.329s] -- Up-to-date: /workspace/github/opticore-amr/ros2_ws/src/install/amr_bringup/share/amr_bringup//config/install/local_setup.zsh
[1.329s] -- Up-to-date: /workspace/github/opticore-amr/ros2_ws/src/install/amr_bringup/share/amr_bringup//config/install/setup.bash
[1.329s] -- Up-to-date: /workspace/github/opticore-amr/ros2_ws/src/install/amr_bringup/share/amr_bringup//config/install/local_setup.bash
[1.330s] -- Up-to-date: /workspace/github/opticore-amr/ros2_ws/src/install/amr_bringup/share/amr_bringup//config/install/setup.sh
[1.330s] -- Up-to-date: /workspace/github/opticore-amr/ros2_ws/src/install/amr_bringup/share/amr_bringup//config/install/_local_setup_util_sh.py
[1.335s] -- Up-to-date: /workspace/github/opticore-amr/ros2_ws/src/install/amr_bringup/share/amr_bringup//config/install/local_setup.sh
[1.340s] -- Up-to-date: /workspace/github/opticore-amr/ros2_ws/src/install/amr_bringup/share/amr_bringup//config/install/setup.ps1
[1.360s] -- Up-to-date: /workspace/github/opticore-amr/ros2_ws/src/install/amr_bringup/share/amr_bringup//config/install/_local_setup_util_ps1.py
[1.364s] -- Up-to-date: /workspace/github/opticore-amr/ros2_ws/src/install/amr_bringup/share/amr_bringup//config/install/local_setup.ps1
[1.378s] -- Up-to-date: /workspace/github/opticore-amr/ros2_ws/src/install/amr_bringup/share/amr_bringup//config/install/COLCON_IGNORE
[1.378s] -- Up-to-date: /workspace/github/opticore-amr/ros2_ws/src/install/amr_bringup/share/amr_bringup//config/install/.colcon_install_layout
[1.379s] -- Up-to-date: /workspace/github/opticore-amr/ros2_ws/src/install/amr_bringup/share/amr_bringup//config/build
[1.383s] -- Up-to-date: /workspace/github/opticore-amr/ros2_ws/src/install/amr_bringup/share/amr_bringup//config/build/COLCON_IGNORE
[1.386s] -- Up-to-date: /workspace/github/opticore-amr/ros2_ws/src/install/amr_bringup/share/amr_bringup//config/build/.built_by
[1.388s] -- Up-to-date: /workspace/github/opticore-amr/ros2_ws/src/install/amr_bringup/share/amr_bringup//config/log
[1.394s] -- Up-to-date: /workspace/github/opticore-amr/ros2_ws/src/install/amr_bringup/share/amr_bringup//config/log/latest_build
[1.395s] -- Up-to-date: /workspace/github/opticore-amr/ros2_ws/src/install/amr_bringup/share/amr_bringup//config/log/build_2026-04-29_07-42-02
[1.399s] -- Up-to-date: /workspace/github/opticore-amr/ros2_ws/src/install/amr_bringup/share/amr_bringup//config/log/build_2026-04-29_07-42-02/events.log
[1.403s] -- Up-to-date: /workspace/github/opticore-amr/ros2_ws/src/install/amr_bringup/share/amr_bringup//config/log/build_2026-04-29_07-42-02/logger_all.log
[1.408s] -- Up-to-date: /workspace/github/opticore-amr/ros2_ws/src/install/amr_bringup/share/amr_bringup//config/log/latest
[1.411s] -- Up-to-date: /workspace/github/opticore-amr/ros2_ws/src/install/amr_bringup/share/amr_bringup//config/log/COLCON_IGNORE
[1.413s] -- Up-to-date: /workspace/github/opticore-amr/ros2_ws/src/install/amr_bringup/share/amr_bringup//config/log/build_2026-04-29_07-39-30
[1.418s] -- Up-to-date: /workspace/github/opticore-amr/ros2_ws/src/install/amr_bringup/share/amr_bringup//config/log/build_2026-04-29_07-39-30/events.log
[1.422s] -- Up-to-date: /workspace/github/opticore-amr/ros2_ws/src/install/amr_bringup/share/amr_bringup//config/log/build_2026-04-29_07-39-30/logger_all.log
[1.427s] -- Up-to-date: /workspace/github/opticore-amr/ros2_ws/src/install/amr_bringup/share/amr_bringup//config/slam_params.yaml
[1.431s] -- Up-to-date: /workspace/github/opticore-amr/ros2_ws/src/install/amr_bringup/share/amr_bringup//config/ekf.yaml
[1.437s] -- Up-to-date: /workspace/github/opticore-amr/ros2_ws/src/install/amr_bringup/lib/amr_bringup/dynamic_obstacle_mover.py
[1.460s] -- Up-to-date: /workspace/github/opticore-amr/ros2_ws/src/install/amr_bringup/share/ament_index/resource_index/package_run_dependencies/amr_bringup
[1.467s] -- Up-to-date: /workspace/github/opticore-amr/ros2_ws/src/install/amr_bringup/share/ament_index/resource_index/parent_prefix_path/amr_bringup
[1.471s] -- Up-to-date: /workspace/github/opticore-amr/ros2_ws/src/install/amr_bringup/share/amr_bringup/environment/ament_prefix_path.sh
[1.477s] -- Up-to-date: /workspace/github/opticore-amr/ros2_ws/src/install/amr_bringup/share/amr_bringup/environment/ament_prefix_path.dsv
[1.480s] -- Up-to-date: /workspace/github/opticore-amr/ros2_ws/src/install/amr_bringup/share/amr_bringup/environment/path.sh
[1.486s] -- Up-to-date: /workspace/github/opticore-amr/ros2_ws/src/install/amr_bringup/share/amr_bringup/environment/path.dsv
[1.492s] -- Up-to-date: /workspace/github/opticore-amr/ros2_ws/src/install/amr_bringup/share/amr_bringup/local_setup.bash
[1.498s] -- Up-to-date: /workspace/github/opticore-amr/ros2_ws/src/install/amr_bringup/share/amr_bringup/local_setup.sh
[1.506s] -- Up-to-date: /workspace/github/opticore-amr/ros2_ws/src/install/amr_bringup/share/amr_bringup/local_setup.zsh
[1.512s] -- Up-to-date: /workspace/github/opticore-amr/ros2_ws/src/install/amr_bringup/share/amr_bringup/local_setup.dsv
[1.518s] -- Installing: /workspace/github/opticore-amr/ros2_ws/src/install/amr_bringup/share/amr_bringup/package.dsv
[1.577s] -- Up-to-date: /workspace/github/opticore-amr/ros2_ws/src/install/amr_bringup/share/ament_index/resource_index/packages/amr_bringup
[1.586s] -- Up-to-date: /workspace/github/opticore-amr/ros2_ws/src/install/amr_bringup/share/amr_bringup/cmake/amr_bringupConfig.cmake
[1.591s] -- Up-to-date: /workspace/github/opticore-amr/ros2_ws/src/install/amr_bringup/share/amr_bringup/cmake/amr_bringupConfig-version.cmake
[1.597s] -- Up-to-date: /workspace/github/opticore-amr/ros2_ws/src/install/amr_bringup/share/amr_bringup/package.xml
[2.285s] Invoked command in '/workspace/github/opticore-amr/ros2_ws/src/build/amr_bringup' returned '0': CMAKE_PREFIX_PATH=${CMAKE_PREFIX_PATH}:/workspace/ros2_ws/install/amr_perception:/opt/ros/humble /usr/bin/cmake --install /workspace/github/opticore-amr/ros2_ws/src/build/amr_bringup
