[0.356s] Invoking command in '/ros2_ws/opticore-amr/opticore-amr/ros2_ws/build/amr_slam': CMAKE_PREFIX_PATH=/opt/ros/humble /usr/bin/cmake --build /ros2_ws/opticore-amr/opticore-amr/ros2_ws/build/amr_slam -- -j10 -l10
[0.646s] Invoked command in '/ros2_ws/opticore-amr/opticore-amr/ros2_ws/build/amr_slam' returned '0': CMAKE_PREFIX_PATH=/opt/ros/humble /usr/bin/cmake --build /ros2_ws/opticore-amr/opticore-amr/ros2_ws/build/amr_slam -- -j10 -l10
[0.651s] Invoking command in '/ros2_ws/opticore-amr/opticore-amr/ros2_ws/build/amr_slam': CMAKE_PREFIX_PATH=/opt/ros/humble /usr/bin/cmake --install /ros2_ws/opticore-amr/opticore-amr/ros2_ws/build/amr_slam
[0.694s] -- Install configuration: ""
[0.696s] -- Up-to-date: /ros2_ws/opticore-amr/opticore-amr/ros2_ws/install/amr_slam/share/amr_slam/config
[0.696s] -- Up-to-date: /ros2_ws/opticore-amr/opticore-amr/ros2_ws/install/amr_slam/share/amr_slam/config/.gitkeep
[0.696s] -- Up-to-date: /ros2_ws/opticore-amr/opticore-amr/ros2_ws/install/amr_slam/share/amr_slam/config/slam_params.yaml
[0.697s] -- Up-to-date: /ros2_ws/opticore-amr/opticore-amr/ros2_ws/install/amr_slam/share/amr_slam/config/ekf.yaml
[0.697s] -- Up-to-date: /ros2_ws/opticore-amr/opticore-amr/ros2_ws/install/amr_slam/share/amr_slam/launch
[0.697s] -- Up-to-date: /ros2_ws/opticore-amr/opticore-amr/ros2_ws/install/amr_slam/share/amr_slam/launch/.gitkeep
[0.698s] -- Up-to-date: /ros2_ws/opticore-amr/opticore-amr/ros2_ws/install/amr_slam/share/amr_slam/launch/slam.launch.py
[0.698s] -- Up-to-date: /ros2_ws/opticore-amr/opticore-amr/ros2_ws/install/amr_slam/share/ament_index/resource_index/package_run_dependencies/amr_slam
[0.698s] -- Up-to-date: /ros2_ws/opticore-amr/opticore-amr/ros2_ws/install/amr_slam/share/ament_index/resource_index/parent_prefix_path/amr_slam
[0.699s] -- Up-to-date: /ros2_ws/opticore-amr/opticore-amr/ros2_ws/install/amr_slam/share/amr_slam/environment/ament_prefix_path.sh
[0.700s] -- Up-to-date: /ros2_ws/opticore-amr/opticore-amr/ros2_ws/install/amr_slam/share/amr_slam/environment/ament_prefix_path.dsv
[0.701s] -- Up-to-date: /ros2_ws/opticore-amr/opticore-amr/ros2_ws/install/amr_slam/share/amr_slam/environment/path.sh
[0.702s] -- Up-to-date: /ros2_ws/opticore-amr/opticore-amr/ros2_ws/install/amr_slam/share/amr_slam/environment/path.dsv
[0.703s] -- Up-to-date: /ros2_ws/opticore-amr/opticore-amr/ros2_ws/install/amr_slam/share/amr_slam/local_setup.bash
[0.703s] -- Up-to-date: /ros2_ws/opticore-amr/opticore-amr/ros2_ws/install/amr_slam/share/amr_slam/local_setup.sh
[0.703s] -- Up-to-date: /ros2_ws/opticore-amr/opticore-amr/ros2_ws/install/amr_slam/share/amr_slam/local_setup.zsh
[0.704s] -- Up-to-date: /ros2_ws/opticore-amr/opticore-amr/ros2_ws/install/amr_slam/share/amr_slam/local_setup.dsv
[0.704s] -- Installing: /ros2_ws/opticore-amr/opticore-amr/ros2_ws/install/amr_slam/share/amr_slam/package.dsv
[0.709s] -- Up-to-date: /ros2_ws/opticore-amr/opticore-amr/ros2_ws/install/amr_slam/share/ament_index/resource_index/packages/amr_slam
[0.710s] -- Up-to-date: /ros2_ws/opticore-amr/opticore-amr/ros2_ws/install/amr_slam/share/amr_slam/cmake/amr_slamConfig.cmake
[0.710s] -- Up-to-date: /ros2_ws/opticore-amr/opticore-amr/ros2_ws/install/amr_slam/share/amr_slam/cmake/amr_slamConfig-version.cmake
[0.710s] -- Up-to-date: /ros2_ws/opticore-amr/opticore-amr/ros2_ws/install/amr_slam/share/amr_slam/package.xml
[0.717s] Invoked command in '/ros2_ws/opticore-amr/opticore-amr/ros2_ws/build/amr_slam' returned '0': CMAKE_PREFIX_PATH=/opt/ros/humble /usr/bin/cmake --install /ros2_ws/opticore-amr/opticore-amr/ros2_ws/build/amr_slam
