[0.414s] Invoking command in '/workspace/github/opticore-amr/ros2_ws/src/build/amr_navigation': CMAKE_PREFIX_PATH=${CMAKE_PREFIX_PATH}:/workspace/ros2_ws/install/amr_perception:/opt/ros/humble /usr/bin/cmake /workspace/github/opticore-amr/ros2_ws/src/amr_navigation -DCMAKE_INSTALL_PREFIX=/workspace/github/opticore-amr/ros2_ws/src/install/amr_navigation
[0.919s] -- The C compiler identification is GNU 11.4.0
[1.021s] -- The CXX compiler identification is GNU 11.4.0
[1.119s] -- Detecting C compiler ABI info
[1.783s] -- Detecting C compiler ABI info - done
[1.820s] -- Check for working C compiler: /usr/bin/cc - skipped
[1.820s] -- Detecting C compile features
[1.821s] -- Detecting C compile features - done
[1.886s] -- Detecting CXX compiler ABI info
[2.581s] -- Detecting CXX compiler ABI info - done
[2.620s] -- Check for working CXX compiler: /usr/bin/c++ - skipped
[2.620s] -- Detecting CXX compile features
[2.621s] -- Detecting CXX compile features - done
[2.838s] -- Found ament_cmake: 1.3.14 (/opt/ros/humble/share/ament_cmake/cmake)
[3.720s] -- Found Python3: /usr/bin/python3 (found version "3.10.12") found components: Interpreter 
[6.096s] -- Found rclcpp: 16.0.19 (/opt/ros/humble/share/rclcpp/cmake)
[7.802s] -- Found rosidl_generator_c: 3.1.8 (/opt/ros/humble/share/rosidl_generator_c/cmake)
[8.125s] -- Found rosidl_adapter: 3.1.8 (/opt/ros/humble/share/rosidl_adapter/cmake)
[8.407s] -- Found rosidl_generator_cpp: 3.1.8 (/opt/ros/humble/share/rosidl_generator_cpp/cmake)
[8.726s] -- Using all available rosidl_typesupport_c: rosidl_typesupport_fastrtps_c;rosidl_typesupport_introspection_c
[9.242s] -- Using all available rosidl_typesupport_cpp: rosidl_typesupport_fastrtps_cpp;rosidl_typesupport_introspection_cpp
[10.535s] -- Found rmw_implementation_cmake: 6.1.2 (/opt/ros/humble/share/rmw_implementation_cmake/cmake)
[10.645s] -- Found rmw_fastrtps_cpp: 6.2.10 (/opt/ros/humble/share/rmw_fastrtps_cpp/cmake)
[11.719s] -- Found OpenSSL: /usr/lib/x86_64-linux-gnu/libcrypto.so (found version "3.0.2")  
[11.976s] -- Found FastRTPS: /opt/ros/humble/include  
[12.376s] -- Using RMW implementation 'rmw_fastrtps_cpp' as default
[12.708s] -- Looking for pthread.h
[13.617s] -- Looking for pthread.h - found
[13.633s] -- Performing Test CMAKE_HAVE_LIBC_PTHREAD
[14.435s] -- Performing Test CMAKE_HAVE_LIBC_PTHREAD - Success
[14.444s] -- Found Threads: TRUE  
[15.053s] -- Found nav_msgs: 4.9.1 (/opt/ros/humble/share/nav_msgs/cmake)
[15.308s] -- Found sensor_msgs: 4.9.1 (/opt/ros/humble/share/sensor_msgs/cmake)
[15.402s] -- Found tf2_ros: 0.25.20 (/opt/ros/humble/share/tf2_ros/cmake)
[16.772s] -- Found ament_lint_auto: 0.12.15 (/opt/ros/humble/share/ament_lint_auto/cmake)
[18.397s] -- Added test 'cppcheck' to perform static code analysis on C / C++ code
[18.398s] -- Configured cppcheck include dirs: 
[18.398s] -- Configured cppcheck exclude dirs and/or files: 
[18.516s] -- Added test 'lint_cmake' to check CMake code style
[18.810s] -- Added test 'uncrustify' to check C / C++ code style
[18.810s] -- Configured uncrustify additional arguments: 
[18.884s] -- Added test 'xmllint' to check XML markup files
[19.093s] -- Configuring done
[19.502s] -- Generating done
[19.788s] -- Build files have been written to: /workspace/github/opticore-amr/ros2_ws/src/build/amr_navigation
[19.809s] Invoked command in '/workspace/github/opticore-amr/ros2_ws/src/build/amr_navigation' returned '0': CMAKE_PREFIX_PATH=${CMAKE_PREFIX_PATH}:/workspace/ros2_ws/install/amr_perception:/opt/ros/humble /usr/bin/cmake /workspace/github/opticore-amr/ros2_ws/src/amr_navigation -DCMAKE_INSTALL_PREFIX=/workspace/github/opticore-amr/ros2_ws/src/install/amr_navigation
[19.822s] Invoking command in '/workspace/github/opticore-amr/ros2_ws/src/build/amr_navigation': CMAKE_PREFIX_PATH=${CMAKE_PREFIX_PATH}:/workspace/ros2_ws/install/amr_perception:/opt/ros/humble /usr/bin/cmake --build /workspace/github/opticore-amr/ros2_ws/src/build/amr_navigation -- -j112 -l112
[20.000s] Invoked command in '/workspace/github/opticore-amr/ros2_ws/src/build/amr_navigation' returned '0': CMAKE_PREFIX_PATH=${CMAKE_PREFIX_PATH}:/workspace/ros2_ws/install/amr_perception:/opt/ros/humble /usr/bin/cmake --build /workspace/github/opticore-amr/ros2_ws/src/build/amr_navigation -- -j112 -l112
[20.017s] Invoking command in '/workspace/github/opticore-amr/ros2_ws/src/build/amr_navigation': CMAKE_PREFIX_PATH=${CMAKE_PREFIX_PATH}:/workspace/ros2_ws/install/amr_perception:/opt/ros/humble /usr/bin/cmake --install /workspace/github/opticore-amr/ros2_ws/src/build/amr_navigation
[20.034s] -- Install configuration: ""
[20.048s] -- Installing: /workspace/github/opticore-amr/ros2_ws/src/install/amr_navigation/share/ament_index/resource_index/package_run_dependencies/amr_navigation
[20.111s] -- Installing: /workspace/github/opticore-amr/ros2_ws/src/install/amr_navigation/share/ament_index/resource_index/parent_prefix_path/amr_navigation
[20.150s] -- Installing: /workspace/github/opticore-amr/ros2_ws/src/install/amr_navigation/share/amr_navigation/environment/ament_prefix_path.sh
[20.186s] -- Installing: /workspace/github/opticore-amr/ros2_ws/src/install/amr_navigation/share/amr_navigation/environment/ament_prefix_path.dsv
[20.211s] -- Installing: /workspace/github/opticore-amr/ros2_ws/src/install/amr_navigation/share/amr_navigation/environment/path.sh
[20.237s] -- Installing: /workspace/github/opticore-amr/ros2_ws/src/install/amr_navigation/share/amr_navigation/environment/path.dsv
[20.287s] -- Installing: /workspace/github/opticore-amr/ros2_ws/src/install/amr_navigation/share/amr_navigation/local_setup.bash
[20.321s] -- Installing: /workspace/github/opticore-amr/ros2_ws/src/install/amr_navigation/share/amr_navigation/local_setup.sh
[20.345s] -- Installing: /workspace/github/opticore-amr/ros2_ws/src/install/amr_navigation/share/amr_navigation/local_setup.zsh
[20.392s] -- Installing: /workspace/github/opticore-amr/ros2_ws/src/install/amr_navigation/share/amr_navigation/local_setup.dsv
[20.432s] -- Installing: /workspace/github/opticore-amr/ros2_ws/src/install/amr_navigation/share/amr_navigation/package.dsv
[20.494s] -- Installing: /workspace/github/opticore-amr/ros2_ws/src/install/amr_navigation/share/ament_index/resource_index/packages/amr_navigation
[20.526s] -- Installing: /workspace/github/opticore-amr/ros2_ws/src/install/amr_navigation/share/amr_navigation/cmake/amr_navigationConfig.cmake
[20.578s] -- Installing: /workspace/github/opticore-amr/ros2_ws/src/install/amr_navigation/share/amr_navigation/cmake/amr_navigationConfig-version.cmake
[20.611s] -- Installing: /workspace/github/opticore-amr/ros2_ws/src/install/amr_navigation/share/amr_navigation/package.xml
[20.672s] Invoked command in '/workspace/github/opticore-amr/ros2_ws/src/build/amr_navigation' returned '0': CMAKE_PREFIX_PATH=${CMAKE_PREFIX_PATH}:/workspace/ros2_ws/install/amr_perception:/opt/ros/humble /usr/bin/cmake --install /workspace/github/opticore-amr/ros2_ws/src/build/amr_navigation
