[0.282s] Invoking command in '/workspace/github/opticore-amr/ros2_ws/build/amr_slam': CMAKE_PREFIX_PATH=${CMAKE_PREFIX_PATH}:/workspace/github/opticore-amr/ros2_ws/install/amr_perception:/workspace/ros2_ws/install/amr_perception:/opt/ros/humble /usr/bin/cmake /workspace/github/opticore-amr/ros2_ws/src/amr_slam -DAMENT_CMAKE_SYMLINK_INSTALL=1 -DCMAKE_INSTALL_PREFIX=/workspace/github/opticore-amr/ros2_ws/install/amr_slam
[0.330s] -- Found ament_cmake: 1.3.14 (/opt/ros/humble/share/ament_cmake/cmake)
[0.710s] -- Override CMake install command with custom implementation using symlinks instead of copying resources
[0.858s] -- Found ament_lint_auto: 0.12.15 (/opt/ros/humble/share/ament_lint_auto/cmake)
[2.275s] -- Added test 'flake8' to check Python code syntax and style conventions
[2.432s] -- Added test 'lint_cmake' to check CMake code style
[2.518s] -- Added test 'pep257' to check Python code against some of the docstring style conventions in PEP 257
[3.277s] -- Added test 'xmllint' to check XML markup files
[3.378s] -- Configuring done
[3.728s] -- Generating done
[4.019s] -- Build files have been written to: /workspace/github/opticore-amr/ros2_ws/build/amr_slam
[4.023s] Invoked command in '/workspace/github/opticore-amr/ros2_ws/build/amr_slam' returned '0': CMAKE_PREFIX_PATH=${CMAKE_PREFIX_PATH}:/workspace/github/opticore-amr/ros2_ws/install/amr_perception:/workspace/ros2_ws/install/amr_perception:/opt/ros/humble /usr/bin/cmake /workspace/github/opticore-amr/ros2_ws/src/amr_slam -DAMENT_CMAKE_SYMLINK_INSTALL=1 -DCMAKE_INSTALL_PREFIX=/workspace/github/opticore-amr/ros2_ws/install/amr_slam
[4.037s] Invoking command in '/workspace/github/opticore-amr/ros2_ws/build/amr_slam': CMAKE_PREFIX_PATH=${CMAKE_PREFIX_PATH}:/workspace/github/opticore-amr/ros2_ws/install/amr_perception:/workspace/ros2_ws/install/amr_perception:/opt/ros/humble /usr/bin/cmake --build /workspace/github/opticore-amr/ros2_ws/build/amr_slam -- -j112 -l112
[4.179s] Invoked command in '/workspace/github/opticore-amr/ros2_ws/build/amr_slam' returned '0': CMAKE_PREFIX_PATH=${CMAKE_PREFIX_PATH}:/workspace/github/opticore-amr/ros2_ws/install/amr_perception:/workspace/ros2_ws/install/amr_perception:/opt/ros/humble /usr/bin/cmake --build /workspace/github/opticore-amr/ros2_ws/build/amr_slam -- -j112 -l112
[4.195s] Invoking command in '/workspace/github/opticore-amr/ros2_ws/build/amr_slam': CMAKE_PREFIX_PATH=${CMAKE_PREFIX_PATH}:/workspace/github/opticore-amr/ros2_ws/install/amr_perception:/workspace/ros2_ws/install/amr_perception:/opt/ros/humble /usr/bin/cmake --install /workspace/github/opticore-amr/ros2_ws/build/amr_slam
[4.210s] -- Install configuration: ""
[4.224s] -- Execute custom install script
[4.248s] -- Symlinking: /workspace/github/opticore-amr/ros2_ws/install/amr_slam/share/amr_slam/config/.gitkeep
[4.284s] -- Symlinking: /workspace/github/opticore-amr/ros2_ws/install/amr_slam/share/amr_slam/config/ekf.yaml
[4.314s] -- Symlinking: /workspace/github/opticore-amr/ros2_ws/install/amr_slam/share/amr_slam/config/slam_params.yaml
[4.346s] -- Symlinking: /workspace/github/opticore-amr/ros2_ws/install/amr_slam/share/amr_slam/launch/.gitkeep
[4.388s] -- Symlinking: /workspace/github/opticore-amr/ros2_ws/install/amr_slam/share/amr_slam/launch/slam.launch.py
[4.417s] -- Symlinking: /workspace/github/opticore-amr/ros2_ws/install/amr_slam/share/ament_index/resource_index/package_run_dependencies/amr_slam
[4.449s] -- Symlinking: /workspace/github/opticore-amr/ros2_ws/install/amr_slam/share/ament_index/resource_index/parent_prefix_path/amr_slam
[4.488s] -- Symlinking: /workspace/github/opticore-amr/ros2_ws/install/amr_slam/share/amr_slam/environment/ament_prefix_path.sh
[4.516s] -- Symlinking: /workspace/github/opticore-amr/ros2_ws/install/amr_slam/share/amr_slam/environment/ament_prefix_path.dsv
[4.546s] -- Symlinking: /workspace/github/opticore-amr/ros2_ws/install/amr_slam/share/amr_slam/environment/path.sh
[4.586s] -- Symlinking: /workspace/github/opticore-amr/ros2_ws/install/amr_slam/share/amr_slam/environment/path.dsv
[4.613s] -- Symlinking: /workspace/github/opticore-amr/ros2_ws/install/amr_slam/share/amr_slam/local_setup.bash
[4.643s] -- Symlinking: /workspace/github/opticore-amr/ros2_ws/install/amr_slam/share/amr_slam/local_setup.sh
[4.682s] -- Symlinking: /workspace/github/opticore-amr/ros2_ws/install/amr_slam/share/amr_slam/local_setup.zsh
[4.711s] -- Symlinking: /workspace/github/opticore-amr/ros2_ws/install/amr_slam/share/amr_slam/local_setup.dsv
[4.740s] -- Symlinking: /workspace/github/opticore-amr/ros2_ws/install/amr_slam/share/amr_slam/package.dsv
[4.790s] -- Symlinking: /workspace/github/opticore-amr/ros2_ws/install/amr_slam/share/ament_index/resource_index/packages/amr_slam
[4.818s] -- Symlinking: /workspace/github/opticore-amr/ros2_ws/install/amr_slam/share/amr_slam/cmake/amr_slamConfig.cmake
[4.847s] -- Symlinking: /workspace/github/opticore-amr/ros2_ws/install/amr_slam/share/amr_slam/cmake/amr_slamConfig-version.cmake
[4.888s] -- Symlinking: /workspace/github/opticore-amr/ros2_ws/install/amr_slam/share/amr_slam/package.xml
[4.913s] Invoked command in '/workspace/github/opticore-amr/ros2_ws/build/amr_slam' returned '0': CMAKE_PREFIX_PATH=${CMAKE_PREFIX_PATH}:/workspace/github/opticore-amr/ros2_ws/install/amr_perception:/workspace/ros2_ws/install/amr_perception:/opt/ros/humble /usr/bin/cmake --install /workspace/github/opticore-amr/ros2_ws/build/amr_slam
