[0.899s] Invoking command in '/ros2_ws/opticore-amr/opticore-amr/ros2_ws/src/amr_perception': PYTHONPATH=/ros2_ws/opticore-amr/opticore-amr/ros2_ws/build/amr_perception/prefix_override:/usr/lib/python3/dist-packages/colcon_core/task/python/colcon_distutils_commands:/ros2_ws/opticore-amr/opticore-amr/ros2_ws/install/amr_perception/lib/python3.10/site-packages:${PYTHONPATH} /usr/bin/python3 -W ignore:setup.py install is deprecated -W ignore:easy_install command is deprecated setup.py egg_info --egg-base ../../build/amr_perception build --build-base /ros2_ws/opticore-amr/opticore-amr/ros2_ws/build/amr_perception/build install --record /ros2_ws/opticore-amr/opticore-amr/ros2_ws/build/amr_perception/install.log --single-version-externally-managed install_data
[1.122s] running egg_info
[1.122s] creating ../../build/amr_perception/amr_perception.egg-info
[1.122s] writing ../../build/amr_perception/amr_perception.egg-info/PKG-INFO
[1.124s] writing dependency_links to ../../build/amr_perception/amr_perception.egg-info/dependency_links.txt
[1.125s] writing entry points to ../../build/amr_perception/amr_perception.egg-info/entry_points.txt
[1.126s] writing requirements to ../../build/amr_perception/amr_perception.egg-info/requires.txt
[1.127s] writing top-level names to ../../build/amr_perception/amr_perception.egg-info/top_level.txt
[1.128s] writing manifest file '../../build/amr_perception/amr_perception.egg-info/SOURCES.txt'
[1.132s] reading manifest file '../../build/amr_perception/amr_perception.egg-info/SOURCES.txt'
[1.133s] writing manifest file '../../build/amr_perception/amr_perception.egg-info/SOURCES.txt'
[1.133s] running build
[1.134s] running build_py
[1.134s] creating /ros2_ws/opticore-amr/opticore-amr/ros2_ws/build/amr_perception/build
[1.135s] creating /ros2_ws/opticore-amr/opticore-amr/ros2_ws/build/amr_perception/build/lib
[1.135s] creating /ros2_ws/opticore-amr/opticore-amr/ros2_ws/build/amr_perception/build/lib/amr_perception
[1.136s] copying amr_perception/object_tracker.py -> /ros2_ws/opticore-amr/opticore-amr/ros2_ws/build/amr_perception/build/lib/amr_perception
[1.137s] copying amr_perception/__init__.py -> /ros2_ws/opticore-amr/opticore-amr/ros2_ws/build/amr_perception/build/lib/amr_perception
[1.137s] copying amr_perception/yolo_detector.py -> /ros2_ws/opticore-amr/opticore-amr/ros2_ws/build/amr_perception/build/lib/amr_perception
[1.138s] running install
[1.139s] running install_lib
[1.141s] creating /ros2_ws/opticore-amr/opticore-amr/ros2_ws/install/amr_perception/lib/python3.10/site-packages/amr_perception
[1.141s] copying /ros2_ws/opticore-amr/opticore-amr/ros2_ws/build/amr_perception/build/lib/amr_perception/object_tracker.py -> /ros2_ws/opticore-amr/opticore-amr/ros2_ws/install/amr_perception/lib/python3.10/site-packages/amr_perception
[1.142s] copying /ros2_ws/opticore-amr/opticore-amr/ros2_ws/build/amr_perception/build/lib/amr_perception/__init__.py -> /ros2_ws/opticore-amr/opticore-amr/ros2_ws/install/amr_perception/lib/python3.10/site-packages/amr_perception
[1.143s] copying /ros2_ws/opticore-amr/opticore-amr/ros2_ws/build/amr_perception/build/lib/amr_perception/yolo_detector.py -> /ros2_ws/opticore-amr/opticore-amr/ros2_ws/install/amr_perception/lib/python3.10/site-packages/amr_perception
[1.144s] byte-compiling /ros2_ws/opticore-amr/opticore-amr/ros2_ws/install/amr_perception/lib/python3.10/site-packages/amr_perception/object_tracker.py to object_tracker.cpython-310.pyc
[1.146s] byte-compiling /ros2_ws/opticore-amr/opticore-amr/ros2_ws/install/amr_perception/lib/python3.10/site-packages/amr_perception/__init__.py to __init__.cpython-310.pyc
[1.147s] byte-compiling /ros2_ws/opticore-amr/opticore-amr/ros2_ws/install/amr_perception/lib/python3.10/site-packages/amr_perception/yolo_detector.py to yolo_detector.cpython-310.pyc
[1.147s] running install_data
[1.149s] running install_egg_info
[1.149s] Copying ../../build/amr_perception/amr_perception.egg-info to /ros2_ws/opticore-amr/opticore-amr/ros2_ws/install/amr_perception/lib/python3.10/site-packages/amr_perception-0.0.0-py3.10.egg-info
[1.157s] running install_scripts
[1.179s] writing list of installed files to '/ros2_ws/opticore-amr/opticore-amr/ros2_ws/build/amr_perception/install.log'
[1.195s] Invoked command in '/ros2_ws/opticore-amr/opticore-amr/ros2_ws/src/amr_perception' returned '0': PYTHONPATH=/ros2_ws/opticore-amr/opticore-amr/ros2_ws/build/amr_perception/prefix_override:/usr/lib/python3/dist-packages/colcon_core/task/python/colcon_distutils_commands:/ros2_ws/opticore-amr/opticore-amr/ros2_ws/install/amr_perception/lib/python3.10/site-packages:${PYTHONPATH} /usr/bin/python3 -W ignore:setup.py install is deprecated -W ignore:easy_install command is deprecated setup.py egg_info --egg-base ../../build/amr_perception build --build-base /ros2_ws/opticore-amr/opticore-amr/ros2_ws/build/amr_perception/build install --record /ros2_ws/opticore-amr/opticore-amr/ros2_ws/build/amr_perception/install.log --single-version-externally-managed install_data
