[0.507s] Invoking command in '/workspace/github/opticore-amr/ros2_ws/src/build/amr_navigation': CMAKE_PREFIX_PATH=${CMAKE_PREFIX_PATH}:/workspace/ros2_ws/install/amr_perception:/opt/ros/humble /usr/bin/cmake --build /workspace/github/opticore-amr/ros2_ws/src/build/amr_navigation -- -j112 -l112
[1.136s] Invoked command in '/workspace/github/opticore-amr/ros2_ws/src/build/amr_navigation' returned '0': CMAKE_PREFIX_PATH=${CMAKE_PREFIX_PATH}:/workspace/ros2_ws/install/amr_perception:/opt/ros/humble /usr/bin/cmake --build /workspace/github/opticore-amr/ros2_ws/src/build/amr_navigation -- -j112 -l112
[1.147s] Invoking command in '/workspace/github/opticore-amr/ros2_ws/src/build/amr_navigation': CMAKE_PREFIX_PATH=${CMAKE_PREFIX_PATH}:/workspace/ros2_ws/install/amr_perception:/opt/ros/humble /usr/bin/cmake --install /workspace/github/opticore-amr/ros2_ws/src/build/amr_navigation
[1.161s] -- Install configuration: ""
[1.166s] -- Up-to-date: /workspace/github/opticore-amr/ros2_ws/src/install/amr_navigation/share/ament_index/resource_index/package_run_dependencies/amr_navigation
[1.172s] -- Up-to-date: /workspace/github/opticore-amr/ros2_ws/src/install/amr_navigation/share/ament_index/resource_index/parent_prefix_path/amr_navigation
[1.175s] -- Up-to-date: /workspace/github/opticore-amr/ros2_ws/src/install/amr_navigation/share/amr_navigation/environment/ament_prefix_path.sh
[1.195s] -- Up-to-date: /workspace/github/opticore-amr/ros2_ws/src/install/amr_navigation/share/amr_navigation/environment/ament_prefix_path.dsv
[1.208s] -- Up-to-date: /workspace/github/opticore-amr/ros2_ws/src/install/amr_navigation/share/amr_navigation/environment/path.sh
[1.208s] -- Up-to-date: /workspace/github/opticore-amr/ros2_ws/src/install/amr_navigation/share/amr_navigation/environment/path.dsv
[1.210s] -- Up-to-date: /workspace/github/opticore-amr/ros2_ws/src/install/amr_navigation/share/amr_navigation/local_setup.bash
[1.212s] -- Up-to-date: /workspace/github/opticore-amr/ros2_ws/src/install/amr_navigation/share/amr_navigation/local_setup.sh
[1.216s] -- Up-to-date: /workspace/github/opticore-amr/ros2_ws/src/install/amr_navigation/share/amr_navigation/local_setup.zsh
[1.219s] -- Up-to-date: /workspace/github/opticore-amr/ros2_ws/src/install/amr_navigation/share/amr_navigation/local_setup.dsv
[1.222s] -- Installing: /workspace/github/opticore-amr/ros2_ws/src/install/amr_navigation/share/amr_navigation/package.dsv
[1.246s] -- Up-to-date: /workspace/github/opticore-amr/ros2_ws/src/install/amr_navigation/share/ament_index/resource_index/packages/amr_navigation
[1.251s] -- Up-to-date: /workspace/github/opticore-amr/ros2_ws/src/install/amr_navigation/share/amr_navigation/cmake/amr_navigationConfig.cmake
[1.255s] -- Up-to-date: /workspace/github/opticore-amr/ros2_ws/src/install/amr_navigation/share/amr_navigation/cmake/amr_navigationConfig-version.cmake
[1.259s] -- Up-to-date: /workspace/github/opticore-amr/ros2_ws/src/install/amr_navigation/share/amr_navigation/package.xml
[1.634s] Invoked command in '/workspace/github/opticore-amr/ros2_ws/src/build/amr_navigation' returned '0': CMAKE_PREFIX_PATH=${CMAKE_PREFIX_PATH}:/workspace/ros2_ws/install/amr_perception:/opt/ros/humble /usr/bin/cmake --install /workspace/github/opticore-amr/ros2_ws/src/build/amr_navigation
