[0.532s] Invoking command in '/workspace/github/opticore-amr/ros2_ws/src/build/amr_navigation': CMAKE_PREFIX_PATH=${CMAKE_PREFIX_PATH}:/workspace/ros2_ws/install/amr_perception:/opt/ros/humble /usr/bin/cmake --build /workspace/github/opticore-amr/ros2_ws/src/build/amr_navigation -- -j112 -l112
[1.316s] Invoked command in '/workspace/github/opticore-amr/ros2_ws/src/build/amr_navigation' returned '0': CMAKE_PREFIX_PATH=${CMAKE_PREFIX_PATH}:/workspace/ros2_ws/install/amr_perception:/opt/ros/humble /usr/bin/cmake --build /workspace/github/opticore-amr/ros2_ws/src/build/amr_navigation -- -j112 -l112
[1.343s] Invoking command in '/workspace/github/opticore-amr/ros2_ws/src/build/amr_navigation': CMAKE_PREFIX_PATH=${CMAKE_PREFIX_PATH}:/workspace/ros2_ws/install/amr_perception:/opt/ros/humble /usr/bin/cmake --install /workspace/github/opticore-amr/ros2_ws/src/build/amr_navigation
[1.358s] -- Install configuration: ""
[1.379s] -- Up-to-date: /workspace/github/opticore-amr/ros2_ws/src/install/amr_navigation/share/ament_index/resource_index/package_run_dependencies/amr_navigation
[1.386s] -- Up-to-date: /workspace/github/opticore-amr/ros2_ws/src/install/amr_navigation/share/ament_index/resource_index/parent_prefix_path/amr_navigation
[1.404s] -- Up-to-date: /workspace/github/opticore-amr/ros2_ws/src/install/amr_navigation/share/amr_navigation/environment/ament_prefix_path.sh
[1.404s] -- Up-to-date: /workspace/github/opticore-amr/ros2_ws/src/install/amr_navigation/share/amr_navigation/environment/ament_prefix_path.dsv
[1.405s] -- Up-to-date: /workspace/github/opticore-amr/ros2_ws/src/install/amr_navigation/share/amr_navigation/environment/path.sh
[1.406s] -- Up-to-date: /workspace/github/opticore-amr/ros2_ws/src/install/amr_navigation/share/amr_navigation/environment/path.dsv
[1.410s] -- Up-to-date: /workspace/github/opticore-amr/ros2_ws/src/install/amr_navigation/share/amr_navigation/local_setup.bash
[1.418s] -- Up-to-date: /workspace/github/opticore-amr/ros2_ws/src/install/amr_navigation/share/amr_navigation/local_setup.sh
[1.422s] -- Up-to-date: /workspace/github/opticore-amr/ros2_ws/src/install/amr_navigation/share/amr_navigation/local_setup.zsh
[1.427s] -- Up-to-date: /workspace/github/opticore-amr/ros2_ws/src/install/amr_navigation/share/amr_navigation/local_setup.dsv
[1.432s] -- Installing: /workspace/github/opticore-amr/ros2_ws/src/install/amr_navigation/share/amr_navigation/package.dsv
[1.508s] -- Up-to-date: /workspace/github/opticore-amr/ros2_ws/src/install/amr_navigation/share/ament_index/resource_index/packages/amr_navigation
[1.515s] -- Up-to-date: /workspace/github/opticore-amr/ros2_ws/src/install/amr_navigation/share/amr_navigation/cmake/amr_navigationConfig.cmake
[1.522s] -- Up-to-date: /workspace/github/opticore-amr/ros2_ws/src/install/amr_navigation/share/amr_navigation/cmake/amr_navigationConfig-version.cmake
[1.529s] -- Up-to-date: /workspace/github/opticore-amr/ros2_ws/src/install/amr_navigation/share/amr_navigation/package.xml
[2.423s] Invoked command in '/workspace/github/opticore-amr/ros2_ws/src/build/amr_navigation' returned '0': CMAKE_PREFIX_PATH=${CMAKE_PREFIX_PATH}:/workspace/ros2_ws/install/amr_perception:/opt/ros/humble /usr/bin/cmake --install /workspace/github/opticore-amr/ros2_ws/src/build/amr_navigation
