[0.130s] DEBUG:colcon:Command line arguments: ['/usr/bin/colcon', 'build']
[0.131s] DEBUG:colcon:Parsed command line arguments: Namespace(log_base=None, log_level=None, verb_name='build', build_base='build', install_base='install', merge_install=False, symlink_install=False, test_result_base=None, continue_on_error=False, executor='parallel', parallel_workers=10, event_handlers=None, ignore_user_meta=False, metas=['./colcon.meta'], base_paths=['.'], packages_ignore=None, packages_ignore_regex=None, paths=None, packages_up_to=None, packages_up_to_regex=None, packages_above=None, packages_above_and_dependencies=None, packages_above_depth=None, packages_select_by_dep=None, packages_skip_by_dep=None, packages_skip_up_to=None, packages_select_build_failed=False, packages_skip_build_finished=False, packages_select_test_failures=False, packages_skip_test_passed=False, packages_select=None, packages_skip=None, packages_select_regex=None, packages_skip_regex=None, packages_start=None, packages_end=None, cmake_args=None, cmake_target=None, cmake_target_skip_unavailable=False, cmake_clean_cache=False, cmake_clean_first=False, cmake_force_configure=False, ament_cmake_args=None, catkin_cmake_args=None, catkin_skip_building_tests=False, mixin_files=None, mixin=None, verb_parser=<colcon_mixin.mixin.mixin_argument.MixinArgumentDecorator object at 0x7ffffe1f7460>, verb_extension=<colcon_core.verb.build.BuildVerb object at 0x7ffffe3b0400>, main=<bound method BuildVerb.main of <colcon_core.verb.build.BuildVerb object at 0x7ffffe3b0400>>, mixin_verb=('build',))
[0.299s] Level 1:colcon.colcon_core.package_discovery:discover_packages(colcon_meta) check parameters
[0.300s] INFO:colcon.colcon_metadata.package_discovery.colcon_meta:Using configuration from '/root/.colcon/metadata/default/Gazebo.meta'
[0.301s] INFO:colcon.colcon_metadata.package_discovery.colcon_meta:Using configuration from '/root/.colcon/metadata/default/fastdds.meta'
[0.301s] INFO:colcon.colcon_metadata.package_discovery.colcon_meta:Using configuration from '/root/.colcon/metadata/default/fastrtps.meta'
[0.301s] Level 1:colcon.colcon_core.package_discovery:discover_packages(recursive) check parameters
[0.301s] Level 1:colcon.colcon_core.package_discovery:discover_packages(ignore) check parameters
[0.302s] Level 1:colcon.colcon_core.package_discovery:discover_packages(path) check parameters
[0.302s] Level 1:colcon.colcon_core.package_discovery:discover_packages(colcon_meta) discover
[0.302s] Level 1:colcon.colcon_core.package_discovery:discover_packages(recursive) discover
[0.302s] INFO:colcon.colcon_core.package_discovery:Crawling recursively for packages in '/ros2_ws/opticore-amr/opticore-amr/ros2_ws'
[0.302s] Level 1:colcon.colcon_core.package_identification:_identify(.) by extensions ['ignore', 'ignore_ament_install']
[0.302s] Level 1:colcon.colcon_core.package_identification:_identify(.) by extension 'ignore'
[0.303s] Level 1:colcon.colcon_core.package_identification:_identify(.) by extension 'ignore_ament_install'
[0.303s] Level 1:colcon.colcon_core.package_identification:_identify(.) by extensions ['colcon_pkg']
[0.303s] Level 1:colcon.colcon_core.package_identification:_identify(.) by extension 'colcon_pkg'
[0.303s] Level 1:colcon.colcon_core.package_identification:_identify(.) by extensions ['colcon_meta']
[0.303s] Level 1:colcon.colcon_core.package_identification:_identify(.) by extension 'colcon_meta'
[0.303s] Level 1:colcon.colcon_core.package_identification:_identify(.) by extensions ['ros']
[0.303s] Level 1:colcon.colcon_core.package_identification:_identify(.) by extension 'ros'
[0.313s] Level 1:colcon.colcon_core.package_identification:_identify(.) by extensions ['cmake', 'python']
[0.314s] Level 1:colcon.colcon_core.package_identification:_identify(.) by extension 'cmake'
[0.314s] Level 1:colcon.colcon_core.package_identification:_identify(.) by extension 'python'
[0.314s] Level 1:colcon.colcon_core.package_identification:_identify(.) by extensions ['python_setup_py']
[0.314s] Level 1:colcon.colcon_core.package_identification:_identify(.) by extension 'python_setup_py'
[0.314s] Level 1:colcon.colcon_core.package_identification:_identify(build) by extensions ['ignore', 'ignore_ament_install']
[0.314s] Level 1:colcon.colcon_core.package_identification:_identify(build) by extension 'ignore'
[0.314s] Level 1:colcon.colcon_core.package_identification:_identify(build) ignored
[0.315s] Level 1:colcon.colcon_core.package_identification:_identify(install) by extensions ['ignore', 'ignore_ament_install']
[0.315s] Level 1:colcon.colcon_core.package_identification:_identify(install) by extension 'ignore'
[0.315s] Level 1:colcon.colcon_core.package_identification:_identify(install) ignored
[0.315s] Level 1:colcon.colcon_core.package_identification:_identify(log) by extensions ['ignore', 'ignore_ament_install']
[0.316s] Level 1:colcon.colcon_core.package_identification:_identify(log) by extension 'ignore'
[0.316s] Level 1:colcon.colcon_core.package_identification:_identify(log) ignored
[0.316s] Level 1:colcon.colcon_core.package_identification:_identify(src) by extensions ['ignore', 'ignore_ament_install']
[0.316s] Level 1:colcon.colcon_core.package_identification:_identify(src) by extension 'ignore'
[0.316s] Level 1:colcon.colcon_core.package_identification:_identify(src) by extension 'ignore_ament_install'
[0.316s] Level 1:colcon.colcon_core.package_identification:_identify(src) by extensions ['colcon_pkg']
[0.316s] Level 1:colcon.colcon_core.package_identification:_identify(src) by extension 'colcon_pkg'
[0.316s] Level 1:colcon.colcon_core.package_identification:_identify(src) by extensions ['colcon_meta']
[0.316s] Level 1:colcon.colcon_core.package_identification:_identify(src) by extension 'colcon_meta'
[0.316s] Level 1:colcon.colcon_core.package_identification:_identify(src) by extensions ['ros']
[0.317s] Level 1:colcon.colcon_core.package_identification:_identify(src) by extension 'ros'
[0.317s] Level 1:colcon.colcon_core.package_identification:_identify(src) by extensions ['cmake', 'python']
[0.317s] Level 1:colcon.colcon_core.package_identification:_identify(src) by extension 'cmake'
[0.317s] Level 1:colcon.colcon_core.package_identification:_identify(src) by extension 'python'
[0.317s] Level 1:colcon.colcon_core.package_identification:_identify(src) by extensions ['python_setup_py']
[0.317s] Level 1:colcon.colcon_core.package_identification:_identify(src) by extension 'python_setup_py'
[0.317s] Level 1:colcon.colcon_core.package_identification:_identify(src/amr_bringup) by extensions ['ignore', 'ignore_ament_install']
[0.317s] Level 1:colcon.colcon_core.package_identification:_identify(src/amr_bringup) by extension 'ignore'
[0.318s] Level 1:colcon.colcon_core.package_identification:_identify(src/amr_bringup) by extension 'ignore_ament_install'
[0.318s] Level 1:colcon.colcon_core.package_identification:_identify(src/amr_bringup) by extensions ['colcon_pkg']
[0.318s] Level 1:colcon.colcon_core.package_identification:_identify(src/amr_bringup) by extension 'colcon_pkg'
[0.318s] Level 1:colcon.colcon_core.package_identification:_identify(src/amr_bringup) by extensions ['colcon_meta']
[0.318s] Level 1:colcon.colcon_core.package_identification:_identify(src/amr_bringup) by extension 'colcon_meta'
[0.318s] Level 1:colcon.colcon_core.package_identification:_identify(src/amr_bringup) by extensions ['ros']
[0.318s] Level 1:colcon.colcon_core.package_identification:_identify(src/amr_bringup) by extension 'ros'
[0.324s] DEBUG:colcon.colcon_core.package_identification:Package 'src/amr_bringup' with type 'ros.ament_cmake' and name 'amr_bringup'
[0.324s] Level 1:colcon.colcon_core.package_identification:_identify(src/amr_description) by extensions ['ignore', 'ignore_ament_install']
[0.325s] Level 1:colcon.colcon_core.package_identification:_identify(src/amr_description) by extension 'ignore'
[0.325s] Level 1:colcon.colcon_core.package_identification:_identify(src/amr_description) by extension 'ignore_ament_install'
[0.325s] Level 1:colcon.colcon_core.package_identification:_identify(src/amr_description) by extensions ['colcon_pkg']
[0.325s] Level 1:colcon.colcon_core.package_identification:_identify(src/amr_description) by extension 'colcon_pkg'
[0.325s] Level 1:colcon.colcon_core.package_identification:_identify(src/amr_description) by extensions ['colcon_meta']
[0.325s] Level 1:colcon.colcon_core.package_identification:_identify(src/amr_description) by extension 'colcon_meta'
[0.325s] Level 1:colcon.colcon_core.package_identification:_identify(src/amr_description) by extensions ['ros']
[0.326s] Level 1:colcon.colcon_core.package_identification:_identify(src/amr_description) by extension 'ros'
[0.326s] Level 1:colcon.colcon_core.package_identification:_identify(src/amr_description) by extensions ['cmake', 'python']
[0.326s] Level 1:colcon.colcon_core.package_identification:_identify(src/amr_description) by extension 'cmake'
[0.326s] Level 1:colcon.colcon_core.package_identification:_identify(src/amr_description) by extension 'python'
[0.326s] Level 1:colcon.colcon_core.package_identification:_identify(src/amr_description) by extensions ['python_setup_py']
[0.327s] Level 1:colcon.colcon_core.package_identification:_identify(src/amr_description) by extension 'python_setup_py'
[0.327s] Level 1:colcon.colcon_core.package_identification:_identify(src/amr_fleet) by extensions ['ignore', 'ignore_ament_install']
[0.327s] Level 1:colcon.colcon_core.package_identification:_identify(src/amr_fleet) by extension 'ignore'
[0.327s] Level 1:colcon.colcon_core.package_identification:_identify(src/amr_fleet) by extension 'ignore_ament_install'
[0.327s] Level 1:colcon.colcon_core.package_identification:_identify(src/amr_fleet) by extensions ['colcon_pkg']
[0.327s] Level 1:colcon.colcon_core.package_identification:_identify(src/amr_fleet) by extension 'colcon_pkg'
[0.327s] Level 1:colcon.colcon_core.package_identification:_identify(src/amr_fleet) by extensions ['colcon_meta']
[0.327s] Level 1:colcon.colcon_core.package_identification:_identify(src/amr_fleet) by extension 'colcon_meta'
[0.327s] Level 1:colcon.colcon_core.package_identification:_identify(src/amr_fleet) by extensions ['ros']
[0.328s] Level 1:colcon.colcon_core.package_identification:_identify(src/amr_fleet) by extension 'ros'
[0.329s] DEBUG:colcon.colcon_core.package_identification:Package 'src/amr_fleet' with type 'ros.ament_cmake' and name 'amr_fleet'
[0.329s] Level 1:colcon.colcon_core.package_identification:_identify(src/amr_gazebo) by extensions ['ignore', 'ignore_ament_install']
[0.329s] Level 1:colcon.colcon_core.package_identification:_identify(src/amr_gazebo) by extension 'ignore'
[0.329s] Level 1:colcon.colcon_core.package_identification:_identify(src/amr_gazebo) by extension 'ignore_ament_install'
[0.329s] Level 1:colcon.colcon_core.package_identification:_identify(src/amr_gazebo) by extensions ['colcon_pkg']
[0.329s] Level 1:colcon.colcon_core.package_identification:_identify(src/amr_gazebo) by extension 'colcon_pkg'
[0.329s] Level 1:colcon.colcon_core.package_identification:_identify(src/amr_gazebo) by extensions ['colcon_meta']
[0.329s] Level 1:colcon.colcon_core.package_identification:_identify(src/amr_gazebo) by extension 'colcon_meta'
[0.329s] Level 1:colcon.colcon_core.package_identification:_identify(src/amr_gazebo) by extensions ['ros']
[0.329s] Level 1:colcon.colcon_core.package_identification:_identify(src/amr_gazebo) by extension 'ros'
[0.330s] Level 1:colcon.colcon_core.package_identification:_identify(src/amr_gazebo) by extensions ['cmake', 'python']
[0.330s] Level 1:colcon.colcon_core.package_identification:_identify(src/amr_gazebo) by extension 'cmake'
[0.330s] Level 1:colcon.colcon_core.package_identification:_identify(src/amr_gazebo) by extension 'python'
[0.330s] Level 1:colcon.colcon_core.package_identification:_identify(src/amr_gazebo) by extensions ['python_setup_py']
[0.330s] Level 1:colcon.colcon_core.package_identification:_identify(src/amr_gazebo) by extension 'python_setup_py'
[0.330s] Level 1:colcon.colcon_core.package_identification:_identify(src/amr_msgs) by extensions ['ignore', 'ignore_ament_install']
[0.330s] Level 1:colcon.colcon_core.package_identification:_identify(src/amr_msgs) by extension 'ignore'
[0.330s] Level 1:colcon.colcon_core.package_identification:_identify(src/amr_msgs) by extension 'ignore_ament_install'
[0.330s] Level 1:colcon.colcon_core.package_identification:_identify(src/amr_msgs) by extensions ['colcon_pkg']
[0.330s] Level 1:colcon.colcon_core.package_identification:_identify(src/amr_msgs) by extension 'colcon_pkg'
[0.331s] Level 1:colcon.colcon_core.package_identification:_identify(src/amr_msgs) by extensions ['colcon_meta']
[0.331s] Level 1:colcon.colcon_core.package_identification:_identify(src/amr_msgs) by extension 'colcon_meta'
[0.331s] Level 1:colcon.colcon_core.package_identification:_identify(src/amr_msgs) by extensions ['ros']
[0.331s] Level 1:colcon.colcon_core.package_identification:_identify(src/amr_msgs) by extension 'ros'
[0.331s] Level 1:colcon.colcon_core.package_identification:_identify(src/amr_msgs) by extensions ['cmake', 'python']
[0.331s] Level 1:colcon.colcon_core.package_identification:_identify(src/amr_msgs) by extension 'cmake'
[0.331s] Level 1:colcon.colcon_core.package_identification:_identify(src/amr_msgs) by extension 'python'
[0.331s] Level 1:colcon.colcon_core.package_identification:_identify(src/amr_msgs) by extensions ['python_setup_py']
[0.331s] Level 1:colcon.colcon_core.package_identification:_identify(src/amr_msgs) by extension 'python_setup_py'
[0.331s] Level 1:colcon.colcon_core.package_identification:_identify(src/amr_navigation) by extensions ['ignore', 'ignore_ament_install']
[0.332s] Level 1:colcon.colcon_core.package_identification:_identify(src/amr_navigation) by extension 'ignore'
[0.332s] Level 1:colcon.colcon_core.package_identification:_identify(src/amr_navigation) by extension 'ignore_ament_install'
[0.332s] Level 1:colcon.colcon_core.package_identification:_identify(src/amr_navigation) by extensions ['colcon_pkg']
[0.332s] Level 1:colcon.colcon_core.package_identification:_identify(src/amr_navigation) by extension 'colcon_pkg'
[0.332s] Level 1:colcon.colcon_core.package_identification:_identify(src/amr_navigation) by extensions ['colcon_meta']
[0.332s] Level 1:colcon.colcon_core.package_identification:_identify(src/amr_navigation) by extension 'colcon_meta'
[0.332s] Level 1:colcon.colcon_core.package_identification:_identify(src/amr_navigation) by extensions ['ros']
[0.332s] Level 1:colcon.colcon_core.package_identification:_identify(src/amr_navigation) by extension 'ros'
[0.333s] DEBUG:colcon.colcon_core.package_identification:Package 'src/amr_navigation' with type 'ros.ament_cmake' and name 'amr_navigation'
[0.333s] Level 1:colcon.colcon_core.package_identification:_identify(src/amr_perception) by extensions ['ignore', 'ignore_ament_install']
[0.333s] Level 1:colcon.colcon_core.package_identification:_identify(src/amr_perception) by extension 'ignore'
[0.333s] Level 1:colcon.colcon_core.package_identification:_identify(src/amr_perception) by extension 'ignore_ament_install'
[0.333s] Level 1:colcon.colcon_core.package_identification:_identify(src/amr_perception) by extensions ['colcon_pkg']
[0.333s] Level 1:colcon.colcon_core.package_identification:_identify(src/amr_perception) by extension 'colcon_pkg'
[0.333s] Level 1:colcon.colcon_core.package_identification:_identify(src/amr_perception) by extensions ['colcon_meta']
[0.333s] Level 1:colcon.colcon_core.package_identification:_identify(src/amr_perception) by extension 'colcon_meta'
[0.333s] Level 1:colcon.colcon_core.package_identification:_identify(src/amr_perception) by extensions ['ros']
[0.334s] Level 1:colcon.colcon_core.package_identification:_identify(src/amr_perception) by extension 'ros'
[0.334s] DEBUG:colcon.colcon_core.package_identification:Package 'src/amr_perception' with type 'ros.ament_python' and name 'amr_perception'
[0.334s] Level 1:colcon.colcon_core.package_identification:_identify(src/amr_slam) by extensions ['ignore', 'ignore_ament_install']
[0.334s] Level 1:colcon.colcon_core.package_identification:_identify(src/amr_slam) by extension 'ignore'
[0.335s] Level 1:colcon.colcon_core.package_identification:_identify(src/amr_slam) by extension 'ignore_ament_install'
[0.335s] Level 1:colcon.colcon_core.package_identification:_identify(src/amr_slam) by extensions ['colcon_pkg']
[0.335s] Level 1:colcon.colcon_core.package_identification:_identify(src/amr_slam) by extension 'colcon_pkg'
[0.335s] Level 1:colcon.colcon_core.package_identification:_identify(src/amr_slam) by extensions ['colcon_meta']
[0.335s] Level 1:colcon.colcon_core.package_identification:_identify(src/amr_slam) by extension 'colcon_meta'
[0.335s] Level 1:colcon.colcon_core.package_identification:_identify(src/amr_slam) by extensions ['ros']
[0.335s] Level 1:colcon.colcon_core.package_identification:_identify(src/amr_slam) by extension 'ros'
[0.335s] DEBUG:colcon.colcon_core.package_identification:Package 'src/amr_slam' with type 'ros.ament_cmake' and name 'amr_slam'
[0.336s] Level 1:colcon.colcon_core.package_identification:_identify(src/install) by extensions ['ignore', 'ignore_ament_install']
[0.336s] Level 1:colcon.colcon_core.package_identification:_identify(src/install) by extension 'ignore'
[0.336s] Level 1:colcon.colcon_core.package_identification:_identify(src/install) ignored
[0.336s] Level 1:colcon.colcon_core.package_identification:_identify(src/log) by extensions ['ignore', 'ignore_ament_install']
[0.336s] Level 1:colcon.colcon_core.package_identification:_identify(src/log) by extension 'ignore'
[0.336s] Level 1:colcon.colcon_core.package_identification:_identify(src/log) ignored
[0.336s] Level 1:colcon.colcon_core.package_discovery:discover_packages(recursive) using defaults
[0.336s] Level 1:colcon.colcon_core.package_discovery:discover_packages(ignore) discover
[0.336s] Level 1:colcon.colcon_core.package_discovery:discover_packages(ignore) using defaults
[0.337s] Level 1:colcon.colcon_core.package_discovery:discover_packages(path) discover
[0.337s] Level 1:colcon.colcon_core.package_discovery:discover_packages(path) using defaults
[0.357s] Level 5:colcon.colcon_core.verb:set package 'amr_bringup' build argument 'cmake_args' from command line to 'None'
[0.357s] Level 5:colcon.colcon_core.verb:set package 'amr_bringup' build argument 'cmake_target' from command line to 'None'
[0.357s] Level 5:colcon.colcon_core.verb:set package 'amr_bringup' build argument 'cmake_target_skip_unavailable' from command line to 'False'
[0.357s] Level 5:colcon.colcon_core.verb:set package 'amr_bringup' build argument 'cmake_clean_cache' from command line to 'False'
[0.357s] Level 5:colcon.colcon_core.verb:set package 'amr_bringup' build argument 'cmake_clean_first' from command line to 'False'
[0.357s] Level 5:colcon.colcon_core.verb:set package 'amr_bringup' build argument 'cmake_force_configure' from command line to 'False'
[0.358s] Level 5:colcon.colcon_core.verb:set package 'amr_bringup' build argument 'ament_cmake_args' from command line to 'None'
[0.358s] Level 5:colcon.colcon_core.verb:set package 'amr_bringup' build argument 'catkin_cmake_args' from command line to 'None'
[0.358s] Level 5:colcon.colcon_core.verb:set package 'amr_bringup' build argument 'catkin_skip_building_tests' from command line to 'False'
[0.358s] DEBUG:colcon.colcon_core.verb:Building package 'amr_bringup' with the following arguments: {'ament_cmake_args': None, 'build_base': '/ros2_ws/opticore-amr/opticore-amr/ros2_ws/build/amr_bringup', 'catkin_cmake_args': None, 'catkin_skip_building_tests': False, 'cmake_args': None, 'cmake_clean_cache': False, 'cmake_clean_first': False, 'cmake_force_configure': False, 'cmake_target': None, 'cmake_target_skip_unavailable': False, 'install_base': '/ros2_ws/opticore-amr/opticore-amr/ros2_ws/install/amr_bringup', 'merge_install': False, 'path': '/ros2_ws/opticore-amr/opticore-amr/ros2_ws/src/amr_bringup', 'symlink_install': False, 'test_result_base': None}
[0.358s] Level 5:colcon.colcon_core.verb:set package 'amr_fleet' build argument 'cmake_args' from command line to 'None'
[0.358s] Level 5:colcon.colcon_core.verb:set package 'amr_fleet' build argument 'cmake_target' from command line to 'None'
[0.358s] Level 5:colcon.colcon_core.verb:set package 'amr_fleet' build argument 'cmake_target_skip_unavailable' from command line to 'False'
[0.358s] Level 5:colcon.colcon_core.verb:set package 'amr_fleet' build argument 'cmake_clean_cache' from command line to 'False'
[0.358s] Level 5:colcon.colcon_core.verb:set package 'amr_fleet' build argument 'cmake_clean_first' from command line to 'False'
[0.358s] Level 5:colcon.colcon_core.verb:set package 'amr_fleet' build argument 'cmake_force_configure' from command line to 'False'
[0.358s] Level 5:colcon.colcon_core.verb:set package 'amr_fleet' build argument 'ament_cmake_args' from command line to 'None'
[0.358s] Level 5:colcon.colcon_core.verb:set package 'amr_fleet' build argument 'catkin_cmake_args' from command line to 'None'
[0.358s] Level 5:colcon.colcon_core.verb:set package 'amr_fleet' build argument 'catkin_skip_building_tests' from command line to 'False'
[0.358s] DEBUG:colcon.colcon_core.verb:Building package 'amr_fleet' with the following arguments: {'ament_cmake_args': None, 'build_base': '/ros2_ws/opticore-amr/opticore-amr/ros2_ws/build/amr_fleet', 'catkin_cmake_args': None, 'catkin_skip_building_tests': False, 'cmake_args': None, 'cmake_clean_cache': False, 'cmake_clean_first': False, 'cmake_force_configure': False, 'cmake_target': None, 'cmake_target_skip_unavailable': False, 'install_base': '/ros2_ws/opticore-amr/opticore-amr/ros2_ws/install/amr_fleet', 'merge_install': False, 'path': '/ros2_ws/opticore-amr/opticore-amr/ros2_ws/src/amr_fleet', 'symlink_install': False, 'test_result_base': None}
[0.359s] Level 5:colcon.colcon_core.verb:set package 'amr_navigation' build argument 'cmake_args' from command line to 'None'
[0.359s] Level 5:colcon.colcon_core.verb:set package 'amr_navigation' build argument 'cmake_target' from command line to 'None'
[0.359s] Level 5:colcon.colcon_core.verb:set package 'amr_navigation' build argument 'cmake_target_skip_unavailable' from command line to 'False'
[0.359s] Level 5:colcon.colcon_core.verb:set package 'amr_navigation' build argument 'cmake_clean_cache' from command line to 'False'
[0.359s] Level 5:colcon.colcon_core.verb:set package 'amr_navigation' build argument 'cmake_clean_first' from command line to 'False'
[0.359s] Level 5:colcon.colcon_core.verb:set package 'amr_navigation' build argument 'cmake_force_configure' from command line to 'False'
[0.359s] Level 5:colcon.colcon_core.verb:set package 'amr_navigation' build argument 'ament_cmake_args' from command line to 'None'
[0.359s] Level 5:colcon.colcon_core.verb:set package 'amr_navigation' build argument 'catkin_cmake_args' from command line to 'None'
[0.359s] Level 5:colcon.colcon_core.verb:set package 'amr_navigation' build argument 'catkin_skip_building_tests' from command line to 'False'
[0.359s] DEBUG:colcon.colcon_core.verb:Building package 'amr_navigation' with the following arguments: {'ament_cmake_args': None, 'build_base': '/ros2_ws/opticore-amr/opticore-amr/ros2_ws/build/amr_navigation', 'catkin_cmake_args': None, 'catkin_skip_building_tests': False, 'cmake_args': None, 'cmake_clean_cache': False, 'cmake_clean_first': False, 'cmake_force_configure': False, 'cmake_target': None, 'cmake_target_skip_unavailable': False, 'install_base': '/ros2_ws/opticore-amr/opticore-amr/ros2_ws/install/amr_navigation', 'merge_install': False, 'path': '/ros2_ws/opticore-amr/opticore-amr/ros2_ws/src/amr_navigation', 'symlink_install': False, 'test_result_base': None}
[0.359s] Level 5:colcon.colcon_core.verb:set package 'amr_perception' build argument 'cmake_args' from command line to 'None'
[0.359s] Level 5:colcon.colcon_core.verb:set package 'amr_perception' build argument 'cmake_target' from command line to 'None'
[0.359s] Level 5:colcon.colcon_core.verb:set package 'amr_perception' build argument 'cmake_target_skip_unavailable' from command line to 'False'
[0.359s] Level 5:colcon.colcon_core.verb:set package 'amr_perception' build argument 'cmake_clean_cache' from command line to 'False'
[0.359s] Level 5:colcon.colcon_core.verb:set package 'amr_perception' build argument 'cmake_clean_first' from command line to 'False'
[0.360s] Level 5:colcon.colcon_core.verb:set package 'amr_perception' build argument 'cmake_force_configure' from command line to 'False'
[0.360s] Level 5:colcon.colcon_core.verb:set package 'amr_perception' build argument 'ament_cmake_args' from command line to 'None'
[0.360s] Level 5:colcon.colcon_core.verb:set package 'amr_perception' build argument 'catkin_cmake_args' from command line to 'None'
[0.360s] Level 5:colcon.colcon_core.verb:set package 'amr_perception' build argument 'catkin_skip_building_tests' from command line to 'False'
[0.360s] DEBUG:colcon.colcon_core.verb:Building package 'amr_perception' with the following arguments: {'ament_cmake_args': None, 'build_base': '/ros2_ws/opticore-amr/opticore-amr/ros2_ws/build/amr_perception', 'catkin_cmake_args': None, 'catkin_skip_building_tests': False, 'cmake_args': None, 'cmake_clean_cache': False, 'cmake_clean_first': False, 'cmake_force_configure': False, 'cmake_target': None, 'cmake_target_skip_unavailable': False, 'install_base': '/ros2_ws/opticore-amr/opticore-amr/ros2_ws/install/amr_perception', 'merge_install': False, 'path': '/ros2_ws/opticore-amr/opticore-amr/ros2_ws/src/amr_perception', 'symlink_install': False, 'test_result_base': None}
[0.360s] Level 5:colcon.colcon_core.verb:set package 'amr_slam' build argument 'cmake_args' from command line to 'None'
[0.360s] Level 5:colcon.colcon_core.verb:set package 'amr_slam' build argument 'cmake_target' from command line to 'None'
[0.360s] Level 5:colcon.colcon_core.verb:set package 'amr_slam' build argument 'cmake_target_skip_unavailable' from command line to 'False'
[0.360s] Level 5:colcon.colcon_core.verb:set package 'amr_slam' build argument 'cmake_clean_cache' from command line to 'False'
[0.360s] Level 5:colcon.colcon_core.verb:set package 'amr_slam' build argument 'cmake_clean_first' from command line to 'False'
[0.360s] Level 5:colcon.colcon_core.verb:set package 'amr_slam' build argument 'cmake_force_configure' from command line to 'False'
[0.360s] Level 5:colcon.colcon_core.verb:set package 'amr_slam' build argument 'ament_cmake_args' from command line to 'None'
[0.360s] Level 5:colcon.colcon_core.verb:set package 'amr_slam' build argument 'catkin_cmake_args' from command line to 'None'
[0.360s] Level 5:colcon.colcon_core.verb:set package 'amr_slam' build argument 'catkin_skip_building_tests' from command line to 'False'
[0.360s] DEBUG:colcon.colcon_core.verb:Building package 'amr_slam' with the following arguments: {'ament_cmake_args': None, 'build_base': '/ros2_ws/opticore-amr/opticore-amr/ros2_ws/build/amr_slam', 'catkin_cmake_args': None, 'catkin_skip_building_tests': False, 'cmake_args': None, 'cmake_clean_cache': False, 'cmake_clean_first': False, 'cmake_force_configure': False, 'cmake_target': None, 'cmake_target_skip_unavailable': False, 'install_base': '/ros2_ws/opticore-amr/opticore-amr/ros2_ws/install/amr_slam', 'merge_install': False, 'path': '/ros2_ws/opticore-amr/opticore-amr/ros2_ws/src/amr_slam', 'symlink_install': False, 'test_result_base': None}
[0.361s] INFO:colcon.colcon_core.executor:Executing jobs using 'parallel' executor
[0.364s] DEBUG:colcon.colcon_parallel_executor.executor.parallel:run_until_complete
[0.365s] INFO:colcon.colcon_ros.task.ament_cmake.build:Building ROS package in '/ros2_ws/opticore-amr/opticore-amr/ros2_ws/src/amr_bringup' with build type 'ament_cmake'
[0.365s] INFO:colcon.colcon_cmake.task.cmake.build:Building CMake package in '/ros2_ws/opticore-amr/opticore-amr/ros2_ws/src/amr_bringup'
[0.369s] INFO:colcon.colcon_core.plugin_system:Skipping extension 'colcon_core.shell.bat': Not used on non-Windows systems
[0.370s] INFO:colcon.colcon_core.shell:Skip shell extension 'powershell' for command environment: Not usable outside of PowerShell
[0.370s] DEBUG:colcon.colcon_core.shell:Skip shell extension 'dsv' for command environment
[0.377s] INFO:colcon.colcon_ros.task.ament_cmake.build:Building ROS package in '/ros2_ws/opticore-amr/opticore-amr/ros2_ws/src/amr_fleet' with build type 'ament_cmake'
[0.378s] INFO:colcon.colcon_cmake.task.cmake.build:Building CMake package in '/ros2_ws/opticore-amr/opticore-amr/ros2_ws/src/amr_fleet'
[0.379s] INFO:colcon.colcon_core.shell:Skip shell extension 'powershell' for command environment: Not usable outside of PowerShell
[0.379s] DEBUG:colcon.colcon_core.shell:Skip shell extension 'dsv' for command environment
[0.389s] INFO:colcon.colcon_ros.task.ament_cmake.build:Building ROS package in '/ros2_ws/opticore-amr/opticore-amr/ros2_ws/src/amr_navigation' with build type 'ament_cmake'
[0.390s] INFO:colcon.colcon_cmake.task.cmake.build:Building CMake package in '/ros2_ws/opticore-amr/opticore-amr/ros2_ws/src/amr_navigation'
[0.392s] INFO:colcon.colcon_core.shell:Skip shell extension 'powershell' for command environment: Not usable outside of PowerShell
[0.392s] DEBUG:colcon.colcon_core.shell:Skip shell extension 'dsv' for command environment
[0.408s] INFO:colcon.colcon_ros.task.ament_python.build:Building ROS package in '/ros2_ws/opticore-amr/opticore-amr/ros2_ws/src/amr_perception' with build type 'ament_python'
[0.411s] Level 1:colcon.colcon_core.shell:create_environment_hook('amr_perception', 'ament_prefix_path')
[0.412s] INFO:colcon.colcon_core.shell:Creating environment hook '/ros2_ws/opticore-amr/opticore-amr/ros2_ws/install/amr_perception/share/amr_perception/hook/ament_prefix_path.ps1'
[0.419s] INFO:colcon.colcon_core.shell:Creating environment descriptor '/ros2_ws/opticore-amr/opticore-amr/ros2_ws/install/amr_perception/share/amr_perception/hook/ament_prefix_path.dsv'
[0.423s] INFO:colcon.colcon_core.shell:Creating environment hook '/ros2_ws/opticore-amr/opticore-amr/ros2_ws/install/amr_perception/share/amr_perception/hook/ament_prefix_path.sh'
[0.426s] INFO:colcon.colcon_core.shell:Skip shell extension 'powershell' for command environment: Not usable outside of PowerShell
[0.427s] DEBUG:colcon.colcon_core.shell:Skip shell extension 'dsv' for command environment
[0.460s] INFO:colcon.colcon_ros.task.ament_cmake.build:Building ROS package in '/ros2_ws/opticore-amr/opticore-amr/ros2_ws/src/amr_slam' with build type 'ament_cmake'
[0.465s] INFO:colcon.colcon_cmake.task.cmake.build:Building CMake package in '/ros2_ws/opticore-amr/opticore-amr/ros2_ws/src/amr_slam'
[0.467s] INFO:colcon.colcon_core.shell:Skip shell extension 'powershell' for command environment: Not usable outside of PowerShell
[0.468s] DEBUG:colcon.colcon_core.shell:Skip shell extension 'dsv' for command environment
[0.502s] DEBUG:colcon.colcon_core.event_handler.log_command:Invoking command in '/ros2_ws/opticore-amr/opticore-amr/ros2_ws/build/amr_bringup': CMAKE_PREFIX_PATH=/opt/ros/humble /usr/bin/cmake --build /ros2_ws/opticore-amr/opticore-amr/ros2_ws/build/amr_bringup -- -j10 -l10
[0.518s] DEBUG:colcon.colcon_core.event_handler.log_command:Invoking command in '/ros2_ws/opticore-amr/opticore-amr/ros2_ws/build/amr_fleet': CMAKE_PREFIX_PATH=/opt/ros/humble /usr/bin/cmake --build /ros2_ws/opticore-amr/opticore-amr/ros2_ws/build/amr_fleet -- -j10 -l10
[0.552s] DEBUG:colcon.colcon_core.event_handler.log_command:Invoking command in '/ros2_ws/opticore-amr/opticore-amr/ros2_ws/build/amr_navigation': CMAKE_PREFIX_PATH=/opt/ros/humble /usr/bin/cmake --build /ros2_ws/opticore-amr/opticore-amr/ros2_ws/build/amr_navigation -- -j10 -l10
[0.833s] INFO:colcon.colcon_core.task.python.build:Building Python package in '/ros2_ws/opticore-amr/opticore-amr/ros2_ws/src/amr_perception'
[0.834s] INFO:colcon.colcon_core.shell:Skip shell extension 'powershell' for command environment: Not usable outside of PowerShell
[0.834s] DEBUG:colcon.colcon_core.shell:Skip shell extension 'dsv' for command environment
[0.852s] DEBUG:colcon.colcon_core.event_handler.log_command:Invoking command in '/ros2_ws/opticore-amr/opticore-amr/ros2_ws/build/amr_slam': CMAKE_PREFIX_PATH=/opt/ros/humble /usr/bin/cmake --build /ros2_ws/opticore-amr/opticore-amr/ros2_ws/build/amr_slam -- -j10 -l10
[0.856s] DEBUG:colcon.colcon_core.event_handler.log_command:Invoked command in '/ros2_ws/opticore-amr/opticore-amr/ros2_ws/build/amr_navigation' returned '0': CMAKE_PREFIX_PATH=/opt/ros/humble /usr/bin/cmake --build /ros2_ws/opticore-amr/opticore-amr/ros2_ws/build/amr_navigation -- -j10 -l10
[0.906s] DEBUG:colcon.colcon_core.event_handler.log_command:Invoking command in '/ros2_ws/opticore-amr/opticore-amr/ros2_ws/build/amr_navigation': CMAKE_PREFIX_PATH=/opt/ros/humble /usr/bin/cmake --install /ros2_ws/opticore-amr/opticore-amr/ros2_ws/build/amr_navigation
[0.911s] DEBUG:colcon.colcon_core.event_handler.log_command:Invoked command in '/ros2_ws/opticore-amr/opticore-amr/ros2_ws/build/amr_fleet' returned '0': CMAKE_PREFIX_PATH=/opt/ros/humble /usr/bin/cmake --build /ros2_ws/opticore-amr/opticore-amr/ros2_ws/build/amr_fleet -- -j10 -l10
[0.924s] DEBUG:colcon.colcon_core.event_handler.log_command:Invoking command in '/ros2_ws/opticore-amr/opticore-amr/ros2_ws/build/amr_fleet': CMAKE_PREFIX_PATH=/opt/ros/humble /usr/bin/cmake --install /ros2_ws/opticore-amr/opticore-amr/ros2_ws/build/amr_fleet
[0.993s] Level 1:colcon.colcon_core.environment:create_environment_scripts_only(amr_navigation)
[1.024s] Level 1:colcon.colcon_core.environment:checking '/ros2_ws/opticore-amr/opticore-amr/ros2_ws/install/amr_navigation' for CMake module files
[1.026s] DEBUG:colcon.colcon_core.event_handler.log_command:Invoked command in '/ros2_ws/opticore-amr/opticore-amr/ros2_ws/build/amr_navigation' returned '0': CMAKE_PREFIX_PATH=/opt/ros/humble /usr/bin/cmake --install /ros2_ws/opticore-amr/opticore-amr/ros2_ws/build/amr_navigation
[1.034s] Level 1:colcon.colcon_core.environment:checking '/ros2_ws/opticore-amr/opticore-amr/ros2_ws/install/amr_navigation' for CMake config files
[1.037s] Level 1:colcon.colcon_core.shell:create_environment_hook('amr_navigation', 'cmake_prefix_path')
[1.039s] INFO:colcon.colcon_core.shell:Creating environment hook '/ros2_ws/opticore-amr/opticore-amr/ros2_ws/install/amr_navigation/share/amr_navigation/hook/cmake_prefix_path.ps1'
[1.042s] INFO:colcon.colcon_core.shell:Creating environment descriptor '/ros2_ws/opticore-amr/opticore-amr/ros2_ws/install/amr_navigation/share/amr_navigation/hook/cmake_prefix_path.dsv'
[1.043s] INFO:colcon.colcon_core.shell:Creating environment hook '/ros2_ws/opticore-amr/opticore-amr/ros2_ws/install/amr_navigation/share/amr_navigation/hook/cmake_prefix_path.sh'
[1.047s] Level 1:colcon.colcon_core.environment:checking '/ros2_ws/opticore-amr/opticore-amr/ros2_ws/install/amr_navigation/bin'
[1.047s] Level 1:colcon.colcon_core.environment:checking '/ros2_ws/opticore-amr/opticore-amr/ros2_ws/install/amr_navigation/lib/pkgconfig/amr_navigation.pc'
[1.048s] Level 1:colcon.colcon_core.environment:checking '/ros2_ws/opticore-amr/opticore-amr/ros2_ws/install/amr_navigation/lib/python3.10/site-packages'
[1.050s] Level 1:colcon.colcon_core.environment:checking '/ros2_ws/opticore-amr/opticore-amr/ros2_ws/install/amr_navigation/bin'
[1.053s] INFO:colcon.colcon_core.shell:Creating package script '/ros2_ws/opticore-amr/opticore-amr/ros2_ws/install/amr_navigation/share/amr_navigation/package.ps1'
[1.058s] INFO:colcon.colcon_core.shell:Creating package descriptor '/ros2_ws/opticore-amr/opticore-amr/ros2_ws/install/amr_navigation/share/amr_navigation/package.dsv'
[1.061s] INFO:colcon.colcon_core.shell:Creating package script '/ros2_ws/opticore-amr/opticore-amr/ros2_ws/install/amr_navigation/share/amr_navigation/package.sh'
[1.066s] INFO:colcon.colcon_core.shell:Creating package script '/ros2_ws/opticore-amr/opticore-amr/ros2_ws/install/amr_navigation/share/amr_navigation/package.bash'
[1.069s] INFO:colcon.colcon_core.shell:Creating package script '/ros2_ws/opticore-amr/opticore-amr/ros2_ws/install/amr_navigation/share/amr_navigation/package.zsh'
[1.075s] Level 1:colcon.colcon_core.environment:create_file_with_runtime_dependencies(/ros2_ws/opticore-amr/opticore-amr/ros2_ws/install/amr_navigation/share/colcon-core/packages/amr_navigation)
[1.082s] Level 1:colcon.colcon_core.environment:create_environment_scripts_only(amr_navigation)
[1.083s] Level 1:colcon.colcon_core.environment:checking '/ros2_ws/opticore-amr/opticore-amr/ros2_ws/install/amr_navigation' for CMake module files
[1.087s] Level 1:colcon.colcon_core.environment:checking '/ros2_ws/opticore-amr/opticore-amr/ros2_ws/install/amr_navigation' for CMake config files
[1.088s] Level 1:colcon.colcon_core.shell:create_environment_hook('amr_navigation', 'cmake_prefix_path')
[1.090s] INFO:colcon.colcon_core.shell:Creating environment hook '/ros2_ws/opticore-amr/opticore-amr/ros2_ws/install/amr_navigation/share/amr_navigation/hook/cmake_prefix_path.ps1'
[1.091s] INFO:colcon.colcon_core.shell:Creating environment descriptor '/ros2_ws/opticore-amr/opticore-amr/ros2_ws/install/amr_navigation/share/amr_navigation/hook/cmake_prefix_path.dsv'
[1.093s] INFO:colcon.colcon_core.shell:Creating environment hook '/ros2_ws/opticore-amr/opticore-amr/ros2_ws/install/amr_navigation/share/amr_navigation/hook/cmake_prefix_path.sh'
[1.095s] Level 1:colcon.colcon_core.environment:checking '/ros2_ws/opticore-amr/opticore-amr/ros2_ws/install/amr_navigation/bin'
[1.096s] Level 1:colcon.colcon_core.environment:checking '/ros2_ws/opticore-amr/opticore-amr/ros2_ws/install/amr_navigation/lib/pkgconfig/amr_navigation.pc'
[1.097s] Level 1:colcon.colcon_core.environment:checking '/ros2_ws/opticore-amr/opticore-amr/ros2_ws/install/amr_navigation/lib/python3.10/site-packages'
[1.098s] Level 1:colcon.colcon_core.environment:checking '/ros2_ws/opticore-amr/opticore-amr/ros2_ws/install/amr_navigation/bin'
[1.099s] INFO:colcon.colcon_core.shell:Creating package script '/ros2_ws/opticore-amr/opticore-amr/ros2_ws/install/amr_navigation/share/amr_navigation/package.ps1'
[1.103s] INFO:colcon.colcon_core.shell:Creating package descriptor '/ros2_ws/opticore-amr/opticore-amr/ros2_ws/install/amr_navigation/share/amr_navigation/package.dsv'
[1.105s] INFO:colcon.colcon_core.shell:Creating package script '/ros2_ws/opticore-amr/opticore-amr/ros2_ws/install/amr_navigation/share/amr_navigation/package.sh'
[1.107s] INFO:colcon.colcon_core.shell:Creating package script '/ros2_ws/opticore-amr/opticore-amr/ros2_ws/install/amr_navigation/share/amr_navigation/package.bash'
[1.109s] INFO:colcon.colcon_core.shell:Creating package script '/ros2_ws/opticore-amr/opticore-amr/ros2_ws/install/amr_navigation/share/amr_navigation/package.zsh'
[1.111s] Level 1:colcon.colcon_core.environment:create_file_with_runtime_dependencies(/ros2_ws/opticore-amr/opticore-amr/ros2_ws/install/amr_navigation/share/colcon-core/packages/amr_navigation)
[1.114s] Level 1:colcon.colcon_core.environment:create_environment_scripts_only(amr_fleet)
[1.115s] Level 1:colcon.colcon_core.environment:checking '/ros2_ws/opticore-amr/opticore-amr/ros2_ws/install/amr_fleet' for CMake module files
[1.120s] DEBUG:colcon.colcon_core.event_handler.log_command:Invoked command in '/ros2_ws/opticore-amr/opticore-amr/ros2_ws/build/amr_fleet' returned '0': CMAKE_PREFIX_PATH=/opt/ros/humble /usr/bin/cmake --install /ros2_ws/opticore-amr/opticore-amr/ros2_ws/build/amr_fleet
[1.124s] Level 1:colcon.colcon_core.environment:checking '/ros2_ws/opticore-amr/opticore-amr/ros2_ws/install/amr_fleet' for CMake config files
[1.130s] Level 1:colcon.colcon_core.shell:create_environment_hook('amr_fleet', 'cmake_prefix_path')
[1.130s] INFO:colcon.colcon_core.shell:Creating environment hook '/ros2_ws/opticore-amr/opticore-amr/ros2_ws/install/amr_fleet/share/amr_fleet/hook/cmake_prefix_path.ps1'
[1.136s] INFO:colcon.colcon_core.shell:Creating environment descriptor '/ros2_ws/opticore-amr/opticore-amr/ros2_ws/install/amr_fleet/share/amr_fleet/hook/cmake_prefix_path.dsv'
[1.137s] INFO:colcon.colcon_core.shell:Creating environment hook '/ros2_ws/opticore-amr/opticore-amr/ros2_ws/install/amr_fleet/share/amr_fleet/hook/cmake_prefix_path.sh'
[1.141s] Level 1:colcon.colcon_core.environment:checking '/ros2_ws/opticore-amr/opticore-amr/ros2_ws/install/amr_fleet/bin'
[1.143s] Level 1:colcon.colcon_core.environment:checking '/ros2_ws/opticore-amr/opticore-amr/ros2_ws/install/amr_fleet/lib/pkgconfig/amr_fleet.pc'
[1.144s] Level 1:colcon.colcon_core.environment:checking '/ros2_ws/opticore-amr/opticore-amr/ros2_ws/install/amr_fleet/lib/python3.10/site-packages'
[1.145s] Level 1:colcon.colcon_core.environment:checking '/ros2_ws/opticore-amr/opticore-amr/ros2_ws/install/amr_fleet/bin'
[1.147s] INFO:colcon.colcon_core.shell:Creating package script '/ros2_ws/opticore-amr/opticore-amr/ros2_ws/install/amr_fleet/share/amr_fleet/package.ps1'
[1.151s] INFO:colcon.colcon_core.shell:Creating package descriptor '/ros2_ws/opticore-amr/opticore-amr/ros2_ws/install/amr_fleet/share/amr_fleet/package.dsv'
[1.155s] INFO:colcon.colcon_core.shell:Creating package script '/ros2_ws/opticore-amr/opticore-amr/ros2_ws/install/amr_fleet/share/amr_fleet/package.sh'
[1.156s] INFO:colcon.colcon_core.shell:Creating package script '/ros2_ws/opticore-amr/opticore-amr/ros2_ws/install/amr_fleet/share/amr_fleet/package.bash'
[1.157s] INFO:colcon.colcon_core.shell:Creating package script '/ros2_ws/opticore-amr/opticore-amr/ros2_ws/install/amr_fleet/share/amr_fleet/package.zsh'
[1.159s] Level 1:colcon.colcon_core.environment:create_file_with_runtime_dependencies(/ros2_ws/opticore-amr/opticore-amr/ros2_ws/install/amr_fleet/share/colcon-core/packages/amr_fleet)
[1.164s] Level 1:colcon.colcon_core.environment:create_environment_scripts_only(amr_fleet)
[1.167s] Level 1:colcon.colcon_core.environment:checking '/ros2_ws/opticore-amr/opticore-amr/ros2_ws/install/amr_fleet' for CMake module files
[1.173s] Level 1:colcon.colcon_core.environment:checking '/ros2_ws/opticore-amr/opticore-amr/ros2_ws/install/amr_fleet' for CMake config files
[1.185s] Level 1:colcon.colcon_core.shell:create_environment_hook('amr_fleet', 'cmake_prefix_path')
[1.186s] INFO:colcon.colcon_core.shell:Creating environment hook '/ros2_ws/opticore-amr/opticore-amr/ros2_ws/install/amr_fleet/share/amr_fleet/hook/cmake_prefix_path.ps1'
[1.187s] INFO:colcon.colcon_core.shell:Creating environment descriptor '/ros2_ws/opticore-amr/opticore-amr/ros2_ws/install/amr_fleet/share/amr_fleet/hook/cmake_prefix_path.dsv'
[1.189s] INFO:colcon.colcon_core.shell:Creating environment hook '/ros2_ws/opticore-amr/opticore-amr/ros2_ws/install/amr_fleet/share/amr_fleet/hook/cmake_prefix_path.sh'
[1.193s] Level 1:colcon.colcon_core.environment:checking '/ros2_ws/opticore-amr/opticore-amr/ros2_ws/install/amr_fleet/bin'
[1.193s] Level 1:colcon.colcon_core.environment:checking '/ros2_ws/opticore-amr/opticore-amr/ros2_ws/install/amr_fleet/lib/pkgconfig/amr_fleet.pc'
[1.196s] Level 1:colcon.colcon_core.environment:checking '/ros2_ws/opticore-amr/opticore-amr/ros2_ws/install/amr_fleet/lib/python3.10/site-packages'
[1.197s] Level 1:colcon.colcon_core.environment:checking '/ros2_ws/opticore-amr/opticore-amr/ros2_ws/install/amr_fleet/bin'
[1.198s] INFO:colcon.colcon_core.shell:Creating package script '/ros2_ws/opticore-amr/opticore-amr/ros2_ws/install/amr_fleet/share/amr_fleet/package.ps1'
[1.200s] INFO:colcon.colcon_core.shell:Creating package descriptor '/ros2_ws/opticore-amr/opticore-amr/ros2_ws/install/amr_fleet/share/amr_fleet/package.dsv'
[1.204s] INFO:colcon.colcon_core.shell:Creating package script '/ros2_ws/opticore-amr/opticore-amr/ros2_ws/install/amr_fleet/share/amr_fleet/package.sh'
[1.208s] INFO:colcon.colcon_core.shell:Creating package script '/ros2_ws/opticore-amr/opticore-amr/ros2_ws/install/amr_fleet/share/amr_fleet/package.bash'
[1.214s] INFO:colcon.colcon_core.shell:Creating package script '/ros2_ws/opticore-amr/opticore-amr/ros2_ws/install/amr_fleet/share/amr_fleet/package.zsh'
[1.216s] Level 1:colcon.colcon_core.environment:create_file_with_runtime_dependencies(/ros2_ws/opticore-amr/opticore-amr/ros2_ws/install/amr_fleet/share/colcon-core/packages/amr_fleet)
[1.331s] DEBUG:colcon.colcon_core.event_handler.log_command:Invoking command in '/ros2_ws/opticore-amr/opticore-amr/ros2_ws/src/amr_perception': PYTHONPATH=/ros2_ws/opticore-amr/opticore-amr/ros2_ws/build/amr_perception/prefix_override:/usr/lib/python3/dist-packages/colcon_core/task/python/colcon_distutils_commands:/ros2_ws/opticore-amr/opticore-amr/ros2_ws/install/amr_perception/lib/python3.10/site-packages:${PYTHONPATH} /usr/bin/python3 -W ignore:setup.py install is deprecated -W ignore:easy_install command is deprecated setup.py egg_info --egg-base ../../build/amr_perception build --build-base /ros2_ws/opticore-amr/opticore-amr/ros2_ws/build/amr_perception/build install --record /ros2_ws/opticore-amr/opticore-amr/ros2_ws/build/amr_perception/install.log --single-version-externally-managed install_data
[1.523s] DEBUG:colcon.colcon_core.event_handler.log_command:Invoked command in '/ros2_ws/opticore-amr/opticore-amr/ros2_ws/build/amr_bringup' returned '0': CMAKE_PREFIX_PATH=/opt/ros/humble /usr/bin/cmake --build /ros2_ws/opticore-amr/opticore-amr/ros2_ws/build/amr_bringup -- -j10 -l10
[1.527s] DEBUG:colcon.colcon_core.event_handler.log_command:Invoking command in '/ros2_ws/opticore-amr/opticore-amr/ros2_ws/build/amr_bringup': CMAKE_PREFIX_PATH=/opt/ros/humble /usr/bin/cmake --install /ros2_ws/opticore-amr/opticore-amr/ros2_ws/build/amr_bringup
[1.625s] Level 1:colcon.colcon_core.environment:checking '/ros2_ws/opticore-amr/opticore-amr/ros2_ws/install/amr_perception' for CMake module files
[1.628s] DEBUG:colcon.colcon_core.event_handler.log_command:Invoked command in '/ros2_ws/opticore-amr/opticore-amr/ros2_ws/src/amr_perception' returned '0': PYTHONPATH=/ros2_ws/opticore-amr/opticore-amr/ros2_ws/build/amr_perception/prefix_override:/usr/lib/python3/dist-packages/colcon_core/task/python/colcon_distutils_commands:/ros2_ws/opticore-amr/opticore-amr/ros2_ws/install/amr_perception/lib/python3.10/site-packages:${PYTHONPATH} /usr/bin/python3 -W ignore:setup.py install is deprecated -W ignore:easy_install command is deprecated setup.py egg_info --egg-base ../../build/amr_perception build --build-base /ros2_ws/opticore-amr/opticore-amr/ros2_ws/build/amr_perception/build install --record /ros2_ws/opticore-amr/opticore-amr/ros2_ws/build/amr_perception/install.log --single-version-externally-managed install_data
[1.629s] Level 1:colcon.colcon_core.environment:checking '/ros2_ws/opticore-amr/opticore-amr/ros2_ws/install/amr_perception' for CMake config files
[1.634s] Level 1:colcon.colcon_core.environment:checking '/ros2_ws/opticore-amr/opticore-amr/ros2_ws/install/amr_perception/lib'
[1.637s] Level 1:colcon.colcon_core.environment:checking '/ros2_ws/opticore-amr/opticore-amr/ros2_ws/install/amr_perception/bin'
[1.637s] Level 1:colcon.colcon_core.environment:checking '/ros2_ws/opticore-amr/opticore-amr/ros2_ws/install/amr_perception/lib/pkgconfig/amr_perception.pc'
[1.637s] Level 1:colcon.colcon_core.environment:checking '/ros2_ws/opticore-amr/opticore-amr/ros2_ws/install/amr_perception/lib/python3.10/site-packages'
[1.637s] Level 1:colcon.colcon_core.shell:create_environment_hook('amr_perception', 'pythonpath')
[1.637s] INFO:colcon.colcon_core.shell:Creating environment hook '/ros2_ws/opticore-amr/opticore-amr/ros2_ws/install/amr_perception/share/amr_perception/hook/pythonpath.ps1'
[1.638s] INFO:colcon.colcon_core.shell:Creating environment descriptor '/ros2_ws/opticore-amr/opticore-amr/ros2_ws/install/amr_perception/share/amr_perception/hook/pythonpath.dsv'
[1.638s] INFO:colcon.colcon_core.shell:Creating environment hook '/ros2_ws/opticore-amr/opticore-amr/ros2_ws/install/amr_perception/share/amr_perception/hook/pythonpath.sh'
[1.639s] Level 1:colcon.colcon_core.environment:checking '/ros2_ws/opticore-amr/opticore-amr/ros2_ws/install/amr_perception/bin'
[1.639s] Level 1:colcon.colcon_core.environment:create_environment_scripts_only(amr_perception)
[1.639s] INFO:colcon.colcon_core.shell:Creating package script '/ros2_ws/opticore-amr/opticore-amr/ros2_ws/install/amr_perception/share/amr_perception/package.ps1'
[1.640s] INFO:colcon.colcon_core.shell:Creating package descriptor '/ros2_ws/opticore-amr/opticore-amr/ros2_ws/install/amr_perception/share/amr_perception/package.dsv'
[1.641s] INFO:colcon.colcon_core.shell:Creating package script '/ros2_ws/opticore-amr/opticore-amr/ros2_ws/install/amr_perception/share/amr_perception/package.sh'
[1.641s] INFO:colcon.colcon_core.shell:Creating package script '/ros2_ws/opticore-amr/opticore-amr/ros2_ws/install/amr_perception/share/amr_perception/package.bash'
[1.641s] INFO:colcon.colcon_core.shell:Creating package script '/ros2_ws/opticore-amr/opticore-amr/ros2_ws/install/amr_perception/share/amr_perception/package.zsh'
[1.642s] Level 1:colcon.colcon_core.environment:create_file_with_runtime_dependencies(/ros2_ws/opticore-amr/opticore-amr/ros2_ws/install/amr_perception/share/colcon-core/packages/amr_perception)
[1.657s] Level 1:colcon.colcon_core.environment:create_environment_scripts_only(amr_bringup)
[1.658s] Level 1:colcon.colcon_core.environment:checking '/ros2_ws/opticore-amr/opticore-amr/ros2_ws/install/amr_bringup' for CMake module files
[1.658s] DEBUG:colcon.colcon_core.event_handler.log_command:Invoked command in '/ros2_ws/opticore-amr/opticore-amr/ros2_ws/build/amr_bringup' returned '0': CMAKE_PREFIX_PATH=/opt/ros/humble /usr/bin/cmake --install /ros2_ws/opticore-amr/opticore-amr/ros2_ws/build/amr_bringup
[1.660s] Level 1:colcon.colcon_core.environment:checking '/ros2_ws/opticore-amr/opticore-amr/ros2_ws/install/amr_bringup' for CMake config files
[1.661s] Level 1:colcon.colcon_core.shell:create_environment_hook('amr_bringup', 'cmake_prefix_path')
[1.661s] INFO:colcon.colcon_core.shell:Creating environment hook '/ros2_ws/opticore-amr/opticore-amr/ros2_ws/install/amr_bringup/share/amr_bringup/hook/cmake_prefix_path.ps1'
[1.662s] INFO:colcon.colcon_core.shell:Creating environment descriptor '/ros2_ws/opticore-amr/opticore-amr/ros2_ws/install/amr_bringup/share/amr_bringup/hook/cmake_prefix_path.dsv'
[1.663s] INFO:colcon.colcon_core.shell:Creating environment hook '/ros2_ws/opticore-amr/opticore-amr/ros2_ws/install/amr_bringup/share/amr_bringup/hook/cmake_prefix_path.sh'
[1.664s] Level 1:colcon.colcon_core.environment:checking '/ros2_ws/opticore-amr/opticore-amr/ros2_ws/install/amr_bringup/lib'
[1.664s] Level 1:colcon.colcon_core.environment:checking '/ros2_ws/opticore-amr/opticore-amr/ros2_ws/install/amr_bringup/bin'
[1.664s] Level 1:colcon.colcon_core.environment:checking '/ros2_ws/opticore-amr/opticore-amr/ros2_ws/install/amr_bringup/lib/pkgconfig/amr_bringup.pc'
[1.665s] Level 1:colcon.colcon_core.environment:checking '/ros2_ws/opticore-amr/opticore-amr/ros2_ws/install/amr_bringup/lib/python3.10/site-packages'
[1.665s] Level 1:colcon.colcon_core.environment:checking '/ros2_ws/opticore-amr/opticore-amr/ros2_ws/install/amr_bringup/bin'
[1.666s] INFO:colcon.colcon_core.shell:Creating package script '/ros2_ws/opticore-amr/opticore-amr/ros2_ws/install/amr_bringup/share/amr_bringup/package.ps1'
[1.666s] INFO:colcon.colcon_core.shell:Creating package descriptor '/ros2_ws/opticore-amr/opticore-amr/ros2_ws/install/amr_bringup/share/amr_bringup/package.dsv'
[1.667s] INFO:colcon.colcon_core.shell:Creating package script '/ros2_ws/opticore-amr/opticore-amr/ros2_ws/install/amr_bringup/share/amr_bringup/package.sh'
[1.668s] INFO:colcon.colcon_core.shell:Creating package script '/ros2_ws/opticore-amr/opticore-amr/ros2_ws/install/amr_bringup/share/amr_bringup/package.bash'
[1.669s] INFO:colcon.colcon_core.shell:Creating package script '/ros2_ws/opticore-amr/opticore-amr/ros2_ws/install/amr_bringup/share/amr_bringup/package.zsh'
[1.669s] Level 1:colcon.colcon_core.environment:create_file_with_runtime_dependencies(/ros2_ws/opticore-amr/opticore-amr/ros2_ws/install/amr_bringup/share/colcon-core/packages/amr_bringup)
[1.671s] Level 1:colcon.colcon_core.environment:create_environment_scripts_only(amr_bringup)
[1.672s] Level 1:colcon.colcon_core.environment:checking '/ros2_ws/opticore-amr/opticore-amr/ros2_ws/install/amr_bringup' for CMake module files
[1.676s] Level 1:colcon.colcon_core.environment:checking '/ros2_ws/opticore-amr/opticore-amr/ros2_ws/install/amr_bringup' for CMake config files
[1.681s] Level 1:colcon.colcon_core.shell:create_environment_hook('amr_bringup', 'cmake_prefix_path')
[1.681s] INFO:colcon.colcon_core.shell:Creating environment hook '/ros2_ws/opticore-amr/opticore-amr/ros2_ws/install/amr_bringup/share/amr_bringup/hook/cmake_prefix_path.ps1'
[1.682s] INFO:colcon.colcon_core.shell:Creating environment descriptor '/ros2_ws/opticore-amr/opticore-amr/ros2_ws/install/amr_bringup/share/amr_bringup/hook/cmake_prefix_path.dsv'
[1.682s] INFO:colcon.colcon_core.shell:Creating environment hook '/ros2_ws/opticore-amr/opticore-amr/ros2_ws/install/amr_bringup/share/amr_bringup/hook/cmake_prefix_path.sh'
[1.682s] Level 1:colcon.colcon_core.environment:checking '/ros2_ws/opticore-amr/opticore-amr/ros2_ws/install/amr_bringup/lib'
[1.683s] Level 1:colcon.colcon_core.environment:checking '/ros2_ws/opticore-amr/opticore-amr/ros2_ws/install/amr_bringup/bin'
[1.683s] Level 1:colcon.colcon_core.environment:checking '/ros2_ws/opticore-amr/opticore-amr/ros2_ws/install/amr_bringup/lib/pkgconfig/amr_bringup.pc'
[1.683s] Level 1:colcon.colcon_core.environment:checking '/ros2_ws/opticore-amr/opticore-amr/ros2_ws/install/amr_bringup/lib/python3.10/site-packages'
[1.683s] Level 1:colcon.colcon_core.environment:checking '/ros2_ws/opticore-amr/opticore-amr/ros2_ws/install/amr_bringup/bin'
[1.684s] INFO:colcon.colcon_core.shell:Creating package script '/ros2_ws/opticore-amr/opticore-amr/ros2_ws/install/amr_bringup/share/amr_bringup/package.ps1'
[1.685s] INFO:colcon.colcon_core.shell:Creating package descriptor '/ros2_ws/opticore-amr/opticore-amr/ros2_ws/install/amr_bringup/share/amr_bringup/package.dsv'
[1.686s] INFO:colcon.colcon_core.shell:Creating package script '/ros2_ws/opticore-amr/opticore-amr/ros2_ws/install/amr_bringup/share/amr_bringup/package.sh'
[1.686s] INFO:colcon.colcon_core.shell:Creating package script '/ros2_ws/opticore-amr/opticore-amr/ros2_ws/install/amr_bringup/share/amr_bringup/package.bash'
[1.686s] INFO:colcon.colcon_core.shell:Creating package script '/ros2_ws/opticore-amr/opticore-amr/ros2_ws/install/amr_bringup/share/amr_bringup/package.zsh'
[1.687s] Level 1:colcon.colcon_core.environment:create_file_with_runtime_dependencies(/ros2_ws/opticore-amr/opticore-amr/ros2_ws/install/amr_bringup/share/colcon-core/packages/amr_bringup)
[1.770s] DEBUG:colcon.colcon_core.event_handler.log_command:Invoked command in '/ros2_ws/opticore-amr/opticore-amr/ros2_ws/build/amr_slam' returned '0': CMAKE_PREFIX_PATH=/opt/ros/humble /usr/bin/cmake --build /ros2_ws/opticore-amr/opticore-amr/ros2_ws/build/amr_slam -- -j10 -l10
[1.774s] DEBUG:colcon.colcon_core.event_handler.log_command:Invoking command in '/ros2_ws/opticore-amr/opticore-amr/ros2_ws/build/amr_slam': CMAKE_PREFIX_PATH=/opt/ros/humble /usr/bin/cmake --install /ros2_ws/opticore-amr/opticore-amr/ros2_ws/build/amr_slam
[1.833s] Level 1:colcon.colcon_core.environment:create_environment_scripts_only(amr_slam)
[1.833s] Level 1:colcon.colcon_core.environment:checking '/ros2_ws/opticore-amr/opticore-amr/ros2_ws/install/amr_slam' for CMake module files
[1.834s] DEBUG:colcon.colcon_core.event_handler.log_command:Invoked command in '/ros2_ws/opticore-amr/opticore-amr/ros2_ws/build/amr_slam' returned '0': CMAKE_PREFIX_PATH=/opt/ros/humble /usr/bin/cmake --install /ros2_ws/opticore-amr/opticore-amr/ros2_ws/build/amr_slam
[1.835s] Level 1:colcon.colcon_core.environment:checking '/ros2_ws/opticore-amr/opticore-amr/ros2_ws/install/amr_slam' for CMake config files
[1.836s] Level 1:colcon.colcon_core.shell:create_environment_hook('amr_slam', 'cmake_prefix_path')
[1.836s] INFO:colcon.colcon_core.shell:Creating environment hook '/ros2_ws/opticore-amr/opticore-amr/ros2_ws/install/amr_slam/share/amr_slam/hook/cmake_prefix_path.ps1'
[1.837s] INFO:colcon.colcon_core.shell:Creating environment descriptor '/ros2_ws/opticore-amr/opticore-amr/ros2_ws/install/amr_slam/share/amr_slam/hook/cmake_prefix_path.dsv'
[1.837s] INFO:colcon.colcon_core.shell:Creating environment hook '/ros2_ws/opticore-amr/opticore-amr/ros2_ws/install/amr_slam/share/amr_slam/hook/cmake_prefix_path.sh'
[1.838s] Level 1:colcon.colcon_core.environment:checking '/ros2_ws/opticore-amr/opticore-amr/ros2_ws/install/amr_slam/lib'
[1.838s] Level 1:colcon.colcon_core.environment:checking '/ros2_ws/opticore-amr/opticore-amr/ros2_ws/install/amr_slam/bin'
[1.838s] Level 1:colcon.colcon_core.environment:checking '/ros2_ws/opticore-amr/opticore-amr/ros2_ws/install/amr_slam/lib/pkgconfig/amr_slam.pc'
[1.838s] Level 1:colcon.colcon_core.environment:checking '/ros2_ws/opticore-amr/opticore-amr/ros2_ws/install/amr_slam/lib/python3.10/site-packages'
[1.839s] Level 1:colcon.colcon_core.environment:checking '/ros2_ws/opticore-amr/opticore-amr/ros2_ws/install/amr_slam/bin'
[1.839s] INFO:colcon.colcon_core.shell:Creating package script '/ros2_ws/opticore-amr/opticore-amr/ros2_ws/install/amr_slam/share/amr_slam/package.ps1'
[1.839s] INFO:colcon.colcon_core.shell:Creating package descriptor '/ros2_ws/opticore-amr/opticore-amr/ros2_ws/install/amr_slam/share/amr_slam/package.dsv'
[1.840s] INFO:colcon.colcon_core.shell:Creating package script '/ros2_ws/opticore-amr/opticore-amr/ros2_ws/install/amr_slam/share/amr_slam/package.sh'
[1.840s] INFO:colcon.colcon_core.shell:Creating package script '/ros2_ws/opticore-amr/opticore-amr/ros2_ws/install/amr_slam/share/amr_slam/package.bash'
[1.840s] INFO:colcon.colcon_core.shell:Creating package script '/ros2_ws/opticore-amr/opticore-amr/ros2_ws/install/amr_slam/share/amr_slam/package.zsh'
[1.841s] Level 1:colcon.colcon_core.environment:create_file_with_runtime_dependencies(/ros2_ws/opticore-amr/opticore-amr/ros2_ws/install/amr_slam/share/colcon-core/packages/amr_slam)
[1.842s] Level 1:colcon.colcon_core.environment:create_environment_scripts_only(amr_slam)
[1.842s] Level 1:colcon.colcon_core.environment:checking '/ros2_ws/opticore-amr/opticore-amr/ros2_ws/install/amr_slam' for CMake module files
[1.843s] Level 1:colcon.colcon_core.environment:checking '/ros2_ws/opticore-amr/opticore-amr/ros2_ws/install/amr_slam' for CMake config files
[1.844s] Level 1:colcon.colcon_core.shell:create_environment_hook('amr_slam', 'cmake_prefix_path')
[1.844s] INFO:colcon.colcon_core.shell:Creating environment hook '/ros2_ws/opticore-amr/opticore-amr/ros2_ws/install/amr_slam/share/amr_slam/hook/cmake_prefix_path.ps1'
[1.844s] INFO:colcon.colcon_core.shell:Creating environment descriptor '/ros2_ws/opticore-amr/opticore-amr/ros2_ws/install/amr_slam/share/amr_slam/hook/cmake_prefix_path.dsv'
[1.845s] INFO:colcon.colcon_core.shell:Creating environment hook '/ros2_ws/opticore-amr/opticore-amr/ros2_ws/install/amr_slam/share/amr_slam/hook/cmake_prefix_path.sh'
[1.845s] Level 1:colcon.colcon_core.environment:checking '/ros2_ws/opticore-amr/opticore-amr/ros2_ws/install/amr_slam/lib'
[1.845s] Level 1:colcon.colcon_core.environment:checking '/ros2_ws/opticore-amr/opticore-amr/ros2_ws/install/amr_slam/bin'
[1.846s] Level 1:colcon.colcon_core.environment:checking '/ros2_ws/opticore-amr/opticore-amr/ros2_ws/install/amr_slam/lib/pkgconfig/amr_slam.pc'
[1.846s] Level 1:colcon.colcon_core.environment:checking '/ros2_ws/opticore-amr/opticore-amr/ros2_ws/install/amr_slam/lib/python3.10/site-packages'
[1.846s] Level 1:colcon.colcon_core.environment:checking '/ros2_ws/opticore-amr/opticore-amr/ros2_ws/install/amr_slam/bin'
[1.846s] INFO:colcon.colcon_core.shell:Creating package script '/ros2_ws/opticore-amr/opticore-amr/ros2_ws/install/amr_slam/share/amr_slam/package.ps1'
[1.847s] INFO:colcon.colcon_core.shell:Creating package descriptor '/ros2_ws/opticore-amr/opticore-amr/ros2_ws/install/amr_slam/share/amr_slam/package.dsv'
[1.848s] INFO:colcon.colcon_core.shell:Creating package script '/ros2_ws/opticore-amr/opticore-amr/ros2_ws/install/amr_slam/share/amr_slam/package.sh'
[1.848s] INFO:colcon.colcon_core.shell:Creating package script '/ros2_ws/opticore-amr/opticore-amr/ros2_ws/install/amr_slam/share/amr_slam/package.bash'
[1.849s] INFO:colcon.colcon_core.shell:Creating package script '/ros2_ws/opticore-amr/opticore-amr/ros2_ws/install/amr_slam/share/amr_slam/package.zsh'
[1.849s] Level 1:colcon.colcon_core.environment:create_file_with_runtime_dependencies(/ros2_ws/opticore-amr/opticore-amr/ros2_ws/install/amr_slam/share/colcon-core/packages/amr_slam)
[1.850s] DEBUG:colcon.colcon_parallel_executor.executor.parallel:closing loop
[1.850s] DEBUG:colcon.colcon_parallel_executor.executor.parallel:loop closed
[1.850s] DEBUG:colcon.colcon_parallel_executor.executor.parallel:run_until_complete finished with '0'
[1.850s] DEBUG:colcon.colcon_core.event_reactor:joining thread
[1.859s] INFO:colcon.colcon_core.plugin_system:Skipping extension 'colcon_notification.desktop_notification.notify_send': Could not find 'notify-send'
[1.859s] INFO:colcon.colcon_core.plugin_system:Skipping extension 'colcon_notification.desktop_notification.terminal_notifier': Not used on non-Darwin systems
[1.859s] INFO:colcon.colcon_core.plugin_system:Skipping extension 'colcon_notification.desktop_notification.win32': Not used on non-Windows systems
[1.859s] INFO:colcon.colcon_notification.desktop_notification:Sending desktop notification using 'notify2'
[1.861s] DEBUG:colcon.colcon_notification.desktop_notification.notify2:Failed to initialize notify2: org.freedesktop.DBus.Error.NotSupported: Unable to autolaunch a dbus-daemon without a $DISPLAY for X11
[1.861s] DEBUG:colcon.colcon_core.event_reactor:joined thread
[1.861s] INFO:colcon.colcon_core.shell:Creating prefix script '/ros2_ws/opticore-amr/opticore-amr/ros2_ws/install/local_setup.ps1'
[1.862s] INFO:colcon.colcon_core.shell:Creating prefix util module '/ros2_ws/opticore-amr/opticore-amr/ros2_ws/install/_local_setup_util_ps1.py'
[1.863s] INFO:colcon.colcon_core.shell:Creating prefix chain script '/ros2_ws/opticore-amr/opticore-amr/ros2_ws/install/setup.ps1'
[1.864s] INFO:colcon.colcon_core.shell:Creating prefix script '/ros2_ws/opticore-amr/opticore-amr/ros2_ws/install/local_setup.sh'
[1.865s] INFO:colcon.colcon_core.shell:Creating prefix util module '/ros2_ws/opticore-amr/opticore-amr/ros2_ws/install/_local_setup_util_sh.py'
[1.865s] INFO:colcon.colcon_core.shell:Creating prefix chain script '/ros2_ws/opticore-amr/opticore-amr/ros2_ws/install/setup.sh'
[1.866s] INFO:colcon.colcon_core.shell:Creating prefix script '/ros2_ws/opticore-amr/opticore-amr/ros2_ws/install/local_setup.bash'
[1.867s] INFO:colcon.colcon_core.shell:Creating prefix chain script '/ros2_ws/opticore-amr/opticore-amr/ros2_ws/install/setup.bash'
[1.867s] INFO:colcon.colcon_core.shell:Creating prefix script '/ros2_ws/opticore-amr/opticore-amr/ros2_ws/install/local_setup.zsh'
[1.868s] INFO:colcon.colcon_core.shell:Creating prefix chain script '/ros2_ws/opticore-amr/opticore-amr/ros2_ws/install/setup.zsh'
