[0.833s] Invoking command in '/workspace/github/opticore-amr/ros2_ws/src/build/amr_slam': CMAKE_PREFIX_PATH=${CMAKE_PREFIX_PATH}:/workspace/ros2_ws/install/amr_perception:/opt/ros/humble /usr/bin/cmake --build /workspace/github/opticore-amr/ros2_ws/src/build/amr_slam -- -j128 -l128
[1.020s] Invoked command in '/workspace/github/opticore-amr/ros2_ws/src/build/amr_slam' returned '0': CMAKE_PREFIX_PATH=${CMAKE_PREFIX_PATH}:/workspace/ros2_ws/install/amr_perception:/opt/ros/humble /usr/bin/cmake --build /workspace/github/opticore-amr/ros2_ws/src/build/amr_slam -- -j128 -l128
[1.047s] Invoking command in '/workspace/github/opticore-amr/ros2_ws/src/build/amr_slam': CMAKE_PREFIX_PATH=${CMAKE_PREFIX_PATH}:/workspace/ros2_ws/install/amr_perception:/opt/ros/humble /usr/bin/cmake --install /workspace/github/opticore-amr/ros2_ws/src/build/amr_slam
[1.070s] -- Install configuration: ""
[1.077s] -- Up-to-date: /workspace/github/opticore-amr/ros2_ws/src/install/amr_slam/share/ament_index/resource_index/package_run_dependencies/amr_slam
[1.083s] -- Up-to-date: /workspace/github/opticore-amr/ros2_ws/src/install/amr_slam/share/ament_index/resource_index/parent_prefix_path/amr_slam
[1.086s] -- Up-to-date: /workspace/github/opticore-amr/ros2_ws/src/install/amr_slam/share/amr_slam/environment/ament_prefix_path.sh
[1.090s] -- Up-to-date: /workspace/github/opticore-amr/ros2_ws/src/install/amr_slam/share/amr_slam/environment/ament_prefix_path.dsv
[1.093s] -- Up-to-date: /workspace/github/opticore-amr/ros2_ws/src/install/amr_slam/share/amr_slam/environment/path.sh
[1.099s] -- Up-to-date: /workspace/github/opticore-amr/ros2_ws/src/install/amr_slam/share/amr_slam/environment/path.dsv
[1.104s] -- Up-to-date: /workspace/github/opticore-amr/ros2_ws/src/install/amr_slam/share/amr_slam/local_setup.bash
[1.109s] -- Up-to-date: /workspace/github/opticore-amr/ros2_ws/src/install/amr_slam/share/amr_slam/local_setup.sh
[1.114s] -- Up-to-date: /workspace/github/opticore-amr/ros2_ws/src/install/amr_slam/share/amr_slam/local_setup.zsh
[1.120s] -- Up-to-date: /workspace/github/opticore-amr/ros2_ws/src/install/amr_slam/share/amr_slam/local_setup.dsv
[1.126s] -- Installing: /workspace/github/opticore-amr/ros2_ws/src/install/amr_slam/share/amr_slam/package.dsv
[1.173s] -- Up-to-date: /workspace/github/opticore-amr/ros2_ws/src/install/amr_slam/share/ament_index/resource_index/packages/amr_slam
[1.179s] -- Up-to-date: /workspace/github/opticore-amr/ros2_ws/src/install/amr_slam/share/amr_slam/cmake/amr_slamConfig.cmake
[1.186s] -- Up-to-date: /workspace/github/opticore-amr/ros2_ws/src/install/amr_slam/share/amr_slam/cmake/amr_slamConfig-version.cmake
[1.192s] -- Up-to-date: /workspace/github/opticore-amr/ros2_ws/src/install/amr_slam/share/amr_slam/package.xml
[1.544s] Invoked command in '/workspace/github/opticore-amr/ros2_ws/src/build/amr_slam' returned '0': CMAKE_PREFIX_PATH=${CMAKE_PREFIX_PATH}:/workspace/ros2_ws/install/amr_perception:/opt/ros/humble /usr/bin/cmake --install /workspace/github/opticore-amr/ros2_ws/src/build/amr_slam
