[0.086s] Invoking command in '/ros2_ws/opticore-amr/opticore-amr/ros2_ws/build/amr_bringup': CMAKE_PREFIX_PATH=${CMAKE_PREFIX_PATH}:/ros2_ws/opticore-amr/opticore-amr/ros2_ws/install/amr_perception:/opt/ros/humble /usr/bin/cmake --build /ros2_ws/opticore-amr/opticore-amr/ros2_ws/build/amr_bringup -- -j10 -l10
[0.442s] Invoked command in '/ros2_ws/opticore-amr/opticore-amr/ros2_ws/build/amr_bringup' returned '0': CMAKE_PREFIX_PATH=${CMAKE_PREFIX_PATH}:/ros2_ws/opticore-amr/opticore-amr/ros2_ws/install/amr_perception:/opt/ros/humble /usr/bin/cmake --build /ros2_ws/opticore-amr/opticore-amr/ros2_ws/build/amr_bringup -- -j10 -l10
[0.481s] Invoking command in '/ros2_ws/opticore-amr/opticore-amr/ros2_ws/build/amr_bringup': CMAKE_PREFIX_PATH=${CMAKE_PREFIX_PATH}:/ros2_ws/opticore-amr/opticore-amr/ros2_ws/install/amr_perception:/opt/ros/humble /usr/bin/cmake --install /ros2_ws/opticore-amr/opticore-amr/ros2_ws/build/amr_bringup
[0.530s] -- Install configuration: ""
[0.532s] -- Execute custom install script
[0.541s] -- Up-to-date symlink: /ros2_ws/opticore-amr/opticore-amr/ros2_ws/install/amr_bringup/share/amr_bringup//urdf/amr_robot.urdf.xacro
[0.543s] -- Up-to-date symlink: /ros2_ws/opticore-amr/opticore-amr/ros2_ws/install/amr_bringup/share/amr_bringup//worlds/warehouse.world
[0.545s] -- Up-to-date symlink: /ros2_ws/opticore-amr/opticore-amr/ros2_ws/install/amr_bringup/share/amr_bringup//launch/__pycache__/warehouse.launch.cpython-310.pyc
[0.546s] -- Up-to-date symlink: /ros2_ws/opticore-amr/opticore-amr/ros2_ws/install/amr_bringup/share/amr_bringup//launch/warehouse.launch.py
[0.554s] [33mCMake Warning (dev) at ament_cmake_symlink_install/ament_cmake_symlink_install.cmake:67 (file):
[0.556s]   Policy CMP0009 is not set: FILE GLOB_RECURSE calls should not follow
[0.557s]   symlinks by default.  Run "cmake --help-policy CMP0009" for policy details.
[0.559s]   Use the cmake_policy command to set the policy and suppress this warning.
[0.559s] Call Stack (most recent call first):
[0.560s]   ament_cmake_symlink_install/ament_cmake_symlink_install.cmake:319 (ament_cmake_symlink_install_directory)
[0.561s]   cmake_install.cmake:46 (include)
[0.562s] This warning is for project developers.  Use -Wno-dev to suppress it.
[0.564s] [0m
[0.566s] -- Up-to-date symlink: /ros2_ws/opticore-amr/opticore-amr/ros2_ws/install/amr_bringup/share/amr_bringup//config/ekf.yaml
[0.567s] -- Up-to-date symlink: /ros2_ws/opticore-amr/opticore-amr/ros2_ws/install/amr_bringup/share/amr_bringup//config/install/.colcon_install_layout
[0.568s] -- Up-to-date symlink: /ros2_ws/opticore-amr/opticore-amr/ros2_ws/install/amr_bringup/share/amr_bringup//config/install/COLCON_IGNORE
[0.569s] -- Up-to-date symlink: /ros2_ws/opticore-amr/opticore-amr/ros2_ws/install/amr_bringup/share/amr_bringup//config/install/_local_setup_util_ps1.py
[0.571s] -- Up-to-date symlink: /ros2_ws/opticore-amr/opticore-amr/ros2_ws/install/amr_bringup/share/amr_bringup//config/install/_local_setup_util_sh.py
[0.575s] -- Up-to-date symlink: /ros2_ws/opticore-amr/opticore-amr/ros2_ws/install/amr_bringup/share/amr_bringup//config/install/local_setup.bash
[0.577s] -- Up-to-date symlink: /ros2_ws/opticore-amr/opticore-amr/ros2_ws/install/amr_bringup/share/amr_bringup//config/install/local_setup.ps1
[0.583s] -- Up-to-date symlink: /ros2_ws/opticore-amr/opticore-amr/ros2_ws/install/amr_bringup/share/amr_bringup//config/install/local_setup.sh
[0.586s] -- Up-to-date symlink: /ros2_ws/opticore-amr/opticore-amr/ros2_ws/install/amr_bringup/share/amr_bringup//config/install/local_setup.zsh
[0.588s] -- Up-to-date symlink: /ros2_ws/opticore-amr/opticore-amr/ros2_ws/install/amr_bringup/share/amr_bringup//config/install/setup.bash
[0.591s] -- Up-to-date symlink: /ros2_ws/opticore-amr/opticore-amr/ros2_ws/install/amr_bringup/share/amr_bringup//config/install/setup.ps1
[0.594s] -- Up-to-date symlink: /ros2_ws/opticore-amr/opticore-amr/ros2_ws/install/amr_bringup/share/amr_bringup//config/install/setup.sh
[0.596s] -- Up-to-date symlink: /ros2_ws/opticore-amr/opticore-amr/ros2_ws/install/amr_bringup/share/amr_bringup//config/install/setup.zsh
[0.597s] -- Up-to-date symlink: /ros2_ws/opticore-amr/opticore-amr/ros2_ws/install/amr_bringup/share/amr_bringup//config/log/COLCON_IGNORE
[0.599s] -- Up-to-date symlink: /ros2_ws/opticore-amr/opticore-amr/ros2_ws/install/amr_bringup/share/amr_bringup//config/log/build_2026-04-29_07-39-30/events.log
[0.601s] -- Up-to-date symlink: /ros2_ws/opticore-amr/opticore-amr/ros2_ws/install/amr_bringup/share/amr_bringup//config/log/build_2026-04-29_07-39-30/logger_all.log
[0.603s] -- Up-to-date symlink: /ros2_ws/opticore-amr/opticore-amr/ros2_ws/install/amr_bringup/share/amr_bringup//config/log/build_2026-04-29_07-42-02/events.log
[0.604s] -- Up-to-date symlink: /ros2_ws/opticore-amr/opticore-amr/ros2_ws/install/amr_bringup/share/amr_bringup//config/log/build_2026-04-29_07-42-02/logger_all.log
[0.608s] -- Up-to-date symlink: /ros2_ws/opticore-amr/opticore-amr/ros2_ws/install/amr_bringup/share/amr_bringup//config/log/latest/events.log
[0.612s] -- Up-to-date symlink: /ros2_ws/opticore-amr/opticore-amr/ros2_ws/install/amr_bringup/share/amr_bringup//config/log/latest/logger_all.log
[0.614s] -- Up-to-date symlink: /ros2_ws/opticore-amr/opticore-amr/ros2_ws/install/amr_bringup/share/amr_bringup//config/log/latest_build/events.log
[0.615s] -- Up-to-date symlink: /ros2_ws/opticore-amr/opticore-amr/ros2_ws/install/amr_bringup/share/amr_bringup//config/log/latest_build/logger_all.log
[0.615s] -- Up-to-date symlink: /ros2_ws/opticore-amr/opticore-amr/ros2_ws/install/amr_bringup/share/amr_bringup//maps/warehouse_map.pgm
[0.615s] -- Up-to-date symlink: /ros2_ws/opticore-amr/opticore-amr/ros2_ws/install/amr_bringup/share/amr_bringup//maps/warehouse_map.yaml
[0.616s] -- Up-to-date symlink: /ros2_ws/opticore-amr/opticore-amr/ros2_ws/install/amr_bringup/lib/amr_bringup/dynamic_obstacle_mover.py
[0.616s] -- Up-to-date symlink: /ros2_ws/opticore-amr/opticore-amr/ros2_ws/install/amr_bringup/share/ament_index/resource_index/package_run_dependencies/amr_bringup
[0.617s] -- Up-to-date symlink: /ros2_ws/opticore-amr/opticore-amr/ros2_ws/install/amr_bringup/share/ament_index/resource_index/parent_prefix_path/amr_bringup
[0.617s] -- Up-to-date symlink: /ros2_ws/opticore-amr/opticore-amr/ros2_ws/install/amr_bringup/share/amr_bringup/environment/ament_prefix_path.sh
[0.618s] -- Up-to-date symlink: /ros2_ws/opticore-amr/opticore-amr/ros2_ws/install/amr_bringup/share/amr_bringup/environment/ament_prefix_path.dsv
[0.618s] -- Up-to-date symlink: /ros2_ws/opticore-amr/opticore-amr/ros2_ws/install/amr_bringup/share/amr_bringup/environment/path.sh
[0.619s] -- Up-to-date symlink: /ros2_ws/opticore-amr/opticore-amr/ros2_ws/install/amr_bringup/share/amr_bringup/environment/path.dsv
[0.619s] -- Up-to-date symlink: /ros2_ws/opticore-amr/opticore-amr/ros2_ws/install/amr_bringup/share/amr_bringup/local_setup.bash
[0.620s] -- Up-to-date symlink: /ros2_ws/opticore-amr/opticore-amr/ros2_ws/install/amr_bringup/share/amr_bringup/local_setup.sh
[0.622s] -- Up-to-date symlink: /ros2_ws/opticore-amr/opticore-amr/ros2_ws/install/amr_bringup/share/amr_bringup/local_setup.zsh
[0.623s] -- Up-to-date symlink: /ros2_ws/opticore-amr/opticore-amr/ros2_ws/install/amr_bringup/share/amr_bringup/local_setup.dsv
[0.624s] -- Symlinking: /ros2_ws/opticore-amr/opticore-amr/ros2_ws/install/amr_bringup/share/amr_bringup/package.dsv
[0.631s] -- Up-to-date symlink: /ros2_ws/opticore-amr/opticore-amr/ros2_ws/install/amr_bringup/share/ament_index/resource_index/packages/amr_bringup
[0.633s] -- Up-to-date symlink: /ros2_ws/opticore-amr/opticore-amr/ros2_ws/install/amr_bringup/share/amr_bringup/cmake/amr_bringupConfig.cmake
[0.634s] -- Up-to-date symlink: /ros2_ws/opticore-amr/opticore-amr/ros2_ws/install/amr_bringup/share/amr_bringup/cmake/amr_bringupConfig-version.cmake
[0.635s] -- Up-to-date symlink: /ros2_ws/opticore-amr/opticore-amr/ros2_ws/install/amr_bringup/share/amr_bringup/package.xml
[0.644s] Invoked command in '/ros2_ws/opticore-amr/opticore-amr/ros2_ws/build/amr_bringup' returned '0': CMAKE_PREFIX_PATH=${CMAKE_PREFIX_PATH}:/ros2_ws/opticore-amr/opticore-amr/ros2_ws/install/amr_perception:/opt/ros/humble /usr/bin/cmake --install /ros2_ws/opticore-amr/opticore-amr/ros2_ws/build/amr_bringup
