[0.133s] DEBUG:colcon:Command line arguments: ['/usr/bin/colcon', 'build', '--packages-select', 'amr_slam', 'amr_bringup', '--symlink-install']
[0.134s] DEBUG:colcon:Parsed command line arguments: Namespace(log_base=None, log_level=None, verb_name='build', build_base='build', install_base='install', merge_install=False, symlink_install=True, test_result_base=None, continue_on_error=False, executor='parallel', parallel_workers=112, event_handlers=None, ignore_user_meta=False, metas=['./colcon.meta'], base_paths=['.'], packages_ignore=None, packages_ignore_regex=None, paths=None, packages_up_to=None, packages_up_to_regex=None, packages_above=None, packages_above_and_dependencies=None, packages_above_depth=None, packages_select_by_dep=None, packages_skip_by_dep=None, packages_skip_up_to=None, packages_select_build_failed=False, packages_skip_build_finished=False, packages_select_test_failures=False, packages_skip_test_passed=False, packages_select=['amr_slam', 'amr_bringup'], packages_skip=None, packages_select_regex=None, packages_skip_regex=None, packages_start=None, packages_end=None, allow_overriding=[], cmake_args=None, cmake_target=None, cmake_target_skip_unavailable=False, cmake_clean_cache=False, cmake_clean_first=False, cmake_force_configure=False, ament_cmake_args=None, catkin_cmake_args=None, catkin_skip_building_tests=False, verb_parser=<colcon_defaults.argument_parser.defaults.DefaultArgumentsDecorator object at 0x7dc1e1e9be20>, verb_extension=<colcon_core.verb.build.BuildVerb object at 0x7dc1e20219c0>, main=<bound method BuildVerb.main of <colcon_core.verb.build.BuildVerb object at 0x7dc1e20219c0>>)
[0.201s] Level 1:colcon.colcon_core.package_discovery:discover_packages(colcon_meta) check parameters
[0.202s] Level 1:colcon.colcon_core.package_discovery:discover_packages(recursive) check parameters
[0.202s] Level 1:colcon.colcon_core.package_discovery:discover_packages(ignore) check parameters
[0.203s] Level 1:colcon.colcon_core.package_discovery:discover_packages(path) check parameters
[0.203s] Level 1:colcon.colcon_core.package_discovery:discover_packages(colcon_meta) discover
[0.204s] Level 1:colcon.colcon_core.package_discovery:discover_packages(recursive) discover
[0.204s] INFO:colcon.colcon_core.package_discovery:Crawling recursively for packages in '/workspace/github/opticore-amr/ros2_ws'
[0.206s] Level 1:colcon.colcon_core.package_identification:_identify(.) by extensions ['ignore', 'ignore_ament_install']
[0.207s] Level 1:colcon.colcon_core.package_identification:_identify(.) by extension 'ignore'
[0.208s] Level 1:colcon.colcon_core.package_identification:_identify(.) by extension 'ignore_ament_install'
[0.209s] Level 1:colcon.colcon_core.package_identification:_identify(.) by extensions ['colcon_pkg']
[0.210s] Level 1:colcon.colcon_core.package_identification:_identify(.) by extension 'colcon_pkg'
[0.211s] Level 1:colcon.colcon_core.package_identification:_identify(.) by extensions ['colcon_meta']
[0.211s] Level 1:colcon.colcon_core.package_identification:_identify(.) by extension 'colcon_meta'
[0.212s] Level 1:colcon.colcon_core.package_identification:_identify(.) by extensions ['ros']
[0.213s] Level 1:colcon.colcon_core.package_identification:_identify(.) by extension 'ros'
[0.244s] Level 1:colcon.colcon_core.package_identification:_identify(.) by extensions ['cmake', 'python']
[0.244s] Level 1:colcon.colcon_core.package_identification:_identify(.) by extension 'cmake'
[0.245s] Level 1:colcon.colcon_core.package_identification:_identify(.) by extension 'python'
[0.246s] Level 1:colcon.colcon_core.package_identification:_identify(.) by extensions ['python_setup_py']
[0.247s] Level 1:colcon.colcon_core.package_identification:_identify(.) by extension 'python_setup_py'
[0.249s] Level 1:colcon.colcon_core.package_identification:_identify(build) by extensions ['ignore', 'ignore_ament_install']
[0.250s] Level 1:colcon.colcon_core.package_identification:_identify(build) by extension 'ignore'
[0.250s] Level 1:colcon.colcon_core.package_identification:_identify(build) ignored
[0.252s] Level 1:colcon.colcon_core.package_identification:_identify(install) by extensions ['ignore', 'ignore_ament_install']
[0.253s] Level 1:colcon.colcon_core.package_identification:_identify(install) by extension 'ignore'
[0.254s] Level 1:colcon.colcon_core.package_identification:_identify(install) ignored
[0.256s] Level 1:colcon.colcon_core.package_identification:_identify(log) by extensions ['ignore', 'ignore_ament_install']
[0.257s] Level 1:colcon.colcon_core.package_identification:_identify(log) by extension 'ignore'
[0.258s] Level 1:colcon.colcon_core.package_identification:_identify(log) ignored
[0.261s] Level 1:colcon.colcon_core.package_identification:_identify(src) by extensions ['ignore', 'ignore_ament_install']
[0.261s] Level 1:colcon.colcon_core.package_identification:_identify(src) by extension 'ignore'
[0.263s] Level 1:colcon.colcon_core.package_identification:_identify(src) by extension 'ignore_ament_install'
[0.264s] Level 1:colcon.colcon_core.package_identification:_identify(src) by extensions ['colcon_pkg']
[0.265s] Level 1:colcon.colcon_core.package_identification:_identify(src) by extension 'colcon_pkg'
[0.266s] Level 1:colcon.colcon_core.package_identification:_identify(src) by extensions ['colcon_meta']
[0.266s] Level 1:colcon.colcon_core.package_identification:_identify(src) by extension 'colcon_meta'
[0.268s] Level 1:colcon.colcon_core.package_identification:_identify(src) by extensions ['ros']
[0.268s] Level 1:colcon.colcon_core.package_identification:_identify(src) by extension 'ros'
[0.271s] Level 1:colcon.colcon_core.package_identification:_identify(src) by extensions ['cmake', 'python']
[0.272s] Level 1:colcon.colcon_core.package_identification:_identify(src) by extension 'cmake'
[0.286s] Level 1:colcon.colcon_core.package_identification:_identify(src) by extension 'python'
[0.288s] Level 1:colcon.colcon_core.package_identification:_identify(src) by extensions ['python_setup_py']
[0.288s] Level 1:colcon.colcon_core.package_identification:_identify(src) by extension 'python_setup_py'
[0.292s] Level 1:colcon.colcon_core.package_identification:_identify(src/amr_bringup) by extensions ['ignore', 'ignore_ament_install']
[0.293s] Level 1:colcon.colcon_core.package_identification:_identify(src/amr_bringup) by extension 'ignore'
[0.294s] Level 1:colcon.colcon_core.package_identification:_identify(src/amr_bringup) by extension 'ignore_ament_install'
[0.295s] Level 1:colcon.colcon_core.package_identification:_identify(src/amr_bringup) by extensions ['colcon_pkg']
[0.296s] Level 1:colcon.colcon_core.package_identification:_identify(src/amr_bringup) by extension 'colcon_pkg'
[0.297s] Level 1:colcon.colcon_core.package_identification:_identify(src/amr_bringup) by extensions ['colcon_meta']
[0.298s] Level 1:colcon.colcon_core.package_identification:_identify(src/amr_bringup) by extension 'colcon_meta'
[0.299s] Level 1:colcon.colcon_core.package_identification:_identify(src/amr_bringup) by extensions ['ros']
[0.300s] Level 1:colcon.colcon_core.package_identification:_identify(src/amr_bringup) by extension 'ros'
[0.312s] DEBUG:colcon.colcon_core.package_identification:Package 'src/amr_bringup' with type 'ros.ament_cmake' and name 'amr_bringup'
[0.315s] Level 1:colcon.colcon_core.package_identification:_identify(src/amr_description) by extensions ['ignore', 'ignore_ament_install']
[0.316s] Level 1:colcon.colcon_core.package_identification:_identify(src/amr_description) by extension 'ignore'
[0.317s] Level 1:colcon.colcon_core.package_identification:_identify(src/amr_description) by extension 'ignore_ament_install'
[0.319s] Level 1:colcon.colcon_core.package_identification:_identify(src/amr_description) by extensions ['colcon_pkg']
[0.319s] Level 1:colcon.colcon_core.package_identification:_identify(src/amr_description) by extension 'colcon_pkg'
[0.320s] Level 1:colcon.colcon_core.package_identification:_identify(src/amr_description) by extensions ['colcon_meta']
[0.321s] Level 1:colcon.colcon_core.package_identification:_identify(src/amr_description) by extension 'colcon_meta'
[0.323s] Level 1:colcon.colcon_core.package_identification:_identify(src/amr_description) by extensions ['ros']
[0.324s] Level 1:colcon.colcon_core.package_identification:_identify(src/amr_description) by extension 'ros'
[0.327s] Level 1:colcon.colcon_core.package_identification:_identify(src/amr_description) by extensions ['cmake', 'python']
[0.328s] Level 1:colcon.colcon_core.package_identification:_identify(src/amr_description) by extension 'cmake'
[0.329s] Level 1:colcon.colcon_core.package_identification:_identify(src/amr_description) by extension 'python'
[0.330s] Level 1:colcon.colcon_core.package_identification:_identify(src/amr_description) by extensions ['python_setup_py']
[0.330s] Level 1:colcon.colcon_core.package_identification:_identify(src/amr_description) by extension 'python_setup_py'
[0.334s] Level 1:colcon.colcon_core.package_identification:_identify(src/amr_fleet) by extensions ['ignore', 'ignore_ament_install']
[0.335s] Level 1:colcon.colcon_core.package_identification:_identify(src/amr_fleet) by extension 'ignore'
[0.336s] Level 1:colcon.colcon_core.package_identification:_identify(src/amr_fleet) by extension 'ignore_ament_install'
[0.338s] Level 1:colcon.colcon_core.package_identification:_identify(src/amr_fleet) by extensions ['colcon_pkg']
[0.338s] Level 1:colcon.colcon_core.package_identification:_identify(src/amr_fleet) by extension 'colcon_pkg'
[0.339s] Level 1:colcon.colcon_core.package_identification:_identify(src/amr_fleet) by extensions ['colcon_meta']
[0.340s] Level 1:colcon.colcon_core.package_identification:_identify(src/amr_fleet) by extension 'colcon_meta'
[0.341s] Level 1:colcon.colcon_core.package_identification:_identify(src/amr_fleet) by extensions ['ros']
[0.342s] Level 1:colcon.colcon_core.package_identification:_identify(src/amr_fleet) by extension 'ros'
[0.351s] DEBUG:colcon.colcon_core.package_identification:Package 'src/amr_fleet' with type 'ros.ament_cmake' and name 'amr_fleet'
[0.354s] Level 1:colcon.colcon_core.package_identification:_identify(src/amr_gazebo) by extensions ['ignore', 'ignore_ament_install']
[0.354s] Level 1:colcon.colcon_core.package_identification:_identify(src/amr_gazebo) by extension 'ignore'
[0.355s] Level 1:colcon.colcon_core.package_identification:_identify(src/amr_gazebo) by extension 'ignore_ament_install'
[0.357s] Level 1:colcon.colcon_core.package_identification:_identify(src/amr_gazebo) by extensions ['colcon_pkg']
[0.358s] Level 1:colcon.colcon_core.package_identification:_identify(src/amr_gazebo) by extension 'colcon_pkg'
[0.359s] Level 1:colcon.colcon_core.package_identification:_identify(src/amr_gazebo) by extensions ['colcon_meta']
[0.359s] Level 1:colcon.colcon_core.package_identification:_identify(src/amr_gazebo) by extension 'colcon_meta'
[0.361s] Level 1:colcon.colcon_core.package_identification:_identify(src/amr_gazebo) by extensions ['ros']
[0.361s] Level 1:colcon.colcon_core.package_identification:_identify(src/amr_gazebo) by extension 'ros'
[0.364s] Level 1:colcon.colcon_core.package_identification:_identify(src/amr_gazebo) by extensions ['cmake', 'python']
[0.365s] Level 1:colcon.colcon_core.package_identification:_identify(src/amr_gazebo) by extension 'cmake'
[0.366s] Level 1:colcon.colcon_core.package_identification:_identify(src/amr_gazebo) by extension 'python'
[0.367s] Level 1:colcon.colcon_core.package_identification:_identify(src/amr_gazebo) by extensions ['python_setup_py']
[0.368s] Level 1:colcon.colcon_core.package_identification:_identify(src/amr_gazebo) by extension 'python_setup_py'
[0.371s] Level 1:colcon.colcon_core.package_identification:_identify(src/amr_msgs) by extensions ['ignore', 'ignore_ament_install']
[0.372s] Level 1:colcon.colcon_core.package_identification:_identify(src/amr_msgs) by extension 'ignore'
[0.386s] Level 1:colcon.colcon_core.package_identification:_identify(src/amr_msgs) by extension 'ignore_ament_install'
[0.388s] Level 1:colcon.colcon_core.package_identification:_identify(src/amr_msgs) by extensions ['colcon_pkg']
[0.389s] Level 1:colcon.colcon_core.package_identification:_identify(src/amr_msgs) by extension 'colcon_pkg'
[0.390s] Level 1:colcon.colcon_core.package_identification:_identify(src/amr_msgs) by extensions ['colcon_meta']
[0.391s] Level 1:colcon.colcon_core.package_identification:_identify(src/amr_msgs) by extension 'colcon_meta'
[0.392s] Level 1:colcon.colcon_core.package_identification:_identify(src/amr_msgs) by extensions ['ros']
[0.393s] Level 1:colcon.colcon_core.package_identification:_identify(src/amr_msgs) by extension 'ros'
[0.396s] Level 1:colcon.colcon_core.package_identification:_identify(src/amr_msgs) by extensions ['cmake', 'python']
[0.397s] Level 1:colcon.colcon_core.package_identification:_identify(src/amr_msgs) by extension 'cmake'
[0.398s] Level 1:colcon.colcon_core.package_identification:_identify(src/amr_msgs) by extension 'python'
[0.398s] Level 1:colcon.colcon_core.package_identification:_identify(src/amr_msgs) by extensions ['python_setup_py']
[0.399s] Level 1:colcon.colcon_core.package_identification:_identify(src/amr_msgs) by extension 'python_setup_py'
[0.403s] Level 1:colcon.colcon_core.package_identification:_identify(src/amr_navigation) by extensions ['ignore', 'ignore_ament_install']
[0.403s] Level 1:colcon.colcon_core.package_identification:_identify(src/amr_navigation) by extension 'ignore'
[0.404s] Level 1:colcon.colcon_core.package_identification:_identify(src/amr_navigation) by extension 'ignore_ament_install'
[0.406s] Level 1:colcon.colcon_core.package_identification:_identify(src/amr_navigation) by extensions ['colcon_pkg']
[0.406s] Level 1:colcon.colcon_core.package_identification:_identify(src/amr_navigation) by extension 'colcon_pkg'
[0.407s] Level 1:colcon.colcon_core.package_identification:_identify(src/amr_navigation) by extensions ['colcon_meta']
[0.408s] Level 1:colcon.colcon_core.package_identification:_identify(src/amr_navigation) by extension 'colcon_meta'
[0.409s] Level 1:colcon.colcon_core.package_identification:_identify(src/amr_navigation) by extensions ['ros']
[0.410s] Level 1:colcon.colcon_core.package_identification:_identify(src/amr_navigation) by extension 'ros'
[0.420s] DEBUG:colcon.colcon_core.package_identification:Package 'src/amr_navigation' with type 'ros.ament_cmake' and name 'amr_navigation'
[0.424s] Level 1:colcon.colcon_core.package_identification:_identify(src/amr_perception) by extensions ['ignore', 'ignore_ament_install']
[0.424s] Level 1:colcon.colcon_core.package_identification:_identify(src/amr_perception) by extension 'ignore'
[0.425s] Level 1:colcon.colcon_core.package_identification:_identify(src/amr_perception) by extension 'ignore_ament_install'
[0.427s] Level 1:colcon.colcon_core.package_identification:_identify(src/amr_perception) by extensions ['colcon_pkg']
[0.428s] Level 1:colcon.colcon_core.package_identification:_identify(src/amr_perception) by extension 'colcon_pkg'
[0.428s] Level 1:colcon.colcon_core.package_identification:_identify(src/amr_perception) by extensions ['colcon_meta']
[0.429s] Level 1:colcon.colcon_core.package_identification:_identify(src/amr_perception) by extension 'colcon_meta'
[0.430s] Level 1:colcon.colcon_core.package_identification:_identify(src/amr_perception) by extensions ['ros']
[0.431s] Level 1:colcon.colcon_core.package_identification:_identify(src/amr_perception) by extension 'ros'
[0.441s] DEBUG:colcon.colcon_core.package_identification:Package 'src/amr_perception' with type 'ros.ament_python' and name 'amr_perception'
[0.444s] Level 1:colcon.colcon_core.package_identification:_identify(src/amr_slam) by extensions ['ignore', 'ignore_ament_install']
[0.445s] Level 1:colcon.colcon_core.package_identification:_identify(src/amr_slam) by extension 'ignore'
[0.446s] Level 1:colcon.colcon_core.package_identification:_identify(src/amr_slam) by extension 'ignore_ament_install'
[0.447s] Level 1:colcon.colcon_core.package_identification:_identify(src/amr_slam) by extensions ['colcon_pkg']
[0.448s] Level 1:colcon.colcon_core.package_identification:_identify(src/amr_slam) by extension 'colcon_pkg'
[0.449s] Level 1:colcon.colcon_core.package_identification:_identify(src/amr_slam) by extensions ['colcon_meta']
[0.449s] Level 1:colcon.colcon_core.package_identification:_identify(src/amr_slam) by extension 'colcon_meta'
[0.451s] Level 1:colcon.colcon_core.package_identification:_identify(src/amr_slam) by extensions ['ros']
[0.452s] Level 1:colcon.colcon_core.package_identification:_identify(src/amr_slam) by extension 'ros'
[0.461s] DEBUG:colcon.colcon_core.package_identification:Package 'src/amr_slam' with type 'ros.ament_cmake' and name 'amr_slam'
[0.465s] Level 1:colcon.colcon_core.package_identification:_identify(src/build) by extensions ['ignore', 'ignore_ament_install']
[0.465s] Level 1:colcon.colcon_core.package_identification:_identify(src/build) by extension 'ignore'
[0.466s] Level 1:colcon.colcon_core.package_identification:_identify(src/build) ignored
[0.470s] Level 1:colcon.colcon_core.package_identification:_identify(src/install) by extensions ['ignore', 'ignore_ament_install']
[0.470s] Level 1:colcon.colcon_core.package_identification:_identify(src/install) by extension 'ignore'
[0.471s] Level 1:colcon.colcon_core.package_identification:_identify(src/install) ignored
[0.492s] Level 1:colcon.colcon_core.package_identification:_identify(src/log) by extensions ['ignore', 'ignore_ament_install']
[0.493s] Level 1:colcon.colcon_core.package_identification:_identify(src/log) by extension 'ignore'
[0.494s] Level 1:colcon.colcon_core.package_identification:_identify(src/log) ignored
[0.494s] Level 1:colcon.colcon_core.package_discovery:discover_packages(recursive) using defaults
[0.495s] Level 1:colcon.colcon_core.package_discovery:discover_packages(ignore) discover
[0.495s] Level 1:colcon.colcon_core.package_discovery:discover_packages(ignore) using defaults
[0.496s] Level 1:colcon.colcon_core.package_discovery:discover_packages(path) discover
[0.496s] Level 1:colcon.colcon_core.package_discovery:discover_packages(path) using defaults
[0.536s] INFO:colcon.colcon_core.package_selection:Skipping not selected package 'amr_fleet' in 'src/amr_fleet'
[0.536s] INFO:colcon.colcon_core.package_selection:Skipping not selected package 'amr_navigation' in 'src/amr_navigation'
[0.536s] INFO:colcon.colcon_core.package_selection:Skipping not selected package 'amr_perception' in 'src/amr_perception'
[0.538s] Level 1:colcon.colcon_core.package_discovery:discover_packages(prefix_path) check parameters
[0.538s] Level 1:colcon.colcon_core.package_discovery:discover_packages(prefix_path) discover
[0.641s] DEBUG:colcon.colcon_installed_package_information.package_discovery:Found 5 installed packages in /workspace/github/opticore-amr/ros2_ws/install
[0.672s] DEBUG:colcon.colcon_installed_package_information.package_discovery:Found 5 installed packages in /workspace/ros2_ws/install
[0.707s] DEBUG:colcon.colcon_installed_package_information.package_discovery:Found 337 installed packages in /opt/ros/humble
[0.710s] Level 1:colcon.colcon_core.package_discovery:discover_packages(prefix_path) using defaults
[0.846s] Level 5:colcon.colcon_core.verb:set package 'amr_bringup' build argument 'cmake_args' from command line to 'None'
[0.847s] Level 5:colcon.colcon_core.verb:set package 'amr_bringup' build argument 'cmake_target' from command line to 'None'
[0.848s] Level 5:colcon.colcon_core.verb:set package 'amr_bringup' build argument 'cmake_target_skip_unavailable' from command line to 'False'
[0.848s] Level 5:colcon.colcon_core.verb:set package 'amr_bringup' build argument 'cmake_clean_cache' from command line to 'False'
[0.849s] Level 5:colcon.colcon_core.verb:set package 'amr_bringup' build argument 'cmake_clean_first' from command line to 'False'
[0.849s] Level 5:colcon.colcon_core.verb:set package 'amr_bringup' build argument 'cmake_force_configure' from command line to 'False'
[0.850s] Level 5:colcon.colcon_core.verb:set package 'amr_bringup' build argument 'ament_cmake_args' from command line to 'None'
[0.850s] Level 5:colcon.colcon_core.verb:set package 'amr_bringup' build argument 'catkin_cmake_args' from command line to 'None'
[0.851s] Level 5:colcon.colcon_core.verb:set package 'amr_bringup' build argument 'catkin_skip_building_tests' from command line to 'False'
[0.851s] DEBUG:colcon.colcon_core.verb:Building package 'amr_bringup' with the following arguments: {'ament_cmake_args': None, 'build_base': '/workspace/github/opticore-amr/ros2_ws/build/amr_bringup', 'catkin_cmake_args': None, 'catkin_skip_building_tests': False, 'cmake_args': None, 'cmake_clean_cache': False, 'cmake_clean_first': False, 'cmake_force_configure': False, 'cmake_target': None, 'cmake_target_skip_unavailable': False, 'install_base': '/workspace/github/opticore-amr/ros2_ws/install/amr_bringup', 'merge_install': False, 'path': '/workspace/github/opticore-amr/ros2_ws/src/amr_bringup', 'symlink_install': True, 'test_result_base': None}
[0.853s] Level 5:colcon.colcon_core.verb:set package 'amr_slam' build argument 'cmake_args' from command line to 'None'
[0.853s] Level 5:colcon.colcon_core.verb:set package 'amr_slam' build argument 'cmake_target' from command line to 'None'
[0.854s] Level 5:colcon.colcon_core.verb:set package 'amr_slam' build argument 'cmake_target_skip_unavailable' from command line to 'False'
[0.854s] Level 5:colcon.colcon_core.verb:set package 'amr_slam' build argument 'cmake_clean_cache' from command line to 'False'
[0.855s] Level 5:colcon.colcon_core.verb:set package 'amr_slam' build argument 'cmake_clean_first' from command line to 'False'
[0.855s] Level 5:colcon.colcon_core.verb:set package 'amr_slam' build argument 'cmake_force_configure' from command line to 'False'
[0.856s] Level 5:colcon.colcon_core.verb:set package 'amr_slam' build argument 'ament_cmake_args' from command line to 'None'
[0.856s] Level 5:colcon.colcon_core.verb:set package 'amr_slam' build argument 'catkin_cmake_args' from command line to 'None'
[0.857s] Level 5:colcon.colcon_core.verb:set package 'amr_slam' build argument 'catkin_skip_building_tests' from command line to 'False'
[0.858s] DEBUG:colcon.colcon_core.verb:Building package 'amr_slam' with the following arguments: {'ament_cmake_args': None, 'build_base': '/workspace/github/opticore-amr/ros2_ws/build/amr_slam', 'catkin_cmake_args': None, 'catkin_skip_building_tests': False, 'cmake_args': None, 'cmake_clean_cache': False, 'cmake_clean_first': False, 'cmake_force_configure': False, 'cmake_target': None, 'cmake_target_skip_unavailable': False, 'install_base': '/workspace/github/opticore-amr/ros2_ws/install/amr_slam', 'merge_install': False, 'path': '/workspace/github/opticore-amr/ros2_ws/src/amr_slam', 'symlink_install': True, 'test_result_base': None}
[0.859s] INFO:colcon.colcon_core.executor:Executing jobs using 'parallel' executor
[0.860s] DEBUG:colcon.colcon_parallel_executor.executor.parallel:run_until_complete
[0.861s] INFO:colcon.colcon_ros.task.ament_cmake.build:Building ROS package in '/workspace/github/opticore-amr/ros2_ws/src/amr_bringup' with build type 'ament_cmake'
[0.861s] INFO:colcon.colcon_cmake.task.cmake.build:Building CMake package in '/workspace/github/opticore-amr/ros2_ws/src/amr_bringup'
[0.864s] INFO:colcon.colcon_core.plugin_system:Skipping extension 'colcon_core.shell.bat': Not used on non-Windows systems
[0.865s] INFO:colcon.colcon_core.shell:Skip shell extension 'powershell' for command environment: Not usable outside of PowerShell
[0.865s] DEBUG:colcon.colcon_core.shell:Skip shell extension 'dsv' for command environment
[1.017s] INFO:colcon.colcon_ros.task.ament_cmake.build:Building ROS package in '/workspace/github/opticore-amr/ros2_ws/src/amr_slam' with build type 'ament_cmake'
[1.018s] INFO:colcon.colcon_cmake.task.cmake.build:Building CMake package in '/workspace/github/opticore-amr/ros2_ws/src/amr_slam'
[1.019s] INFO:colcon.colcon_core.shell:Skip shell extension 'powershell' for command environment: Not usable outside of PowerShell
[1.019s] DEBUG:colcon.colcon_core.shell:Skip shell extension 'dsv' for command environment
[1.230s] DEBUG:colcon.colcon_core.event_handler.log_command:Invoking command in '/workspace/github/opticore-amr/ros2_ws/build/amr_bringup': CMAKE_PREFIX_PATH=${CMAKE_PREFIX_PATH}:/workspace/github/opticore-amr/ros2_ws/install/amr_perception:/workspace/ros2_ws/install/amr_perception:/opt/ros/humble /usr/bin/cmake --build /workspace/github/opticore-amr/ros2_ws/build/amr_bringup -- -j112 -l112
[1.299s] DEBUG:colcon.colcon_core.event_handler.log_command:Invoking command in '/workspace/github/opticore-amr/ros2_ws/build/amr_slam': CMAKE_PREFIX_PATH=${CMAKE_PREFIX_PATH}:/workspace/github/opticore-amr/ros2_ws/install/amr_perception:/workspace/ros2_ws/install/amr_perception:/opt/ros/humble /usr/bin/cmake /workspace/github/opticore-amr/ros2_ws/src/amr_slam -DAMENT_CMAKE_SYMLINK_INSTALL=1 -DCMAKE_INSTALL_PREFIX=/workspace/github/opticore-amr/ros2_ws/install/amr_slam
[1.340s] DEBUG:colcon.colcon_core.event_handler.log_command:Invoked command in '/workspace/github/opticore-amr/ros2_ws/build/amr_bringup' returned '0': CMAKE_PREFIX_PATH=${CMAKE_PREFIX_PATH}:/workspace/github/opticore-amr/ros2_ws/install/amr_perception:/workspace/ros2_ws/install/amr_perception:/opt/ros/humble /usr/bin/cmake --build /workspace/github/opticore-amr/ros2_ws/build/amr_bringup -- -j112 -l112
[1.389s] DEBUG:colcon.colcon_core.event_handler.log_command:Invoking command in '/workspace/github/opticore-amr/ros2_ws/build/amr_bringup': CMAKE_PREFIX_PATH=${CMAKE_PREFIX_PATH}:/workspace/github/opticore-amr/ros2_ws/install/amr_perception:/workspace/ros2_ws/install/amr_perception:/opt/ros/humble /usr/bin/cmake --install /workspace/github/opticore-amr/ros2_ws/build/amr_bringup
[2.090s] Level 1:colcon.colcon_core.environment:create_environment_scripts_only(amr_bringup)
[2.091s] DEBUG:colcon.colcon_core.event_handler.log_command:Invoked command in '/workspace/github/opticore-amr/ros2_ws/build/amr_bringup' returned '0': CMAKE_PREFIX_PATH=${CMAKE_PREFIX_PATH}:/workspace/github/opticore-amr/ros2_ws/install/amr_perception:/workspace/ros2_ws/install/amr_perception:/opt/ros/humble /usr/bin/cmake --install /workspace/github/opticore-amr/ros2_ws/build/amr_bringup
[2.094s] Level 1:colcon.colcon_core.environment:checking '/workspace/github/opticore-amr/ros2_ws/install/amr_bringup' for CMake module files
[2.128s] Level 1:colcon.colcon_core.environment:checking '/workspace/github/opticore-amr/ros2_ws/install/amr_bringup' for CMake config files
[2.219s] Level 1:colcon.colcon_core.shell:create_environment_hook('amr_bringup', 'cmake_prefix_path')
[2.220s] INFO:colcon.colcon_core.shell:Creating environment hook '/workspace/github/opticore-amr/ros2_ws/install/amr_bringup/share/amr_bringup/hook/cmake_prefix_path.ps1'
[2.233s] INFO:colcon.colcon_core.shell:Creating environment descriptor '/workspace/github/opticore-amr/ros2_ws/install/amr_bringup/share/amr_bringup/hook/cmake_prefix_path.dsv'
[2.244s] INFO:colcon.colcon_core.shell:Creating environment hook '/workspace/github/opticore-amr/ros2_ws/install/amr_bringup/share/amr_bringup/hook/cmake_prefix_path.sh'
[2.259s] Level 1:colcon.colcon_core.environment:checking '/workspace/github/opticore-amr/ros2_ws/install/amr_bringup/lib'
[2.261s] Level 1:colcon.colcon_core.environment:checking '/workspace/github/opticore-amr/ros2_ws/install/amr_bringup/bin'
[2.262s] Level 1:colcon.colcon_core.environment:checking '/workspace/github/opticore-amr/ros2_ws/install/amr_bringup/lib/pkgconfig/amr_bringup.pc'
[2.263s] Level 1:colcon.colcon_core.environment:checking '/workspace/github/opticore-amr/ros2_ws/install/amr_bringup/lib/python3.10/site-packages'
[2.265s] Level 1:colcon.colcon_core.environment:checking '/workspace/github/opticore-amr/ros2_ws/install/amr_bringup/bin'
[2.266s] INFO:colcon.colcon_core.shell:Creating package script '/workspace/github/opticore-amr/ros2_ws/install/amr_bringup/share/amr_bringup/package.ps1'
[2.297s] INFO:colcon.colcon_core.shell:Creating package descriptor '/workspace/github/opticore-amr/ros2_ws/install/amr_bringup/share/amr_bringup/package.dsv'
[2.311s] INFO:colcon.colcon_core.shell:Creating package script '/workspace/github/opticore-amr/ros2_ws/install/amr_bringup/share/amr_bringup/package.sh'
[2.323s] INFO:colcon.colcon_core.shell:Creating package script '/workspace/github/opticore-amr/ros2_ws/install/amr_bringup/share/amr_bringup/package.bash'
[2.336s] INFO:colcon.colcon_core.shell:Creating package script '/workspace/github/opticore-amr/ros2_ws/install/amr_bringup/share/amr_bringup/package.zsh'
[2.350s] Level 1:colcon.colcon_core.environment:create_file_with_runtime_dependencies(/workspace/github/opticore-amr/ros2_ws/install/amr_bringup/share/colcon-core/packages/amr_bringup)
[2.371s] Level 1:colcon.colcon_core.environment:create_environment_scripts_only(amr_bringup)
[2.371s] Level 1:colcon.colcon_core.environment:checking '/workspace/github/opticore-amr/ros2_ws/install/amr_bringup' for CMake module files
[2.415s] Level 1:colcon.colcon_core.environment:checking '/workspace/github/opticore-amr/ros2_ws/install/amr_bringup' for CMake config files
[2.496s] Level 1:colcon.colcon_core.shell:create_environment_hook('amr_bringup', 'cmake_prefix_path')
[2.497s] INFO:colcon.colcon_core.shell:Creating environment hook '/workspace/github/opticore-amr/ros2_ws/install/amr_bringup/share/amr_bringup/hook/cmake_prefix_path.ps1'
[2.509s] INFO:colcon.colcon_core.shell:Creating environment descriptor '/workspace/github/opticore-amr/ros2_ws/install/amr_bringup/share/amr_bringup/hook/cmake_prefix_path.dsv'
[2.523s] INFO:colcon.colcon_core.shell:Creating environment hook '/workspace/github/opticore-amr/ros2_ws/install/amr_bringup/share/amr_bringup/hook/cmake_prefix_path.sh'
[2.536s] Level 1:colcon.colcon_core.environment:checking '/workspace/github/opticore-amr/ros2_ws/install/amr_bringup/lib'
[2.538s] Level 1:colcon.colcon_core.environment:checking '/workspace/github/opticore-amr/ros2_ws/install/amr_bringup/bin'
[2.539s] Level 1:colcon.colcon_core.environment:checking '/workspace/github/opticore-amr/ros2_ws/install/amr_bringup/lib/pkgconfig/amr_bringup.pc'
[2.540s] Level 1:colcon.colcon_core.environment:checking '/workspace/github/opticore-amr/ros2_ws/install/amr_bringup/lib/python3.10/site-packages'
[2.542s] Level 1:colcon.colcon_core.environment:checking '/workspace/github/opticore-amr/ros2_ws/install/amr_bringup/bin'
[2.543s] INFO:colcon.colcon_core.shell:Creating package script '/workspace/github/opticore-amr/ros2_ws/install/amr_bringup/share/amr_bringup/package.ps1'
[2.557s] INFO:colcon.colcon_core.shell:Creating package descriptor '/workspace/github/opticore-amr/ros2_ws/install/amr_bringup/share/amr_bringup/package.dsv'
[2.571s] INFO:colcon.colcon_core.shell:Creating package script '/workspace/github/opticore-amr/ros2_ws/install/amr_bringup/share/amr_bringup/package.sh'
[2.597s] INFO:colcon.colcon_core.shell:Creating package script '/workspace/github/opticore-amr/ros2_ws/install/amr_bringup/share/amr_bringup/package.bash'
[2.610s] INFO:colcon.colcon_core.shell:Creating package script '/workspace/github/opticore-amr/ros2_ws/install/amr_bringup/share/amr_bringup/package.zsh'
[2.629s] Level 1:colcon.colcon_core.environment:create_file_with_runtime_dependencies(/workspace/github/opticore-amr/ros2_ws/install/amr_bringup/share/colcon-core/packages/amr_bringup)
[5.040s] DEBUG:colcon.colcon_core.event_handler.log_command:Invoked command in '/workspace/github/opticore-amr/ros2_ws/build/amr_slam' returned '0': CMAKE_PREFIX_PATH=${CMAKE_PREFIX_PATH}:/workspace/github/opticore-amr/ros2_ws/install/amr_perception:/workspace/ros2_ws/install/amr_perception:/opt/ros/humble /usr/bin/cmake /workspace/github/opticore-amr/ros2_ws/src/amr_slam -DAMENT_CMAKE_SYMLINK_INSTALL=1 -DCMAKE_INSTALL_PREFIX=/workspace/github/opticore-amr/ros2_ws/install/amr_slam
[5.054s] DEBUG:colcon.colcon_core.event_handler.log_command:Invoking command in '/workspace/github/opticore-amr/ros2_ws/build/amr_slam': CMAKE_PREFIX_PATH=${CMAKE_PREFIX_PATH}:/workspace/github/opticore-amr/ros2_ws/install/amr_perception:/workspace/ros2_ws/install/amr_perception:/opt/ros/humble /usr/bin/cmake --build /workspace/github/opticore-amr/ros2_ws/build/amr_slam -- -j112 -l112
[5.196s] DEBUG:colcon.colcon_core.event_handler.log_command:Invoked command in '/workspace/github/opticore-amr/ros2_ws/build/amr_slam' returned '0': CMAKE_PREFIX_PATH=${CMAKE_PREFIX_PATH}:/workspace/github/opticore-amr/ros2_ws/install/amr_perception:/workspace/ros2_ws/install/amr_perception:/opt/ros/humble /usr/bin/cmake --build /workspace/github/opticore-amr/ros2_ws/build/amr_slam -- -j112 -l112
[5.212s] DEBUG:colcon.colcon_core.event_handler.log_command:Invoking command in '/workspace/github/opticore-amr/ros2_ws/build/amr_slam': CMAKE_PREFIX_PATH=${CMAKE_PREFIX_PATH}:/workspace/github/opticore-amr/ros2_ws/install/amr_perception:/workspace/ros2_ws/install/amr_perception:/opt/ros/humble /usr/bin/cmake --install /workspace/github/opticore-amr/ros2_ws/build/amr_slam
[5.929s] Level 1:colcon.colcon_core.environment:create_environment_scripts_only(amr_slam)
[5.930s] Level 1:colcon.colcon_core.environment:checking '/workspace/github/opticore-amr/ros2_ws/install/amr_slam' for CMake module files
[5.930s] DEBUG:colcon.colcon_core.event_handler.log_command:Invoked command in '/workspace/github/opticore-amr/ros2_ws/build/amr_slam' returned '0': CMAKE_PREFIX_PATH=${CMAKE_PREFIX_PATH}:/workspace/github/opticore-amr/ros2_ws/install/amr_perception:/workspace/ros2_ws/install/amr_perception:/opt/ros/humble /usr/bin/cmake --install /workspace/github/opticore-amr/ros2_ws/build/amr_slam
[5.961s] Level 1:colcon.colcon_core.environment:checking '/workspace/github/opticore-amr/ros2_ws/install/amr_slam' for CMake config files
[6.009s] Level 1:colcon.colcon_core.shell:create_environment_hook('amr_slam', 'cmake_prefix_path')
[6.010s] INFO:colcon.colcon_core.shell:Creating environment hook '/workspace/github/opticore-amr/ros2_ws/install/amr_slam/share/amr_slam/hook/cmake_prefix_path.ps1'
[6.023s] INFO:colcon.colcon_core.shell:Creating environment descriptor '/workspace/github/opticore-amr/ros2_ws/install/amr_slam/share/amr_slam/hook/cmake_prefix_path.dsv'
[6.036s] INFO:colcon.colcon_core.shell:Creating environment hook '/workspace/github/opticore-amr/ros2_ws/install/amr_slam/share/amr_slam/hook/cmake_prefix_path.sh'
[6.052s] Level 1:colcon.colcon_core.environment:checking '/workspace/github/opticore-amr/ros2_ws/install/amr_slam/bin'
[6.053s] Level 1:colcon.colcon_core.environment:checking '/workspace/github/opticore-amr/ros2_ws/install/amr_slam/lib/pkgconfig/amr_slam.pc'
[6.054s] Level 1:colcon.colcon_core.environment:checking '/workspace/github/opticore-amr/ros2_ws/install/amr_slam/lib/python3.10/site-packages'
[6.056s] Level 1:colcon.colcon_core.environment:checking '/workspace/github/opticore-amr/ros2_ws/install/amr_slam/bin'
[6.057s] INFO:colcon.colcon_core.shell:Creating package script '/workspace/github/opticore-amr/ros2_ws/install/amr_slam/share/amr_slam/package.ps1'
[6.070s] INFO:colcon.colcon_core.shell:Creating package descriptor '/workspace/github/opticore-amr/ros2_ws/install/amr_slam/share/amr_slam/package.dsv'
[6.097s] INFO:colcon.colcon_core.shell:Creating package script '/workspace/github/opticore-amr/ros2_ws/install/amr_slam/share/amr_slam/package.sh'
[6.137s] INFO:colcon.colcon_core.shell:Creating package script '/workspace/github/opticore-amr/ros2_ws/install/amr_slam/share/amr_slam/package.bash'
[6.150s] INFO:colcon.colcon_core.shell:Creating package script '/workspace/github/opticore-amr/ros2_ws/install/amr_slam/share/amr_slam/package.zsh'
[6.164s] Level 1:colcon.colcon_core.environment:create_file_with_runtime_dependencies(/workspace/github/opticore-amr/ros2_ws/install/amr_slam/share/colcon-core/packages/amr_slam)
[6.207s] Level 1:colcon.colcon_core.environment:create_environment_scripts_only(amr_slam)
[6.208s] Level 1:colcon.colcon_core.environment:checking '/workspace/github/opticore-amr/ros2_ws/install/amr_slam' for CMake module files
[6.237s] Level 1:colcon.colcon_core.environment:checking '/workspace/github/opticore-amr/ros2_ws/install/amr_slam' for CMake config files
[6.266s] Level 1:colcon.colcon_core.shell:create_environment_hook('amr_slam', 'cmake_prefix_path')
[6.267s] INFO:colcon.colcon_core.shell:Creating environment hook '/workspace/github/opticore-amr/ros2_ws/install/amr_slam/share/amr_slam/hook/cmake_prefix_path.ps1'
[6.295s] INFO:colcon.colcon_core.shell:Creating environment descriptor '/workspace/github/opticore-amr/ros2_ws/install/amr_slam/share/amr_slam/hook/cmake_prefix_path.dsv'
[6.307s] INFO:colcon.colcon_core.shell:Creating environment hook '/workspace/github/opticore-amr/ros2_ws/install/amr_slam/share/amr_slam/hook/cmake_prefix_path.sh'
[6.321s] Level 1:colcon.colcon_core.environment:checking '/workspace/github/opticore-amr/ros2_ws/install/amr_slam/bin'
[6.323s] Level 1:colcon.colcon_core.environment:checking '/workspace/github/opticore-amr/ros2_ws/install/amr_slam/lib/pkgconfig/amr_slam.pc'
[6.324s] Level 1:colcon.colcon_core.environment:checking '/workspace/github/opticore-amr/ros2_ws/install/amr_slam/lib/python3.10/site-packages'
[6.326s] Level 1:colcon.colcon_core.environment:checking '/workspace/github/opticore-amr/ros2_ws/install/amr_slam/bin'
[6.327s] INFO:colcon.colcon_core.shell:Creating package script '/workspace/github/opticore-amr/ros2_ws/install/amr_slam/share/amr_slam/package.ps1'
[6.343s] INFO:colcon.colcon_core.shell:Creating package descriptor '/workspace/github/opticore-amr/ros2_ws/install/amr_slam/share/amr_slam/package.dsv'
[6.358s] INFO:colcon.colcon_core.shell:Creating package script '/workspace/github/opticore-amr/ros2_ws/install/amr_slam/share/amr_slam/package.sh'
[6.386s] INFO:colcon.colcon_core.shell:Creating package script '/workspace/github/opticore-amr/ros2_ws/install/amr_slam/share/amr_slam/package.bash'
[6.403s] INFO:colcon.colcon_core.shell:Creating package script '/workspace/github/opticore-amr/ros2_ws/install/amr_slam/share/amr_slam/package.zsh'
[6.420s] Level 1:colcon.colcon_core.environment:create_file_with_runtime_dependencies(/workspace/github/opticore-amr/ros2_ws/install/amr_slam/share/colcon-core/packages/amr_slam)
[6.431s] DEBUG:colcon.colcon_parallel_executor.executor.parallel:closing loop
[6.432s] DEBUG:colcon.colcon_parallel_executor.executor.parallel:loop closed
[6.433s] DEBUG:colcon.colcon_parallel_executor.executor.parallel:run_until_complete finished with '0'
[6.433s] DEBUG:colcon.colcon_core.event_reactor:joining thread
[6.456s] DEBUG:colcon.colcon_core.event_reactor:joined thread
[6.457s] INFO:colcon.colcon_core.shell:Creating prefix script '/workspace/github/opticore-amr/ros2_ws/install/local_setup.ps1'
[6.472s] INFO:colcon.colcon_core.shell:Creating prefix util module '/workspace/github/opticore-amr/ros2_ws/install/_local_setup_util_ps1.py'
[6.499s] INFO:colcon.colcon_core.shell:Creating prefix chain script '/workspace/github/opticore-amr/ros2_ws/install/setup.ps1'
[6.572s] INFO:colcon.colcon_core.shell:Creating prefix script '/workspace/github/opticore-amr/ros2_ws/install/local_setup.sh'
[6.604s] INFO:colcon.colcon_core.shell:Creating prefix util module '/workspace/github/opticore-amr/ros2_ws/install/_local_setup_util_sh.py'
[6.618s] INFO:colcon.colcon_core.shell:Creating prefix chain script '/workspace/github/opticore-amr/ros2_ws/install/setup.sh'
[6.712s] INFO:colcon.colcon_core.shell:Creating prefix script '/workspace/github/opticore-amr/ros2_ws/install/local_setup.bash'
[6.728s] INFO:colcon.colcon_core.shell:Creating prefix chain script '/workspace/github/opticore-amr/ros2_ws/install/setup.bash'
[6.828s] INFO:colcon.colcon_core.shell:Creating prefix script '/workspace/github/opticore-amr/ros2_ws/install/local_setup.zsh'
[6.841s] INFO:colcon.colcon_core.shell:Creating prefix chain script '/workspace/github/opticore-amr/ros2_ws/install/setup.zsh'
