[0.386s] Invoking command in '/ros2_ws/opticore-amr/opticore-amr/ros2_ws/build/amr_slam': CMAKE_PREFIX_PATH=/opt/ros/humble /usr/bin/cmake --build /ros2_ws/opticore-amr/opticore-amr/ros2_ws/build/amr_slam -- -j10 -l10
[0.596s] -- Found ament_cmake: 1.3.14 (/opt/ros/humble/share/ament_cmake/cmake)
[0.961s] -- Found ament_lint_auto: 0.12.15 (/opt/ros/humble/share/ament_lint_auto/cmake)
[1.126s] -- Added test 'flake8' to check Python code syntax and style conventions
[1.133s] -- Added test 'lint_cmake' to check CMake code style
[1.136s] -- Added test 'pep257' to check Python code against some of the docstring style conventions in PEP 257
[1.152s] -- Added test 'xmllint' to check XML markup files
[1.163s] -- Configuring done
[1.199s] -- Generating done
[1.215s] -- Build files have been written to: /ros2_ws/opticore-amr/opticore-amr/ros2_ws/build/amr_slam
[1.304s] Invoked command in '/ros2_ws/opticore-amr/opticore-amr/ros2_ws/build/amr_slam' returned '0': CMAKE_PREFIX_PATH=/opt/ros/humble /usr/bin/cmake --build /ros2_ws/opticore-amr/opticore-amr/ros2_ws/build/amr_slam -- -j10 -l10
[1.308s] Invoking command in '/ros2_ws/opticore-amr/opticore-amr/ros2_ws/build/amr_slam': CMAKE_PREFIX_PATH=/opt/ros/humble /usr/bin/cmake --install /ros2_ws/opticore-amr/opticore-amr/ros2_ws/build/amr_slam
[1.346s] -- Install configuration: ""
[1.347s] -- Up-to-date: /ros2_ws/opticore-amr/opticore-amr/ros2_ws/install/amr_slam/lib/amr_slam/odom_covariance_injector.py
[1.347s] -- Up-to-date: /ros2_ws/opticore-amr/opticore-amr/ros2_ws/install/amr_slam/share/amr_slam/config
[1.347s] -- Installing: /ros2_ws/opticore-amr/opticore-amr/ros2_ws/install/amr_slam/share/amr_slam/config/amcl_params.yaml
[1.350s] -- Up-to-date: /ros2_ws/opticore-amr/opticore-amr/ros2_ws/install/amr_slam/share/amr_slam/config/.gitkeep
[1.350s] -- Installing: /ros2_ws/opticore-amr/opticore-amr/ros2_ws/install/amr_slam/share/amr_slam/config/slam_params.yaml
[1.351s] -- Up-to-date: /ros2_ws/opticore-amr/opticore-amr/ros2_ws/install/amr_slam/share/amr_slam/launch
[1.351s] -- Up-to-date: /ros2_ws/opticore-amr/opticore-amr/ros2_ws/install/amr_slam/share/amr_slam/launch/.gitkeep
[1.352s] -- Up-to-date: /ros2_ws/opticore-amr/opticore-amr/ros2_ws/install/amr_slam/share/amr_slam/launch/slam.launch.py
[1.352s] -- Installing: /ros2_ws/opticore-amr/opticore-amr/ros2_ws/install/amr_slam/share/amr_slam/launch/localization.launch.py
[1.353s] -- Installing: /ros2_ws/opticore-amr/opticore-amr/ros2_ws/install/amr_slam/share/ament_index/resource_index/package_run_dependencies/amr_slam
[1.354s] -- Installing: /ros2_ws/opticore-amr/opticore-amr/ros2_ws/install/amr_slam/share/ament_index/resource_index/parent_prefix_path/amr_slam
[1.355s] -- Installing: /ros2_ws/opticore-amr/opticore-amr/ros2_ws/install/amr_slam/share/amr_slam/environment/ament_prefix_path.dsv
[1.356s] -- Installing: /ros2_ws/opticore-amr/opticore-amr/ros2_ws/install/amr_slam/share/amr_slam/environment/path.dsv
[1.357s] -- Up-to-date: /ros2_ws/opticore-amr/opticore-amr/ros2_ws/install/amr_slam/share/amr_slam/local_setup.bash
[1.358s] -- Up-to-date: /ros2_ws/opticore-amr/opticore-amr/ros2_ws/install/amr_slam/share/amr_slam/local_setup.sh
[1.358s] -- Up-to-date: /ros2_ws/opticore-amr/opticore-amr/ros2_ws/install/amr_slam/share/amr_slam/local_setup.zsh
[1.359s] -- Installing: /ros2_ws/opticore-amr/opticore-amr/ros2_ws/install/amr_slam/share/amr_slam/local_setup.dsv
[1.360s] -- Installing: /ros2_ws/opticore-amr/opticore-amr/ros2_ws/install/amr_slam/share/amr_slam/package.dsv
[1.361s] -- Up-to-date: /ros2_ws/opticore-amr/opticore-amr/ros2_ws/install/amr_slam/share/ament_index/resource_index/packages/amr_slam
[1.361s] -- Up-to-date: /ros2_ws/opticore-amr/opticore-amr/ros2_ws/install/amr_slam/share/amr_slam/cmake/amr_slamConfig.cmake
[1.361s] -- Up-to-date: /ros2_ws/opticore-amr/opticore-amr/ros2_ws/install/amr_slam/share/amr_slam/cmake/amr_slamConfig-version.cmake
[1.361s] -- Installing: /ros2_ws/opticore-amr/opticore-amr/ros2_ws/install/amr_slam/share/amr_slam/package.xml
[1.368s] Invoked command in '/ros2_ws/opticore-amr/opticore-amr/ros2_ws/build/amr_slam' returned '0': CMAKE_PREFIX_PATH=/opt/ros/humble /usr/bin/cmake --install /ros2_ws/opticore-amr/opticore-amr/ros2_ws/build/amr_slam
