[0.579s] Invoking command in '/workspace/github/opticore-amr/ros2_ws/src/build/amr_fleet': CMAKE_PREFIX_PATH=${CMAKE_PREFIX_PATH}:/workspace/ros2_ws/install/amr_perception:/opt/ros/humble /usr/bin/cmake --build /workspace/github/opticore-amr/ros2_ws/src/build/amr_fleet -- -j112 -l112
[1.398s] Invoked command in '/workspace/github/opticore-amr/ros2_ws/src/build/amr_fleet' returned '0': CMAKE_PREFIX_PATH=${CMAKE_PREFIX_PATH}:/workspace/ros2_ws/install/amr_perception:/opt/ros/humble /usr/bin/cmake --build /workspace/github/opticore-amr/ros2_ws/src/build/amr_fleet -- -j112 -l112
[1.409s] Invoking command in '/workspace/github/opticore-amr/ros2_ws/src/build/amr_fleet': CMAKE_PREFIX_PATH=${CMAKE_PREFIX_PATH}:/workspace/ros2_ws/install/amr_perception:/opt/ros/humble /usr/bin/cmake --install /workspace/github/opticore-amr/ros2_ws/src/build/amr_fleet
[1.443s] -- Install configuration: ""
[1.443s] -- Up-to-date: /workspace/github/opticore-amr/ros2_ws/src/install/amr_fleet/share/ament_index/resource_index/package_run_dependencies/amr_fleet
[1.444s] -- Up-to-date: /workspace/github/opticore-amr/ros2_ws/src/install/amr_fleet/share/ament_index/resource_index/parent_prefix_path/amr_fleet
[1.444s] -- Up-to-date: /workspace/github/opticore-amr/ros2_ws/src/install/amr_fleet/share/amr_fleet/environment/ament_prefix_path.sh
[1.445s] -- Up-to-date: /workspace/github/opticore-amr/ros2_ws/src/install/amr_fleet/share/amr_fleet/environment/ament_prefix_path.dsv
[1.445s] -- Up-to-date: /workspace/github/opticore-amr/ros2_ws/src/install/amr_fleet/share/amr_fleet/environment/path.sh
[1.449s] -- Up-to-date: /workspace/github/opticore-amr/ros2_ws/src/install/amr_fleet/share/amr_fleet/environment/path.dsv
[1.454s] -- Up-to-date: /workspace/github/opticore-amr/ros2_ws/src/install/amr_fleet/share/amr_fleet/local_setup.bash
[1.475s] -- Up-to-date: /workspace/github/opticore-amr/ros2_ws/src/install/amr_fleet/share/amr_fleet/local_setup.sh
[1.481s] -- Up-to-date: /workspace/github/opticore-amr/ros2_ws/src/install/amr_fleet/share/amr_fleet/local_setup.zsh
[1.496s] -- Up-to-date: /workspace/github/opticore-amr/ros2_ws/src/install/amr_fleet/share/amr_fleet/local_setup.dsv
[1.498s] -- Installing: /workspace/github/opticore-amr/ros2_ws/src/install/amr_fleet/share/amr_fleet/package.dsv
[1.524s] -- Up-to-date: /workspace/github/opticore-amr/ros2_ws/src/install/amr_fleet/share/ament_index/resource_index/packages/amr_fleet
[1.544s] -- Up-to-date: /workspace/github/opticore-amr/ros2_ws/src/install/amr_fleet/share/amr_fleet/cmake/amr_fleetConfig.cmake
[1.544s] -- Up-to-date: /workspace/github/opticore-amr/ros2_ws/src/install/amr_fleet/share/amr_fleet/cmake/amr_fleetConfig-version.cmake
[1.546s] -- Up-to-date: /workspace/github/opticore-amr/ros2_ws/src/install/amr_fleet/share/amr_fleet/package.xml
[1.579s] Invoked command in '/workspace/github/opticore-amr/ros2_ws/src/build/amr_fleet' returned '0': CMAKE_PREFIX_PATH=${CMAKE_PREFIX_PATH}:/workspace/ros2_ws/install/amr_perception:/opt/ros/humble /usr/bin/cmake --install /workspace/github/opticore-amr/ros2_ws/src/build/amr_fleet
