[0.515s] Invoking command in '/workspace/github/opticore-amr/ros2_ws/src/build/amr_navigation': CMAKE_PREFIX_PATH=${CMAKE_PREFIX_PATH}:/workspace/ros2_ws/install/amr_perception:/opt/ros/humble /usr/bin/cmake --build /workspace/github/opticore-amr/ros2_ws/src/build/amr_navigation -- -j128 -l128
[1.138s] Invoked command in '/workspace/github/opticore-amr/ros2_ws/src/build/amr_navigation' returned '0': CMAKE_PREFIX_PATH=${CMAKE_PREFIX_PATH}:/workspace/ros2_ws/install/amr_perception:/opt/ros/humble /usr/bin/cmake --build /workspace/github/opticore-amr/ros2_ws/src/build/amr_navigation -- -j128 -l128
[1.171s] Invoking command in '/workspace/github/opticore-amr/ros2_ws/src/build/amr_navigation': CMAKE_PREFIX_PATH=${CMAKE_PREFIX_PATH}:/workspace/ros2_ws/install/amr_perception:/opt/ros/humble /usr/bin/cmake --install /workspace/github/opticore-amr/ros2_ws/src/build/amr_navigation
[1.195s] -- Install configuration: ""
[1.201s] -- Up-to-date: /workspace/github/opticore-amr/ros2_ws/src/install/amr_navigation/share/ament_index/resource_index/package_run_dependencies/amr_navigation
[1.207s] -- Up-to-date: /workspace/github/opticore-amr/ros2_ws/src/install/amr_navigation/share/ament_index/resource_index/parent_prefix_path/amr_navigation
[1.210s] -- Up-to-date: /workspace/github/opticore-amr/ros2_ws/src/install/amr_navigation/share/amr_navigation/environment/ament_prefix_path.sh
[1.216s] -- Up-to-date: /workspace/github/opticore-amr/ros2_ws/src/install/amr_navigation/share/amr_navigation/environment/ament_prefix_path.dsv
[1.218s] -- Up-to-date: /workspace/github/opticore-amr/ros2_ws/src/install/amr_navigation/share/amr_navigation/environment/path.sh
[1.224s] -- Up-to-date: /workspace/github/opticore-amr/ros2_ws/src/install/amr_navigation/share/amr_navigation/environment/path.dsv
[1.242s] -- Up-to-date: /workspace/github/opticore-amr/ros2_ws/src/install/amr_navigation/share/amr_navigation/local_setup.bash
[1.244s] -- Up-to-date: /workspace/github/opticore-amr/ros2_ws/src/install/amr_navigation/share/amr_navigation/local_setup.sh
[1.245s] -- Up-to-date: /workspace/github/opticore-amr/ros2_ws/src/install/amr_navigation/share/amr_navigation/local_setup.zsh
[1.247s] -- Up-to-date: /workspace/github/opticore-amr/ros2_ws/src/install/amr_navigation/share/amr_navigation/local_setup.dsv
[1.249s] -- Installing: /workspace/github/opticore-amr/ros2_ws/src/install/amr_navigation/share/amr_navigation/package.dsv
[1.296s] -- Up-to-date: /workspace/github/opticore-amr/ros2_ws/src/install/amr_navigation/share/ament_index/resource_index/packages/amr_navigation
[1.303s] -- Up-to-date: /workspace/github/opticore-amr/ros2_ws/src/install/amr_navigation/share/amr_navigation/cmake/amr_navigationConfig.cmake
[1.307s] -- Up-to-date: /workspace/github/opticore-amr/ros2_ws/src/install/amr_navigation/share/amr_navigation/cmake/amr_navigationConfig-version.cmake
[1.311s] -- Up-to-date: /workspace/github/opticore-amr/ros2_ws/src/install/amr_navigation/share/amr_navigation/package.xml
[1.326s] Invoked command in '/workspace/github/opticore-amr/ros2_ws/src/build/amr_navigation' returned '0': CMAKE_PREFIX_PATH=${CMAKE_PREFIX_PATH}:/workspace/ros2_ws/install/amr_perception:/opt/ros/humble /usr/bin/cmake --install /workspace/github/opticore-amr/ros2_ws/src/build/amr_navigation
