[0.226s] Invoking command in '/workspace/github/opticore-amr/ros2_ws/build/amr_bringup': CMAKE_PREFIX_PATH=${CMAKE_PREFIX_PATH}:/workspace/github/opticore-amr/ros2_ws/install/amr_perception:/workspace/ros2_ws/install/amr_perception:/opt/ros/humble /usr/bin/cmake --build /workspace/github/opticore-amr/ros2_ws/build/amr_bringup -- -j112 -l112
[0.344s] Invoked command in '/workspace/github/opticore-amr/ros2_ws/build/amr_bringup' returned '0': CMAKE_PREFIX_PATH=${CMAKE_PREFIX_PATH}:/workspace/github/opticore-amr/ros2_ws/install/amr_perception:/workspace/ros2_ws/install/amr_perception:/opt/ros/humble /usr/bin/cmake --build /workspace/github/opticore-amr/ros2_ws/build/amr_bringup -- -j112 -l112
[0.377s] Invoking command in '/workspace/github/opticore-amr/ros2_ws/build/amr_bringup': CMAKE_PREFIX_PATH=${CMAKE_PREFIX_PATH}:/workspace/github/opticore-amr/ros2_ws/install/amr_perception:/workspace/ros2_ws/install/amr_perception:/opt/ros/humble /usr/bin/cmake --install /workspace/github/opticore-amr/ros2_ws/build/amr_bringup
[0.402s] -- Install configuration: ""
[0.414s] -- Execute custom install script
[0.443s] -- Up-to-date symlink: /workspace/github/opticore-amr/ros2_ws/install/amr_bringup/share/amr_bringup//urdf/amr_robot.urdf.xacro
[0.459s] -- Up-to-date symlink: /workspace/github/opticore-amr/ros2_ws/install/amr_bringup/share/amr_bringup//worlds/warehouse.world
[0.475s] -- Up-to-date symlink: /workspace/github/opticore-amr/ros2_ws/install/amr_bringup/share/amr_bringup//launch/warehouse.launch.py
[0.552s] [33mCMake Warning (dev) at ament_cmake_symlink_install/ament_cmake_symlink_install.cmake:67 (file):
[0.553s]   Policy CMP0009 is not set: FILE GLOB_RECURSE calls should not follow
[0.553s]   symlinks by default.  Run "cmake --help-policy CMP0009" for policy details.
[0.553s]   Use the cmake_policy command to set the policy and suppress this warning.
[0.554s] Call Stack (most recent call first):
[0.554s]   ament_cmake_symlink_install/ament_cmake_symlink_install.cmake:319 (ament_cmake_symlink_install_directory)
[0.554s]   cmake_install.cmake:46 (include)
[0.555s] This warning is for project developers.  Use -Wno-dev to suppress it.
[0.555s] [0m
[0.564s] -- Up-to-date symlink: /workspace/github/opticore-amr/ros2_ws/install/amr_bringup/share/amr_bringup//config/build/.built_by
[0.576s] -- Up-to-date symlink: /workspace/github/opticore-amr/ros2_ws/install/amr_bringup/share/amr_bringup//config/build/COLCON_IGNORE
[0.604s] -- Up-to-date symlink: /workspace/github/opticore-amr/ros2_ws/install/amr_bringup/share/amr_bringup//config/install/.colcon_install_layout
[0.616s] -- Up-to-date symlink: /workspace/github/opticore-amr/ros2_ws/install/amr_bringup/share/amr_bringup//config/install/COLCON_IGNORE
[0.628s] -- Up-to-date symlink: /workspace/github/opticore-amr/ros2_ws/install/amr_bringup/share/amr_bringup//config/install/_local_setup_util_ps1.py
[0.641s] -- Up-to-date symlink: /workspace/github/opticore-amr/ros2_ws/install/amr_bringup/share/amr_bringup//config/install/_local_setup_util_sh.py
[0.652s] -- Up-to-date symlink: /workspace/github/opticore-amr/ros2_ws/install/amr_bringup/share/amr_bringup//config/install/local_setup.bash
[0.663s] -- Up-to-date symlink: /workspace/github/opticore-amr/ros2_ws/install/amr_bringup/share/amr_bringup//config/install/local_setup.ps1
[0.674s] -- Up-to-date symlink: /workspace/github/opticore-amr/ros2_ws/install/amr_bringup/share/amr_bringup//config/install/local_setup.sh
[0.696s] -- Up-to-date symlink: /workspace/github/opticore-amr/ros2_ws/install/amr_bringup/share/amr_bringup//config/install/local_setup.zsh
[0.708s] -- Up-to-date symlink: /workspace/github/opticore-amr/ros2_ws/install/amr_bringup/share/amr_bringup//config/install/setup.bash
[0.717s] -- Up-to-date symlink: /workspace/github/opticore-amr/ros2_ws/install/amr_bringup/share/amr_bringup//config/install/setup.ps1
[0.729s] -- Up-to-date symlink: /workspace/github/opticore-amr/ros2_ws/install/amr_bringup/share/amr_bringup//config/install/setup.sh
[0.740s] -- Up-to-date symlink: /workspace/github/opticore-amr/ros2_ws/install/amr_bringup/share/amr_bringup//config/install/setup.zsh
[0.752s] -- Up-to-date symlink: /workspace/github/opticore-amr/ros2_ws/install/amr_bringup/share/amr_bringup//config/log/COLCON_IGNORE
[0.764s] -- Up-to-date symlink: /workspace/github/opticore-amr/ros2_ws/install/amr_bringup/share/amr_bringup//config/log/build_2026-04-29_07-39-30/events.log
[0.776s] -- Up-to-date symlink: /workspace/github/opticore-amr/ros2_ws/install/amr_bringup/share/amr_bringup//config/log/build_2026-04-29_07-39-30/logger_all.log
[0.801s] -- Up-to-date symlink: /workspace/github/opticore-amr/ros2_ws/install/amr_bringup/share/amr_bringup//config/log/build_2026-04-29_07-42-02/events.log
[0.814s] -- Up-to-date symlink: /workspace/github/opticore-amr/ros2_ws/install/amr_bringup/share/amr_bringup//config/log/build_2026-04-29_07-42-02/logger_all.log
[0.833s] -- Up-to-date symlink: /workspace/github/opticore-amr/ros2_ws/install/amr_bringup/share/amr_bringup//config/log/latest/events.log
[0.850s] -- Up-to-date symlink: /workspace/github/opticore-amr/ros2_ws/install/amr_bringup/share/amr_bringup//config/log/latest/logger_all.log
[0.875s] -- Up-to-date symlink: /workspace/github/opticore-amr/ros2_ws/install/amr_bringup/share/amr_bringup//config/log/latest_build/events.log
[0.904s] -- Up-to-date symlink: /workspace/github/opticore-amr/ros2_ws/install/amr_bringup/share/amr_bringup//config/log/latest_build/logger_all.log
[0.918s] -- Up-to-date symlink: /workspace/github/opticore-amr/ros2_ws/install/amr_bringup/lib/amr_bringup/dynamic_obstacle_mover.py
[0.935s] -- Up-to-date symlink: /workspace/github/opticore-amr/ros2_ws/install/amr_bringup/share/ament_index/resource_index/package_run_dependencies/amr_bringup
[0.947s] -- Up-to-date symlink: /workspace/github/opticore-amr/ros2_ws/install/amr_bringup/share/ament_index/resource_index/parent_prefix_path/amr_bringup
[0.957s] -- Up-to-date symlink: /workspace/github/opticore-amr/ros2_ws/install/amr_bringup/share/amr_bringup/environment/ament_prefix_path.sh
[0.968s] -- Up-to-date symlink: /workspace/github/opticore-amr/ros2_ws/install/amr_bringup/share/amr_bringup/environment/ament_prefix_path.dsv
[0.978s] -- Up-to-date symlink: /workspace/github/opticore-amr/ros2_ws/install/amr_bringup/share/amr_bringup/environment/path.sh
[1.004s] -- Up-to-date symlink: /workspace/github/opticore-amr/ros2_ws/install/amr_bringup/share/amr_bringup/environment/path.dsv
[1.016s] -- Up-to-date symlink: /workspace/github/opticore-amr/ros2_ws/install/amr_bringup/share/amr_bringup/local_setup.bash
[1.031s] -- Up-to-date symlink: /workspace/github/opticore-amr/ros2_ws/install/amr_bringup/share/amr_bringup/local_setup.sh
[1.043s] -- Up-to-date symlink: /workspace/github/opticore-amr/ros2_ws/install/amr_bringup/share/amr_bringup/local_setup.zsh
[1.056s] -- Up-to-date symlink: /workspace/github/opticore-amr/ros2_ws/install/amr_bringup/share/amr_bringup/local_setup.dsv
[1.065s] -- Symlinking: /workspace/github/opticore-amr/ros2_ws/install/amr_bringup/share/amr_bringup/package.dsv
[1.112s] -- Up-to-date symlink: /workspace/github/opticore-amr/ros2_ws/install/amr_bringup/share/ament_index/resource_index/packages/amr_bringup
[1.126s] -- Up-to-date symlink: /workspace/github/opticore-amr/ros2_ws/install/amr_bringup/share/amr_bringup/cmake/amr_bringupConfig.cmake
[1.138s] -- Up-to-date symlink: /workspace/github/opticore-amr/ros2_ws/install/amr_bringup/share/amr_bringup/cmake/amr_bringupConfig-version.cmake
[1.150s] -- Up-to-date symlink: /workspace/github/opticore-amr/ros2_ws/install/amr_bringup/share/amr_bringup/package.xml
[1.156s] Invoked command in '/workspace/github/opticore-amr/ros2_ws/build/amr_bringup' returned '0': CMAKE_PREFIX_PATH=${CMAKE_PREFIX_PATH}:/workspace/github/opticore-amr/ros2_ws/install/amr_perception:/workspace/ros2_ws/install/amr_perception:/opt/ros/humble /usr/bin/cmake --install /workspace/github/opticore-amr/ros2_ws/build/amr_bringup
