[0.752s] Invoking command in '/workspace/github/opticore-amr/ros2_ws/build/amr_fleet': CMAKE_PREFIX_PATH=${CMAKE_PREFIX_PATH}:/workspace/ros2_ws/install/amr_perception:/opt/ros/humble /usr/bin/cmake /workspace/github/opticore-amr/ros2_ws/src/amr_fleet -DCMAKE_INSTALL_PREFIX=/workspace/github/opticore-amr/ros2_ws/install/amr_fleet
[1.605s] -- The C compiler identification is GNU 11.4.0
[1.697s] -- The CXX compiler identification is GNU 11.4.0
[1.759s] -- Detecting C compiler ABI info
[2.732s] -- Detecting C compiler ABI info - done
[2.772s] -- Check for working C compiler: /usr/bin/cc - skipped
[2.772s] -- Detecting C compile features
[2.773s] -- Detecting C compile features - done
[2.860s] -- Detecting CXX compiler ABI info
[4.029s] -- Detecting CXX compiler ABI info - done
[4.080s] -- Check for working CXX compiler: /usr/bin/c++ - skipped
[4.081s] -- Detecting CXX compile features
[4.082s] -- Detecting CXX compile features - done
[4.393s] -- Found ament_cmake: 1.3.14 (/opt/ros/humble/share/ament_cmake/cmake)
[6.103s] -- Found Python3: /usr/bin/python3 (found version "3.10.12") found components: Interpreter 
[9.008s] -- Found rclcpp: 16.0.19 (/opt/ros/humble/share/rclcpp/cmake)
[11.247s] -- Found rosidl_generator_c: 3.1.8 (/opt/ros/humble/share/rosidl_generator_c/cmake)
[11.666s] -- Found rosidl_adapter: 3.1.8 (/opt/ros/humble/share/rosidl_adapter/cmake)
[12.062s] -- Found rosidl_generator_cpp: 3.1.8 (/opt/ros/humble/share/rosidl_generator_cpp/cmake)
[12.492s] -- Using all available rosidl_typesupport_c: rosidl_typesupport_fastrtps_c;rosidl_typesupport_introspection_c
[12.953s] -- Using all available rosidl_typesupport_cpp: rosidl_typesupport_fastrtps_cpp;rosidl_typesupport_introspection_cpp
[14.861s] -- Found rmw_implementation_cmake: 6.1.2 (/opt/ros/humble/share/rmw_implementation_cmake/cmake)
[15.075s] -- Found rmw_fastrtps_cpp: 6.2.10 (/opt/ros/humble/share/rmw_fastrtps_cpp/cmake)
[16.680s] -- Found OpenSSL: /usr/lib/x86_64-linux-gnu/libcrypto.so (found version "3.0.2")  
[17.045s] -- Found FastRTPS: /opt/ros/humble/include  
[17.594s] -- Using RMW implementation 'rmw_fastrtps_cpp' as default
[18.160s] -- Looking for pthread.h
[19.167s] -- Looking for pthread.h - found
[19.188s] -- Performing Test CMAKE_HAVE_LIBC_PTHREAD
[20.364s] -- Performing Test CMAKE_HAVE_LIBC_PTHREAD - Success
[20.374s] -- Found Threads: TRUE  
[21.496s] -- Found geometry_msgs: 4.9.1 (/opt/ros/humble/share/geometry_msgs/cmake)
[21.740s] -- Found nav_msgs: 4.9.1 (/opt/ros/humble/share/nav_msgs/cmake)
[22.030s] -- Found ament_lint_auto: 0.12.15 (/opt/ros/humble/share/ament_lint_auto/cmake)
[24.430s] -- Added test 'lint_cmake' to check CMake code style
[24.743s] -- Added test 'xmllint' to check XML markup files
[25.002s] -- Configuring done
[25.565s] -- Generating done
[25.879s] -- Build files have been written to: /workspace/github/opticore-amr/ros2_ws/build/amr_fleet
[25.894s] Invoked command in '/workspace/github/opticore-amr/ros2_ws/build/amr_fleet' returned '0': CMAKE_PREFIX_PATH=${CMAKE_PREFIX_PATH}:/workspace/ros2_ws/install/amr_perception:/opt/ros/humble /usr/bin/cmake /workspace/github/opticore-amr/ros2_ws/src/amr_fleet -DCMAKE_INSTALL_PREFIX=/workspace/github/opticore-amr/ros2_ws/install/amr_fleet
[25.930s] Invoking command in '/workspace/github/opticore-amr/ros2_ws/build/amr_fleet': CMAKE_PREFIX_PATH=${CMAKE_PREFIX_PATH}:/workspace/ros2_ws/install/amr_perception:/opt/ros/humble /usr/bin/cmake --build /workspace/github/opticore-amr/ros2_ws/build/amr_fleet -- -j128 -l128
[26.132s] Invoked command in '/workspace/github/opticore-amr/ros2_ws/build/amr_fleet' returned '0': CMAKE_PREFIX_PATH=${CMAKE_PREFIX_PATH}:/workspace/ros2_ws/install/amr_perception:/opt/ros/humble /usr/bin/cmake --build /workspace/github/opticore-amr/ros2_ws/build/amr_fleet -- -j128 -l128
[26.156s] Invoking command in '/workspace/github/opticore-amr/ros2_ws/build/amr_fleet': CMAKE_PREFIX_PATH=${CMAKE_PREFIX_PATH}:/workspace/ros2_ws/install/amr_perception:/opt/ros/humble /usr/bin/cmake --install /workspace/github/opticore-amr/ros2_ws/build/amr_fleet
[26.185s] -- Install configuration: ""
[26.205s] -- Installing: /workspace/github/opticore-amr/ros2_ws/install/amr_fleet/share/ament_index/resource_index/package_run_dependencies/amr_fleet
[26.277s] -- Installing: /workspace/github/opticore-amr/ros2_ws/install/amr_fleet/share/ament_index/resource_index/parent_prefix_path/amr_fleet
[26.335s] -- Installing: /workspace/github/opticore-amr/ros2_ws/install/amr_fleet/share/amr_fleet/environment/ament_prefix_path.sh
[26.380s] -- Installing: /workspace/github/opticore-amr/ros2_ws/install/amr_fleet/share/amr_fleet/environment/ament_prefix_path.dsv
[26.442s] -- Installing: /workspace/github/opticore-amr/ros2_ws/install/amr_fleet/share/amr_fleet/environment/path.sh
[26.488s] -- Installing: /workspace/github/opticore-amr/ros2_ws/install/amr_fleet/share/amr_fleet/environment/path.dsv
[26.545s] -- Installing: /workspace/github/opticore-amr/ros2_ws/install/amr_fleet/share/amr_fleet/local_setup.bash
[26.589s] -- Installing: /workspace/github/opticore-amr/ros2_ws/install/amr_fleet/share/amr_fleet/local_setup.sh
[26.645s] -- Installing: /workspace/github/opticore-amr/ros2_ws/install/amr_fleet/share/amr_fleet/local_setup.zsh
[26.687s] -- Installing: /workspace/github/opticore-amr/ros2_ws/install/amr_fleet/share/amr_fleet/local_setup.dsv
[26.743s] -- Installing: /workspace/github/opticore-amr/ros2_ws/install/amr_fleet/share/amr_fleet/package.dsv
[26.799s] -- Installing: /workspace/github/opticore-amr/ros2_ws/install/amr_fleet/share/ament_index/resource_index/packages/amr_fleet
[26.863s] -- Installing: /workspace/github/opticore-amr/ros2_ws/install/amr_fleet/share/amr_fleet/cmake/amr_fleetConfig.cmake
[26.941s] -- Installing: /workspace/github/opticore-amr/ros2_ws/install/amr_fleet/share/amr_fleet/cmake/amr_fleetConfig-version.cmake
[26.984s] -- Installing: /workspace/github/opticore-amr/ros2_ws/install/amr_fleet/share/amr_fleet/package.xml
[27.051s] Invoked command in '/workspace/github/opticore-amr/ros2_ws/build/amr_fleet' returned '0': CMAKE_PREFIX_PATH=${CMAKE_PREFIX_PATH}:/workspace/ros2_ws/install/amr_perception:/opt/ros/humble /usr/bin/cmake --install /workspace/github/opticore-amr/ros2_ws/build/amr_fleet
