[0.097s] DEBUG:colcon:Command line arguments: ['/usr/bin/colcon', 'build']
[0.098s] DEBUG:colcon:Parsed command line arguments: Namespace(log_base=None, log_level=None, verb_name='build', build_base='build', install_base='install', merge_install=False, symlink_install=False, test_result_base=None, continue_on_error=False, executor='parallel', parallel_workers=10, event_handlers=None, ignore_user_meta=False, metas=['./colcon.meta'], base_paths=['.'], packages_ignore=None, packages_ignore_regex=None, paths=None, packages_up_to=None, packages_up_to_regex=None, packages_above=None, packages_above_and_dependencies=None, packages_above_depth=None, packages_select_by_dep=None, packages_skip_by_dep=None, packages_skip_up_to=None, packages_select_build_failed=False, packages_skip_build_finished=False, packages_select_test_failures=False, packages_skip_test_passed=False, packages_select=None, packages_skip=None, packages_select_regex=None, packages_skip_regex=None, packages_start=None, packages_end=None, cmake_args=None, cmake_target=None, cmake_target_skip_unavailable=False, cmake_clean_cache=False, cmake_clean_first=False, cmake_force_configure=False, ament_cmake_args=None, catkin_cmake_args=None, catkin_skip_building_tests=False, mixin_files=None, mixin=None, verb_parser=<colcon_mixin.mixin.mixin_argument.MixinArgumentDecorator object at 0x7ffffe1f7670>, verb_extension=<colcon_core.verb.build.BuildVerb object at 0x7ffffe3b0610>, main=<bound method BuildVerb.main of <colcon_core.verb.build.BuildVerb object at 0x7ffffe3b0610>>, mixin_verb=('build',))
[0.177s] Level 1:colcon.colcon_core.package_discovery:discover_packages(colcon_meta) check parameters
[0.178s] INFO:colcon.colcon_metadata.package_discovery.colcon_meta:Using configuration from '/root/.colcon/metadata/default/Gazebo.meta'
[0.178s] INFO:colcon.colcon_metadata.package_discovery.colcon_meta:Using configuration from '/root/.colcon/metadata/default/fastdds.meta'
[0.178s] INFO:colcon.colcon_metadata.package_discovery.colcon_meta:Using configuration from '/root/.colcon/metadata/default/fastrtps.meta'
[0.179s] Level 1:colcon.colcon_core.package_discovery:discover_packages(recursive) check parameters
[0.179s] Level 1:colcon.colcon_core.package_discovery:discover_packages(ignore) check parameters
[0.179s] Level 1:colcon.colcon_core.package_discovery:discover_packages(path) check parameters
[0.179s] Level 1:colcon.colcon_core.package_discovery:discover_packages(colcon_meta) discover
[0.179s] Level 1:colcon.colcon_core.package_discovery:discover_packages(recursive) discover
[0.179s] INFO:colcon.colcon_core.package_discovery:Crawling recursively for packages in '/ros2_ws/opticore-amr/opticore-amr/ros2_ws'
[0.179s] Level 1:colcon.colcon_core.package_identification:_identify(.) by extensions ['ignore', 'ignore_ament_install']
[0.179s] Level 1:colcon.colcon_core.package_identification:_identify(.) by extension 'ignore'
[0.180s] Level 1:colcon.colcon_core.package_identification:_identify(.) by extension 'ignore_ament_install'
[0.180s] Level 1:colcon.colcon_core.package_identification:_identify(.) by extensions ['colcon_pkg']
[0.180s] Level 1:colcon.colcon_core.package_identification:_identify(.) by extension 'colcon_pkg'
[0.180s] Level 1:colcon.colcon_core.package_identification:_identify(.) by extensions ['colcon_meta']
[0.180s] Level 1:colcon.colcon_core.package_identification:_identify(.) by extension 'colcon_meta'
[0.180s] Level 1:colcon.colcon_core.package_identification:_identify(.) by extensions ['ros']
[0.180s] Level 1:colcon.colcon_core.package_identification:_identify(.) by extension 'ros'
[0.187s] Level 1:colcon.colcon_core.package_identification:_identify(.) by extensions ['cmake', 'python']
[0.188s] Level 1:colcon.colcon_core.package_identification:_identify(.) by extension 'cmake'
[0.188s] Level 1:colcon.colcon_core.package_identification:_identify(.) by extension 'python'
[0.188s] Level 1:colcon.colcon_core.package_identification:_identify(.) by extensions ['python_setup_py']
[0.188s] Level 1:colcon.colcon_core.package_identification:_identify(.) by extension 'python_setup_py'
[0.188s] Level 1:colcon.colcon_core.package_identification:_identify(build) by extensions ['ignore', 'ignore_ament_install']
[0.188s] Level 1:colcon.colcon_core.package_identification:_identify(build) by extension 'ignore'
[0.188s] Level 1:colcon.colcon_core.package_identification:_identify(build) ignored
[0.189s] Level 1:colcon.colcon_core.package_identification:_identify(install) by extensions ['ignore', 'ignore_ament_install']
[0.189s] Level 1:colcon.colcon_core.package_identification:_identify(install) by extension 'ignore'
[0.189s] Level 1:colcon.colcon_core.package_identification:_identify(install) ignored
[0.189s] Level 1:colcon.colcon_core.package_identification:_identify(log) by extensions ['ignore', 'ignore_ament_install']
[0.190s] Level 1:colcon.colcon_core.package_identification:_identify(log) by extension 'ignore'
[0.190s] Level 1:colcon.colcon_core.package_identification:_identify(log) ignored
[0.190s] Level 1:colcon.colcon_core.package_identification:_identify(src) by extensions ['ignore', 'ignore_ament_install']
[0.190s] Level 1:colcon.colcon_core.package_identification:_identify(src) by extension 'ignore'
[0.190s] Level 1:colcon.colcon_core.package_identification:_identify(src) by extension 'ignore_ament_install'
[0.190s] Level 1:colcon.colcon_core.package_identification:_identify(src) by extensions ['colcon_pkg']
[0.190s] Level 1:colcon.colcon_core.package_identification:_identify(src) by extension 'colcon_pkg'
[0.190s] Level 1:colcon.colcon_core.package_identification:_identify(src) by extensions ['colcon_meta']
[0.190s] Level 1:colcon.colcon_core.package_identification:_identify(src) by extension 'colcon_meta'
[0.191s] Level 1:colcon.colcon_core.package_identification:_identify(src) by extensions ['ros']
[0.191s] Level 1:colcon.colcon_core.package_identification:_identify(src) by extension 'ros'
[0.191s] Level 1:colcon.colcon_core.package_identification:_identify(src) by extensions ['cmake', 'python']
[0.191s] Level 1:colcon.colcon_core.package_identification:_identify(src) by extension 'cmake'
[0.191s] Level 1:colcon.colcon_core.package_identification:_identify(src) by extension 'python'
[0.191s] Level 1:colcon.colcon_core.package_identification:_identify(src) by extensions ['python_setup_py']
[0.191s] Level 1:colcon.colcon_core.package_identification:_identify(src) by extension 'python_setup_py'
[0.191s] Level 1:colcon.colcon_core.package_identification:_identify(src/amr_bringup) by extensions ['ignore', 'ignore_ament_install']
[0.192s] Level 1:colcon.colcon_core.package_identification:_identify(src/amr_bringup) by extension 'ignore'
[0.192s] Level 1:colcon.colcon_core.package_identification:_identify(src/amr_bringup) by extension 'ignore_ament_install'
[0.192s] Level 1:colcon.colcon_core.package_identification:_identify(src/amr_bringup) by extensions ['colcon_pkg']
[0.192s] Level 1:colcon.colcon_core.package_identification:_identify(src/amr_bringup) by extension 'colcon_pkg'
[0.192s] Level 1:colcon.colcon_core.package_identification:_identify(src/amr_bringup) by extensions ['colcon_meta']
[0.192s] Level 1:colcon.colcon_core.package_identification:_identify(src/amr_bringup) by extension 'colcon_meta'
[0.192s] Level 1:colcon.colcon_core.package_identification:_identify(src/amr_bringup) by extensions ['ros']
[0.192s] Level 1:colcon.colcon_core.package_identification:_identify(src/amr_bringup) by extension 'ros'
[0.198s] DEBUG:colcon.colcon_core.package_identification:Package 'src/amr_bringup' with type 'ros.ament_cmake' and name 'amr_bringup'
[0.198s] Level 1:colcon.colcon_core.package_identification:_identify(src/amr_description) by extensions ['ignore', 'ignore_ament_install']
[0.198s] Level 1:colcon.colcon_core.package_identification:_identify(src/amr_description) by extension 'ignore'
[0.198s] Level 1:colcon.colcon_core.package_identification:_identify(src/amr_description) by extension 'ignore_ament_install'
[0.198s] Level 1:colcon.colcon_core.package_identification:_identify(src/amr_description) by extensions ['colcon_pkg']
[0.198s] Level 1:colcon.colcon_core.package_identification:_identify(src/amr_description) by extension 'colcon_pkg'
[0.198s] Level 1:colcon.colcon_core.package_identification:_identify(src/amr_description) by extensions ['colcon_meta']
[0.198s] Level 1:colcon.colcon_core.package_identification:_identify(src/amr_description) by extension 'colcon_meta'
[0.198s] Level 1:colcon.colcon_core.package_identification:_identify(src/amr_description) by extensions ['ros']
[0.198s] Level 1:colcon.colcon_core.package_identification:_identify(src/amr_description) by extension 'ros'
[0.199s] Level 1:colcon.colcon_core.package_identification:_identify(src/amr_description) by extensions ['cmake', 'python']
[0.199s] Level 1:colcon.colcon_core.package_identification:_identify(src/amr_description) by extension 'cmake'
[0.199s] Level 1:colcon.colcon_core.package_identification:_identify(src/amr_description) by extension 'python'
[0.199s] Level 1:colcon.colcon_core.package_identification:_identify(src/amr_description) by extensions ['python_setup_py']
[0.199s] Level 1:colcon.colcon_core.package_identification:_identify(src/amr_description) by extension 'python_setup_py'
[0.199s] Level 1:colcon.colcon_core.package_identification:_identify(src/amr_fleet) by extensions ['ignore', 'ignore_ament_install']
[0.199s] Level 1:colcon.colcon_core.package_identification:_identify(src/amr_fleet) by extension 'ignore'
[0.199s] Level 1:colcon.colcon_core.package_identification:_identify(src/amr_fleet) by extension 'ignore_ament_install'
[0.199s] Level 1:colcon.colcon_core.package_identification:_identify(src/amr_fleet) by extensions ['colcon_pkg']
[0.199s] Level 1:colcon.colcon_core.package_identification:_identify(src/amr_fleet) by extension 'colcon_pkg'
[0.199s] Level 1:colcon.colcon_core.package_identification:_identify(src/amr_fleet) by extensions ['colcon_meta']
[0.199s] Level 1:colcon.colcon_core.package_identification:_identify(src/amr_fleet) by extension 'colcon_meta'
[0.199s] Level 1:colcon.colcon_core.package_identification:_identify(src/amr_fleet) by extensions ['ros']
[0.199s] Level 1:colcon.colcon_core.package_identification:_identify(src/amr_fleet) by extension 'ros'
[0.200s] DEBUG:colcon.colcon_core.package_identification:Package 'src/amr_fleet' with type 'ros.ament_cmake' and name 'amr_fleet'
[0.200s] Level 1:colcon.colcon_core.package_identification:_identify(src/amr_gazebo) by extensions ['ignore', 'ignore_ament_install']
[0.200s] Level 1:colcon.colcon_core.package_identification:_identify(src/amr_gazebo) by extension 'ignore'
[0.201s] Level 1:colcon.colcon_core.package_identification:_identify(src/amr_gazebo) by extension 'ignore_ament_install'
[0.201s] Level 1:colcon.colcon_core.package_identification:_identify(src/amr_gazebo) by extensions ['colcon_pkg']
[0.201s] Level 1:colcon.colcon_core.package_identification:_identify(src/amr_gazebo) by extension 'colcon_pkg'
[0.201s] Level 1:colcon.colcon_core.package_identification:_identify(src/amr_gazebo) by extensions ['colcon_meta']
[0.201s] Level 1:colcon.colcon_core.package_identification:_identify(src/amr_gazebo) by extension 'colcon_meta'
[0.201s] Level 1:colcon.colcon_core.package_identification:_identify(src/amr_gazebo) by extensions ['ros']
[0.201s] Level 1:colcon.colcon_core.package_identification:_identify(src/amr_gazebo) by extension 'ros'
[0.201s] Level 1:colcon.colcon_core.package_identification:_identify(src/amr_gazebo) by extensions ['cmake', 'python']
[0.201s] Level 1:colcon.colcon_core.package_identification:_identify(src/amr_gazebo) by extension 'cmake'
[0.201s] Level 1:colcon.colcon_core.package_identification:_identify(src/amr_gazebo) by extension 'python'
[0.201s] Level 1:colcon.colcon_core.package_identification:_identify(src/amr_gazebo) by extensions ['python_setup_py']
[0.201s] Level 1:colcon.colcon_core.package_identification:_identify(src/amr_gazebo) by extension 'python_setup_py'
[0.201s] Level 1:colcon.colcon_core.package_identification:_identify(src/amr_msgs) by extensions ['ignore', 'ignore_ament_install']
[0.201s] Level 1:colcon.colcon_core.package_identification:_identify(src/amr_msgs) by extension 'ignore'
[0.201s] Level 1:colcon.colcon_core.package_identification:_identify(src/amr_msgs) by extension 'ignore_ament_install'
[0.202s] Level 1:colcon.colcon_core.package_identification:_identify(src/amr_msgs) by extensions ['colcon_pkg']
[0.202s] Level 1:colcon.colcon_core.package_identification:_identify(src/amr_msgs) by extension 'colcon_pkg'
[0.202s] Level 1:colcon.colcon_core.package_identification:_identify(src/amr_msgs) by extensions ['colcon_meta']
[0.202s] Level 1:colcon.colcon_core.package_identification:_identify(src/amr_msgs) by extension 'colcon_meta'
[0.202s] Level 1:colcon.colcon_core.package_identification:_identify(src/amr_msgs) by extensions ['ros']
[0.202s] Level 1:colcon.colcon_core.package_identification:_identify(src/amr_msgs) by extension 'ros'
[0.202s] Level 1:colcon.colcon_core.package_identification:_identify(src/amr_msgs) by extensions ['cmake', 'python']
[0.202s] Level 1:colcon.colcon_core.package_identification:_identify(src/amr_msgs) by extension 'cmake'
[0.202s] Level 1:colcon.colcon_core.package_identification:_identify(src/amr_msgs) by extension 'python'
[0.202s] Level 1:colcon.colcon_core.package_identification:_identify(src/amr_msgs) by extensions ['python_setup_py']
[0.202s] Level 1:colcon.colcon_core.package_identification:_identify(src/amr_msgs) by extension 'python_setup_py'
[0.202s] Level 1:colcon.colcon_core.package_identification:_identify(src/amr_navigation) by extensions ['ignore', 'ignore_ament_install']
[0.202s] Level 1:colcon.colcon_core.package_identification:_identify(src/amr_navigation) by extension 'ignore'
[0.202s] Level 1:colcon.colcon_core.package_identification:_identify(src/amr_navigation) by extension 'ignore_ament_install'
[0.203s] Level 1:colcon.colcon_core.package_identification:_identify(src/amr_navigation) by extensions ['colcon_pkg']
[0.203s] Level 1:colcon.colcon_core.package_identification:_identify(src/amr_navigation) by extension 'colcon_pkg'
[0.203s] Level 1:colcon.colcon_core.package_identification:_identify(src/amr_navigation) by extensions ['colcon_meta']
[0.203s] Level 1:colcon.colcon_core.package_identification:_identify(src/amr_navigation) by extension 'colcon_meta'
[0.203s] Level 1:colcon.colcon_core.package_identification:_identify(src/amr_navigation) by extensions ['ros']
[0.203s] Level 1:colcon.colcon_core.package_identification:_identify(src/amr_navigation) by extension 'ros'
[0.204s] DEBUG:colcon.colcon_core.package_identification:Package 'src/amr_navigation' with type 'ros.ament_cmake' and name 'amr_navigation'
[0.204s] Level 1:colcon.colcon_core.package_identification:_identify(src/amr_perception) by extensions ['ignore', 'ignore_ament_install']
[0.204s] Level 1:colcon.colcon_core.package_identification:_identify(src/amr_perception) by extension 'ignore'
[0.204s] Level 1:colcon.colcon_core.package_identification:_identify(src/amr_perception) by extension 'ignore_ament_install'
[0.204s] Level 1:colcon.colcon_core.package_identification:_identify(src/amr_perception) by extensions ['colcon_pkg']
[0.204s] Level 1:colcon.colcon_core.package_identification:_identify(src/amr_perception) by extension 'colcon_pkg'
[0.204s] Level 1:colcon.colcon_core.package_identification:_identify(src/amr_perception) by extensions ['colcon_meta']
[0.204s] Level 1:colcon.colcon_core.package_identification:_identify(src/amr_perception) by extension 'colcon_meta'
[0.204s] Level 1:colcon.colcon_core.package_identification:_identify(src/amr_perception) by extensions ['ros']
[0.204s] Level 1:colcon.colcon_core.package_identification:_identify(src/amr_perception) by extension 'ros'
[0.205s] DEBUG:colcon.colcon_core.package_identification:Package 'src/amr_perception' with type 'ros.ament_python' and name 'amr_perception'
[0.205s] Level 1:colcon.colcon_core.package_identification:_identify(src/amr_slam) by extensions ['ignore', 'ignore_ament_install']
[0.205s] Level 1:colcon.colcon_core.package_identification:_identify(src/amr_slam) by extension 'ignore'
[0.205s] Level 1:colcon.colcon_core.package_identification:_identify(src/amr_slam) by extension 'ignore_ament_install'
[0.205s] Level 1:colcon.colcon_core.package_identification:_identify(src/amr_slam) by extensions ['colcon_pkg']
[0.205s] Level 1:colcon.colcon_core.package_identification:_identify(src/amr_slam) by extension 'colcon_pkg'
[0.205s] Level 1:colcon.colcon_core.package_identification:_identify(src/amr_slam) by extensions ['colcon_meta']
[0.205s] Level 1:colcon.colcon_core.package_identification:_identify(src/amr_slam) by extension 'colcon_meta'
[0.205s] Level 1:colcon.colcon_core.package_identification:_identify(src/amr_slam) by extensions ['ros']
[0.205s] Level 1:colcon.colcon_core.package_identification:_identify(src/amr_slam) by extension 'ros'
[0.206s] DEBUG:colcon.colcon_core.package_identification:Package 'src/amr_slam' with type 'ros.ament_cmake' and name 'amr_slam'
[0.206s] Level 1:colcon.colcon_core.package_identification:_identify(src/install) by extensions ['ignore', 'ignore_ament_install']
[0.206s] Level 1:colcon.colcon_core.package_identification:_identify(src/install) by extension 'ignore'
[0.206s] Level 1:colcon.colcon_core.package_identification:_identify(src/install) ignored
[0.206s] Level 1:colcon.colcon_core.package_identification:_identify(src/log) by extensions ['ignore', 'ignore_ament_install']
[0.206s] Level 1:colcon.colcon_core.package_identification:_identify(src/log) by extension 'ignore'
[0.207s] Level 1:colcon.colcon_core.package_identification:_identify(src/log) ignored
[0.207s] Level 1:colcon.colcon_core.package_discovery:discover_packages(recursive) using defaults
[0.207s] Level 1:colcon.colcon_core.package_discovery:discover_packages(ignore) discover
[0.207s] Level 1:colcon.colcon_core.package_discovery:discover_packages(ignore) using defaults
[0.207s] Level 1:colcon.colcon_core.package_discovery:discover_packages(path) discover
[0.207s] Level 1:colcon.colcon_core.package_discovery:discover_packages(path) using defaults
[0.220s] Level 5:colcon.colcon_core.verb:set package 'amr_bringup' build argument 'cmake_args' from command line to 'None'
[0.220s] Level 5:colcon.colcon_core.verb:set package 'amr_bringup' build argument 'cmake_target' from command line to 'None'
[0.220s] Level 5:colcon.colcon_core.verb:set package 'amr_bringup' build argument 'cmake_target_skip_unavailable' from command line to 'False'
[0.220s] Level 5:colcon.colcon_core.verb:set package 'amr_bringup' build argument 'cmake_clean_cache' from command line to 'False'
[0.220s] Level 5:colcon.colcon_core.verb:set package 'amr_bringup' build argument 'cmake_clean_first' from command line to 'False'
[0.220s] Level 5:colcon.colcon_core.verb:set package 'amr_bringup' build argument 'cmake_force_configure' from command line to 'False'
[0.220s] Level 5:colcon.colcon_core.verb:set package 'amr_bringup' build argument 'ament_cmake_args' from command line to 'None'
[0.220s] Level 5:colcon.colcon_core.verb:set package 'amr_bringup' build argument 'catkin_cmake_args' from command line to 'None'
[0.220s] Level 5:colcon.colcon_core.verb:set package 'amr_bringup' build argument 'catkin_skip_building_tests' from command line to 'False'
[0.220s] DEBUG:colcon.colcon_core.verb:Building package 'amr_bringup' with the following arguments: {'ament_cmake_args': None, 'build_base': '/ros2_ws/opticore-amr/opticore-amr/ros2_ws/build/amr_bringup', 'catkin_cmake_args': None, 'catkin_skip_building_tests': False, 'cmake_args': None, 'cmake_clean_cache': False, 'cmake_clean_first': False, 'cmake_force_configure': False, 'cmake_target': None, 'cmake_target_skip_unavailable': False, 'install_base': '/ros2_ws/opticore-amr/opticore-amr/ros2_ws/install/amr_bringup', 'merge_install': False, 'path': '/ros2_ws/opticore-amr/opticore-amr/ros2_ws/src/amr_bringup', 'symlink_install': False, 'test_result_base': None}
[0.220s] Level 5:colcon.colcon_core.verb:set package 'amr_fleet' build argument 'cmake_args' from command line to 'None'
[0.220s] Level 5:colcon.colcon_core.verb:set package 'amr_fleet' build argument 'cmake_target' from command line to 'None'
[0.220s] Level 5:colcon.colcon_core.verb:set package 'amr_fleet' build argument 'cmake_target_skip_unavailable' from command line to 'False'
[0.220s] Level 5:colcon.colcon_core.verb:set package 'amr_fleet' build argument 'cmake_clean_cache' from command line to 'False'
[0.220s] Level 5:colcon.colcon_core.verb:set package 'amr_fleet' build argument 'cmake_clean_first' from command line to 'False'
[0.220s] Level 5:colcon.colcon_core.verb:set package 'amr_fleet' build argument 'cmake_force_configure' from command line to 'False'
[0.220s] Level 5:colcon.colcon_core.verb:set package 'amr_fleet' build argument 'ament_cmake_args' from command line to 'None'
[0.220s] Level 5:colcon.colcon_core.verb:set package 'amr_fleet' build argument 'catkin_cmake_args' from command line to 'None'
[0.220s] Level 5:colcon.colcon_core.verb:set package 'amr_fleet' build argument 'catkin_skip_building_tests' from command line to 'False'
[0.220s] DEBUG:colcon.colcon_core.verb:Building package 'amr_fleet' with the following arguments: {'ament_cmake_args': None, 'build_base': '/ros2_ws/opticore-amr/opticore-amr/ros2_ws/build/amr_fleet', 'catkin_cmake_args': None, 'catkin_skip_building_tests': False, 'cmake_args': None, 'cmake_clean_cache': False, 'cmake_clean_first': False, 'cmake_force_configure': False, 'cmake_target': None, 'cmake_target_skip_unavailable': False, 'install_base': '/ros2_ws/opticore-amr/opticore-amr/ros2_ws/install/amr_fleet', 'merge_install': False, 'path': '/ros2_ws/opticore-amr/opticore-amr/ros2_ws/src/amr_fleet', 'symlink_install': False, 'test_result_base': None}
[0.221s] Level 5:colcon.colcon_core.verb:set package 'amr_navigation' build argument 'cmake_args' from command line to 'None'
[0.221s] Level 5:colcon.colcon_core.verb:set package 'amr_navigation' build argument 'cmake_target' from command line to 'None'
[0.221s] Level 5:colcon.colcon_core.verb:set package 'amr_navigation' build argument 'cmake_target_skip_unavailable' from command line to 'False'
[0.221s] Level 5:colcon.colcon_core.verb:set package 'amr_navigation' build argument 'cmake_clean_cache' from command line to 'False'
[0.221s] Level 5:colcon.colcon_core.verb:set package 'amr_navigation' build argument 'cmake_clean_first' from command line to 'False'
[0.221s] Level 5:colcon.colcon_core.verb:set package 'amr_navigation' build argument 'cmake_force_configure' from command line to 'False'
[0.221s] Level 5:colcon.colcon_core.verb:set package 'amr_navigation' build argument 'ament_cmake_args' from command line to 'None'
[0.221s] Level 5:colcon.colcon_core.verb:set package 'amr_navigation' build argument 'catkin_cmake_args' from command line to 'None'
[0.221s] Level 5:colcon.colcon_core.verb:set package 'amr_navigation' build argument 'catkin_skip_building_tests' from command line to 'False'
[0.221s] DEBUG:colcon.colcon_core.verb:Building package 'amr_navigation' with the following arguments: {'ament_cmake_args': None, 'build_base': '/ros2_ws/opticore-amr/opticore-amr/ros2_ws/build/amr_navigation', 'catkin_cmake_args': None, 'catkin_skip_building_tests': False, 'cmake_args': None, 'cmake_clean_cache': False, 'cmake_clean_first': False, 'cmake_force_configure': False, 'cmake_target': None, 'cmake_target_skip_unavailable': False, 'install_base': '/ros2_ws/opticore-amr/opticore-amr/ros2_ws/install/amr_navigation', 'merge_install': False, 'path': '/ros2_ws/opticore-amr/opticore-amr/ros2_ws/src/amr_navigation', 'symlink_install': False, 'test_result_base': None}
[0.221s] Level 5:colcon.colcon_core.verb:set package 'amr_perception' build argument 'cmake_args' from command line to 'None'
[0.221s] Level 5:colcon.colcon_core.verb:set package 'amr_perception' build argument 'cmake_target' from command line to 'None'
[0.221s] Level 5:colcon.colcon_core.verb:set package 'amr_perception' build argument 'cmake_target_skip_unavailable' from command line to 'False'
[0.221s] Level 5:colcon.colcon_core.verb:set package 'amr_perception' build argument 'cmake_clean_cache' from command line to 'False'
[0.221s] Level 5:colcon.colcon_core.verb:set package 'amr_perception' build argument 'cmake_clean_first' from command line to 'False'
[0.221s] Level 5:colcon.colcon_core.verb:set package 'amr_perception' build argument 'cmake_force_configure' from command line to 'False'
[0.221s] Level 5:colcon.colcon_core.verb:set package 'amr_perception' build argument 'ament_cmake_args' from command line to 'None'
[0.221s] Level 5:colcon.colcon_core.verb:set package 'amr_perception' build argument 'catkin_cmake_args' from command line to 'None'
[0.221s] Level 5:colcon.colcon_core.verb:set package 'amr_perception' build argument 'catkin_skip_building_tests' from command line to 'False'
[0.221s] DEBUG:colcon.colcon_core.verb:Building package 'amr_perception' with the following arguments: {'ament_cmake_args': None, 'build_base': '/ros2_ws/opticore-amr/opticore-amr/ros2_ws/build/amr_perception', 'catkin_cmake_args': None, 'catkin_skip_building_tests': False, 'cmake_args': None, 'cmake_clean_cache': False, 'cmake_clean_first': False, 'cmake_force_configure': False, 'cmake_target': None, 'cmake_target_skip_unavailable': False, 'install_base': '/ros2_ws/opticore-amr/opticore-amr/ros2_ws/install/amr_perception', 'merge_install': False, 'path': '/ros2_ws/opticore-amr/opticore-amr/ros2_ws/src/amr_perception', 'symlink_install': False, 'test_result_base': None}
[0.222s] Level 5:colcon.colcon_core.verb:set package 'amr_slam' build argument 'cmake_args' from command line to 'None'
[0.222s] Level 5:colcon.colcon_core.verb:set package 'amr_slam' build argument 'cmake_target' from command line to 'None'
[0.222s] Level 5:colcon.colcon_core.verb:set package 'amr_slam' build argument 'cmake_target_skip_unavailable' from command line to 'False'
[0.222s] Level 5:colcon.colcon_core.verb:set package 'amr_slam' build argument 'cmake_clean_cache' from command line to 'False'
[0.222s] Level 5:colcon.colcon_core.verb:set package 'amr_slam' build argument 'cmake_clean_first' from command line to 'False'
[0.222s] Level 5:colcon.colcon_core.verb:set package 'amr_slam' build argument 'cmake_force_configure' from command line to 'False'
[0.222s] Level 5:colcon.colcon_core.verb:set package 'amr_slam' build argument 'ament_cmake_args' from command line to 'None'
[0.222s] Level 5:colcon.colcon_core.verb:set package 'amr_slam' build argument 'catkin_cmake_args' from command line to 'None'
[0.222s] Level 5:colcon.colcon_core.verb:set package 'amr_slam' build argument 'catkin_skip_building_tests' from command line to 'False'
[0.222s] DEBUG:colcon.colcon_core.verb:Building package 'amr_slam' with the following arguments: {'ament_cmake_args': None, 'build_base': '/ros2_ws/opticore-amr/opticore-amr/ros2_ws/build/amr_slam', 'catkin_cmake_args': None, 'catkin_skip_building_tests': False, 'cmake_args': None, 'cmake_clean_cache': False, 'cmake_clean_first': False, 'cmake_force_configure': False, 'cmake_target': None, 'cmake_target_skip_unavailable': False, 'install_base': '/ros2_ws/opticore-amr/opticore-amr/ros2_ws/install/amr_slam', 'merge_install': False, 'path': '/ros2_ws/opticore-amr/opticore-amr/ros2_ws/src/amr_slam', 'symlink_install': False, 'test_result_base': None}
[0.222s] INFO:colcon.colcon_core.executor:Executing jobs using 'parallel' executor
[0.224s] DEBUG:colcon.colcon_parallel_executor.executor.parallel:run_until_complete
[0.225s] INFO:colcon.colcon_ros.task.ament_cmake.build:Building ROS package in '/ros2_ws/opticore-amr/opticore-amr/ros2_ws/src/amr_bringup' with build type 'ament_cmake'
[0.225s] INFO:colcon.colcon_cmake.task.cmake.build:Building CMake package in '/ros2_ws/opticore-amr/opticore-amr/ros2_ws/src/amr_bringup'
[0.226s] INFO:colcon.colcon_core.plugin_system:Skipping extension 'colcon_core.shell.bat': Not used on non-Windows systems
[0.227s] INFO:colcon.colcon_core.shell:Skip shell extension 'powershell' for command environment: Not usable outside of PowerShell
[0.227s] DEBUG:colcon.colcon_core.shell:Skip shell extension 'dsv' for command environment
[0.233s] INFO:colcon.colcon_ros.task.ament_cmake.build:Building ROS package in '/ros2_ws/opticore-amr/opticore-amr/ros2_ws/src/amr_fleet' with build type 'ament_cmake'
[0.234s] INFO:colcon.colcon_cmake.task.cmake.build:Building CMake package in '/ros2_ws/opticore-amr/opticore-amr/ros2_ws/src/amr_fleet'
[0.234s] INFO:colcon.colcon_core.shell:Skip shell extension 'powershell' for command environment: Not usable outside of PowerShell
[0.234s] DEBUG:colcon.colcon_core.shell:Skip shell extension 'dsv' for command environment
[0.239s] INFO:colcon.colcon_ros.task.ament_cmake.build:Building ROS package in '/ros2_ws/opticore-amr/opticore-amr/ros2_ws/src/amr_navigation' with build type 'ament_cmake'
[0.240s] INFO:colcon.colcon_cmake.task.cmake.build:Building CMake package in '/ros2_ws/opticore-amr/opticore-amr/ros2_ws/src/amr_navigation'
[0.242s] INFO:colcon.colcon_core.shell:Skip shell extension 'powershell' for command environment: Not usable outside of PowerShell
[0.242s] DEBUG:colcon.colcon_core.shell:Skip shell extension 'dsv' for command environment
[0.251s] INFO:colcon.colcon_ros.task.ament_python.build:Building ROS package in '/ros2_ws/opticore-amr/opticore-amr/ros2_ws/src/amr_perception' with build type 'ament_python'
[0.252s] Level 1:colcon.colcon_core.shell:create_environment_hook('amr_perception', 'ament_prefix_path')
[0.252s] INFO:colcon.colcon_core.shell:Creating environment hook '/ros2_ws/opticore-amr/opticore-amr/ros2_ws/install/amr_perception/share/amr_perception/hook/ament_prefix_path.ps1'
[0.254s] INFO:colcon.colcon_core.shell:Creating environment descriptor '/ros2_ws/opticore-amr/opticore-amr/ros2_ws/install/amr_perception/share/amr_perception/hook/ament_prefix_path.dsv'
[0.254s] INFO:colcon.colcon_core.shell:Creating environment hook '/ros2_ws/opticore-amr/opticore-amr/ros2_ws/install/amr_perception/share/amr_perception/hook/ament_prefix_path.sh'
[0.256s] INFO:colcon.colcon_core.shell:Skip shell extension 'powershell' for command environment: Not usable outside of PowerShell
[0.256s] DEBUG:colcon.colcon_core.shell:Skip shell extension 'dsv' for command environment
[0.264s] INFO:colcon.colcon_ros.task.ament_cmake.build:Building ROS package in '/ros2_ws/opticore-amr/opticore-amr/ros2_ws/src/amr_slam' with build type 'ament_cmake'
[0.264s] INFO:colcon.colcon_cmake.task.cmake.build:Building CMake package in '/ros2_ws/opticore-amr/opticore-amr/ros2_ws/src/amr_slam'
[0.265s] INFO:colcon.colcon_core.shell:Skip shell extension 'powershell' for command environment: Not usable outside of PowerShell
[0.265s] DEBUG:colcon.colcon_core.shell:Skip shell extension 'dsv' for command environment
[0.289s] DEBUG:colcon.colcon_core.event_handler.log_command:Invoking command in '/ros2_ws/opticore-amr/opticore-amr/ros2_ws/build/amr_bringup': CMAKE_PREFIX_PATH=${CMAKE_PREFIX_PATH}:/ros2_ws/opticore-amr/opticore-amr/ros2_ws/install/amr_perception:/opt/ros/humble /usr/bin/cmake --build /ros2_ws/opticore-amr/opticore-amr/ros2_ws/build/amr_bringup -- -j10 -l10
[0.298s] DEBUG:colcon.colcon_core.event_handler.log_command:Invoking command in '/ros2_ws/opticore-amr/opticore-amr/ros2_ws/build/amr_fleet': CMAKE_PREFIX_PATH=${CMAKE_PREFIX_PATH}:/ros2_ws/opticore-amr/opticore-amr/ros2_ws/install/amr_perception:/opt/ros/humble /usr/bin/cmake --build /ros2_ws/opticore-amr/opticore-amr/ros2_ws/build/amr_fleet -- -j10 -l10
[0.313s] DEBUG:colcon.colcon_core.event_handler.log_command:Invoking command in '/ros2_ws/opticore-amr/opticore-amr/ros2_ws/build/amr_navigation': CMAKE_PREFIX_PATH=${CMAKE_PREFIX_PATH}:/ros2_ws/opticore-amr/opticore-amr/ros2_ws/install/amr_perception:/opt/ros/humble /usr/bin/cmake --build /ros2_ws/opticore-amr/opticore-amr/ros2_ws/build/amr_navigation -- -j10 -l10
[0.535s] INFO:colcon.colcon_core.task.python.build:Building Python package in '/ros2_ws/opticore-amr/opticore-amr/ros2_ws/src/amr_perception'
[0.535s] INFO:colcon.colcon_core.shell:Skip shell extension 'powershell' for command environment: Not usable outside of PowerShell
[0.535s] DEBUG:colcon.colcon_core.shell:Skip shell extension 'dsv' for command environment
[0.544s] DEBUG:colcon.colcon_core.event_handler.log_command:Invoked command in '/ros2_ws/opticore-amr/opticore-amr/ros2_ws/build/amr_bringup' returned '0': CMAKE_PREFIX_PATH=${CMAKE_PREFIX_PATH}:/ros2_ws/opticore-amr/opticore-amr/ros2_ws/install/amr_perception:/opt/ros/humble /usr/bin/cmake --build /ros2_ws/opticore-amr/opticore-amr/ros2_ws/build/amr_bringup -- -j10 -l10
[0.585s] DEBUG:colcon.colcon_core.event_handler.log_command:Invoking command in '/ros2_ws/opticore-amr/opticore-amr/ros2_ws/build/amr_bringup': CMAKE_PREFIX_PATH=${CMAKE_PREFIX_PATH}:/ros2_ws/opticore-amr/opticore-amr/ros2_ws/install/amr_perception:/opt/ros/humble /usr/bin/cmake --install /ros2_ws/opticore-amr/opticore-amr/ros2_ws/build/amr_bringup
[0.586s] DEBUG:colcon.colcon_core.event_handler.log_command:Invoked command in '/ros2_ws/opticore-amr/opticore-amr/ros2_ws/build/amr_fleet' returned '0': CMAKE_PREFIX_PATH=${CMAKE_PREFIX_PATH}:/ros2_ws/opticore-amr/opticore-amr/ros2_ws/install/amr_perception:/opt/ros/humble /usr/bin/cmake --build /ros2_ws/opticore-amr/opticore-amr/ros2_ws/build/amr_fleet -- -j10 -l10
[0.591s] DEBUG:colcon.colcon_core.event_handler.log_command:Invoking command in '/ros2_ws/opticore-amr/opticore-amr/ros2_ws/build/amr_fleet': CMAKE_PREFIX_PATH=${CMAKE_PREFIX_PATH}:/ros2_ws/opticore-amr/opticore-amr/ros2_ws/install/amr_perception:/opt/ros/humble /usr/bin/cmake --install /ros2_ws/opticore-amr/opticore-amr/ros2_ws/build/amr_fleet
[0.602s] DEBUG:colcon.colcon_core.event_handler.log_command:Invoking command in '/ros2_ws/opticore-amr/opticore-amr/ros2_ws/build/amr_slam': CMAKE_PREFIX_PATH=${CMAKE_PREFIX_PATH}:/ros2_ws/opticore-amr/opticore-amr/ros2_ws/install/amr_perception:/opt/ros/humble /usr/bin/cmake --build /ros2_ws/opticore-amr/opticore-amr/ros2_ws/build/amr_slam -- -j10 -l10
[0.611s] DEBUG:colcon.colcon_core.event_handler.log_command:Invoked command in '/ros2_ws/opticore-amr/opticore-amr/ros2_ws/build/amr_navigation' returned '0': CMAKE_PREFIX_PATH=${CMAKE_PREFIX_PATH}:/ros2_ws/opticore-amr/opticore-amr/ros2_ws/install/amr_perception:/opt/ros/humble /usr/bin/cmake --build /ros2_ws/opticore-amr/opticore-amr/ros2_ws/build/amr_navigation -- -j10 -l10
[0.612s] DEBUG:colcon.colcon_core.event_handler.log_command:Invoking command in '/ros2_ws/opticore-amr/opticore-amr/ros2_ws/build/amr_navigation': CMAKE_PREFIX_PATH=${CMAKE_PREFIX_PATH}:/ros2_ws/opticore-amr/opticore-amr/ros2_ws/install/amr_perception:/opt/ros/humble /usr/bin/cmake --install /ros2_ws/opticore-amr/opticore-amr/ros2_ws/build/amr_navigation
[0.670s] Level 1:colcon.colcon_core.environment:create_environment_scripts_only(amr_fleet)
[0.677s] Level 1:colcon.colcon_core.environment:checking '/ros2_ws/opticore-amr/opticore-amr/ros2_ws/install/amr_fleet' for CMake module files
[0.681s] Level 1:colcon.colcon_core.environment:checking '/ros2_ws/opticore-amr/opticore-amr/ros2_ws/install/amr_fleet' for CMake config files
[0.682s] DEBUG:colcon.colcon_core.event_handler.log_command:Invoked command in '/ros2_ws/opticore-amr/opticore-amr/ros2_ws/build/amr_fleet' returned '0': CMAKE_PREFIX_PATH=${CMAKE_PREFIX_PATH}:/ros2_ws/opticore-amr/opticore-amr/ros2_ws/install/amr_perception:/opt/ros/humble /usr/bin/cmake --install /ros2_ws/opticore-amr/opticore-amr/ros2_ws/build/amr_fleet
[0.683s] Level 1:colcon.colcon_core.shell:create_environment_hook('amr_fleet', 'cmake_prefix_path')
[0.683s] INFO:colcon.colcon_core.shell:Creating environment hook '/ros2_ws/opticore-amr/opticore-amr/ros2_ws/install/amr_fleet/share/amr_fleet/hook/cmake_prefix_path.ps1'
[0.684s] INFO:colcon.colcon_core.shell:Creating environment descriptor '/ros2_ws/opticore-amr/opticore-amr/ros2_ws/install/amr_fleet/share/amr_fleet/hook/cmake_prefix_path.dsv'
[0.684s] INFO:colcon.colcon_core.shell:Creating environment hook '/ros2_ws/opticore-amr/opticore-amr/ros2_ws/install/amr_fleet/share/amr_fleet/hook/cmake_prefix_path.sh'
[0.686s] Level 1:colcon.colcon_core.environment:checking '/ros2_ws/opticore-amr/opticore-amr/ros2_ws/install/amr_fleet/bin'
[0.686s] Level 1:colcon.colcon_core.environment:checking '/ros2_ws/opticore-amr/opticore-amr/ros2_ws/install/amr_fleet/lib/pkgconfig/amr_fleet.pc'
[0.686s] Level 1:colcon.colcon_core.environment:checking '/ros2_ws/opticore-amr/opticore-amr/ros2_ws/install/amr_fleet/lib/python3.10/site-packages'
[0.686s] Level 1:colcon.colcon_core.environment:checking '/ros2_ws/opticore-amr/opticore-amr/ros2_ws/install/amr_fleet/bin'
[0.686s] INFO:colcon.colcon_core.shell:Creating package script '/ros2_ws/opticore-amr/opticore-amr/ros2_ws/install/amr_fleet/share/amr_fleet/package.ps1'
[0.688s] INFO:colcon.colcon_core.shell:Creating package descriptor '/ros2_ws/opticore-amr/opticore-amr/ros2_ws/install/amr_fleet/share/amr_fleet/package.dsv'
[0.688s] INFO:colcon.colcon_core.shell:Creating package script '/ros2_ws/opticore-amr/opticore-amr/ros2_ws/install/amr_fleet/share/amr_fleet/package.sh'
[0.689s] INFO:colcon.colcon_core.shell:Creating package script '/ros2_ws/opticore-amr/opticore-amr/ros2_ws/install/amr_fleet/share/amr_fleet/package.bash'
[0.689s] INFO:colcon.colcon_core.shell:Creating package script '/ros2_ws/opticore-amr/opticore-amr/ros2_ws/install/amr_fleet/share/amr_fleet/package.zsh'
[0.690s] Level 1:colcon.colcon_core.environment:create_file_with_runtime_dependencies(/ros2_ws/opticore-amr/opticore-amr/ros2_ws/install/amr_fleet/share/colcon-core/packages/amr_fleet)
[0.691s] Level 1:colcon.colcon_core.environment:create_environment_scripts_only(amr_fleet)
[0.692s] Level 1:colcon.colcon_core.environment:checking '/ros2_ws/opticore-amr/opticore-amr/ros2_ws/install/amr_fleet' for CMake module files
[0.693s] Level 1:colcon.colcon_core.environment:checking '/ros2_ws/opticore-amr/opticore-amr/ros2_ws/install/amr_fleet' for CMake config files
[0.694s] Level 1:colcon.colcon_core.shell:create_environment_hook('amr_fleet', 'cmake_prefix_path')
[0.694s] INFO:colcon.colcon_core.shell:Creating environment hook '/ros2_ws/opticore-amr/opticore-amr/ros2_ws/install/amr_fleet/share/amr_fleet/hook/cmake_prefix_path.ps1'
[0.695s] INFO:colcon.colcon_core.shell:Creating environment descriptor '/ros2_ws/opticore-amr/opticore-amr/ros2_ws/install/amr_fleet/share/amr_fleet/hook/cmake_prefix_path.dsv'
[0.695s] INFO:colcon.colcon_core.shell:Creating environment hook '/ros2_ws/opticore-amr/opticore-amr/ros2_ws/install/amr_fleet/share/amr_fleet/hook/cmake_prefix_path.sh'
[0.696s] Level 1:colcon.colcon_core.environment:checking '/ros2_ws/opticore-amr/opticore-amr/ros2_ws/install/amr_fleet/bin'
[0.697s] Level 1:colcon.colcon_core.environment:checking '/ros2_ws/opticore-amr/opticore-amr/ros2_ws/install/amr_fleet/lib/pkgconfig/amr_fleet.pc'
[0.697s] Level 1:colcon.colcon_core.environment:checking '/ros2_ws/opticore-amr/opticore-amr/ros2_ws/install/amr_fleet/lib/python3.10/site-packages'
[0.697s] Level 1:colcon.colcon_core.environment:checking '/ros2_ws/opticore-amr/opticore-amr/ros2_ws/install/amr_fleet/bin'
[0.697s] INFO:colcon.colcon_core.shell:Creating package script '/ros2_ws/opticore-amr/opticore-amr/ros2_ws/install/amr_fleet/share/amr_fleet/package.ps1'
[0.699s] INFO:colcon.colcon_core.shell:Creating package descriptor '/ros2_ws/opticore-amr/opticore-amr/ros2_ws/install/amr_fleet/share/amr_fleet/package.dsv'
[0.700s] INFO:colcon.colcon_core.shell:Creating package script '/ros2_ws/opticore-amr/opticore-amr/ros2_ws/install/amr_fleet/share/amr_fleet/package.sh'
[0.701s] INFO:colcon.colcon_core.shell:Creating package script '/ros2_ws/opticore-amr/opticore-amr/ros2_ws/install/amr_fleet/share/amr_fleet/package.bash'
[0.702s] INFO:colcon.colcon_core.shell:Creating package script '/ros2_ws/opticore-amr/opticore-amr/ros2_ws/install/amr_fleet/share/amr_fleet/package.zsh'
[0.703s] Level 1:colcon.colcon_core.environment:create_file_with_runtime_dependencies(/ros2_ws/opticore-amr/opticore-amr/ros2_ws/install/amr_fleet/share/colcon-core/packages/amr_fleet)
[0.707s] Level 1:colcon.colcon_core.environment:create_environment_scripts_only(amr_bringup)
[0.709s] Level 1:colcon.colcon_core.environment:checking '/ros2_ws/opticore-amr/opticore-amr/ros2_ws/install/amr_bringup' for CMake module files
[0.711s] DEBUG:colcon.colcon_core.event_handler.log_command:Invoked command in '/ros2_ws/opticore-amr/opticore-amr/ros2_ws/build/amr_bringup' returned '0': CMAKE_PREFIX_PATH=${CMAKE_PREFIX_PATH}:/ros2_ws/opticore-amr/opticore-amr/ros2_ws/install/amr_perception:/opt/ros/humble /usr/bin/cmake --install /ros2_ws/opticore-amr/opticore-amr/ros2_ws/build/amr_bringup
[0.713s] Level 1:colcon.colcon_core.environment:checking '/ros2_ws/opticore-amr/opticore-amr/ros2_ws/install/amr_bringup' for CMake config files
[0.715s] Level 1:colcon.colcon_core.shell:create_environment_hook('amr_bringup', 'cmake_prefix_path')
[0.715s] INFO:colcon.colcon_core.shell:Creating environment hook '/ros2_ws/opticore-amr/opticore-amr/ros2_ws/install/amr_bringup/share/amr_bringup/hook/cmake_prefix_path.ps1'
[0.717s] INFO:colcon.colcon_core.shell:Creating environment descriptor '/ros2_ws/opticore-amr/opticore-amr/ros2_ws/install/amr_bringup/share/amr_bringup/hook/cmake_prefix_path.dsv'
[0.718s] INFO:colcon.colcon_core.shell:Creating environment hook '/ros2_ws/opticore-amr/opticore-amr/ros2_ws/install/amr_bringup/share/amr_bringup/hook/cmake_prefix_path.sh'
[0.720s] Level 1:colcon.colcon_core.environment:checking '/ros2_ws/opticore-amr/opticore-amr/ros2_ws/install/amr_bringup/lib'
[0.721s] Level 1:colcon.colcon_core.environment:checking '/ros2_ws/opticore-amr/opticore-amr/ros2_ws/install/amr_bringup/bin'
[0.721s] Level 1:colcon.colcon_core.environment:checking '/ros2_ws/opticore-amr/opticore-amr/ros2_ws/install/amr_bringup/lib/pkgconfig/amr_bringup.pc'
[0.722s] Level 1:colcon.colcon_core.environment:checking '/ros2_ws/opticore-amr/opticore-amr/ros2_ws/install/amr_bringup/lib/python3.10/site-packages'
[0.722s] Level 1:colcon.colcon_core.environment:checking '/ros2_ws/opticore-amr/opticore-amr/ros2_ws/install/amr_bringup/bin'
[0.722s] INFO:colcon.colcon_core.shell:Creating package script '/ros2_ws/opticore-amr/opticore-amr/ros2_ws/install/amr_bringup/share/amr_bringup/package.ps1'
[0.726s] INFO:colcon.colcon_core.shell:Creating package descriptor '/ros2_ws/opticore-amr/opticore-amr/ros2_ws/install/amr_bringup/share/amr_bringup/package.dsv'
[0.727s] INFO:colcon.colcon_core.shell:Creating package script '/ros2_ws/opticore-amr/opticore-amr/ros2_ws/install/amr_bringup/share/amr_bringup/package.sh'
[0.727s] INFO:colcon.colcon_core.shell:Creating package script '/ros2_ws/opticore-amr/opticore-amr/ros2_ws/install/amr_bringup/share/amr_bringup/package.bash'
[0.728s] INFO:colcon.colcon_core.shell:Creating package script '/ros2_ws/opticore-amr/opticore-amr/ros2_ws/install/amr_bringup/share/amr_bringup/package.zsh'
[0.728s] Level 1:colcon.colcon_core.environment:create_file_with_runtime_dependencies(/ros2_ws/opticore-amr/opticore-amr/ros2_ws/install/amr_bringup/share/colcon-core/packages/amr_bringup)
[0.729s] Level 1:colcon.colcon_core.environment:create_environment_scripts_only(amr_bringup)
[0.729s] Level 1:colcon.colcon_core.environment:checking '/ros2_ws/opticore-amr/opticore-amr/ros2_ws/install/amr_bringup' for CMake module files
[0.733s] Level 1:colcon.colcon_core.environment:checking '/ros2_ws/opticore-amr/opticore-amr/ros2_ws/install/amr_bringup' for CMake config files
[0.734s] Level 1:colcon.colcon_core.shell:create_environment_hook('amr_bringup', 'cmake_prefix_path')
[0.734s] INFO:colcon.colcon_core.shell:Creating environment hook '/ros2_ws/opticore-amr/opticore-amr/ros2_ws/install/amr_bringup/share/amr_bringup/hook/cmake_prefix_path.ps1'
[0.736s] INFO:colcon.colcon_core.shell:Creating environment descriptor '/ros2_ws/opticore-amr/opticore-amr/ros2_ws/install/amr_bringup/share/amr_bringup/hook/cmake_prefix_path.dsv'
[0.736s] INFO:colcon.colcon_core.shell:Creating environment hook '/ros2_ws/opticore-amr/opticore-amr/ros2_ws/install/amr_bringup/share/amr_bringup/hook/cmake_prefix_path.sh'
[0.738s] Level 1:colcon.colcon_core.environment:checking '/ros2_ws/opticore-amr/opticore-amr/ros2_ws/install/amr_bringup/lib'
[0.738s] Level 1:colcon.colcon_core.environment:checking '/ros2_ws/opticore-amr/opticore-amr/ros2_ws/install/amr_bringup/bin'
[0.738s] Level 1:colcon.colcon_core.environment:checking '/ros2_ws/opticore-amr/opticore-amr/ros2_ws/install/amr_bringup/lib/pkgconfig/amr_bringup.pc'
[0.738s] Level 1:colcon.colcon_core.environment:checking '/ros2_ws/opticore-amr/opticore-amr/ros2_ws/install/amr_bringup/lib/python3.10/site-packages'
[0.738s] Level 1:colcon.colcon_core.environment:checking '/ros2_ws/opticore-amr/opticore-amr/ros2_ws/install/amr_bringup/bin'
[0.742s] INFO:colcon.colcon_core.shell:Creating package script '/ros2_ws/opticore-amr/opticore-amr/ros2_ws/install/amr_bringup/share/amr_bringup/package.ps1'
[0.742s] INFO:colcon.colcon_core.shell:Creating package descriptor '/ros2_ws/opticore-amr/opticore-amr/ros2_ws/install/amr_bringup/share/amr_bringup/package.dsv'
[0.742s] INFO:colcon.colcon_core.shell:Creating package script '/ros2_ws/opticore-amr/opticore-amr/ros2_ws/install/amr_bringup/share/amr_bringup/package.sh'
[0.743s] INFO:colcon.colcon_core.shell:Creating package script '/ros2_ws/opticore-amr/opticore-amr/ros2_ws/install/amr_bringup/share/amr_bringup/package.bash'
[0.743s] INFO:colcon.colcon_core.shell:Creating package script '/ros2_ws/opticore-amr/opticore-amr/ros2_ws/install/amr_bringup/share/amr_bringup/package.zsh'
[0.744s] Level 1:colcon.colcon_core.environment:create_file_with_runtime_dependencies(/ros2_ws/opticore-amr/opticore-amr/ros2_ws/install/amr_bringup/share/colcon-core/packages/amr_bringup)
[0.744s] Level 1:colcon.colcon_core.environment:create_environment_scripts_only(amr_navigation)
[0.745s] Level 1:colcon.colcon_core.environment:checking '/ros2_ws/opticore-amr/opticore-amr/ros2_ws/install/amr_navigation' for CMake module files
[0.747s] DEBUG:colcon.colcon_core.event_handler.log_command:Invoked command in '/ros2_ws/opticore-amr/opticore-amr/ros2_ws/build/amr_navigation' returned '0': CMAKE_PREFIX_PATH=${CMAKE_PREFIX_PATH}:/ros2_ws/opticore-amr/opticore-amr/ros2_ws/install/amr_perception:/opt/ros/humble /usr/bin/cmake --install /ros2_ws/opticore-amr/opticore-amr/ros2_ws/build/amr_navigation
[0.748s] Level 1:colcon.colcon_core.environment:checking '/ros2_ws/opticore-amr/opticore-amr/ros2_ws/install/amr_navigation' for CMake config files
[0.748s] Level 1:colcon.colcon_core.shell:create_environment_hook('amr_navigation', 'cmake_prefix_path')
[0.748s] INFO:colcon.colcon_core.shell:Creating environment hook '/ros2_ws/opticore-amr/opticore-amr/ros2_ws/install/amr_navigation/share/amr_navigation/hook/cmake_prefix_path.ps1'
[0.749s] INFO:colcon.colcon_core.shell:Creating environment descriptor '/ros2_ws/opticore-amr/opticore-amr/ros2_ws/install/amr_navigation/share/amr_navigation/hook/cmake_prefix_path.dsv'
[0.750s] INFO:colcon.colcon_core.shell:Creating environment hook '/ros2_ws/opticore-amr/opticore-amr/ros2_ws/install/amr_navigation/share/amr_navigation/hook/cmake_prefix_path.sh'
[0.751s] Level 1:colcon.colcon_core.environment:checking '/ros2_ws/opticore-amr/opticore-amr/ros2_ws/install/amr_navigation/bin'
[0.751s] Level 1:colcon.colcon_core.environment:checking '/ros2_ws/opticore-amr/opticore-amr/ros2_ws/install/amr_navigation/lib/pkgconfig/amr_navigation.pc'
[0.751s] Level 1:colcon.colcon_core.environment:checking '/ros2_ws/opticore-amr/opticore-amr/ros2_ws/install/amr_navigation/lib/python3.10/site-packages'
[0.751s] Level 1:colcon.colcon_core.environment:checking '/ros2_ws/opticore-amr/opticore-amr/ros2_ws/install/amr_navigation/bin'
[0.751s] INFO:colcon.colcon_core.shell:Creating package script '/ros2_ws/opticore-amr/opticore-amr/ros2_ws/install/amr_navigation/share/amr_navigation/package.ps1'
[0.753s] INFO:colcon.colcon_core.shell:Creating package descriptor '/ros2_ws/opticore-amr/opticore-amr/ros2_ws/install/amr_navigation/share/amr_navigation/package.dsv'
[0.753s] INFO:colcon.colcon_core.shell:Creating package script '/ros2_ws/opticore-amr/opticore-amr/ros2_ws/install/amr_navigation/share/amr_navigation/package.sh'
[0.753s] INFO:colcon.colcon_core.shell:Creating package script '/ros2_ws/opticore-amr/opticore-amr/ros2_ws/install/amr_navigation/share/amr_navigation/package.bash'
[0.754s] INFO:colcon.colcon_core.shell:Creating package script '/ros2_ws/opticore-amr/opticore-amr/ros2_ws/install/amr_navigation/share/amr_navigation/package.zsh'
[0.754s] Level 1:colcon.colcon_core.environment:create_file_with_runtime_dependencies(/ros2_ws/opticore-amr/opticore-amr/ros2_ws/install/amr_navigation/share/colcon-core/packages/amr_navigation)
[0.756s] Level 1:colcon.colcon_core.environment:create_environment_scripts_only(amr_navigation)
[0.757s] Level 1:colcon.colcon_core.environment:checking '/ros2_ws/opticore-amr/opticore-amr/ros2_ws/install/amr_navigation' for CMake module files
[0.759s] Level 1:colcon.colcon_core.environment:checking '/ros2_ws/opticore-amr/opticore-amr/ros2_ws/install/amr_navigation' for CMake config files
[0.761s] Level 1:colcon.colcon_core.shell:create_environment_hook('amr_navigation', 'cmake_prefix_path')
[0.761s] INFO:colcon.colcon_core.shell:Creating environment hook '/ros2_ws/opticore-amr/opticore-amr/ros2_ws/install/amr_navigation/share/amr_navigation/hook/cmake_prefix_path.ps1'
[0.763s] INFO:colcon.colcon_core.shell:Creating environment descriptor '/ros2_ws/opticore-amr/opticore-amr/ros2_ws/install/amr_navigation/share/amr_navigation/hook/cmake_prefix_path.dsv'
[0.765s] INFO:colcon.colcon_core.shell:Creating environment hook '/ros2_ws/opticore-amr/opticore-amr/ros2_ws/install/amr_navigation/share/amr_navigation/hook/cmake_prefix_path.sh'
[0.766s] Level 1:colcon.colcon_core.environment:checking '/ros2_ws/opticore-amr/opticore-amr/ros2_ws/install/amr_navigation/bin'
[0.766s] Level 1:colcon.colcon_core.environment:checking '/ros2_ws/opticore-amr/opticore-amr/ros2_ws/install/amr_navigation/lib/pkgconfig/amr_navigation.pc'
[0.766s] Level 1:colcon.colcon_core.environment:checking '/ros2_ws/opticore-amr/opticore-amr/ros2_ws/install/amr_navigation/lib/python3.10/site-packages'
[0.769s] Level 1:colcon.colcon_core.environment:checking '/ros2_ws/opticore-amr/opticore-amr/ros2_ws/install/amr_navigation/bin'
[0.769s] INFO:colcon.colcon_core.shell:Creating package script '/ros2_ws/opticore-amr/opticore-amr/ros2_ws/install/amr_navigation/share/amr_navigation/package.ps1'
[0.770s] INFO:colcon.colcon_core.shell:Creating package descriptor '/ros2_ws/opticore-amr/opticore-amr/ros2_ws/install/amr_navigation/share/amr_navigation/package.dsv'
[0.772s] INFO:colcon.colcon_core.shell:Creating package script '/ros2_ws/opticore-amr/opticore-amr/ros2_ws/install/amr_navigation/share/amr_navigation/package.sh'
[0.774s] INFO:colcon.colcon_core.shell:Creating package script '/ros2_ws/opticore-amr/opticore-amr/ros2_ws/install/amr_navigation/share/amr_navigation/package.bash'
[0.775s] INFO:colcon.colcon_core.shell:Creating package script '/ros2_ws/opticore-amr/opticore-amr/ros2_ws/install/amr_navigation/share/amr_navigation/package.zsh'
[0.776s] Level 1:colcon.colcon_core.environment:create_file_with_runtime_dependencies(/ros2_ws/opticore-amr/opticore-amr/ros2_ws/install/amr_navigation/share/colcon-core/packages/amr_navigation)
[0.823s] DEBUG:colcon.colcon_core.event_handler.log_command:Invoked command in '/ros2_ws/opticore-amr/opticore-amr/ros2_ws/build/amr_slam' returned '0': CMAKE_PREFIX_PATH=${CMAKE_PREFIX_PATH}:/ros2_ws/opticore-amr/opticore-amr/ros2_ws/install/amr_perception:/opt/ros/humble /usr/bin/cmake --build /ros2_ws/opticore-amr/opticore-amr/ros2_ws/build/amr_slam -- -j10 -l10
[0.827s] DEBUG:colcon.colcon_core.event_handler.log_command:Invoking command in '/ros2_ws/opticore-amr/opticore-amr/ros2_ws/build/amr_slam': CMAKE_PREFIX_PATH=${CMAKE_PREFIX_PATH}:/ros2_ws/opticore-amr/opticore-amr/ros2_ws/install/amr_perception:/opt/ros/humble /usr/bin/cmake --install /ros2_ws/opticore-amr/opticore-amr/ros2_ws/build/amr_slam
[0.904s] Level 1:colcon.colcon_core.environment:create_environment_scripts_only(amr_slam)
[0.905s] Level 1:colcon.colcon_core.environment:checking '/ros2_ws/opticore-amr/opticore-amr/ros2_ws/install/amr_slam' for CMake module files
[0.906s] DEBUG:colcon.colcon_core.event_handler.log_command:Invoked command in '/ros2_ws/opticore-amr/opticore-amr/ros2_ws/build/amr_slam' returned '0': CMAKE_PREFIX_PATH=${CMAKE_PREFIX_PATH}:/ros2_ws/opticore-amr/opticore-amr/ros2_ws/install/amr_perception:/opt/ros/humble /usr/bin/cmake --install /ros2_ws/opticore-amr/opticore-amr/ros2_ws/build/amr_slam
[0.909s] Level 1:colcon.colcon_core.environment:checking '/ros2_ws/opticore-amr/opticore-amr/ros2_ws/install/amr_slam' for CMake config files
[0.910s] Level 1:colcon.colcon_core.shell:create_environment_hook('amr_slam', 'cmake_prefix_path')
[0.910s] INFO:colcon.colcon_core.shell:Creating environment hook '/ros2_ws/opticore-amr/opticore-amr/ros2_ws/install/amr_slam/share/amr_slam/hook/cmake_prefix_path.ps1'
[0.912s] INFO:colcon.colcon_core.shell:Creating environment descriptor '/ros2_ws/opticore-amr/opticore-amr/ros2_ws/install/amr_slam/share/amr_slam/hook/cmake_prefix_path.dsv'
[0.916s] INFO:colcon.colcon_core.shell:Creating environment hook '/ros2_ws/opticore-amr/opticore-amr/ros2_ws/install/amr_slam/share/amr_slam/hook/cmake_prefix_path.sh'
[0.924s] Level 1:colcon.colcon_core.environment:checking '/ros2_ws/opticore-amr/opticore-amr/ros2_ws/install/amr_slam/lib'
[0.924s] Level 1:colcon.colcon_core.environment:checking '/ros2_ws/opticore-amr/opticore-amr/ros2_ws/install/amr_slam/bin'
[0.925s] Level 1:colcon.colcon_core.environment:checking '/ros2_ws/opticore-amr/opticore-amr/ros2_ws/install/amr_slam/lib/pkgconfig/amr_slam.pc'
[0.926s] Level 1:colcon.colcon_core.environment:checking '/ros2_ws/opticore-amr/opticore-amr/ros2_ws/install/amr_slam/lib/python3.10/site-packages'
[0.927s] Level 1:colcon.colcon_core.environment:checking '/ros2_ws/opticore-amr/opticore-amr/ros2_ws/install/amr_slam/bin'
[0.929s] INFO:colcon.colcon_core.shell:Creating package script '/ros2_ws/opticore-amr/opticore-amr/ros2_ws/install/amr_slam/share/amr_slam/package.ps1'
[0.931s] INFO:colcon.colcon_core.shell:Creating package descriptor '/ros2_ws/opticore-amr/opticore-amr/ros2_ws/install/amr_slam/share/amr_slam/package.dsv'
[0.933s] INFO:colcon.colcon_core.shell:Creating package script '/ros2_ws/opticore-amr/opticore-amr/ros2_ws/install/amr_slam/share/amr_slam/package.sh'
[0.935s] INFO:colcon.colcon_core.shell:Creating package script '/ros2_ws/opticore-amr/opticore-amr/ros2_ws/install/amr_slam/share/amr_slam/package.bash'
[0.935s] INFO:colcon.colcon_core.shell:Creating package script '/ros2_ws/opticore-amr/opticore-amr/ros2_ws/install/amr_slam/share/amr_slam/package.zsh'
[0.935s] Level 1:colcon.colcon_core.environment:create_file_with_runtime_dependencies(/ros2_ws/opticore-amr/opticore-amr/ros2_ws/install/amr_slam/share/colcon-core/packages/amr_slam)
[0.939s] Level 1:colcon.colcon_core.environment:create_environment_scripts_only(amr_slam)
[0.939s] Level 1:colcon.colcon_core.environment:checking '/ros2_ws/opticore-amr/opticore-amr/ros2_ws/install/amr_slam' for CMake module files
[0.944s] Level 1:colcon.colcon_core.environment:checking '/ros2_ws/opticore-amr/opticore-amr/ros2_ws/install/amr_slam' for CMake config files
[0.944s] Level 1:colcon.colcon_core.shell:create_environment_hook('amr_slam', 'cmake_prefix_path')
[0.944s] INFO:colcon.colcon_core.shell:Creating environment hook '/ros2_ws/opticore-amr/opticore-amr/ros2_ws/install/amr_slam/share/amr_slam/hook/cmake_prefix_path.ps1'
[0.947s] INFO:colcon.colcon_core.shell:Creating environment descriptor '/ros2_ws/opticore-amr/opticore-amr/ros2_ws/install/amr_slam/share/amr_slam/hook/cmake_prefix_path.dsv'
[0.948s] INFO:colcon.colcon_core.shell:Creating environment hook '/ros2_ws/opticore-amr/opticore-amr/ros2_ws/install/amr_slam/share/amr_slam/hook/cmake_prefix_path.sh'
[0.948s] Level 1:colcon.colcon_core.environment:checking '/ros2_ws/opticore-amr/opticore-amr/ros2_ws/install/amr_slam/lib'
[0.948s] Level 1:colcon.colcon_core.environment:checking '/ros2_ws/opticore-amr/opticore-amr/ros2_ws/install/amr_slam/bin'
[0.948s] Level 1:colcon.colcon_core.environment:checking '/ros2_ws/opticore-amr/opticore-amr/ros2_ws/install/amr_slam/lib/pkgconfig/amr_slam.pc'
[0.950s] Level 1:colcon.colcon_core.environment:checking '/ros2_ws/opticore-amr/opticore-amr/ros2_ws/install/amr_slam/lib/python3.10/site-packages'
[0.952s] Level 1:colcon.colcon_core.environment:checking '/ros2_ws/opticore-amr/opticore-amr/ros2_ws/install/amr_slam/bin'
[0.952s] INFO:colcon.colcon_core.shell:Creating package script '/ros2_ws/opticore-amr/opticore-amr/ros2_ws/install/amr_slam/share/amr_slam/package.ps1'
[0.953s] INFO:colcon.colcon_core.shell:Creating package descriptor '/ros2_ws/opticore-amr/opticore-amr/ros2_ws/install/amr_slam/share/amr_slam/package.dsv'
[0.954s] INFO:colcon.colcon_core.shell:Creating package script '/ros2_ws/opticore-amr/opticore-amr/ros2_ws/install/amr_slam/share/amr_slam/package.sh'
[0.954s] INFO:colcon.colcon_core.shell:Creating package script '/ros2_ws/opticore-amr/opticore-amr/ros2_ws/install/amr_slam/share/amr_slam/package.bash'
[0.954s] INFO:colcon.colcon_core.shell:Creating package script '/ros2_ws/opticore-amr/opticore-amr/ros2_ws/install/amr_slam/share/amr_slam/package.zsh'
[0.955s] Level 1:colcon.colcon_core.environment:create_file_with_runtime_dependencies(/ros2_ws/opticore-amr/opticore-amr/ros2_ws/install/amr_slam/share/colcon-core/packages/amr_slam)
[0.964s] DEBUG:colcon.colcon_core.event_handler.log_command:Invoking command in '/ros2_ws/opticore-amr/opticore-amr/ros2_ws/src/amr_perception': PYTHONPATH=/ros2_ws/opticore-amr/opticore-amr/ros2_ws/build/amr_perception/prefix_override:/usr/lib/python3/dist-packages/colcon_core/task/python/colcon_distutils_commands:/ros2_ws/opticore-amr/opticore-amr/ros2_ws/install/amr_perception/lib/python3.10/site-packages:${PYTHONPATH} /usr/bin/python3 -W ignore:setup.py install is deprecated -W ignore:easy_install command is deprecated setup.py egg_info --egg-base ../../build/amr_perception build --build-base /ros2_ws/opticore-amr/opticore-amr/ros2_ws/build/amr_perception/build install --record /ros2_ws/opticore-amr/opticore-amr/ros2_ws/build/amr_perception/install.log --single-version-externally-managed install_data
[1.234s] Level 1:colcon.colcon_core.environment:checking '/ros2_ws/opticore-amr/opticore-amr/ros2_ws/install/amr_perception' for CMake module files
[1.235s] DEBUG:colcon.colcon_core.event_handler.log_command:Invoked command in '/ros2_ws/opticore-amr/opticore-amr/ros2_ws/src/amr_perception' returned '0': PYTHONPATH=/ros2_ws/opticore-amr/opticore-amr/ros2_ws/build/amr_perception/prefix_override:/usr/lib/python3/dist-packages/colcon_core/task/python/colcon_distutils_commands:/ros2_ws/opticore-amr/opticore-amr/ros2_ws/install/amr_perception/lib/python3.10/site-packages:${PYTHONPATH} /usr/bin/python3 -W ignore:setup.py install is deprecated -W ignore:easy_install command is deprecated setup.py egg_info --egg-base ../../build/amr_perception build --build-base /ros2_ws/opticore-amr/opticore-amr/ros2_ws/build/amr_perception/build install --record /ros2_ws/opticore-amr/opticore-amr/ros2_ws/build/amr_perception/install.log --single-version-externally-managed install_data
[1.236s] Level 1:colcon.colcon_core.environment:checking '/ros2_ws/opticore-amr/opticore-amr/ros2_ws/install/amr_perception' for CMake config files
[1.240s] Level 1:colcon.colcon_core.environment:checking '/ros2_ws/opticore-amr/opticore-amr/ros2_ws/install/amr_perception/lib'
[1.241s] Level 1:colcon.colcon_core.environment:checking '/ros2_ws/opticore-amr/opticore-amr/ros2_ws/install/amr_perception/bin'
[1.241s] Level 1:colcon.colcon_core.environment:checking '/ros2_ws/opticore-amr/opticore-amr/ros2_ws/install/amr_perception/lib/pkgconfig/amr_perception.pc'
[1.242s] Level 1:colcon.colcon_core.environment:checking '/ros2_ws/opticore-amr/opticore-amr/ros2_ws/install/amr_perception/lib/python3.10/site-packages'
[1.242s] Level 1:colcon.colcon_core.shell:create_environment_hook('amr_perception', 'pythonpath')
[1.242s] INFO:colcon.colcon_core.shell:Creating environment hook '/ros2_ws/opticore-amr/opticore-amr/ros2_ws/install/amr_perception/share/amr_perception/hook/pythonpath.ps1'
[1.245s] INFO:colcon.colcon_core.shell:Creating environment descriptor '/ros2_ws/opticore-amr/opticore-amr/ros2_ws/install/amr_perception/share/amr_perception/hook/pythonpath.dsv'
[1.246s] INFO:colcon.colcon_core.shell:Creating environment hook '/ros2_ws/opticore-amr/opticore-amr/ros2_ws/install/amr_perception/share/amr_perception/hook/pythonpath.sh'
[1.246s] Level 1:colcon.colcon_core.environment:checking '/ros2_ws/opticore-amr/opticore-amr/ros2_ws/install/amr_perception/bin'
[1.247s] Level 1:colcon.colcon_core.environment:create_environment_scripts_only(amr_perception)
[1.247s] INFO:colcon.colcon_core.shell:Creating package script '/ros2_ws/opticore-amr/opticore-amr/ros2_ws/install/amr_perception/share/amr_perception/package.ps1'
[1.247s] INFO:colcon.colcon_core.shell:Creating package descriptor '/ros2_ws/opticore-amr/opticore-amr/ros2_ws/install/amr_perception/share/amr_perception/package.dsv'
[1.248s] INFO:colcon.colcon_core.shell:Creating package script '/ros2_ws/opticore-amr/opticore-amr/ros2_ws/install/amr_perception/share/amr_perception/package.sh'
[1.248s] INFO:colcon.colcon_core.shell:Creating package script '/ros2_ws/opticore-amr/opticore-amr/ros2_ws/install/amr_perception/share/amr_perception/package.bash'
[1.248s] INFO:colcon.colcon_core.shell:Creating package script '/ros2_ws/opticore-amr/opticore-amr/ros2_ws/install/amr_perception/share/amr_perception/package.zsh'
[1.248s] Level 1:colcon.colcon_core.environment:create_file_with_runtime_dependencies(/ros2_ws/opticore-amr/opticore-amr/ros2_ws/install/amr_perception/share/colcon-core/packages/amr_perception)
[1.249s] DEBUG:colcon.colcon_parallel_executor.executor.parallel:closing loop
[1.250s] DEBUG:colcon.colcon_parallel_executor.executor.parallel:loop closed
[1.250s] DEBUG:colcon.colcon_parallel_executor.executor.parallel:run_until_complete finished with '0'
[1.250s] DEBUG:colcon.colcon_core.event_reactor:joining thread
[1.257s] INFO:colcon.colcon_core.plugin_system:Skipping extension 'colcon_notification.desktop_notification.notify_send': Could not find 'notify-send'
[1.257s] INFO:colcon.colcon_core.plugin_system:Skipping extension 'colcon_notification.desktop_notification.terminal_notifier': Not used on non-Darwin systems
[1.258s] INFO:colcon.colcon_core.plugin_system:Skipping extension 'colcon_notification.desktop_notification.win32': Not used on non-Windows systems
[1.258s] INFO:colcon.colcon_notification.desktop_notification:Sending desktop notification using 'notify2'
[1.260s] DEBUG:colcon.colcon_notification.desktop_notification.notify2:Failed to initialize notify2: org.freedesktop.DBus.Error.NotSupported: Unable to autolaunch a dbus-daemon without a $DISPLAY for X11
[1.260s] DEBUG:colcon.colcon_core.event_reactor:joined thread
[1.261s] INFO:colcon.colcon_core.shell:Creating prefix script '/ros2_ws/opticore-amr/opticore-amr/ros2_ws/install/local_setup.ps1'
[1.264s] INFO:colcon.colcon_core.shell:Creating prefix util module '/ros2_ws/opticore-amr/opticore-amr/ros2_ws/install/_local_setup_util_ps1.py'
[1.268s] INFO:colcon.colcon_core.shell:Creating prefix chain script '/ros2_ws/opticore-amr/opticore-amr/ros2_ws/install/setup.ps1'
[1.270s] INFO:colcon.colcon_core.shell:Creating prefix script '/ros2_ws/opticore-amr/opticore-amr/ros2_ws/install/local_setup.sh'
[1.271s] INFO:colcon.colcon_core.shell:Creating prefix util module '/ros2_ws/opticore-amr/opticore-amr/ros2_ws/install/_local_setup_util_sh.py'
[1.271s] INFO:colcon.colcon_core.shell:Creating prefix chain script '/ros2_ws/opticore-amr/opticore-amr/ros2_ws/install/setup.sh'
[1.274s] INFO:colcon.colcon_core.shell:Creating prefix script '/ros2_ws/opticore-amr/opticore-amr/ros2_ws/install/local_setup.bash'
[1.275s] INFO:colcon.colcon_core.shell:Creating prefix chain script '/ros2_ws/opticore-amr/opticore-amr/ros2_ws/install/setup.bash'
[1.278s] INFO:colcon.colcon_core.shell:Creating prefix script '/ros2_ws/opticore-amr/opticore-amr/ros2_ws/install/local_setup.zsh'
[1.281s] INFO:colcon.colcon_core.shell:Creating prefix chain script '/ros2_ws/opticore-amr/opticore-amr/ros2_ws/install/setup.zsh'
