[1.768s] Invoking command in '/workspace/github/opticore-amr/ros2_ws/build/amr_slam': CMAKE_PREFIX_PATH=${CMAKE_PREFIX_PATH}:/workspace/github/opticore-amr/ros2_ws/install/amr_perception:/workspace/ros2_ws/install/amr_perception:/opt/ros/humble /usr/bin/cmake --build /workspace/github/opticore-amr/ros2_ws/build/amr_slam -- -j128 -l128
[3.258s] Invoked command in '/workspace/github/opticore-amr/ros2_ws/build/amr_slam' returned '0': CMAKE_PREFIX_PATH=${CMAKE_PREFIX_PATH}:/workspace/github/opticore-amr/ros2_ws/install/amr_perception:/workspace/ros2_ws/install/amr_perception:/opt/ros/humble /usr/bin/cmake --build /workspace/github/opticore-amr/ros2_ws/build/amr_slam -- -j128 -l128
[3.272s] Invoking command in '/workspace/github/opticore-amr/ros2_ws/build/amr_slam': CMAKE_PREFIX_PATH=${CMAKE_PREFIX_PATH}:/workspace/github/opticore-amr/ros2_ws/install/amr_perception:/workspace/ros2_ws/install/amr_perception:/opt/ros/humble /usr/bin/cmake --install /workspace/github/opticore-amr/ros2_ws/build/amr_slam
[3.302s] -- Install configuration: ""
[3.314s] -- Up-to-date: /workspace/github/opticore-amr/ros2_ws/install/amr_slam/share/ament_index/resource_index/package_run_dependencies/amr_slam
[3.322s] -- Up-to-date: /workspace/github/opticore-amr/ros2_ws/install/amr_slam/share/ament_index/resource_index/parent_prefix_path/amr_slam
[3.327s] -- Up-to-date: /workspace/github/opticore-amr/ros2_ws/install/amr_slam/share/amr_slam/environment/ament_prefix_path.sh
[3.334s] -- Up-to-date: /workspace/github/opticore-amr/ros2_ws/install/amr_slam/share/amr_slam/environment/ament_prefix_path.dsv
[3.337s] -- Up-to-date: /workspace/github/opticore-amr/ros2_ws/install/amr_slam/share/amr_slam/environment/path.sh
[3.344s] -- Up-to-date: /workspace/github/opticore-amr/ros2_ws/install/amr_slam/share/amr_slam/environment/path.dsv
[3.350s] -- Up-to-date: /workspace/github/opticore-amr/ros2_ws/install/amr_slam/share/amr_slam/local_setup.bash
[3.357s] -- Up-to-date: /workspace/github/opticore-amr/ros2_ws/install/amr_slam/share/amr_slam/local_setup.sh
[3.363s] -- Up-to-date: /workspace/github/opticore-amr/ros2_ws/install/amr_slam/share/amr_slam/local_setup.zsh
[3.370s] -- Up-to-date: /workspace/github/opticore-amr/ros2_ws/install/amr_slam/share/amr_slam/local_setup.dsv
[3.376s] -- Installing: /workspace/github/opticore-amr/ros2_ws/install/amr_slam/share/amr_slam/package.dsv
[3.434s] -- Up-to-date: /workspace/github/opticore-amr/ros2_ws/install/amr_slam/share/ament_index/resource_index/packages/amr_slam
[3.442s] -- Up-to-date: /workspace/github/opticore-amr/ros2_ws/install/amr_slam/share/amr_slam/cmake/amr_slamConfig.cmake
[3.449s] -- Up-to-date: /workspace/github/opticore-amr/ros2_ws/install/amr_slam/share/amr_slam/cmake/amr_slamConfig-version.cmake
[3.467s] -- Up-to-date: /workspace/github/opticore-amr/ros2_ws/install/amr_slam/share/amr_slam/package.xml
[3.916s] Invoked command in '/workspace/github/opticore-amr/ros2_ws/build/amr_slam' returned '0': CMAKE_PREFIX_PATH=${CMAKE_PREFIX_PATH}:/workspace/github/opticore-amr/ros2_ws/install/amr_perception:/workspace/ros2_ws/install/amr_perception:/opt/ros/humble /usr/bin/cmake --install /workspace/github/opticore-amr/ros2_ws/build/amr_slam
