[1.378s] Invoking command in '/workspace/github/opticore-amr/ros2_ws/build/amr_bringup': CMAKE_PREFIX_PATH=${CMAKE_PREFIX_PATH}:/workspace/github/opticore-amr/ros2_ws/install/amr_perception:/workspace/ros2_ws/install/amr_perception:/opt/ros/humble /usr/bin/cmake --build /workspace/github/opticore-amr/ros2_ws/build/amr_bringup -- -j128 -l128
[2.658s] Invoked command in '/workspace/github/opticore-amr/ros2_ws/build/amr_bringup' returned '0': CMAKE_PREFIX_PATH=${CMAKE_PREFIX_PATH}:/workspace/github/opticore-amr/ros2_ws/install/amr_perception:/workspace/ros2_ws/install/amr_perception:/opt/ros/humble /usr/bin/cmake --build /workspace/github/opticore-amr/ros2_ws/build/amr_bringup -- -j128 -l128
[2.700s] Invoking command in '/workspace/github/opticore-amr/ros2_ws/build/amr_bringup': CMAKE_PREFIX_PATH=${CMAKE_PREFIX_PATH}:/workspace/github/opticore-amr/ros2_ws/install/amr_perception:/workspace/ros2_ws/install/amr_perception:/opt/ros/humble /usr/bin/cmake --install /workspace/github/opticore-amr/ros2_ws/build/amr_bringup
[2.861s] -- Install configuration: ""
[2.862s] -- Up-to-date: /workspace/github/opticore-amr/ros2_ws/install/amr_bringup/share/amr_bringup//urdf
[2.863s] -- Up-to-date: /workspace/github/opticore-amr/ros2_ws/install/amr_bringup/share/amr_bringup//urdf/amr_robot.urdf.xacro
[2.863s] -- Up-to-date: /workspace/github/opticore-amr/ros2_ws/install/amr_bringup/share/amr_bringup//worlds
[2.863s] -- Up-to-date: /workspace/github/opticore-amr/ros2_ws/install/amr_bringup/share/amr_bringup//worlds/warehouse.world
[2.864s] -- Up-to-date: /workspace/github/opticore-amr/ros2_ws/install/amr_bringup/share/amr_bringup//launch
[2.864s] -- Up-to-date: /workspace/github/opticore-amr/ros2_ws/install/amr_bringup/share/amr_bringup//launch/slam.launch.py
[2.865s] -- Up-to-date: /workspace/github/opticore-amr/ros2_ws/install/amr_bringup/share/amr_bringup//launch/warehouse.launch.py
[2.865s] -- Up-to-date: /workspace/github/opticore-amr/ros2_ws/install/amr_bringup/share/amr_bringup//config
[2.866s] -- Up-to-date: /workspace/github/opticore-amr/ros2_ws/install/amr_bringup/share/amr_bringup//config/slam_params.yaml
[2.866s] -- Up-to-date: /workspace/github/opticore-amr/ros2_ws/install/amr_bringup/share/amr_bringup//config/ekf.yaml
[2.867s] -- Up-to-date: /workspace/github/opticore-amr/ros2_ws/install/amr_bringup/share/ament_index/resource_index/package_run_dependencies/amr_bringup
[2.867s] -- Up-to-date: /workspace/github/opticore-amr/ros2_ws/install/amr_bringup/share/ament_index/resource_index/parent_prefix_path/amr_bringup
[2.867s] -- Up-to-date: /workspace/github/opticore-amr/ros2_ws/install/amr_bringup/share/amr_bringup/environment/ament_prefix_path.sh
[2.868s] -- Up-to-date: /workspace/github/opticore-amr/ros2_ws/install/amr_bringup/share/amr_bringup/environment/ament_prefix_path.dsv
[2.868s] -- Up-to-date: /workspace/github/opticore-amr/ros2_ws/install/amr_bringup/share/amr_bringup/environment/path.sh
[2.869s] -- Up-to-date: /workspace/github/opticore-amr/ros2_ws/install/amr_bringup/share/amr_bringup/environment/path.dsv
[2.870s] -- Up-to-date: /workspace/github/opticore-amr/ros2_ws/install/amr_bringup/share/amr_bringup/local_setup.bash
[2.872s] -- Up-to-date: /workspace/github/opticore-amr/ros2_ws/install/amr_bringup/share/amr_bringup/local_setup.sh
[2.878s] -- Up-to-date: /workspace/github/opticore-amr/ros2_ws/install/amr_bringup/share/amr_bringup/local_setup.zsh
[2.885s] -- Up-to-date: /workspace/github/opticore-amr/ros2_ws/install/amr_bringup/share/amr_bringup/local_setup.dsv
[2.905s] -- Installing: /workspace/github/opticore-amr/ros2_ws/install/amr_bringup/share/amr_bringup/package.dsv
[2.949s] -- Up-to-date: /workspace/github/opticore-amr/ros2_ws/install/amr_bringup/share/ament_index/resource_index/packages/amr_bringup
[2.957s] -- Up-to-date: /workspace/github/opticore-amr/ros2_ws/install/amr_bringup/share/amr_bringup/cmake/amr_bringupConfig.cmake
[2.964s] -- Up-to-date: /workspace/github/opticore-amr/ros2_ws/install/amr_bringup/share/amr_bringup/cmake/amr_bringupConfig-version.cmake
[2.971s] -- Up-to-date: /workspace/github/opticore-amr/ros2_ws/install/amr_bringup/share/amr_bringup/package.xml
[2.990s] Invoked command in '/workspace/github/opticore-amr/ros2_ws/build/amr_bringup' returned '0': CMAKE_PREFIX_PATH=${CMAKE_PREFIX_PATH}:/workspace/github/opticore-amr/ros2_ws/install/amr_perception:/workspace/ros2_ws/install/amr_perception:/opt/ros/humble /usr/bin/cmake --install /workspace/github/opticore-amr/ros2_ws/build/amr_bringup
