[0.351s] Invoking command in '/ros2_ws/opticore-amr/opticore-amr/ros2_ws/build/amr_slam': CMAKE_PREFIX_PATH=${CMAKE_PREFIX_PATH}:/ros2_ws/opticore-amr/opticore-amr/ros2_ws/install/amr_perception:/opt/ros/humble /usr/bin/cmake --build /ros2_ws/opticore-amr/opticore-amr/ros2_ws/build/amr_slam -- -j10 -l10
[0.520s] -- Found ament_cmake: 1.3.14 (/opt/ros/humble/share/ament_cmake/cmake)
[0.860s] -- Found ament_lint_auto: 0.12.15 (/opt/ros/humble/share/ament_lint_auto/cmake)
[1.014s] -- Added test 'flake8' to check Python code syntax and style conventions
[1.017s] -- Added test 'lint_cmake' to check CMake code style
[1.020s] -- Added test 'pep257' to check Python code against some of the docstring style conventions in PEP 257
[1.039s] -- Added test 'xmllint' to check XML markup files
[1.046s] -- Configuring done
[1.086s] -- Generating done
[1.104s] -- Build files have been written to: /ros2_ws/opticore-amr/opticore-amr/ros2_ws/build/amr_slam
[1.191s] Invoked command in '/ros2_ws/opticore-amr/opticore-amr/ros2_ws/build/amr_slam' returned '0': CMAKE_PREFIX_PATH=${CMAKE_PREFIX_PATH}:/ros2_ws/opticore-amr/opticore-amr/ros2_ws/install/amr_perception:/opt/ros/humble /usr/bin/cmake --build /ros2_ws/opticore-amr/opticore-amr/ros2_ws/build/amr_slam -- -j10 -l10
[1.196s] Invoking command in '/ros2_ws/opticore-amr/opticore-amr/ros2_ws/build/amr_slam': CMAKE_PREFIX_PATH=${CMAKE_PREFIX_PATH}:/ros2_ws/opticore-amr/opticore-amr/ros2_ws/install/amr_perception:/opt/ros/humble /usr/bin/cmake --install /ros2_ws/opticore-amr/opticore-amr/ros2_ws/build/amr_slam
[1.236s] -- Install configuration: ""
[1.238s] -- Up-to-date: /ros2_ws/opticore-amr/opticore-amr/ros2_ws/install/amr_slam/lib/amr_slam/odom_covariance_injector.py
[1.238s] -- Installing: /ros2_ws/opticore-amr/opticore-amr/ros2_ws/install/amr_slam/lib/amr_slam/imu_covariance_injector.py
[1.240s] -- Up-to-date: /ros2_ws/opticore-amr/opticore-amr/ros2_ws/install/amr_slam/share/amr_slam/config
[1.241s] -- Up-to-date: /ros2_ws/opticore-amr/opticore-amr/ros2_ws/install/amr_slam/share/amr_slam/config/amcl_params.yaml
[1.241s] -- Up-to-date: /ros2_ws/opticore-amr/opticore-amr/ros2_ws/install/amr_slam/share/amr_slam/config/.gitkeep
[1.242s] -- Up-to-date: /ros2_ws/opticore-amr/opticore-amr/ros2_ws/install/amr_slam/share/amr_slam/config/slam_params.yaml
[1.242s] -- Up-to-date: /ros2_ws/opticore-amr/opticore-amr/ros2_ws/install/amr_slam/share/amr_slam/launch
[1.242s] -- Up-to-date: /ros2_ws/opticore-amr/opticore-amr/ros2_ws/install/amr_slam/share/amr_slam/launch/.gitkeep
[1.243s] -- Up-to-date: /ros2_ws/opticore-amr/opticore-amr/ros2_ws/install/amr_slam/share/amr_slam/launch/slam.launch.py
[1.243s] -- Up-to-date: /ros2_ws/opticore-amr/opticore-amr/ros2_ws/install/amr_slam/share/amr_slam/launch/localization.launch.py
[1.243s] -- Up-to-date: /ros2_ws/opticore-amr/opticore-amr/ros2_ws/install/amr_slam/share/ament_index/resource_index/package_run_dependencies/amr_slam
[1.244s] -- Installing: /ros2_ws/opticore-amr/opticore-amr/ros2_ws/install/amr_slam/share/ament_index/resource_index/parent_prefix_path/amr_slam
[1.245s] -- Installing: /ros2_ws/opticore-amr/opticore-amr/ros2_ws/install/amr_slam/share/amr_slam/environment/ament_prefix_path.dsv
[1.246s] -- Installing: /ros2_ws/opticore-amr/opticore-amr/ros2_ws/install/amr_slam/share/amr_slam/environment/path.dsv
[1.247s] -- Up-to-date: /ros2_ws/opticore-amr/opticore-amr/ros2_ws/install/amr_slam/share/amr_slam/local_setup.bash
[1.247s] -- Up-to-date: /ros2_ws/opticore-amr/opticore-amr/ros2_ws/install/amr_slam/share/amr_slam/local_setup.sh
[1.248s] -- Up-to-date: /ros2_ws/opticore-amr/opticore-amr/ros2_ws/install/amr_slam/share/amr_slam/local_setup.zsh
[1.248s] -- Installing: /ros2_ws/opticore-amr/opticore-amr/ros2_ws/install/amr_slam/share/amr_slam/local_setup.dsv
[1.249s] -- Installing: /ros2_ws/opticore-amr/opticore-amr/ros2_ws/install/amr_slam/share/amr_slam/package.dsv
[1.250s] -- Up-to-date: /ros2_ws/opticore-amr/opticore-amr/ros2_ws/install/amr_slam/share/ament_index/resource_index/packages/amr_slam
[1.250s] -- Up-to-date: /ros2_ws/opticore-amr/opticore-amr/ros2_ws/install/amr_slam/share/amr_slam/cmake/amr_slamConfig.cmake
[1.251s] -- Up-to-date: /ros2_ws/opticore-amr/opticore-amr/ros2_ws/install/amr_slam/share/amr_slam/cmake/amr_slamConfig-version.cmake
[1.253s] -- Up-to-date: /ros2_ws/opticore-amr/opticore-amr/ros2_ws/install/amr_slam/share/amr_slam/package.xml
[1.256s] Invoked command in '/ros2_ws/opticore-amr/opticore-amr/ros2_ws/build/amr_slam' returned '0': CMAKE_PREFIX_PATH=${CMAKE_PREFIX_PATH}:/ros2_ws/opticore-amr/opticore-amr/ros2_ws/install/amr_perception:/opt/ros/humble /usr/bin/cmake --install /ros2_ws/opticore-amr/opticore-amr/ros2_ws/build/amr_slam
