[0.579s] Invoking command in '/workspace/github/opticore-amr/ros2_ws/src/build/amr_bringup': CMAKE_PREFIX_PATH=${CMAKE_PREFIX_PATH}:/workspace/ros2_ws/install/amr_perception:/opt/ros/humble /usr/bin/cmake --build /workspace/github/opticore-amr/ros2_ws/src/build/amr_bringup -- -j128 -l128
[1.233s] Invoked command in '/workspace/github/opticore-amr/ros2_ws/src/build/amr_bringup' returned '0': CMAKE_PREFIX_PATH=${CMAKE_PREFIX_PATH}:/workspace/ros2_ws/install/amr_perception:/opt/ros/humble /usr/bin/cmake --build /workspace/github/opticore-amr/ros2_ws/src/build/amr_bringup -- -j128 -l128
[1.287s] Invoking command in '/workspace/github/opticore-amr/ros2_ws/src/build/amr_bringup': CMAKE_PREFIX_PATH=${CMAKE_PREFIX_PATH}:/workspace/ros2_ws/install/amr_perception:/opt/ros/humble /usr/bin/cmake --install /workspace/github/opticore-amr/ros2_ws/src/build/amr_bringup
[1.362s] -- Install configuration: ""
[1.363s] -- Up-to-date: /workspace/github/opticore-amr/ros2_ws/src/install/amr_bringup/share/amr_bringup//urdf
[1.363s] -- Up-to-date: /workspace/github/opticore-amr/ros2_ws/src/install/amr_bringup/share/amr_bringup//urdf/amr_robot.urdf.xacro
[1.363s] -- Up-to-date: /workspace/github/opticore-amr/ros2_ws/src/install/amr_bringup/share/amr_bringup//worlds
[1.364s] -- Up-to-date: /workspace/github/opticore-amr/ros2_ws/src/install/amr_bringup/share/amr_bringup//worlds/warehouse.world
[1.364s] -- Up-to-date: /workspace/github/opticore-amr/ros2_ws/src/install/amr_bringup/share/amr_bringup//launch
[1.364s] -- Up-to-date: /workspace/github/opticore-amr/ros2_ws/src/install/amr_bringup/share/amr_bringup//launch/warehouse.launch.py
[1.364s] -- Up-to-date: /workspace/github/opticore-amr/ros2_ws/src/install/amr_bringup/share/amr_bringup//launch/slam.launch.py
[1.365s] -- Up-to-date: /workspace/github/opticore-amr/ros2_ws/src/install/amr_bringup/share/amr_bringup//config
[1.365s] -- Up-to-date: /workspace/github/opticore-amr/ros2_ws/src/install/amr_bringup/share/amr_bringup//config/install
[1.365s] -- Up-to-date: /workspace/github/opticore-amr/ros2_ws/src/install/amr_bringup/share/amr_bringup//config/install/setup.zsh
[1.366s] -- Up-to-date: /workspace/github/opticore-amr/ros2_ws/src/install/amr_bringup/share/amr_bringup//config/install/local_setup.zsh
[1.367s] -- Up-to-date: /workspace/github/opticore-amr/ros2_ws/src/install/amr_bringup/share/amr_bringup//config/install/setup.bash
[1.372s] -- Up-to-date: /workspace/github/opticore-amr/ros2_ws/src/install/amr_bringup/share/amr_bringup//config/install/local_setup.bash
[1.377s] -- Up-to-date: /workspace/github/opticore-amr/ros2_ws/src/install/amr_bringup/share/amr_bringup//config/install/setup.sh
[1.382s] -- Up-to-date: /workspace/github/opticore-amr/ros2_ws/src/install/amr_bringup/share/amr_bringup//config/install/_local_setup_util_sh.py
[1.389s] -- Up-to-date: /workspace/github/opticore-amr/ros2_ws/src/install/amr_bringup/share/amr_bringup//config/install/local_setup.sh
[1.393s] -- Up-to-date: /workspace/github/opticore-amr/ros2_ws/src/install/amr_bringup/share/amr_bringup//config/install/setup.ps1
[1.399s] -- Up-to-date: /workspace/github/opticore-amr/ros2_ws/src/install/amr_bringup/share/amr_bringup//config/install/_local_setup_util_ps1.py
[1.416s] -- Up-to-date: /workspace/github/opticore-amr/ros2_ws/src/install/amr_bringup/share/amr_bringup//config/install/local_setup.ps1
[1.417s] -- Up-to-date: /workspace/github/opticore-amr/ros2_ws/src/install/amr_bringup/share/amr_bringup//config/install/COLCON_IGNORE
[1.420s] -- Up-to-date: /workspace/github/opticore-amr/ros2_ws/src/install/amr_bringup/share/amr_bringup//config/install/.colcon_install_layout
[1.420s] -- Up-to-date: /workspace/github/opticore-amr/ros2_ws/src/install/amr_bringup/share/amr_bringup//config/build
[1.425s] -- Up-to-date: /workspace/github/opticore-amr/ros2_ws/src/install/amr_bringup/share/amr_bringup//config/build/COLCON_IGNORE
[1.430s] -- Up-to-date: /workspace/github/opticore-amr/ros2_ws/src/install/amr_bringup/share/amr_bringup//config/build/.built_by
[1.445s] -- Up-to-date: /workspace/github/opticore-amr/ros2_ws/src/install/amr_bringup/share/amr_bringup//config/log
[1.462s] -- Up-to-date: /workspace/github/opticore-amr/ros2_ws/src/install/amr_bringup/share/amr_bringup//config/log/latest_build
[1.462s] -- Up-to-date: /workspace/github/opticore-amr/ros2_ws/src/install/amr_bringup/share/amr_bringup//config/log/build_2026-04-29_07-42-02
[1.464s] -- Up-to-date: /workspace/github/opticore-amr/ros2_ws/src/install/amr_bringup/share/amr_bringup//config/log/build_2026-04-29_07-42-02/events.log
[1.467s] -- Up-to-date: /workspace/github/opticore-amr/ros2_ws/src/install/amr_bringup/share/amr_bringup//config/log/build_2026-04-29_07-42-02/logger_all.log
[1.474s] -- Up-to-date: /workspace/github/opticore-amr/ros2_ws/src/install/amr_bringup/share/amr_bringup//config/log/latest
[1.478s] -- Up-to-date: /workspace/github/opticore-amr/ros2_ws/src/install/amr_bringup/share/amr_bringup//config/log/COLCON_IGNORE
[1.481s] -- Up-to-date: /workspace/github/opticore-amr/ros2_ws/src/install/amr_bringup/share/amr_bringup//config/log/build_2026-04-29_07-39-30
[1.487s] -- Up-to-date: /workspace/github/opticore-amr/ros2_ws/src/install/amr_bringup/share/amr_bringup//config/log/build_2026-04-29_07-39-30/events.log
[1.492s] -- Up-to-date: /workspace/github/opticore-amr/ros2_ws/src/install/amr_bringup/share/amr_bringup//config/log/build_2026-04-29_07-39-30/logger_all.log
[1.498s] -- Up-to-date: /workspace/github/opticore-amr/ros2_ws/src/install/amr_bringup/share/amr_bringup//config/slam_params.yaml
[1.503s] -- Installing: /workspace/github/opticore-amr/ros2_ws/src/install/amr_bringup/share/amr_bringup//config/ekf.yaml
[1.531s] -- Up-to-date: /workspace/github/opticore-amr/ros2_ws/src/install/amr_bringup/lib/amr_bringup/dynamic_obstacle_mover.py
[1.538s] -- Up-to-date: /workspace/github/opticore-amr/ros2_ws/src/install/amr_bringup/share/ament_index/resource_index/package_run_dependencies/amr_bringup
[1.544s] -- Up-to-date: /workspace/github/opticore-amr/ros2_ws/src/install/amr_bringup/share/ament_index/resource_index/parent_prefix_path/amr_bringup
[1.564s] -- Up-to-date: /workspace/github/opticore-amr/ros2_ws/src/install/amr_bringup/share/amr_bringup/environment/ament_prefix_path.sh
[1.569s] -- Up-to-date: /workspace/github/opticore-amr/ros2_ws/src/install/amr_bringup/share/amr_bringup/environment/ament_prefix_path.dsv
[1.572s] -- Up-to-date: /workspace/github/opticore-amr/ros2_ws/src/install/amr_bringup/share/amr_bringup/environment/path.sh
[1.577s] -- Up-to-date: /workspace/github/opticore-amr/ros2_ws/src/install/amr_bringup/share/amr_bringup/environment/path.dsv
[1.584s] -- Up-to-date: /workspace/github/opticore-amr/ros2_ws/src/install/amr_bringup/share/amr_bringup/local_setup.bash
[1.589s] -- Up-to-date: /workspace/github/opticore-amr/ros2_ws/src/install/amr_bringup/share/amr_bringup/local_setup.sh
[1.595s] -- Up-to-date: /workspace/github/opticore-amr/ros2_ws/src/install/amr_bringup/share/amr_bringup/local_setup.zsh
[1.602s] -- Up-to-date: /workspace/github/opticore-amr/ros2_ws/src/install/amr_bringup/share/amr_bringup/local_setup.dsv
[1.608s] -- Installing: /workspace/github/opticore-amr/ros2_ws/src/install/amr_bringup/share/amr_bringup/package.dsv
[1.644s] -- Up-to-date: /workspace/github/opticore-amr/ros2_ws/src/install/amr_bringup/share/ament_index/resource_index/packages/amr_bringup
[1.667s] -- Up-to-date: /workspace/github/opticore-amr/ros2_ws/src/install/amr_bringup/share/amr_bringup/cmake/amr_bringupConfig.cmake
[1.670s] -- Up-to-date: /workspace/github/opticore-amr/ros2_ws/src/install/amr_bringup/share/amr_bringup/cmake/amr_bringupConfig-version.cmake
[1.677s] -- Up-to-date: /workspace/github/opticore-amr/ros2_ws/src/install/amr_bringup/share/amr_bringup/package.xml
[2.843s] Invoked command in '/workspace/github/opticore-amr/ros2_ws/src/build/amr_bringup' returned '0': CMAKE_PREFIX_PATH=${CMAKE_PREFIX_PATH}:/workspace/ros2_ws/install/amr_perception:/opt/ros/humble /usr/bin/cmake --install /workspace/github/opticore-amr/ros2_ws/src/build/amr_bringup
