[0.914s] Invoking command in '/workspace/github/opticore-amr/ros2_ws/src/build/amr_slam': CMAKE_PREFIX_PATH=${CMAKE_PREFIX_PATH}:/workspace/ros2_ws/install/amr_perception:/opt/ros/humble /usr/bin/cmake --build /workspace/github/opticore-amr/ros2_ws/src/build/amr_slam -- -j112 -l112
[1.883s] Invoked command in '/workspace/github/opticore-amr/ros2_ws/src/build/amr_slam' returned '0': CMAKE_PREFIX_PATH=${CMAKE_PREFIX_PATH}:/workspace/ros2_ws/install/amr_perception:/opt/ros/humble /usr/bin/cmake --build /workspace/github/opticore-amr/ros2_ws/src/build/amr_slam -- -j112 -l112
[1.894s] Invoking command in '/workspace/github/opticore-amr/ros2_ws/src/build/amr_slam': CMAKE_PREFIX_PATH=${CMAKE_PREFIX_PATH}:/workspace/ros2_ws/install/amr_perception:/opt/ros/humble /usr/bin/cmake --install /workspace/github/opticore-amr/ros2_ws/src/build/amr_slam
[2.452s] -- Install configuration: ""
[2.453s] -- Up-to-date: /workspace/github/opticore-amr/ros2_ws/src/install/amr_slam/share/ament_index/resource_index/package_run_dependencies/amr_slam
[2.478s] -- Up-to-date: /workspace/github/opticore-amr/ros2_ws/src/install/amr_slam/share/ament_index/resource_index/parent_prefix_path/amr_slam
[2.480s] -- Up-to-date: /workspace/github/opticore-amr/ros2_ws/src/install/amr_slam/share/amr_slam/environment/ament_prefix_path.sh
[2.481s] -- Up-to-date: /workspace/github/opticore-amr/ros2_ws/src/install/amr_slam/share/amr_slam/environment/ament_prefix_path.dsv
[2.481s] -- Up-to-date: /workspace/github/opticore-amr/ros2_ws/src/install/amr_slam/share/amr_slam/environment/path.sh
[2.482s] -- Up-to-date: /workspace/github/opticore-amr/ros2_ws/src/install/amr_slam/share/amr_slam/environment/path.dsv
[2.483s] -- Up-to-date: /workspace/github/opticore-amr/ros2_ws/src/install/amr_slam/share/amr_slam/local_setup.bash
[2.483s] -- Up-to-date: /workspace/github/opticore-amr/ros2_ws/src/install/amr_slam/share/amr_slam/local_setup.sh
[2.483s] -- Up-to-date: /workspace/github/opticore-amr/ros2_ws/src/install/amr_slam/share/amr_slam/local_setup.zsh
[2.484s] -- Up-to-date: /workspace/github/opticore-amr/ros2_ws/src/install/amr_slam/share/amr_slam/local_setup.dsv
[2.484s] -- Installing: /workspace/github/opticore-amr/ros2_ws/src/install/amr_slam/share/amr_slam/package.dsv
[2.485s] -- Up-to-date: /workspace/github/opticore-amr/ros2_ws/src/install/amr_slam/share/ament_index/resource_index/packages/amr_slam
[2.485s] -- Up-to-date: /workspace/github/opticore-amr/ros2_ws/src/install/amr_slam/share/amr_slam/cmake/amr_slamConfig.cmake
[2.485s] -- Up-to-date: /workspace/github/opticore-amr/ros2_ws/src/install/amr_slam/share/amr_slam/cmake/amr_slamConfig-version.cmake
[2.486s] -- Up-to-date: /workspace/github/opticore-amr/ros2_ws/src/install/amr_slam/share/amr_slam/package.xml
[2.499s] Invoked command in '/workspace/github/opticore-amr/ros2_ws/src/build/amr_slam' returned '0': CMAKE_PREFIX_PATH=${CMAKE_PREFIX_PATH}:/workspace/ros2_ws/install/amr_perception:/opt/ros/humble /usr/bin/cmake --install /workspace/github/opticore-amr/ros2_ws/src/build/amr_slam
