[0.455s] Invoking command in '/workspace/github/opticore-amr/ros2_ws/src/build/amr_fleet': CMAKE_PREFIX_PATH=${CMAKE_PREFIX_PATH}:/workspace/ros2_ws/install/amr_perception:/opt/ros/humble /usr/bin/cmake /workspace/github/opticore-amr/ros2_ws/src/amr_fleet -DCMAKE_INSTALL_PREFIX=/workspace/github/opticore-amr/ros2_ws/src/install/amr_fleet
[0.997s] -- The C compiler identification is GNU 11.4.0
[1.089s] -- The CXX compiler identification is GNU 11.4.0
[1.183s] -- Detecting C compiler ABI info
[1.830s] -- Detecting C compiler ABI info - done
[1.888s] -- Check for working C compiler: /usr/bin/cc - skipped
[1.888s] -- Detecting C compile features
[1.888s] -- Detecting C compile features - done
[1.929s] -- Detecting CXX compiler ABI info
[2.616s] -- Detecting CXX compiler ABI info - done
[2.670s] -- Check for working CXX compiler: /usr/bin/c++ - skipped
[2.671s] -- Detecting CXX compile features
[2.672s] -- Detecting CXX compile features - done
[2.899s] -- Found ament_cmake: 1.3.14 (/opt/ros/humble/share/ament_cmake/cmake)
[3.817s] -- Found Python3: /usr/bin/python3 (found version "3.10.12") found components: Interpreter 
[6.231s] -- Found rclcpp: 16.0.19 (/opt/ros/humble/share/rclcpp/cmake)
[7.702s] -- Found rosidl_generator_c: 3.1.8 (/opt/ros/humble/share/rosidl_generator_c/cmake)
[7.977s] -- Found rosidl_adapter: 3.1.8 (/opt/ros/humble/share/rosidl_adapter/cmake)
[8.203s] -- Found rosidl_generator_cpp: 3.1.8 (/opt/ros/humble/share/rosidl_generator_cpp/cmake)
[8.454s] -- Using all available rosidl_typesupport_c: rosidl_typesupport_fastrtps_c;rosidl_typesupport_introspection_c
[8.789s] -- Using all available rosidl_typesupport_cpp: rosidl_typesupport_fastrtps_cpp;rosidl_typesupport_introspection_cpp
[10.071s] -- Found rmw_implementation_cmake: 6.1.2 (/opt/ros/humble/share/rmw_implementation_cmake/cmake)
[10.182s] -- Found rmw_fastrtps_cpp: 6.2.10 (/opt/ros/humble/share/rmw_fastrtps_cpp/cmake)
[11.148s] -- Found OpenSSL: /usr/lib/x86_64-linux-gnu/libcrypto.so (found version "3.0.2")  
[11.330s] -- Found FastRTPS: /opt/ros/humble/include  
[11.705s] -- Using RMW implementation 'rmw_fastrtps_cpp' as default
[12.074s] -- Looking for pthread.h
[12.804s] -- Looking for pthread.h - found
[12.822s] -- Performing Test CMAKE_HAVE_LIBC_PTHREAD
[13.713s] -- Performing Test CMAKE_HAVE_LIBC_PTHREAD - Success
[13.721s] -- Found Threads: TRUE  
[14.429s] -- Found geometry_msgs: 4.9.1 (/opt/ros/humble/share/geometry_msgs/cmake)
[14.559s] -- Found nav_msgs: 4.9.1 (/opt/ros/humble/share/nav_msgs/cmake)
[14.711s] -- Found ament_lint_auto: 0.12.15 (/opt/ros/humble/share/ament_lint_auto/cmake)
[16.095s] -- Added test 'lint_cmake' to check CMake code style
[16.299s] -- Added test 'xmllint' to check XML markup files
[16.506s] -- Configuring done
[16.901s] -- Generating done
[17.209s] -- Build files have been written to: /workspace/github/opticore-amr/ros2_ws/src/build/amr_fleet
[17.225s] Invoked command in '/workspace/github/opticore-amr/ros2_ws/src/build/amr_fleet' returned '0': CMAKE_PREFIX_PATH=${CMAKE_PREFIX_PATH}:/workspace/ros2_ws/install/amr_perception:/opt/ros/humble /usr/bin/cmake /workspace/github/opticore-amr/ros2_ws/src/amr_fleet -DCMAKE_INSTALL_PREFIX=/workspace/github/opticore-amr/ros2_ws/src/install/amr_fleet
[17.256s] Invoking command in '/workspace/github/opticore-amr/ros2_ws/src/build/amr_fleet': CMAKE_PREFIX_PATH=${CMAKE_PREFIX_PATH}:/workspace/ros2_ws/install/amr_perception:/opt/ros/humble /usr/bin/cmake --build /workspace/github/opticore-amr/ros2_ws/src/build/amr_fleet -- -j112 -l112
[17.401s] Invoked command in '/workspace/github/opticore-amr/ros2_ws/src/build/amr_fleet' returned '0': CMAKE_PREFIX_PATH=${CMAKE_PREFIX_PATH}:/workspace/ros2_ws/install/amr_perception:/opt/ros/humble /usr/bin/cmake --build /workspace/github/opticore-amr/ros2_ws/src/build/amr_fleet -- -j112 -l112
[17.419s] Invoking command in '/workspace/github/opticore-amr/ros2_ws/src/build/amr_fleet': CMAKE_PREFIX_PATH=${CMAKE_PREFIX_PATH}:/workspace/ros2_ws/install/amr_perception:/opt/ros/humble /usr/bin/cmake --install /workspace/github/opticore-amr/ros2_ws/src/build/amr_fleet
[17.446s] -- Install configuration: ""
[17.460s] -- Installing: /workspace/github/opticore-amr/ros2_ws/src/install/amr_fleet/share/ament_index/resource_index/package_run_dependencies/amr_fleet
[17.499s] -- Installing: /workspace/github/opticore-amr/ros2_ws/src/install/amr_fleet/share/ament_index/resource_index/parent_prefix_path/amr_fleet
[17.551s] -- Installing: /workspace/github/opticore-amr/ros2_ws/src/install/amr_fleet/share/amr_fleet/environment/ament_prefix_path.sh
[17.582s] -- Installing: /workspace/github/opticore-amr/ros2_ws/src/install/amr_fleet/share/amr_fleet/environment/ament_prefix_path.dsv
[17.614s] -- Installing: /workspace/github/opticore-amr/ros2_ws/src/install/amr_fleet/share/amr_fleet/environment/path.sh
[17.656s] -- Installing: /workspace/github/opticore-amr/ros2_ws/src/install/amr_fleet/share/amr_fleet/environment/path.dsv
[17.688s] -- Installing: /workspace/github/opticore-amr/ros2_ws/src/install/amr_fleet/share/amr_fleet/local_setup.bash
[17.722s] -- Installing: /workspace/github/opticore-amr/ros2_ws/src/install/amr_fleet/share/amr_fleet/local_setup.sh
[17.770s] -- Installing: /workspace/github/opticore-amr/ros2_ws/src/install/amr_fleet/share/amr_fleet/local_setup.zsh
[17.805s] -- Installing: /workspace/github/opticore-amr/ros2_ws/src/install/amr_fleet/share/amr_fleet/local_setup.dsv
[17.855s] -- Installing: /workspace/github/opticore-amr/ros2_ws/src/install/amr_fleet/share/amr_fleet/package.dsv
[17.901s] -- Installing: /workspace/github/opticore-amr/ros2_ws/src/install/amr_fleet/share/ament_index/resource_index/packages/amr_fleet
[17.949s] -- Installing: /workspace/github/opticore-amr/ros2_ws/src/install/amr_fleet/share/amr_fleet/cmake/amr_fleetConfig.cmake
[17.983s] -- Installing: /workspace/github/opticore-amr/ros2_ws/src/install/amr_fleet/share/amr_fleet/cmake/amr_fleetConfig-version.cmake
[18.017s] -- Installing: /workspace/github/opticore-amr/ros2_ws/src/install/amr_fleet/share/amr_fleet/package.xml
[18.070s] Invoked command in '/workspace/github/opticore-amr/ros2_ws/src/build/amr_fleet' returned '0': CMAKE_PREFIX_PATH=${CMAKE_PREFIX_PATH}:/workspace/ros2_ws/install/amr_perception:/opt/ros/humble /usr/bin/cmake --install /workspace/github/opticore-amr/ros2_ws/src/build/amr_fleet
