running egg_info
creating ../../build/amr_perception/amr_perception.egg-info
writing ../../build/amr_perception/amr_perception.egg-info/PKG-INFO
writing dependency_links to ../../build/amr_perception/amr_perception.egg-info/dependency_links.txt
writing requirements to ../../build/amr_perception/amr_perception.egg-info/requires.txt
writing top-level names to ../../build/amr_perception/amr_perception.egg-info/top_level.txt
writing manifest file '../../build/amr_perception/amr_perception.egg-info/SOURCES.txt'
reading manifest file '../../build/amr_perception/amr_perception.egg-info/SOURCES.txt'
writing manifest file '../../build/amr_perception/amr_perception.egg-info/SOURCES.txt'
running build
running build_py
creating /workspace/github/opticore-amr/ros2_ws/build/amr_perception/build/lib/amr_perception
copying amr_perception/yolo_detector.py -> /workspace/github/opticore-amr/ros2_ws/build/amr_perception/build/lib/amr_perception
copying amr_perception/object_tracker.py -> /workspace/github/opticore-amr/ros2_ws/build/amr_perception/build/lib/amr_perception
copying amr_perception/__init__.py -> /workspace/github/opticore-amr/ros2_ws/build/amr_perception/build/lib/amr_perception
running install
running install_lib
creating /workspace/github/opticore-amr/ros2_ws/install/amr_perception/lib/python3.10/site-packages/amr_perception
copying /workspace/github/opticore-amr/ros2_ws/build/amr_perception/build/lib/amr_perception/__init__.py -> /workspace/github/opticore-amr/ros2_ws/install/amr_perception/lib/python3.10/site-packages/amr_perception
copying /workspace/github/opticore-amr/ros2_ws/build/amr_perception/build/lib/amr_perception/object_tracker.py -> /workspace/github/opticore-amr/ros2_ws/install/amr_perception/lib/python3.10/site-packages/amr_perception
copying /workspace/github/opticore-amr/ros2_ws/build/amr_perception/build/lib/amr_perception/yolo_detector.py -> /workspace/github/opticore-amr/ros2_ws/install/amr_perception/lib/python3.10/site-packages/amr_perception
byte-compiling /workspace/github/opticore-amr/ros2_ws/install/amr_perception/lib/python3.10/site-packages/amr_perception/__init__.py to __init__.cpython-310.pyc
byte-compiling /workspace/github/opticore-amr/ros2_ws/install/amr_perception/lib/python3.10/site-packages/amr_perception/object_tracker.py to object_tracker.cpython-310.pyc
byte-compiling /workspace/github/opticore-amr/ros2_ws/install/amr_perception/lib/python3.10/site-packages/amr_perception/yolo_detector.py to yolo_detector.cpython-310.pyc
running install_data
creating /workspace/github/opticore-amr/ros2_ws/install/amr_perception/share/ament_index/resource_index/packages
copying resource/amr_perception -> /workspace/github/opticore-amr/ros2_ws/install/amr_perception/share/ament_index/resource_index/packages
copying package.xml -> /workspace/github/opticore-amr/ros2_ws/install/amr_perception/share/amr_perception
running install_egg_info
Copying ../../build/amr_perception/amr_perception.egg-info to /workspace/github/opticore-amr/ros2_ws/install/amr_perception/lib/python3.10/site-packages/amr_perception-0.0.0-py3.10.egg-info
running install_scripts
writing list of installed files to '/workspace/github/opticore-amr/ros2_ws/build/amr_perception/install.log'
