[2.814s] Invoking command in '/workspace/github/opticore-amr/ros2_ws/src/amr_perception': PYTHONPATH=/workspace/github/opticore-amr/ros2_ws/build/amr_perception/prefix_override:/usr/lib/python3/dist-packages/colcon_core/task/python/colcon_distutils_commands:/workspace/github/opticore-amr/ros2_ws/install/amr_perception/lib/python3.10/site-packages:${PYTHONPATH} /usr/bin/python3 -W ignore:setup.py install is deprecated -W ignore:easy_install command is deprecated setup.py egg_info --egg-base ../../build/amr_perception build --build-base /workspace/github/opticore-amr/ros2_ws/build/amr_perception/build install --record /workspace/github/opticore-amr/ros2_ws/build/amr_perception/install.log --single-version-externally-managed install_data
[3.810s] running egg_info
[3.829s] creating ../../build/amr_perception/amr_perception.egg-info
[3.832s] writing ../../build/amr_perception/amr_perception.egg-info/PKG-INFO
[3.896s] writing dependency_links to ../../build/amr_perception/amr_perception.egg-info/dependency_links.txt
[3.917s] writing requirements to ../../build/amr_perception/amr_perception.egg-info/requires.txt
[3.932s] writing top-level names to ../../build/amr_perception/amr_perception.egg-info/top_level.txt
[3.947s] writing manifest file '../../build/amr_perception/amr_perception.egg-info/SOURCES.txt'
[4.086s] reading manifest file '../../build/amr_perception/amr_perception.egg-info/SOURCES.txt'
[4.112s] writing manifest file '../../build/amr_perception/amr_perception.egg-info/SOURCES.txt'
[4.122s] running build
[4.123s] running build_py
[4.125s] creating /workspace/github/opticore-amr/ros2_ws/build/amr_perception/build/lib/amr_perception
[4.132s] copying amr_perception/yolo_detector.py -> /workspace/github/opticore-amr/ros2_ws/build/amr_perception/build/lib/amr_perception
[4.152s] copying amr_perception/object_tracker.py -> /workspace/github/opticore-amr/ros2_ws/build/amr_perception/build/lib/amr_perception
[4.191s] copying amr_perception/__init__.py -> /workspace/github/opticore-amr/ros2_ws/build/amr_perception/build/lib/amr_perception
[4.202s] running install
[4.211s] running install_lib
[4.278s] creating /workspace/github/opticore-amr/ros2_ws/install/amr_perception/lib/python3.10/site-packages/amr_perception
[4.283s] copying /workspace/github/opticore-amr/ros2_ws/build/amr_perception/build/lib/amr_perception/__init__.py -> /workspace/github/opticore-amr/ros2_ws/install/amr_perception/lib/python3.10/site-packages/amr_perception
[4.293s] copying /workspace/github/opticore-amr/ros2_ws/build/amr_perception/build/lib/amr_perception/object_tracker.py -> /workspace/github/opticore-amr/ros2_ws/install/amr_perception/lib/python3.10/site-packages/amr_perception
[4.317s] copying /workspace/github/opticore-amr/ros2_ws/build/amr_perception/build/lib/amr_perception/yolo_detector.py -> /workspace/github/opticore-amr/ros2_ws/install/amr_perception/lib/python3.10/site-packages/amr_perception
[4.340s] byte-compiling /workspace/github/opticore-amr/ros2_ws/install/amr_perception/lib/python3.10/site-packages/amr_perception/__init__.py to __init__.cpython-310.pyc
[4.379s] byte-compiling /workspace/github/opticore-amr/ros2_ws/install/amr_perception/lib/python3.10/site-packages/amr_perception/object_tracker.py to object_tracker.cpython-310.pyc
[4.403s] byte-compiling /workspace/github/opticore-amr/ros2_ws/install/amr_perception/lib/python3.10/site-packages/amr_perception/yolo_detector.py to yolo_detector.cpython-310.pyc
[4.436s] running install_data
[4.438s] creating /workspace/github/opticore-amr/ros2_ws/install/amr_perception/share/ament_index/resource_index/packages
[4.447s] copying resource/amr_perception -> /workspace/github/opticore-amr/ros2_ws/install/amr_perception/share/ament_index/resource_index/packages
[4.475s] copying package.xml -> /workspace/github/opticore-amr/ros2_ws/install/amr_perception/share/amr_perception
[4.496s] running install_egg_info
[4.544s] Copying ../../build/amr_perception/amr_perception.egg-info to /workspace/github/opticore-amr/ros2_ws/install/amr_perception/lib/python3.10/site-packages/amr_perception-0.0.0-py3.10.egg-info
[4.727s] running install_scripts
[4.829s] writing list of installed files to '/workspace/github/opticore-amr/ros2_ws/build/amr_perception/install.log'
[4.881s] Invoked command in '/workspace/github/opticore-amr/ros2_ws/src/amr_perception' returned '0': PYTHONPATH=/workspace/github/opticore-amr/ros2_ws/build/amr_perception/prefix_override:/usr/lib/python3/dist-packages/colcon_core/task/python/colcon_distutils_commands:/workspace/github/opticore-amr/ros2_ws/install/amr_perception/lib/python3.10/site-packages:${PYTHONPATH} /usr/bin/python3 -W ignore:setup.py install is deprecated -W ignore:easy_install command is deprecated setup.py egg_info --egg-base ../../build/amr_perception build --build-base /workspace/github/opticore-amr/ros2_ws/build/amr_perception/build install --record /workspace/github/opticore-amr/ros2_ws/build/amr_perception/install.log --single-version-externally-managed install_data
