-- Found ament_cmake: 1.3.14 (/opt/ros/humble/share/ament_cmake/cmake)
-- Override CMake install command with custom implementation using symlinks instead of copying resources
-- Configuring done
-- Generating done
-- Build files have been written to: /workspace/github/opticore-amr/ros2_ws/build/amr_bringup
-- Install configuration: ""
-- Execute custom install script
-- Symlinking: /workspace/github/opticore-amr/ros2_ws/install/amr_bringup/share/amr_bringup//urdf/amr_robot.urdf.xacro
-- Symlinking: /workspace/github/opticore-amr/ros2_ws/install/amr_bringup/share/amr_bringup//worlds/warehouse.world
-- Symlinking: /workspace/github/opticore-amr/ros2_ws/install/amr_bringup/share/amr_bringup//launch/warehouse.launch.py
-- Symlinking: /workspace/github/opticore-amr/ros2_ws/install/amr_bringup/share/amr_bringup//config/build/.built_by
-- Symlinking: /workspace/github/opticore-amr/ros2_ws/install/amr_bringup/share/amr_bringup//config/build/COLCON_IGNORE
-- Symlinking: /workspace/github/opticore-amr/ros2_ws/install/amr_bringup/share/amr_bringup//config/install/.colcon_install_layout
-- Symlinking: /workspace/github/opticore-amr/ros2_ws/install/amr_bringup/share/amr_bringup//config/install/COLCON_IGNORE
-- Symlinking: /workspace/github/opticore-amr/ros2_ws/install/amr_bringup/share/amr_bringup//config/install/_local_setup_util_ps1.py
-- Symlinking: /workspace/github/opticore-amr/ros2_ws/install/amr_bringup/share/amr_bringup//config/install/_local_setup_util_sh.py
-- Symlinking: /workspace/github/opticore-amr/ros2_ws/install/amr_bringup/share/amr_bringup//config/install/local_setup.bash
-- Symlinking: /workspace/github/opticore-amr/ros2_ws/install/amr_bringup/share/amr_bringup//config/install/local_setup.ps1
-- Symlinking: /workspace/github/opticore-amr/ros2_ws/install/amr_bringup/share/amr_bringup//config/install/local_setup.sh
-- Symlinking: /workspace/github/opticore-amr/ros2_ws/install/amr_bringup/share/amr_bringup//config/install/local_setup.zsh
-- Symlinking: /workspace/github/opticore-amr/ros2_ws/install/amr_bringup/share/amr_bringup//config/install/setup.bash
-- Symlinking: /workspace/github/opticore-amr/ros2_ws/install/amr_bringup/share/amr_bringup//config/install/setup.ps1
-- Symlinking: /workspace/github/opticore-amr/ros2_ws/install/amr_bringup/share/amr_bringup//config/install/setup.sh
-- Symlinking: /workspace/github/opticore-amr/ros2_ws/install/amr_bringup/share/amr_bringup//config/install/setup.zsh
-- Symlinking: /workspace/github/opticore-amr/ros2_ws/install/amr_bringup/share/amr_bringup//config/log/COLCON_IGNORE
-- Symlinking: /workspace/github/opticore-amr/ros2_ws/install/amr_bringup/share/amr_bringup//config/log/build_2026-04-29_07-39-30/events.log
-- Symlinking: /workspace/github/opticore-amr/ros2_ws/install/amr_bringup/share/amr_bringup//config/log/build_2026-04-29_07-39-30/logger_all.log
-- Symlinking: /workspace/github/opticore-amr/ros2_ws/install/amr_bringup/share/amr_bringup//config/log/build_2026-04-29_07-42-02/events.log
-- Symlinking: /workspace/github/opticore-amr/ros2_ws/install/amr_bringup/share/amr_bringup//config/log/build_2026-04-29_07-42-02/logger_all.log
-- Up-to-date symlink: /workspace/github/opticore-amr/ros2_ws/install/amr_bringup/share/amr_bringup//config/log/latest/events.log
-- Up-to-date symlink: /workspace/github/opticore-amr/ros2_ws/install/amr_bringup/share/amr_bringup//config/log/latest/logger_all.log
-- Up-to-date symlink: /workspace/github/opticore-amr/ros2_ws/install/amr_bringup/share/amr_bringup//config/log/latest_build/events.log
-- Up-to-date symlink: /workspace/github/opticore-amr/ros2_ws/install/amr_bringup/share/amr_bringup//config/log/latest_build/logger_all.log
-- Symlinking: /workspace/github/opticore-amr/ros2_ws/install/amr_bringup/lib/amr_bringup/dynamic_obstacle_mover.py
-- Symlinking: /workspace/github/opticore-amr/ros2_ws/install/amr_bringup/share/ament_index/resource_index/package_run_dependencies/amr_bringup
-- Symlinking: /workspace/github/opticore-amr/ros2_ws/install/amr_bringup/share/ament_index/resource_index/parent_prefix_path/amr_bringup
-- Symlinking: /workspace/github/opticore-amr/ros2_ws/install/amr_bringup/share/amr_bringup/environment/ament_prefix_path.sh
-- Symlinking: /workspace/github/opticore-amr/ros2_ws/install/amr_bringup/share/amr_bringup/environment/ament_prefix_path.dsv
-- Symlinking: /workspace/github/opticore-amr/ros2_ws/install/amr_bringup/share/amr_bringup/environment/path.sh
-- Symlinking: /workspace/github/opticore-amr/ros2_ws/install/amr_bringup/share/amr_bringup/environment/path.dsv
-- Symlinking: /workspace/github/opticore-amr/ros2_ws/install/amr_bringup/share/amr_bringup/local_setup.bash
-- Symlinking: /workspace/github/opticore-amr/ros2_ws/install/amr_bringup/share/amr_bringup/local_setup.sh
-- Symlinking: /workspace/github/opticore-amr/ros2_ws/install/amr_bringup/share/amr_bringup/local_setup.zsh
-- Symlinking: /workspace/github/opticore-amr/ros2_ws/install/amr_bringup/share/amr_bringup/local_setup.dsv
-- Symlinking: /workspace/github/opticore-amr/ros2_ws/install/amr_bringup/share/amr_bringup/package.dsv
-- Symlinking: /workspace/github/opticore-amr/ros2_ws/install/amr_bringup/share/ament_index/resource_index/packages/amr_bringup
-- Symlinking: /workspace/github/opticore-amr/ros2_ws/install/amr_bringup/share/amr_bringup/cmake/amr_bringupConfig.cmake
-- Symlinking: /workspace/github/opticore-amr/ros2_ws/install/amr_bringup/share/amr_bringup/cmake/amr_bringupConfig-version.cmake
-- Symlinking: /workspace/github/opticore-amr/ros2_ws/install/amr_bringup/share/amr_bringup/package.xml
