[0.143s] Invoking command in '/workspace/github/opticore-amr/ros2_ws/build/amr_bringup': CMAKE_PREFIX_PATH=${CMAKE_PREFIX_PATH}:/workspace/ros2_ws/install/amr_perception:/opt/ros/humble /usr/bin/cmake /workspace/github/opticore-amr/ros2_ws/src/amr_bringup -DAMENT_CMAKE_SYMLINK_INSTALL=1 -DCMAKE_INSTALL_PREFIX=/workspace/github/opticore-amr/ros2_ws/install/amr_bringup
[0.213s] -- Found ament_cmake: 1.3.14 (/opt/ros/humble/share/ament_cmake/cmake)
[0.495s] -- Override CMake install command with custom implementation using symlinks instead of copying resources
[1.534s] -- Configuring done
[1.909s] -- Generating done
[2.125s] -- Build files have been written to: /workspace/github/opticore-amr/ros2_ws/build/amr_bringup
[2.130s] Invoked command in '/workspace/github/opticore-amr/ros2_ws/build/amr_bringup' returned '0': CMAKE_PREFIX_PATH=${CMAKE_PREFIX_PATH}:/workspace/ros2_ws/install/amr_perception:/opt/ros/humble /usr/bin/cmake /workspace/github/opticore-amr/ros2_ws/src/amr_bringup -DAMENT_CMAKE_SYMLINK_INSTALL=1 -DCMAKE_INSTALL_PREFIX=/workspace/github/opticore-amr/ros2_ws/install/amr_bringup
[2.144s] Invoking command in '/workspace/github/opticore-amr/ros2_ws/build/amr_bringup': CMAKE_PREFIX_PATH=${CMAKE_PREFIX_PATH}:/workspace/ros2_ws/install/amr_perception:/opt/ros/humble /usr/bin/cmake --build /workspace/github/opticore-amr/ros2_ws/build/amr_bringup -- -j112 -l112
[2.262s] Invoked command in '/workspace/github/opticore-amr/ros2_ws/build/amr_bringup' returned '0': CMAKE_PREFIX_PATH=${CMAKE_PREFIX_PATH}:/workspace/ros2_ws/install/amr_perception:/opt/ros/humble /usr/bin/cmake --build /workspace/github/opticore-amr/ros2_ws/build/amr_bringup -- -j112 -l112
[2.308s] Invoking command in '/workspace/github/opticore-amr/ros2_ws/build/amr_bringup': CMAKE_PREFIX_PATH=${CMAKE_PREFIX_PATH}:/workspace/ros2_ws/install/amr_perception:/opt/ros/humble /usr/bin/cmake --install /workspace/github/opticore-amr/ros2_ws/build/amr_bringup
[2.325s] -- Install configuration: ""
[2.336s] -- Execute custom install script
[2.354s] -- Symlinking: /workspace/github/opticore-amr/ros2_ws/install/amr_bringup/share/amr_bringup//urdf/amr_robot.urdf.xacro
[2.398s] -- Symlinking: /workspace/github/opticore-amr/ros2_ws/install/amr_bringup/share/amr_bringup//worlds/warehouse.world
[2.429s] -- Symlinking: /workspace/github/opticore-amr/ros2_ws/install/amr_bringup/share/amr_bringup//launch/warehouse.launch.py
[2.523s] [33mCMake Warning (dev) at ament_cmake_symlink_install/ament_cmake_symlink_install.cmake:67 (file):
[2.523s]   Policy CMP0009 is not set: FILE GLOB_RECURSE calls should not follow
[2.523s]   symlinks by default.  Run "cmake --help-policy CMP0009" for policy details.
[2.524s]   Use the cmake_policy command to set the policy and suppress this warning.
[2.524s] Call Stack (most recent call first):
[2.524s]   ament_cmake_symlink_install/ament_cmake_symlink_install.cmake:319 (ament_cmake_symlink_install_directory)
[2.524s]   cmake_install.cmake:46 (include)
[2.525s] This warning is for project developers.  Use -Wno-dev to suppress it.
[2.525s] [0m
[2.532s] -- Symlinking: /workspace/github/opticore-amr/ros2_ws/install/amr_bringup/share/amr_bringup//config/build/.built_by
[2.557s] -- Symlinking: /workspace/github/opticore-amr/ros2_ws/install/amr_bringup/share/amr_bringup//config/build/COLCON_IGNORE
[2.596s] -- Symlinking: /workspace/github/opticore-amr/ros2_ws/install/amr_bringup/share/amr_bringup//config/install/.colcon_install_layout
[2.621s] -- Symlinking: /workspace/github/opticore-amr/ros2_ws/install/amr_bringup/share/amr_bringup//config/install/COLCON_IGNORE
[2.645s] -- Symlinking: /workspace/github/opticore-amr/ros2_ws/install/amr_bringup/share/amr_bringup//config/install/_local_setup_util_ps1.py
[2.670s] -- Symlinking: /workspace/github/opticore-amr/ros2_ws/install/amr_bringup/share/amr_bringup//config/install/_local_setup_util_sh.py
[2.699s] -- Symlinking: /workspace/github/opticore-amr/ros2_ws/install/amr_bringup/share/amr_bringup//config/install/local_setup.bash
[2.721s] -- Symlinking: /workspace/github/opticore-amr/ros2_ws/install/amr_bringup/share/amr_bringup//config/install/local_setup.ps1
[2.746s] -- Symlinking: /workspace/github/opticore-amr/ros2_ws/install/amr_bringup/share/amr_bringup//config/install/local_setup.sh
[2.770s] -- Symlinking: /workspace/github/opticore-amr/ros2_ws/install/amr_bringup/share/amr_bringup//config/install/local_setup.zsh
[2.807s] -- Symlinking: /workspace/github/opticore-amr/ros2_ws/install/amr_bringup/share/amr_bringup//config/install/setup.bash
[2.831s] -- Symlinking: /workspace/github/opticore-amr/ros2_ws/install/amr_bringup/share/amr_bringup//config/install/setup.ps1
[2.858s] -- Symlinking: /workspace/github/opticore-amr/ros2_ws/install/amr_bringup/share/amr_bringup//config/install/setup.sh
[2.897s] -- Symlinking: /workspace/github/opticore-amr/ros2_ws/install/amr_bringup/share/amr_bringup//config/install/setup.zsh
[2.923s] -- Symlinking: /workspace/github/opticore-amr/ros2_ws/install/amr_bringup/share/amr_bringup//config/log/COLCON_IGNORE
[2.950s] -- Symlinking: /workspace/github/opticore-amr/ros2_ws/install/amr_bringup/share/amr_bringup//config/log/build_2026-04-29_07-39-30/events.log
[2.990s] -- Symlinking: /workspace/github/opticore-amr/ros2_ws/install/amr_bringup/share/amr_bringup//config/log/build_2026-04-29_07-39-30/logger_all.log
[3.016s] -- Symlinking: /workspace/github/opticore-amr/ros2_ws/install/amr_bringup/share/amr_bringup//config/log/build_2026-04-29_07-42-02/events.log
[3.042s] -- Symlinking: /workspace/github/opticore-amr/ros2_ws/install/amr_bringup/share/amr_bringup//config/log/build_2026-04-29_07-42-02/logger_all.log
[3.091s] -- Up-to-date symlink: /workspace/github/opticore-amr/ros2_ws/install/amr_bringup/share/amr_bringup//config/log/latest/events.log
[3.106s] -- Up-to-date symlink: /workspace/github/opticore-amr/ros2_ws/install/amr_bringup/share/amr_bringup//config/log/latest/logger_all.log
[3.122s] -- Up-to-date symlink: /workspace/github/opticore-amr/ros2_ws/install/amr_bringup/share/amr_bringup//config/log/latest_build/events.log
[3.135s] -- Up-to-date symlink: /workspace/github/opticore-amr/ros2_ws/install/amr_bringup/share/amr_bringup//config/log/latest_build/logger_all.log
[3.145s] -- Symlinking: /workspace/github/opticore-amr/ros2_ws/install/amr_bringup/lib/amr_bringup/dynamic_obstacle_mover.py
[3.188s] -- Symlinking: /workspace/github/opticore-amr/ros2_ws/install/amr_bringup/share/ament_index/resource_index/package_run_dependencies/amr_bringup
[3.216s] -- Symlinking: /workspace/github/opticore-amr/ros2_ws/install/amr_bringup/share/ament_index/resource_index/parent_prefix_path/amr_bringup
[3.244s] -- Symlinking: /workspace/github/opticore-amr/ros2_ws/install/amr_bringup/share/amr_bringup/environment/ament_prefix_path.sh
[3.271s] -- Symlinking: /workspace/github/opticore-amr/ros2_ws/install/amr_bringup/share/amr_bringup/environment/ament_prefix_path.dsv
[3.299s] -- Symlinking: /workspace/github/opticore-amr/ros2_ws/install/amr_bringup/share/amr_bringup/environment/path.sh
[3.325s] -- Symlinking: /workspace/github/opticore-amr/ros2_ws/install/amr_bringup/share/amr_bringup/environment/path.dsv
[3.355s] -- Symlinking: /workspace/github/opticore-amr/ros2_ws/install/amr_bringup/share/amr_bringup/local_setup.bash
[3.394s] -- Symlinking: /workspace/github/opticore-amr/ros2_ws/install/amr_bringup/share/amr_bringup/local_setup.sh
[3.420s] -- Symlinking: /workspace/github/opticore-amr/ros2_ws/install/amr_bringup/share/amr_bringup/local_setup.zsh
[3.447s] -- Symlinking: /workspace/github/opticore-amr/ros2_ws/install/amr_bringup/share/amr_bringup/local_setup.dsv
[3.492s] -- Symlinking: /workspace/github/opticore-amr/ros2_ws/install/amr_bringup/share/amr_bringup/package.dsv
[3.518s] -- Symlinking: /workspace/github/opticore-amr/ros2_ws/install/amr_bringup/share/ament_index/resource_index/packages/amr_bringup
[3.544s] -- Symlinking: /workspace/github/opticore-amr/ros2_ws/install/amr_bringup/share/amr_bringup/cmake/amr_bringupConfig.cmake
[3.570s] -- Symlinking: /workspace/github/opticore-amr/ros2_ws/install/amr_bringup/share/amr_bringup/cmake/amr_bringupConfig-version.cmake
[3.605s] -- Symlinking: /workspace/github/opticore-amr/ros2_ws/install/amr_bringup/share/amr_bringup/package.xml
[3.631s] Invoked command in '/workspace/github/opticore-amr/ros2_ws/build/amr_bringup' returned '0': CMAKE_PREFIX_PATH=${CMAKE_PREFIX_PATH}:/workspace/ros2_ws/install/amr_perception:/opt/ros/humble /usr/bin/cmake --install /workspace/github/opticore-amr/ros2_ws/build/amr_bringup
